16:11:59 | INFO    | train_pibe         | experiment:
system            : automatica_n4(n=4) on cpu (torch.float64)
true theta        : [0.23502650090327654, 0.10390993219989397, -0.020308528436274564]
basis             : FourierBasis(q=4, H=2, omega=1.25664, horizon=[0, 20], periods=4)
  lambda_min(W)   : 1.0000e+01   (Eq. 3, must be > 0)
  eps_(d,q)       : 0.0000e+00
noise             : TruncatedGaussianNoise(sigma=0.01, bound=0.03)
data              : TrajectoryData(P=16, N=201, n=4, horizon=[0, 20])
  train / val     : 13 / 3
  data fill h_d   : 5.0000e-02
  coll fill h_r   : 2.5000e-02
bank              : cells 2..5, 409102 parameters
16:11:59 | INFO    | pibe.training.trainer | cell 2/5: 2500 local iterations then 2500 fine-tuning iterations
16:12:00 | INFO    | pibe.training.trainer |   cell 2 | i=    0 | local  | obj=1.2287e+01 | data=1.1855e+01 | phys=4.3153e-01 | |g|=7.50e+02
16:12:40 | INFO    | pibe.training.trainer |   cell 2 | i= 2000 | local  | obj=2.2467e-03 | data=2.0801e-03 | phys=1.6659e-04 | |g|=1.51e+00
16:13:21 | INFO    | pibe.training.trainer |   cell 2 | i= 4000 | global | obj=4.9895e-04 | data=4.7750e-04 | phys=2.1451e-05 | |g|=6.60e-01
16:13:42 | INFO    | pibe.training.trainer |   cell 2 | i= 4999 | global | obj=3.0831e-04 | data=2.9137e-04 | phys=1.6936e-05 | |g|=1.91e-01
16:13:42 | INFO    | pibe.training.trainer |   cell 2 done in 102.6s | val local=3.0430e-04 (data=2.9106e-04, phys=1.3245e-05)
16:13:42 | INFO    | pibe.training.trainer | cell 3/5: 2500 local iterations then 2500 fine-tuning iterations
16:13:42 | INFO    | pibe.training.trainer |   cell 3 | i=    0 | local  | obj=6.8640e-01 | data=1.5765e-01 | phys=5.2875e-01 | |g|=1.48e+01
16:14:37 | INFO    | pibe.training.trainer |   cell 3 | i= 2000 | local  | obj=6.2293e-04 | data=4.0774e-04 | phys=2.1519e-04 | |g|=3.98e-01
16:15:49 | INFO    | pibe.training.trainer |   cell 3 | i= 4000 | global | obj=3.6693e-04 | data=1.1284e-04 | phys=6.4110e-06 | |g|=2.93e-01
16:16:27 | INFO    | pibe.training.trainer |   cell 3 | i= 4999 | global | obj=2.2036e-04 | data=7.2929e-06 | phys=4.4030e-06 | |g|=1.49e-01
16:16:27 | INFO    | pibe.training.trainer |   cell 3 done in 164.8s | val local=1.1249e-05 (data=6.2228e-06, phys=5.0264e-06)
16:16:27 | INFO    | pibe.training.trainer | cell 4/5: 2500 local iterations then 2500 fine-tuning iterations
16:16:27 | INFO    | pibe.training.trainer |   cell 4 | i=    0 | local  | obj=2.1453e+00 | data=1.1721e+00 | phys=9.7321e-01 | |g|=1.46e+01
16:17:38 | INFO    | pibe.training.trainer |   cell 4 | i= 2000 | local  | obj=3.3076e-05 | data=2.7982e-05 | phys=5.0935e-06 | |g|=6.52e-03
16:19:29 | INFO    | pibe.training.trainer |   cell 4 | i= 4000 | global | obj=8.2821e-04 | data=6.5801e-05 | phys=1.3492e-04 | |g|=8.20e-01
16:20:30 | INFO    | pibe.training.trainer |   cell 4 | i= 4999 | global | obj=2.5043e-04 | data=3.3818e-05 | phys=1.6534e-05 | |g|=1.65e-01
16:20:30 | INFO    | pibe.training.trainer |   cell 4 done in 243.5s | val local=3.5114e-05 (data=2.8500e-05, phys=6.6139e-06)
16:20:30 | INFO    | pibe.training.trainer | cell 5/5: 2500 local iterations then 2500 fine-tuning iterations
16:20:30 | INFO    | pibe.training.trainer |   cell 5 | i=    0 | local  | obj=2.7937e+00 | data=1.7570e+00 | phys=1.0367e+00 | |g|=8.90e+01
16:22:02 | INFO    | pibe.training.trainer |   cell 5 | i= 2000 | local  | obj=1.1450e+00 | data=1.0982e+00 | phys=4.6788e-02 | |g|=4.00e+00
16:24:29 | INFO    | pibe.training.trainer |   cell 5 | i= 4000 | global | obj=1.6966e-03 | data=3.1685e-05 | phys=1.1675e-03 | |g|=2.49e+00
16:27:15 | INFO    | pibe.training.trainer |   cell 5 | i= 6000 | global | obj=2.3178e-02 | data=3.2138e-04 | phys=1.4385e-02 | |g|=6.92e+00
16:30:08 | INFO    | pibe.training.trainer |   cell 5 | i= 8000 | global | obj=9.2837e-04 | data=2.4510e-05 | phys=5.3266e-04 | |g|=1.84e+00
16:33:13 | INFO    | pibe.training.trainer |   cell 5 | i=10000 | global | obj=9.1349e-04 | data=1.7676e-05 | phys=5.7550e-04 | |g|=1.90e+00
16:36:05 | INFO    | pibe.training.trainer |   cell 5 | i=12000 | global | obj=7.1904e-04 | data=1.4836e-05 | phys=3.6901e-04 | |g|=1.52e+00
16:38:53 | INFO    | pibe.training.trainer |   cell 5 | i=14000 | global | obj=8.9579e-04 | data=2.1332e-05 | phys=5.6373e-04 | |g|=1.82e+00
16:41:36 | INFO    | pibe.training.trainer |   cell 5 | i=16000 | global | obj=6.6712e-04 | data=1.4982e-05 | phys=3.9370e-04 | |g|=1.58e+00
16:44:43 | INFO    | pibe.training.trainer |   cell 5 | i=18000 | global | obj=7.5951e-04 | data=1.2181e-05 | phys=3.9072e-04 | |g|=1.65e+00
16:47:26 | INFO    | pibe.training.trainer |   cell 5 | i=20000 | global | obj=3.0652e-04 | data=8.5804e-06 | phys=7.4591e-05 | |g|=6.70e-01
16:50:23 | INFO    | pibe.training.trainer |   cell 5 | i=22000 | global | obj=7.3635e-04 | data=1.3189e-05 | phys=3.9329e-04 | |g|=1.54e+00
16:52:55 | INFO    | pibe.training.trainer |   cell 5 | i=24000 | global | obj=3.4471e-04 | data=7.1119e-06 | phys=1.1019e-04 | |g|=8.36e-01
16:55:43 | INFO    | pibe.training.trainer |   cell 5 | i=26000 | global | obj=2.2907e-04 | data=5.3938e-06 | phys=1.2482e-05 | |g|=2.57e-01
16:58:19 | INFO    | pibe.training.trainer |   cell 5 | i=28000 | global | obj=2.2720e-04 | data=9.9876e-06 | phys=4.5477e-06 | |g|=4.26e-02
16:59:42 | INFO    | pibe.training.trainer |   cell 5 | i=29999 | global | obj=6.6859e-04 | data=1.4180e-05 | phys=3.6885e-04 | |g|=1.54e+00
16:59:42 | INFO    | pibe.training.trainer |   cell 5 done in 2351.4s | val local=2.5654e-04 (data=4.9121e-06, phys=2.5163e-04)
16:59:42 | INFO    | train_pibe         | train metrics:
state errors (L2 / sup):
  x_1: 1.7126e-02 / 9.7025e-02
  x_2: 1.4236e-01 / 4.9733e-01
  x_3: 2.0479e-01 / 9.2173e-01
  x_4: 3.6769e-01 / 9.7142e-01
parameter errors (|err| / spread):
  theta_1: 1.6497e-01 / 7.9126e-07
  theta_2: 1.4559e-01 / 5.4518e-03
  theta_3: 3.7954e-01 / 3.5863e-04
disturbance: L2=1.3070e-01, sup=2.3206e-01
output fit: L2=1.9522e-02
16:59:42 | INFO    | train_pibe         | val metrics:
state errors (L2 / sup):
  x_1: 1.6965e-02 / 6.1949e-02
  x_2: 1.4024e-01 / 2.2864e-01
  x_3: 2.0332e-01 / 6.0815e-01
  x_4: 3.7203e-01 / 6.8937e-01
parameter errors (|err| / spread):
  theta_1: 1.6497e-01 / 1.2990e-07
  theta_2: 1.4561e-01 / 2.2396e-03
  theta_3: 3.7967e-01 / 1.7225e-05
disturbance: L2=1.3072e-01, sup=2.3091e-01
output fit: L2=1.8851e-02
16:59:45 | INFO    | train_pibe         | oracle comparison (train):
 cell |   L_Loc @ truth | L_Loc @ trained | winner
------------------------------------------------------------
    2 |      9.6245e-05 |      4.1235e-04 | truth
    3 |      5.8488e-36 |      6.0640e-05 | truth
    4 |      8.4039e-36 |      2.0030e-05 | truth
    5 |      1.8656e-34 |      3.0790e-04 | truth
------------------------------------------------------------
L_Tot @ truth   : 5.2820e-05
L_Tot @ trained : 5.9125e-04
noise floor     : 9.7334e-05 (the cell-2 data term cannot honestly go below this)

verdict: optimization failure: the true solution attains a lower objective than training reached, so it is representable and preferred but was not found. Lengthen end-to-end fine-tuning (lower N_par / raise lr_global) and check that no head is pinned to the boundary of its admissible box.
16:59:45 | INFO    | train_pibe         | artifacts written to outputs/final_p16
