22:05:30 | INFO    | train_pibe         | experiment:
system            : automatica_n4(n=4) on cpu (torch.float64)
true theta        : [0.23502650090327654, 0.10390993219989397, -0.020308528436274564]
basis             : FourierBasis(q=4, H=2, omega=1.25664, horizon=[0, 20], periods=4)
  lambda_min(W)   : 1.0000e+01   (Eq. 3, must be > 0)
  eps_(d,q)       : 0.0000e+00
noise             : TruncatedGaussianNoise(sigma=0.002, bound=0.006)
data              : TrajectoryData(P=64, N=201, n=4, horizon=[0, 20])
  train / val     : 51 / 13
  data fill h_d   : 5.0000e-02
  coll fill h_r   : 2.5000e-02
bank              : cells 2..5, 429582 parameters
22:05:31 | INFO    | train_pibe         | disturbance observability  (sigma = 0.002, N = 201)
  i |       gain |    settled |  signature |     SNR |  eff SNR |
----------------------------------------------------------------------------
  1 |  9.507e-02 |  7.313e-02 |  1.097e-02 |    5.48 |    77.76 |
  2 |  7.249e-02 |  7.508e-02 |  1.126e-02 |    5.63 |    79.83 |
  3 |  3.235e-02 |  1.526e-02 |  1.832e-03 |    0.92 |    12.98 |  <- below the noise floor
  4 |  1.297e-02 |  1.230e-02 |  1.476e-03 |    0.74 |    10.47 |  <- below the noise floor

basis function 4 leaves a trace 0.74x the noise; it is not
recoverable pointwise. Reduce sigma, lower the basis frequency, lengthen the
horizon, or reduce q -- training cannot help.
22:05:31 | INFO    | pibe.training.trainer | cell 2/5: 3000 local iterations then 3000 fine-tuning iterations
22:05:32 | INFO    | pibe.training.trainer |   cell 2 | i=    0 | local  | obj=1.2232e+03 | data=9.6315e+00 | phys=1.2136e+03 | |g|=4.40e+03
22:06:48 | INFO    | pibe.training.trainer |   cell 2 | i= 3000 | global | obj=5.4061e-02 | data=4.9054e-02 | phys=5.0070e-03 | |g|=7.03e+00
22:08:03 | INFO    | pibe.training.trainer |   cell 2 | i= 5999 | global | obj=4.1563e-02 | data=4.0996e-02 | phys=5.6773e-04 | |g|=1.78e-01
22:08:03 | INFO    | pibe.training.trainer |   cell 2 done in 151.8s | val local=5.7730e-02 (data=5.6872e-02, phys=8.5797e-04)
22:08:03 | INFO    | pibe.training.trainer | cell 3/5: 3000 local iterations then 3000 fine-tuning iterations
22:08:03 | INFO    | pibe.training.trainer |   cell 3 | i=    0 | local  | obj=1.0487e+02 | data=1.7170e+00 | phys=1.0316e+02 | |g|=4.42e+02
22:10:14 | INFO    | pibe.training.trainer |   cell 3 | i= 3000 | global | obj=6.1880e-02 | data=1.8317e-02 | phys=7.8401e-03 | |g|=4.34e+00
22:13:13 | INFO    | pibe.training.trainer |   cell 3 | i= 5999 | global | obj=2.8313e-02 | data=2.3203e-04 | phys=8.4572e-06 | |g|=2.19e-01
22:13:13 | INFO    | pibe.training.trainer |   cell 3 done in 310.1s | val local=2.6035e-04 (data=2.3278e-04, phys=2.7566e-05)
22:13:13 | INFO    | pibe.training.trainer | cell 4/5: 3000 local iterations then 3000 fine-tuning iterations
22:13:13 | INFO    | pibe.training.trainer |   cell 4 | i=    0 | local  | obj=3.6413e+01 | data=8.9621e-01 | phys=3.5517e+01 | |g|=1.86e+02
22:15:39 | INFO    | pibe.training.trainer |   cell 4 | i= 3000 | global | obj=3.2300e-01 | data=2.8883e-01 | phys=7.2583e-03 | |g|=1.82e+00
22:20:14 | INFO    | pibe.training.trainer |   cell 4 | i= 5999 | global | obj=3.4078e-02 | data=2.6324e-04 | phys=1.7722e-05 | |g|=7.99e-02
22:20:14 | INFO    | pibe.training.trainer |   cell 4 done in 421.5s | val local=2.8178e-04 (data=2.6311e-04, phys=1.8671e-05)
22:20:14 | INFO    | pibe.training.trainer | cell 5/5: 3000 local iterations then 3000 fine-tuning iterations
22:20:14 | INFO    | pibe.training.trainer |   cell 5 | i=    0 | local  | obj=1.3772e+02 | data=1.7805e+00 | phys=1.3594e+02 | |g|=6.19e+02
22:23:13 | INFO    | pibe.training.trainer |   cell 5 | i= 3000 | global | obj=3.9024e-01 | data=2.7881e-01 | phys=9.8623e-02 | |g|=2.91e+01
22:28:57 | INFO    | pibe.training.trainer |   cell 5 | i= 6000 | global | obj=3.9390e-02 | data=6.6067e-04 | phys=1.2145e-02 | |g|=9.47e+00
22:34:36 | INFO    | pibe.training.trainer |   cell 5 | i= 9000 | global | obj=3.0475e-02 | data=1.3221e-03 | phys=1.4512e-02 | |g|=7.11e+00
22:40:12 | INFO    | pibe.training.trainer |   cell 5 | i=12000 | global | obj=1.9467e-02 | data=3.5530e-04 | phys=2.9557e-03 | |g|=6.45e+00
22:45:46 | INFO    | pibe.training.trainer |   cell 5 | i=15000 | global | obj=1.2070e-02 | data=5.3390e-04 | phys=5.1000e-03 | |g|=3.69e+00
22:51:16 | INFO    | pibe.training.trainer |   cell 5 | i=18000 | global | obj=7.3410e-03 | data=2.7143e-05 | phys=8.9738e-04 | |g|=4.60e+00
22:56:37 | INFO    | pibe.training.trainer |   cell 5 | i=21000 | global | obj=4.4548e-03 | data=7.5927e-05 | phys=1.4949e-03 | |g|=2.92e+00
23:01:54 | INFO    | pibe.training.trainer |   cell 5 | i=24000 | global | obj=4.4321e-03 | data=4.3600e-05 | phys=1.1592e-03 | |g|=2.43e+00
23:07:16 | INFO    | pibe.training.trainer |   cell 5 | i=27000 | global | obj=2.5580e-03 | data=2.3211e-05 | phys=1.2337e-04 | |g|=5.93e-01
23:12:58 | INFO    | pibe.training.trainer |   cell 5 | i=30000 | global | obj=1.7742e-03 | data=4.0593e-05 | phys=1.0782e-04 | |g|=3.03e-01
23:18:21 | INFO    | pibe.training.trainer |   cell 5 | i=33000 | global | obj=2.0747e-03 | data=3.6277e-05 | phys=9.6160e-05 | |g|=1.34e-01
23:23:48 | INFO    | pibe.training.trainer |   cell 5 | i=35999 | global | obj=2.5156e-03 | data=2.7912e-05 | phys=4.7254e-05 | |g|=6.22e-02
23:23:48 | INFO    | pibe.training.trainer |   cell 5 done in 3814.0s | val local=1.9765e-04 (data=3.7835e-05, phys=1.5982e-04)
23:23:48 | INFO    | train_pibe         | train metrics:
state errors (L2 / sup):
  x_1: 4.6497e-02 / 7.5253e-01
  x_2: 6.9788e-01 / 1.4481e+00
  x_3: 7.8678e-01 / 1.0932e+00
  x_4: 6.1168e-01 / 1.5359e+00
parameter errors (|err| / spread):
  theta_1: 1.6497e-01 / 6.4037e-08
  theta_2: 5.0391e-01 / 1.6512e-09
  theta_3: 2.9305e-01 / 3.0135e-03
disturbance: L2=2.7661e-01, sup=5.2115e-01
output fit: L2=4.6533e-02
23:23:49 | INFO    | train_pibe         | val metrics:
state errors (L2 / sup):
  x_1: 6.1193e-02 / 7.2919e-01
  x_2: 6.9957e-01 / 1.5394e+00
  x_3: 7.8594e-01 / 1.1573e+00
  x_4: 6.1259e-01 / 1.5952e+00
parameter errors (|err| / spread):
  theta_1: 1.6497e-01 / 5.6727e-08
  theta_2: 5.0391e-01 / 1.9761e-09
  theta_3: 2.9299e-01 / 2.8312e-03
disturbance: L2=2.7639e-01, sup=5.1776e-01
output fit: L2=6.1252e-02
23:23:52 | INFO    | train_pibe         | oracle comparison (train):
 cell |   L_Loc @ truth | L_Loc @ trained | winner
------------------------------------------------------------
    2 |      3.8952e-06 |      3.1300e-03 | truth
    3 |      6.8946e-36 |      3.2621e-04 | truth
    4 |      7.6615e-36 |      6.4368e-05 | truth
    5 |      1.8597e-34 |      8.5599e-05 | truth
------------------------------------------------------------
L_Tot @ truth   : 2.1377e-06
L_Tot @ trained : 2.0747e-03
noise floor     : 3.8933e-06 (the cell-2 data term cannot honestly go below this)

verdict: optimization failure: the true solution attains a lower objective than training reached, so it is representable and preferred but was not found. Lengthen end-to-end fine-tuning (lower N_par / raise lr_global) and check that no head is pinned to the boundary of its admissible box.
23:23:52 | INFO    | train_pibe         | artifacts written to outputs/transient
