15:39:36 | INFO    | train_pibe         | experiment:
system            : automatica_n3v2(n=3) on cpu (torch.float64)
true theta        : [0.23502650090327654, 0.10390993219989397]
disturbance       : independent a per trajectory
basis             : FourierBasis(q=3, H=2, omega=1.25664, horizon=[0, 20], periods=4)
  lambda_min(W)   : 1.0000e+01   (Eq. 3, must be > 0)
  eps_(d,q)       : 0.0000e+00
noise             : TruncatedGaussianNoise(sigma=0.002, bound=0.006)
data              : TrajectoryData(P=2048, N=201, n=3, horizon=[0, 20])
  train / val     : 1638 / 410
  data fill h_d   : 5.0000e-02
  coll fill h_r   : 2.5000e-02
bank              : cells 2..4, 2216458 parameters
estimator         : PIBE (Algorithm 1)
15:39:38 | INFO    | train_pibe         | disturbance observability  (sigma = 0.002, N = 201)
  i |       gain |    settled |  signature |     SNR |  eff SNR |
----------------------------------------------------------------------------
  1 |  1.472e-01 |  1.395e-01 |  2.511e-02 |   12.56 |   178.03 |
  2 |  1.369e-01 |  1.401e-01 |  2.522e-02 |   12.61 |   178.81 |
  3 |  4.558e-02 |  3.413e-02 |  4.096e-03 |    2.05 |    29.04 |

every basis function is observable above the noise floor.
15:39:38 | INFO    | pibe.training.trainer | cell 2/4: 8000 local iterations then 12000 fine-tuning iterations
15:39:40 | INFO    | pibe.training.trainer |   cell 2 | i=    0 | local  | obj=1.0968e+01 | data=9.8094e+00 | phys=1.1585e+00 | |g|=1.99e+02
15:50:33 | INFO    | pibe.training.trainer |   cell 2 | i= 2000 | local  | obj=4.4468e-03 | data=4.2470e-03 | phys=1.9975e-04 | |g|=3.28e+00
16:01:38 | INFO    | pibe.training.trainer |   cell 2 | i= 4000 | local  | obj=8.0375e-04 | data=7.3859e-04 | phys=6.5157e-05 | |g|=7.96e-01
16:12:43 | INFO    | pibe.training.trainer |   cell 2 | i= 6000 | local  | obj=5.6619e-04 | data=4.2404e-04 | phys=1.4215e-04 | |g|=1.01e-01
16:23:38 | INFO    | pibe.training.trainer |   cell 2 | i= 8000 | global | obj=1.4494e-03 | data=1.3111e-03 | phys=1.3833e-04 | |g|=1.43e+00
16:34:50 | INFO    | pibe.training.trainer |   cell 2 | i=10000 | global | obj=1.2000e-04 | data=8.7519e-05 | phys=3.2480e-05 | |g|=2.33e-01
16:46:22 | INFO    | pibe.training.trainer |   cell 2 | i=12000 | global | obj=2.9562e-05 | data=2.3420e-05 | phys=6.1421e-06 | |g|=9.92e-02
16:57:51 | INFO    | pibe.training.trainer |   cell 2 | i=14000 | global | obj=2.6850e-05 | data=1.8572e-05 | phys=8.2778e-06 | |g|=9.11e-02
17:08:51 | INFO    | pibe.training.trainer |   cell 2 | i=16000 | global | obj=1.9206e-05 | data=1.7196e-05 | phys=2.0099e-06 | |g|=1.40e-02
17:19:42 | INFO    | pibe.training.trainer |   cell 2 | i=18000 | global | obj=1.7276e-05 | data=1.5520e-05 | phys=1.7556e-06 | |g|=1.34e-02
17:30:26 | INFO    | pibe.training.trainer |   cell 2 | i=19999 | global | obj=1.5942e-05 | data=1.4522e-05 | phys=1.4199e-06 | |g|=2.63e-03
17:30:27 | INFO    | pibe.training.trainer |   cell 2 done in 6648.1s | val local=1.6291e-05 (data=1.4664e-05, phys=1.6277e-06)
17:30:27 | INFO    | pibe.training.trainer | cell 3/4: 8000 local iterations then 12000 fine-tuning iterations
17:30:28 | INFO    | pibe.training.trainer |   cell 3 | i=    0 | local  | obj=9.4200e-01 | data=4.1749e-01 | phys=5.2452e-01 | |g|=3.15e+01
17:43:27 | INFO    | pibe.training.trainer |   cell 3 | i= 2000 | local  | obj=6.4262e-04 | data=3.9797e-04 | phys=2.4465e-04 | |g|=3.73e-01
17:56:22 | INFO    | pibe.training.trainer |   cell 3 | i= 4000 | local  | obj=4.7358e-05 | data=1.8760e-05 | phys=2.8598e-05 | |g|=4.93e-02
18:09:15 | INFO    | pibe.training.trainer |   cell 3 | i= 6000 | local  | obj=5.6142e-05 | data=3.5368e-05 | phys=2.0774e-05 | |g|=8.67e-02
18:22:07 | INFO    | pibe.training.trainer |   cell 3 | i= 8000 | global | obj=2.1190e-04 | data=1.0306e-04 | phys=9.7998e-05 | |g|=2.93e-01
18:44:17 | INFO    | pibe.training.trainer |   cell 3 | i=10000 | global | obj=5.1948e-05 | data=2.0294e-05 | phys=7.9603e-06 | |g|=1.45e-01
19:06:17 | INFO    | pibe.training.trainer |   cell 3 | i=12000 | global | obj=1.5625e-05 | data=2.5690e-06 | phys=1.2883e-06 | |g|=3.07e-02
19:28:25 | INFO    | pibe.training.trainer |   cell 3 | i=14000 | global | obj=1.7511e-05 | data=2.1881e-06 | phys=9.4894e-07 | |g|=4.45e-02
19:50:36 | INFO    | pibe.training.trainer |   cell 3 | i=16000 | global | obj=1.3123e-05 | data=1.1223e-06 | phys=8.0241e-07 | |g|=6.83e-03
20:12:45 | INFO    | pibe.training.trainer |   cell 3 | i=18000 | global | obj=9.1998e-06 | data=4.6229e-07 | phys=3.1430e-07 | |g|=7.06e-03
20:34:56 | INFO    | pibe.training.trainer |   cell 3 | i=19999 | global | obj=1.1057e-05 | data=4.6216e-07 | phys=3.3529e-07 | |g|=1.15e-03
20:34:58 | INFO    | pibe.training.trainer |   cell 3 done in 11068.4s | val local=8.7618e-07 (data=4.8139e-07, phys=3.9479e-07)
20:34:58 | INFO    | pibe.training.trainer | cell 4/4: 8000 local iterations then 12000 fine-tuning iterations
20:34:59 | INFO    | pibe.training.trainer |   cell 4 | i=    0 | local  | obj=9.6941e+00 | data=1.4603e+00 | phys=8.2338e+00 | |g|=2.66e+02
20:50:13 | INFO    | pibe.training.trainer |   cell 4 | i= 2000 | local  | obj=2.1397e-02 | data=1.9231e-02 | phys=2.1660e-03 | |g|=2.45e-01
21:05:21 | INFO    | pibe.training.trainer |   cell 4 | i= 4000 | local  | obj=2.0166e-02 | data=1.8306e-02 | phys=1.8591e-03 | |g|=4.76e-01
21:20:23 | INFO    | pibe.training.trainer |   cell 4 | i= 6000 | local  | obj=2.3300e-02 | data=2.1108e-02 | phys=2.1919e-03 | |g|=4.89e-01
21:35:34 | INFO    | pibe.training.trainer |   cell 4 | i= 8000 | global | obj=2.0194e-02 | data=1.7779e-02 | phys=2.4067e-03 | |g|=3.08e+00
22:08:30 | INFO    | pibe.training.trainer |   cell 4 | i=10000 | global | obj=9.9839e-05 | data=9.8906e-06 | phys=2.9972e-05 | |g|=3.61e-01
22:40:55 | INFO    | pibe.training.trainer |   cell 4 | i=12000 | global | obj=1.4482e-04 | data=4.7291e-06 | phys=9.1249e-05 | |g|=6.91e-01
23:13:40 | INFO    | pibe.training.trainer |   cell 4 | i=14000 | global | obj=8.3576e-05 | data=2.9947e-06 | phys=4.8226e-05 | |g|=4.84e-01
23:46:17 | INFO    | pibe.training.trainer |   cell 4 | i=16000 | global | obj=7.5718e-05 | data=3.2234e-06 | phys=3.1921e-05 | |g|=2.91e-01
00:19:11 | INFO    | pibe.training.trainer |   cell 4 | i=18000 | global | obj=5.3660e-05 | data=7.5524e-06 | phys=2.5052e-05 | |g|=3.64e-01
00:52:02 | INFO    | pibe.training.trainer |   cell 4 | i=20000 | global | obj=8.7747e-05 | data=6.4621e-06 | phys=4.4441e-05 | |g|=4.79e-01
01:24:54 | INFO    | pibe.training.trainer |   cell 4 | i=22000 | global | obj=7.8087e-04 | data=1.2303e-04 | phys=1.8747e-04 | |g|=1.38e+00
01:57:42 | INFO    | pibe.training.trainer |   cell 4 | i=24000 | global | obj=3.6911e-05 | data=4.2363e-06 | phys=1.5509e-05 | |g|=2.75e-01
02:30:34 | INFO    | pibe.training.trainer |   cell 4 | i=26000 | global | obj=1.0485e-04 | data=3.1876e-06 | phys=7.1675e-05 | |g|=5.98e-01
03:03:24 | INFO    | pibe.training.trainer |   cell 4 | i=28000 | global | obj=1.6737e-05 | data=9.1030e-07 | phys=4.0080e-06 | |g|=8.78e-02
03:36:14 | INFO    | pibe.training.trainer |   cell 4 | i=30000 | global | obj=1.5173e-05 | data=6.2242e-07 | phys=2.7602e-06 | |g|=1.70e-02
04:09:04 | INFO    | pibe.training.trainer |   cell 4 | i=32000 | global | obj=1.4121e-05 | data=6.4461e-07 | phys=1.8351e-06 | |g|=3.35e-02
04:41:51 | INFO    | pibe.training.trainer |   cell 4 | i=34000 | global | obj=1.2919e-05 | data=7.1360e-07 | phys=2.5209e-06 | |g|=4.87e-02
05:14:42 | INFO    | pibe.training.trainer |   cell 4 | i=36000 | global | obj=2.0839e-05 | data=4.5936e-07 | phys=8.1038e-06 | |g|=2.00e-01
05:47:35 | INFO    | pibe.training.trainer |   cell 4 | i=38000 | global | obj=1.1728e-05 | data=3.5243e-07 | phys=1.4848e-06 | |g|=3.71e-02
06:19:13 | INFO    | pibe.training.trainer |   cell 4 | i=40000 | global | obj=1.1826e-05 | data=3.1332e-07 | phys=1.5373e-06 | |g|=2.89e-02
06:50:23 | INFO    | pibe.training.trainer |   cell 4 | i=42000 | global | obj=1.1558e-05 | data=2.3093e-07 | phys=1.5729e-06 | |g|=7.01e-02
07:22:02 | INFO    | pibe.training.trainer |   cell 4 | i=44000 | global | obj=1.0416e-05 | data=1.9392e-07 | phys=7.5699e-07 | |g|=2.29e-02
07:53:34 | INFO    | pibe.training.trainer |   cell 4 | i=46000 | global | obj=1.0335e-05 | data=2.3799e-07 | phys=7.8748e-07 | |g|=1.04e-02
08:23:16 | INFO    | pibe.training.trainer |   cell 4 | i=48000 | global | obj=9.2037e-06 | data=2.1525e-07 | phys=5.5397e-07 | |g|=4.56e-03
08:45:55 | INFO    | pibe.training.trainer |   cell 4 | i=49999 | global | obj=9.7899e-06 | data=2.0770e-07 | phys=5.4164e-07 | |g|=1.76e-03
08:45:58 | INFO    | pibe.training.trainer |   cell 4 done in 43857.1s | val local=9.5738e-07 (data=2.1233e-07, phys=7.4505e-07)
08:46:05 | INFO    | train_pibe         | train metrics:
state errors (L2 / sup):
  x_1: 2.7870e-03 / 3.1244e-02
  x_2: 1.6308e-02 / 1.8535e-01
  x_3: 2.9222e-02 / 4.1930e-01
parameter errors (|err| / spread):
  theta_1: 7.9131e-03 / 9.8066e-03
  theta_2: 6.9938e-03 / 8.6268e-03
disturbance: L2=4.3711e-02, sup=1.4681e-01
output fit: L2=3.4502e-03
08:46:07 | INFO    | train_pibe         | val metrics:
state errors (L2 / sup):
  x_1: 2.7412e-03 / 3.1403e-02
  x_2: 1.6331e-02 / 1.9012e-01
  x_3: 2.8596e-02 / 3.9341e-01
parameter errors (|err| / spread):
  theta_1: 8.1973e-03 / 1.0299e-02
  theta_2: 7.2158e-03 / 9.0062e-03
disturbance: L2=4.3718e-02, sup=1.3772e-01
output fit: L2=3.4162e-03
08:46:43 | INFO    | train_pibe         | oracle comparison (train):
 cell |   L_Loc @ truth | L_Loc @ trained | winner
------------------------------------------------------------
    2 |      3.9018e-06 |      1.3844e-05 | truth
    3 |      8.5976e-36 |      5.9822e-07 | truth
    4 |      3.1910e-35 |      8.6255e-07 | truth
------------------------------------------------------------
L_Tot @ truth   : 2.3665e-06
L_Tot @ trained : 9.7252e-06
noise floor     : 3.8933e-06 (the cell-2 data term cannot honestly go below this)

verdict: optimization failure: the true solution attains a lower objective than training reached, so it is representable and preferred but was not found. Lengthen end-to-end fine-tuning (lower N_par / raise lr_global) and check that no head is pinned to the boundary of its admissible box.
08:46:46 | INFO    | pibe.eval.figures  | wrote outputs/big_w5_v2_s1/figures/states.png
08:46:46 | INFO    | pibe.eval.figures  | wrote outputs/big_w5_v2_s1/figures/disturbance.png
08:46:47 | INFO    | matplotlib.mathtext | Substituting symbol A from STIXNonUnicode
08:46:47 | INFO    | pibe.eval.figures  | wrote outputs/big_w5_v2_s1/figures/parameters.png
08:46:47 | INFO    | pibe.eval.figures  | wrote outputs/big_w5_v2_s1/figures/errors.png
08:46:47 | INFO    | train_pibe         | figures: states.png, disturbance.png, parameters.png, errors.png
08:46:47 | INFO    | train_pibe         | artifacts written to outputs/big_w5_v2_s1
