08:31:50 | INFO    | train_pibe         | experiment:
system            : automatica_n3v2(n=3) on cpu (torch.float64)
true theta        : [0.23502650090327654, 0.10390993219989397]  (sampled per trajectory)
disturbance       : independent a per trajectory
basis             : FourierBasis(q=3, H=2, omega=0.628319, horizon=[0, 20], periods=2)
  lambda_min(W)   : 1.0000e+01   (Eq. 3, must be > 0)
  eps_(d,q)       : 0.0000e+00
noise             : TruncatedGaussianNoise(sigma=0.002, bound=0.006)
data              : TrajectoryData(P=2048, N=201, n=3, horizon=[0, 20])
  train / val     : 1638 / 410
  data fill h_d   : 5.0000e-02
  coll fill h_r   : 2.5000e-02
bank              : cells 2..4, 2216458 parameters
estimator         : PIBE (Algorithm 1)
08:31:52 | INFO    | train_pibe         | disturbance observability  (sigma = 0.002, N = 201)
  i |       gain |    settled |  signature |     SNR |  eff SNR |
----------------------------------------------------------------------------
  1 |  3.040e-01 |  3.066e-01 |  5.519e-02 |   27.60 |   391.23 |
  2 |  2.835e-01 |  3.036e-01 |  5.465e-02 |   27.33 |   387.40 |
  3 |  1.472e-01 |  1.395e-01 |  1.674e-02 |    8.37 |   118.69 |

every basis function is observable above the noise floor.
08:31:52 | INFO    | pibe.training.trainer | cell 2/4: 8000 local iterations then 12000 fine-tuning iterations
08:31:55 | INFO    | pibe.training.trainer |   cell 2 | i=    0 | local  | obj=4.2704e+00 | data=3.4144e+00 | phys=8.5595e-01 | |g|=4.55e+01
08:43:02 | INFO    | pibe.training.trainer |   cell 2 | i= 2000 | local  | obj=2.8837e-03 | data=2.0208e-03 | phys=8.6291e-04 | |g|=3.61e-01
08:54:01 | INFO    | pibe.training.trainer |   cell 2 | i= 4000 | local  | obj=2.0411e-03 | data=1.2324e-03 | phys=8.0867e-04 | |g|=3.60e-01
09:05:03 | INFO    | pibe.training.trainer |   cell 2 | i= 6000 | local  | obj=9.9029e-04 | data=8.0648e-04 | phys=1.8382e-04 | |g|=2.96e-01
09:16:04 | INFO    | pibe.training.trainer |   cell 2 | i= 8000 | global | obj=6.2079e-04 | data=4.2924e-04 | phys=1.9155e-04 | |g|=2.07e-01
09:27:01 | INFO    | pibe.training.trainer |   cell 2 | i=10000 | global | obj=2.4789e-04 | data=1.7630e-04 | phys=7.1590e-05 | |g|=5.02e-02
09:37:59 | INFO    | pibe.training.trainer |   cell 2 | i=12000 | global | obj=2.9583e-04 | data=2.4997e-04 | phys=4.5854e-05 | |g|=1.08e-01
09:48:55 | INFO    | pibe.training.trainer |   cell 2 | i=14000 | global | obj=1.3763e-04 | data=1.0742e-04 | phys=3.0209e-05 | |g|=5.68e-02
09:59:53 | INFO    | pibe.training.trainer |   cell 2 | i=16000 | global | obj=8.6306e-05 | data=5.9940e-05 | phys=2.6366e-05 | |g|=3.62e-02
10:11:00 | INFO    | pibe.training.trainer |   cell 2 | i=18000 | global | obj=1.1305e-04 | data=9.0797e-05 | phys=2.2250e-05 | |g|=1.53e-02
10:22:07 | INFO    | pibe.training.trainer |   cell 2 | i=19999 | global | obj=6.7695e-05 | data=4.8939e-05 | phys=1.8756e-05 | |g|=9.78e-03
10:22:09 | INFO    | pibe.training.trainer |   cell 2 done in 6614.7s | val local=1.0030e-04 (data=7.9289e-05, phys=2.1007e-05)
10:22:09 | INFO    | pibe.training.trainer | cell 3/4: 8000 local iterations then 12000 fine-tuning iterations
10:22:09 | INFO    | pibe.training.trainer |   cell 3 | i=    0 | local  | obj=6.6611e-01 | data=2.0810e-01 | phys=4.5801e-01 | |g|=1.02e+01
10:35:36 | INFO    | pibe.training.trainer |   cell 3 | i= 2000 | local  | obj=2.2424e-02 | data=5.2615e-03 | phys=1.7163e-02 | |g|=7.31e+00
10:48:51 | INFO    | pibe.training.trainer |   cell 3 | i= 4000 | local  | obj=2.3481e-03 | data=2.0745e-03 | phys=2.7352e-04 | |g|=5.56e-02
11:02:14 | INFO    | pibe.training.trainer |   cell 3 | i= 6000 | local  | obj=1.8451e-03 | data=1.4786e-03 | phys=3.6650e-04 | |g|=2.69e-01
11:15:31 | INFO    | pibe.training.trainer |   cell 3 | i= 8000 | global | obj=1.6261e-03 | data=1.3456e-03 | phys=2.2652e-04 | |g|=3.21e-01
11:40:03 | INFO    | pibe.training.trainer |   cell 3 | i=10000 | global | obj=6.3293e-04 | data=9.5556e-05 | phys=3.1459e-05 | |g|=8.17e-02
12:06:55 | INFO    | pibe.training.trainer |   cell 3 | i=12000 | global | obj=4.2749e-03 | data=6.2847e-04 | phys=3.2910e-04 | |g|=3.34e-01
12:31:22 | INFO    | pibe.training.trainer |   cell 3 | i=14000 | global | obj=5.7179e-04 | data=7.1019e-05 | phys=2.3123e-05 | |g|=8.18e-02
12:54:22 | INFO    | pibe.training.trainer |   cell 3 | i=16000 | global | obj=5.0447e-04 | data=8.4737e-05 | phys=1.7868e-05 | |g|=3.50e-02
13:18:24 | INFO    | pibe.training.trainer |   cell 3 | i=18000 | global | obj=3.8549e-04 | data=8.7315e-05 | phys=1.9243e-05 | |g|=3.23e-02
13:43:19 | INFO    | pibe.training.trainer |   cell 3 | i=19999 | global | obj=3.9966e-04 | data=8.3894e-05 | phys=1.9169e-05 | |g|=1.10e-02
13:43:23 | INFO    | pibe.training.trainer |   cell 3 done in 12069.8s | val local=5.5784e-04 (data=5.0665e-04, phys=5.1193e-05)
13:43:23 | INFO    | pibe.training.trainer | cell 4/4: 8000 local iterations then 12000 fine-tuning iterations
13:43:24 | INFO    | pibe.training.trainer |   cell 4 | i=    0 | local  | obj=1.8591e+00 | data=3.8274e-01 | phys=1.4764e+00 | |g|=3.16e+01
14:01:22 | INFO    | pibe.training.trainer |   cell 4 | i= 2000 | local  | obj=4.0762e-01 | data=3.5485e-01 | phys=5.2771e-02 | |g|=2.77e-01
14:18:50 | INFO    | pibe.training.trainer |   cell 4 | i= 4000 | local  | obj=4.2140e-01 | data=3.9671e-01 | phys=2.4691e-02 | |g|=5.32e+00
14:36:41 | INFO    | pibe.training.trainer |   cell 4 | i= 6000 | local  | obj=4.3437e-01 | data=3.9267e-01 | phys=4.1699e-02 | |g|=5.80e+00
14:52:54 | INFO    | pibe.training.trainer |   cell 4 | i= 8000 | global | obj=3.9190e-01 | data=3.1386e-01 | phys=7.7694e-02 | |g|=9.21e+00
15:25:19 | INFO    | pibe.training.trainer |   cell 4 | i=10000 | global | obj=6.0644e-03 | data=4.9771e-04 | phys=2.1353e-03 | |g|=1.95e+00
15:58:01 | INFO    | pibe.training.trainer |   cell 4 | i=12000 | global | obj=4.1098e-03 | data=3.1610e-04 | phys=1.0392e-03 | |g|=2.12e+00
16:31:24 | INFO    | pibe.training.trainer |   cell 4 | i=14000 | global | obj=2.1562e-03 | data=8.9352e-05 | phys=3.5435e-04 | |g|=3.09e-01
17:04:24 | INFO    | pibe.training.trainer |   cell 4 | i=16000 | global | obj=1.8290e-03 | data=7.2863e-05 | phys=1.5277e-04 | |g|=4.62e-01
17:37:33 | INFO    | pibe.training.trainer |   cell 4 | i=18000 | global | obj=1.4653e-03 | data=7.5810e-05 | phys=2.3900e-04 | |g|=7.28e-01
18:10:44 | INFO    | pibe.training.trainer |   cell 4 | i=20000 | global | obj=9.7269e-04 | data=3.3498e-05 | phys=5.3334e-05 | |g|=1.96e-01
18:43:17 | INFO    | pibe.training.trainer |   cell 4 | i=22000 | global | obj=1.0573e-03 | data=4.2784e-05 | phys=1.0303e-04 | |g|=4.23e-01
19:15:52 | INFO    | pibe.training.trainer |   cell 4 | i=24000 | global | obj=1.2927e-03 | data=4.3381e-05 | phys=1.8281e-04 | |g|=4.13e-01
19:48:02 | INFO    | pibe.training.trainer |   cell 4 | i=26000 | global | obj=7.5335e-04 | data=3.6536e-05 | phys=5.0427e-05 | |g|=2.52e-01
20:20:44 | INFO    | pibe.training.trainer |   cell 4 | i=28000 | global | obj=9.4166e-04 | data=3.4702e-05 | phys=7.6628e-05 | |g|=3.12e-01
20:53:16 | INFO    | pibe.training.trainer |   cell 4 | i=30000 | global | obj=7.3337e-04 | data=4.4232e-05 | phys=3.6728e-05 | |g|=1.06e-01
21:25:37 | INFO    | pibe.training.trainer |   cell 4 | i=32000 | global | obj=5.8909e-04 | data=2.1608e-05 | phys=5.0995e-05 | |g|=1.82e-01
21:57:54 | INFO    | pibe.training.trainer |   cell 4 | i=34000 | global | obj=5.8385e-04 | data=2.4444e-05 | phys=7.2327e-05 | |g|=4.76e-01
22:30:33 | INFO    | pibe.training.trainer |   cell 4 | i=36000 | global | obj=6.0024e-04 | data=5.0745e-05 | phys=2.7924e-05 | |g|=3.02e-01
23:02:34 | INFO    | pibe.training.trainer |   cell 4 | i=38000 | global | obj=3.8068e-04 | data=1.5834e-05 | phys=1.5522e-05 | |g|=2.89e-02
23:33:30 | INFO    | pibe.training.trainer |   cell 4 | i=40000 | global | obj=4.1707e-04 | data=2.5991e-05 | phys=2.1805e-05 | |g|=1.42e-01
00:04:43 | INFO    | pibe.training.trainer |   cell 4 | i=42000 | global | obj=4.5091e-04 | data=2.6393e-05 | phys=1.7976e-05 | |g|=1.37e-01
00:37:51 | INFO    | pibe.training.trainer |   cell 4 | i=44000 | global | obj=3.6313e-04 | data=1.8648e-05 | phys=1.6476e-05 | |g|=8.93e-02
01:11:29 | INFO    | pibe.training.trainer |   cell 4 | i=46000 | global | obj=5.4550e-04 | data=3.0863e-05 | phys=2.8905e-05 | |g|=7.77e-02
01:40:57 | INFO    | pibe.training.trainer |   cell 4 | i=48000 | global | obj=4.3774e-04 | data=3.0430e-05 | phys=1.7161e-05 | |g|=3.69e-02
02:03:44 | INFO    | pibe.training.trainer |   cell 4 | i=49999 | global | obj=4.2033e-04 | data=2.0996e-05 | phys=1.6440e-05 | |g|=1.86e-02
02:03:47 | INFO    | pibe.training.trainer |   cell 4 done in 44420.6s | val local=4.2639e-05 (data=2.1923e-05, phys=2.0716e-05)
02:03:54 | INFO    | train_pibe         | train metrics:
state errors (L2 / sup):
  x_1: 1.4514e-02 / 1.6768e-01
  x_2: 1.4215e-01 / 5.4836e-01
  x_3: 1.2804e-01 / 6.6986e-01
parameter errors (|err| / spread):
  theta_1: 7.3431e-02 / 1.3555e-01
  theta_2: 9.1141e-02 / 7.0554e-02
disturbance: L2=9.5142e-02, sup=3.3191e-01
output fit: L2=1.4655e-02
02:03:56 | INFO    | train_pibe         | val metrics:
state errors (L2 / sup):
  x_1: 1.4844e-02 / 1.6525e-01
  x_2: 1.4095e-01 / 4.9702e-01
  x_3: 1.2673e-01 / 5.5571e-01
parameter errors (|err| / spread):
  theta_1: 7.2738e-02 / 1.3523e-01
  theta_2: 9.0068e-02 / 7.4189e-02
disturbance: L2=9.6280e-02, sup=3.0747e-01
output fit: L2=1.4999e-02
02:04:33 | INFO    | train_pibe         | oracle comparison (train):
 cell |   L_Loc @ truth | L_Loc @ trained | winner
------------------------------------------------------------
    2 |      3.8966e-06 |      4.3257e-04 | truth
    3 |      1.1573e-35 |      1.3907e-04 | truth
    4 |      2.5333e-35 |      3.7061e-05 | truth
------------------------------------------------------------
L_Tot @ truth   : 2.3634e-06
L_Tot @ trained : 4.0773e-04
noise floor     : 3.8933e-06 (the cell-2 data term cannot honestly go below this)

verdict: optimization failure: the true solution attains a lower objective than training reached, so it is representable and preferred but was not found. Lengthen end-to-end fine-tuning (lower N_par / raise lr_global) and check that no head is pinned to the boundary of its admissible box.
02:04:36 | INFO    | pibe.eval.figures  | wrote outputs/big_w10_v3_s2/figures/states.png
02:04:37 | INFO    | pibe.eval.figures  | wrote outputs/big_w10_v3_s2/figures/disturbance.png
02:04:37 | INFO    | matplotlib.mathtext | Substituting symbol A from STIXNonUnicode
02:04:37 | INFO    | pibe.eval.figures  | wrote outputs/big_w10_v3_s2/figures/parameters.png
02:04:37 | INFO    | pibe.eval.figures  | wrote outputs/big_w10_v3_s2/figures/errors.png
02:04:37 | INFO    | train_pibe         | figures: states.png, disturbance.png, parameters.png, errors.png
02:04:37 | INFO    | train_pibe         | artifacts written to outputs/big_w10_v3_s2
