15:48:37 | INFO    | train_pibe         | experiment:
system            : automatica_n4(n=4) on cpu (torch.float64)
true theta        : [0.23502650090327654, 0.10390993219989397, -0.020308528436274564]
basis             : FourierBasis(q=4, H=2, omega=1.25664, horizon=[0, 20], periods=4)
  lambda_min(W)   : 1.0000e+01   (Eq. 3, must be > 0)
  eps_(d,q)       : 0.0000e+00
noise             : TruncatedGaussianNoise(sigma=0.01, bound=0.03)
data              : TrajectoryData(P=64, N=201, n=4, horizon=[0, 20])
  train / val     : 51 / 13
  data fill h_d   : 5.0000e-02
  coll fill h_r   : 2.5000e-02
bank              : cells 2..5, 409102 parameters
15:48:37 | INFO    | pibe.training.trainer | cell 2/5: 3000 local iterations then 3000 fine-tuning iterations
15:48:38 | INFO    | pibe.training.trainer |   cell 2 | i=    0 | local  | obj=1.2270e+01 | data=1.1876e+01 | phys=3.9366e-01 | |g|=7.56e+02
15:48:53 | INFO    | pibe.training.trainer |   cell 2 | i= 1000 | local  | obj=6.1743e-03 | data=6.0763e-03 | phys=9.7976e-05 | |g|=3.19e+00
15:49:16 | INFO    | pibe.training.trainer |   cell 2 | i= 2000 | local  | obj=2.9535e-03 | data=2.7684e-03 | phys=1.8510e-04 | |g|=2.04e+00
15:49:32 | INFO    | pibe.training.trainer |   cell 2 | i= 3000 | global | obj=1.2515e-03 | data=1.1395e-03 | phys=1.1195e-04 | |g|=1.15e+00
15:49:49 | INFO    | pibe.training.trainer |   cell 2 | i= 4000 | global | obj=4.0629e-04 | data=3.7320e-04 | phys=3.3099e-05 | |g|=3.17e-01
15:50:08 | INFO    | pibe.training.trainer |   cell 2 | i= 5000 | global | obj=2.9581e-04 | data=2.8175e-04 | phys=1.4055e-05 | |g|=8.90e-02
15:50:24 | INFO    | pibe.training.trainer |   cell 2 | i= 5999 | global | obj=3.1174e-04 | data=2.9584e-04 | phys=1.5902e-05 | |g|=6.76e-02
15:50:24 | INFO    | pibe.training.trainer |   cell 2 done in 107.2s | val local=4.6979e-04 (data=4.3465e-04, phys=3.5147e-05)
15:50:24 | INFO    | pibe.training.trainer | cell 3/5: 3000 local iterations then 3000 fine-tuning iterations
15:50:24 | INFO    | pibe.training.trainer |   cell 3 | i=    0 | local  | obj=6.7663e-01 | data=1.5954e-01 | phys=5.1708e-01 | |g|=1.56e+01
15:50:47 | INFO    | pibe.training.trainer |   cell 3 | i= 1000 | local  | obj=1.7424e-04 | data=1.2857e-04 | phys=4.5663e-05 | |g|=1.07e-01
15:51:09 | INFO    | pibe.training.trainer |   cell 3 | i= 2000 | local  | obj=5.9811e-05 | data=2.5895e-05 | phys=3.3916e-05 | |g|=5.55e-02
15:51:30 | INFO    | pibe.training.trainer |   cell 3 | i= 3000 | global | obj=3.1739e-04 | data=7.7824e-05 | phys=1.8142e-05 | |g|=1.48e-01
15:52:00 | INFO    | pibe.training.trainer |   cell 3 | i= 4000 | global | obj=2.2889e-04 | data=8.0839e-06 | phys=1.3886e-05 | |g|=6.76e-02
15:52:36 | INFO    | pibe.training.trainer |   cell 3 | i= 5000 | global | obj=2.6379e-04 | data=3.1664e-05 | phys=7.0435e-06 | |g|=2.04e-01
15:53:16 | INFO    | pibe.training.trainer |   cell 3 | i= 5999 | global | obj=2.0051e-04 | data=4.8524e-06 | phys=4.2256e-06 | |g|=1.01e-01
15:53:16 | INFO    | pibe.training.trainer |   cell 3 done in 171.8s | val local=3.1410e-05 (data=1.2474e-05, phys=1.8936e-05)
15:53:16 | INFO    | pibe.training.trainer | cell 4/5: 3000 local iterations then 3000 fine-tuning iterations
15:53:16 | INFO    | pibe.training.trainer |   cell 4 | i=    0 | local  | obj=2.1527e+00 | data=1.1739e+00 | phys=9.7879e-01 | |g|=1.51e+01
15:53:53 | INFO    | pibe.training.trainer |   cell 4 | i= 1000 | local  | obj=1.7239e-04 | data=8.5525e-05 | phys=8.6866e-05 | |g|=1.83e-01
15:54:30 | INFO    | pibe.training.trainer |   cell 4 | i= 2000 | local  | obj=1.6071e-04 | data=5.7186e-05 | phys=1.0352e-04 | |g|=1.45e-01
15:55:08 | INFO    | pibe.training.trainer |   cell 4 | i= 3000 | global | obj=2.3369e-04 | data=4.8441e-05 | phys=7.0045e-06 | |g|=1.28e-01
15:56:19 | INFO    | pibe.training.trainer |   cell 4 | i= 4000 | global | obj=1.8948e-04 | data=5.3276e-06 | phys=3.2716e-06 | |g|=6.11e-02
15:57:31 | INFO    | pibe.training.trainer |   cell 4 | i= 5000 | global | obj=1.9403e-04 | data=2.9463e-06 | phys=3.0848e-06 | |g|=1.18e-01
15:58:44 | INFO    | pibe.training.trainer |   cell 4 | i= 5999 | global | obj=1.8831e-04 | data=7.7854e-06 | phys=7.7991e-06 | |g|=8.62e-02
15:58:44 | INFO    | pibe.training.trainer |   cell 4 done in 327.8s | val local=1.9310e-05 (data=1.3447e-05, phys=5.8627e-06)
15:58:44 | INFO    | pibe.training.trainer | cell 5/5: 3000 local iterations then 3000 fine-tuning iterations
15:58:44 | INFO    | pibe.training.trainer |   cell 5 | i=    0 | local  | obj=2.8225e+00 | data=1.7322e+00 | phys=1.0903e+00 | |g|=9.10e+01
15:59:33 | INFO    | pibe.training.trainer |   cell 5 | i= 1000 | local  | obj=1.1311e+00 | data=1.0271e+00 | phys=1.0402e-01 | |g|=2.17e+00
16:00:21 | INFO    | pibe.training.trainer |   cell 5 | i= 2000 | local  | obj=1.1207e+00 | data=9.9391e-01 | phys=1.2680e-01 | |g|=4.27e+00
16:01:09 | INFO    | pibe.training.trainer |   cell 5 | i= 3000 | global | obj=1.1257e+00 | data=1.0571e+00 | phys=6.8366e-02 | |g|=2.73e+01
16:02:23 | INFO    | pibe.training.trainer |   cell 5 | i= 4000 | global | obj=1.2787e-03 | data=3.6052e-05 | phys=7.0817e-04 | |g|=2.36e+00
16:03:14 | INFO    | pibe.training.trainer |   cell 5 | i= 5000 | global | obj=6.7677e-04 | data=2.8716e-05 | phys=2.1243e-04 | |g|=1.19e+00
16:04:02 | INFO    | pibe.training.trainer |   cell 5 | i= 5999 | global | obj=8.0153e-04 | data=2.2502e-05 | phys=4.5991e-04 | |g|=1.66e+00
16:04:02 | INFO    | pibe.training.trainer |   cell 5 done in 318.5s | val local=4.1929e-04 (data=4.9798e-05, phys=3.6949e-04)
16:04:03 | INFO    | train_pibe         | train metrics:
state errors (L2 / sup):
  x_1: 1.6120e-02 / 1.3025e-01
  x_2: 1.4429e-01 / 5.1646e-01
  x_3: 1.6363e-01 / 6.7599e-01
  x_4: 3.1214e-01 / 8.5762e-01
parameter errors (|err| / spread):
  theta_1: 1.6497e-01 / 3.0271e-07
  theta_2: 1.0841e-01 / 7.1844e-03
  theta_3: 3.1748e-01 / 1.7011e-03
disturbance: L2=1.3001e-01, sup=2.3126e-01
output fit: L2=1.8685e-02
16:04:03 | INFO    | train_pibe         | val metrics:
state errors (L2 / sup):
  x_1: 1.8975e-02 / 1.2984e-01
  x_2: 1.4340e-01 / 3.7963e-01
  x_3: 1.6450e-01 / 6.6752e-01
  x_4: 3.1386e-01 / 8.8388e-01
parameter errors (|err| / spread):
  theta_1: 1.6497e-01 / 4.8137e-07
  theta_2: 1.0583e-01 / 8.5940e-03
  theta_3: 3.1668e-01 / 3.0586e-03
disturbance: L2=1.3000e-01, sup=2.3126e-01
output fit: L2=2.1880e-02
16:04:05 | INFO    | train_pibe         | oracle comparison (train):
 cell |   L_Loc @ truth | L_Loc @ trained | winner
------------------------------------------------------------
    2 |      9.7379e-05 |      4.2257e-04 | truth
    3 |      6.8946e-36 |      1.2556e-04 | truth
    4 |      7.6615e-36 |      3.0932e-05 | truth
    5 |      1.8597e-34 |      4.1673e-04 | truth
------------------------------------------------------------
L_Tot @ truth   : 5.3443e-05
L_Tot @ trained : 7.5813e-04
noise floor     : 9.7334e-05 (the cell-2 data term cannot honestly go below this)

verdict: optimization failure: the true solution attains a lower objective than training reached, so it is representable and preferred but was not found. Lengthen end-to-end fine-tuning (lower N_par / raise lr_global) and check that no head is pinned to the boundary of its admissible box.
16:04:05 | INFO    | train_pibe         | artifacts written to outputs/cmp_global
