21:09:40 | INFO    | train_pibe         | experiment:
system            : automatica_n4(n=4) on cpu (torch.float64)
true theta        : [0.23502650090327654, 0.10390993219989397, -0.020308528436274564]
basis             : FourierBasis(q=4, H=2, omega=1.25664, horizon=[0, 20], periods=4)
  lambda_min(W)   : 1.0000e+01   (Eq. 3, must be > 0)
  eps_(d,q)       : 0.0000e+00
noise             : TruncatedGaussianNoise(sigma=0.002, bound=0.006)
data              : TrajectoryData(P=64, N=201, n=4, horizon=[0, 20])
  train / val     : 51 / 13
  data fill h_d   : 5.0000e-02
  coll fill h_r   : 2.5000e-02
bank              : cells 2..5, 414222 parameters
21:09:40 | INFO    | pibe.training.trainer | cell 2/5: 3000 local iterations then 3000 fine-tuning iterations
21:09:41 | INFO    | pibe.training.trainer |   cell 2 | i=    0 | local  | obj=7.0611e+01 | data=1.4155e+01 | phys=5.6457e+01 | |g|=3.18e+02
21:10:41 | INFO    | pibe.training.trainer |   cell 2 | i= 3000 | global | obj=1.6039e-03 | data=1.2859e-03 | phys=3.1806e-04 | |g|=1.77e+00
21:11:45 | INFO    | pibe.training.trainer |   cell 2 | i= 5999 | global | obj=2.1563e-04 | data=1.2704e-04 | phys=8.8591e-05 | |g|=3.92e-02
21:11:45 | INFO    | pibe.training.trainer |   cell 2 done in 124.6s | val local=6.0061e-04 (data=3.7713e-04, phys=2.2348e-04)
21:11:45 | INFO    | pibe.training.trainer | cell 3/5: 3000 local iterations then 3000 fine-tuning iterations
21:11:45 | INFO    | pibe.training.trainer |   cell 3 | i=    0 | local  | obj=8.9990e+00 | data=8.3078e-01 | phys=8.1683e+00 | |g|=6.17e+01
21:13:17 | INFO    | pibe.training.trainer |   cell 3 | i= 3000 | global | obj=5.6607e-04 | data=3.5130e-04 | phys=6.1711e-05 | |g|=5.61e-02
21:15:25 | INFO    | pibe.training.trainer |   cell 3 | i= 5999 | global | obj=9.6752e-05 | data=2.3729e-05 | phys=7.5050e-06 | |g|=2.00e-02
21:15:25 | INFO    | pibe.training.trainer |   cell 3 done in 219.8s | val local=7.9103e-05 (data=5.7315e-05, phys=2.1788e-05)
21:15:25 | INFO    | pibe.training.trainer | cell 4/5: 3000 local iterations then 3000 fine-tuning iterations
21:15:25 | INFO    | pibe.training.trainer |   cell 4 | i=    0 | local  | obj=5.0528e+00 | data=7.5625e-01 | phys=4.2966e+00 | |g|=4.23e+01
21:17:08 | INFO    | pibe.training.trainer |   cell 4 | i= 3000 | global | obj=3.9723e-04 | data=2.3829e-04 | phys=7.7356e-05 | |g|=2.98e-02
21:19:58 | INFO    | pibe.training.trainer |   cell 4 | i= 5999 | global | obj=1.2302e-04 | data=9.5519e-06 | phys=1.3059e-05 | |g|=9.06e-03
21:19:58 | INFO    | pibe.training.trainer |   cell 4 done in 273.7s | val local=2.9448e-05 (data=1.2050e-05, phys=1.7398e-05)
21:19:58 | INFO    | pibe.training.trainer | cell 5/5: 3000 local iterations then 3000 fine-tuning iterations
21:19:58 | INFO    | pibe.training.trainer |   cell 5 | i=    0 | local  | obj=9.4914e+00 | data=6.0285e-01 | phys=8.8886e+00 | |g|=5.44e+01
21:21:56 | INFO    | pibe.training.trainer |   cell 5 | i= 3000 | global | obj=1.6982e-01 | data=1.6527e-01 | phys=4.4891e-03 | |g|=1.14e+01
21:25:45 | INFO    | pibe.training.trainer |   cell 5 | i= 6000 | global | obj=2.8499e-03 | data=5.0263e-05 | phys=1.9948e-03 | |g|=3.53e+00
21:29:34 | INFO    | pibe.training.trainer |   cell 5 | i= 9000 | global | obj=1.2317e-03 | data=3.6170e-05 | phys=6.6325e-04 | |g|=2.00e+00
21:33:21 | INFO    | pibe.training.trainer |   cell 5 | i=12000 | global | obj=5.2539e-04 | data=1.2176e-05 | phys=2.6138e-04 | |g|=1.25e+00
21:37:09 | INFO    | pibe.training.trainer |   cell 5 | i=15000 | global | obj=2.6642e-04 | data=1.5801e-05 | phys=7.1932e-05 | |g|=5.50e-01
21:40:59 | INFO    | pibe.training.trainer |   cell 5 | i=18000 | global | obj=2.3417e-04 | data=1.0318e-05 | phys=9.8024e-05 | |g|=6.91e-01
21:44:46 | INFO    | pibe.training.trainer |   cell 5 | i=21000 | global | obj=1.3865e-04 | data=1.9482e-05 | phys=3.6810e-05 | |g|=2.76e-01
21:48:34 | INFO    | pibe.training.trainer |   cell 5 | i=24000 | global | obj=5.2330e-05 | data=5.4340e-06 | phys=6.0392e-06 | |g|=8.86e-02
21:52:23 | INFO    | pibe.training.trainer |   cell 5 | i=27000 | global | obj=4.6880e-05 | data=2.9432e-06 | phys=4.3175e-06 | |g|=9.48e-02
21:56:10 | INFO    | pibe.training.trainer |   cell 5 | i=30000 | global | obj=4.1257e-05 | data=2.0088e-06 | phys=5.0212e-06 | |g|=1.14e-01
22:00:11 | INFO    | pibe.training.trainer |   cell 5 | i=33000 | global | obj=3.3720e-05 | data=1.9028e-06 | phys=2.0738e-06 | |g|=1.55e-02
22:04:18 | INFO    | pibe.training.trainer |   cell 5 | i=35999 | global | obj=3.2209e-05 | data=1.7952e-06 | phys=1.9250e-06 | |g|=3.19e-03
22:04:18 | INFO    | pibe.training.trainer |   cell 5 done in 2659.3s | val local=1.7180e-05 (data=3.6045e-06, phys=1.3576e-05)
22:04:18 | INFO    | train_pibe         | train metrics:
state errors (L2 / sup):
  x_1: 4.3154e-03 / 8.7869e-02
  x_2: 5.1839e-02 / 3.6783e-01
  x_3: 9.5126e-02 / 4.7820e-01
  x_4: 8.6907e-02 / 5.2718e-01
parameter errors (|err| / spread):
  theta_1: 5.6912e-02 / 9.4244e-03
  theta_2: 9.2778e-02 / 2.8667e-03
  theta_3: 9.2570e-02 / 4.0650e-03
disturbance: L2=5.2371e-02, sup=1.3253e-01
output fit: L2=4.8397e-03
22:04:18 | INFO    | train_pibe         | val metrics:
state errors (L2 / sup):
  x_1: 5.5578e-03 / 5.8988e-02
  x_2: 5.2002e-02 / 2.6690e-01
  x_3: 9.7038e-02 / 4.7000e-01
  x_4: 9.1344e-02 / 4.3950e-01
parameter errors (|err| / spread):
  theta_1: 5.7587e-02 / 1.0862e-02
  theta_2: 9.2676e-02 / 2.7797e-03
  theta_3: 9.2537e-02 / 4.6700e-03
disturbance: L2=5.1928e-02, sup=1.3844e-01
output fit: L2=5.9646e-03
22:04:21 | INFO    | train_pibe         | oracle comparison (train):
 cell |   L_Loc @ truth | L_Loc @ trained | winner
------------------------------------------------------------
    2 |      3.8952e-06 |      3.7638e-05 | truth
    3 |      6.8946e-36 |      6.6294e-06 | truth
    4 |      7.6615e-36 |      3.8141e-06 | truth
    5 |      1.8597e-34 |      3.5372e-06 | truth
------------------------------------------------------------
L_Tot @ truth   : 2.1377e-06
L_Tot @ trained : 3.1760e-05
noise floor     : 3.8933e-06 (the cell-2 data term cannot honestly go below this)

verdict: optimization failure: the true solution attains a lower objective than training reached, so it is representable and preferred but was not found. Lengthen end-to-end fine-tuning (lower N_par / raise lr_global) and check that no head is pinned to the boundary of its admissible box.
22:04:21 | INFO    | train_pibe         | artifacts written to outputs/lownoise_t20
