15:39:38 | INFO    | train_pibe         | experiment:
system            : automatica_n3v2(n=3) on cpu (torch.float64)
true theta        : [0.23502650090327654, 0.10390993219989397]
disturbance       : independent a per trajectory
basis             : FourierBasis(q=3, H=2, omega=0.628319, horizon=[0, 20], periods=2)
  lambda_min(W)   : 1.0000e+01   (Eq. 3, must be > 0)
  eps_(d,q)       : 0.0000e+00
noise             : TruncatedGaussianNoise(sigma=0.002, bound=0.006)
data              : TrajectoryData(P=2048, N=201, n=3, horizon=[0, 20])
  train / val     : 1638 / 410
  data fill h_d   : 5.0000e-02
  coll fill h_r   : 2.5000e-02
bank              : cells 2..4, 2216458 parameters
estimator         : PIBE (Algorithm 1)
15:39:40 | INFO    | train_pibe         | disturbance observability  (sigma = 0.002, N = 201)
  i |       gain |    settled |  signature |     SNR |  eff SNR |
----------------------------------------------------------------------------
  1 |  3.040e-01 |  3.066e-01 |  5.519e-02 |   27.60 |   391.23 |
  2 |  2.835e-01 |  3.036e-01 |  5.465e-02 |   27.33 |   387.40 |
  3 |  1.472e-01 |  1.395e-01 |  1.674e-02 |    8.37 |   118.69 |

every basis function is observable above the noise floor.
15:39:40 | INFO    | pibe.training.trainer | cell 2/4: 8000 local iterations then 12000 fine-tuning iterations
15:39:43 | INFO    | pibe.training.trainer |   cell 2 | i=    0 | local  | obj=5.8273e+00 | data=4.9445e+00 | phys=8.8278e-01 | |g|=1.61e+02
15:50:49 | INFO    | pibe.training.trainer |   cell 2 | i= 2000 | local  | obj=3.6374e-02 | data=1.0257e-02 | phys=2.6116e-02 | |g|=4.77e+00
16:01:44 | INFO    | pibe.training.trainer |   cell 2 | i= 4000 | local  | obj=1.6210e-03 | data=1.5476e-03 | phys=7.3337e-05 | |g|=1.86e+00
16:12:52 | INFO    | pibe.training.trainer |   cell 2 | i= 6000 | local  | obj=4.0609e-04 | data=3.2204e-04 | phys=8.4050e-05 | |g|=3.20e-01
16:23:52 | INFO    | pibe.training.trainer |   cell 2 | i= 8000 | global | obj=2.0705e-04 | data=1.5228e-04 | phys=5.4770e-05 | |g|=4.99e-02
16:34:50 | INFO    | pibe.training.trainer |   cell 2 | i=10000 | global | obj=2.5612e-04 | data=1.9922e-04 | phys=5.6898e-05 | |g|=1.84e-01
16:46:00 | INFO    | pibe.training.trainer |   cell 2 | i=12000 | global | obj=2.7463e-04 | data=2.2039e-04 | phys=5.4238e-05 | |g|=1.78e-01
16:57:44 | INFO    | pibe.training.trainer |   cell 2 | i=14000 | global | obj=1.9082e-04 | data=1.5359e-04 | phys=3.7230e-05 | |g|=3.89e-02
17:09:18 | INFO    | pibe.training.trainer |   cell 2 | i=16000 | global | obj=1.4649e-04 | data=1.1743e-04 | phys=2.9057e-05 | |g|=4.06e-02
17:20:26 | INFO    | pibe.training.trainer |   cell 2 | i=18000 | global | obj=1.3793e-04 | data=1.0862e-04 | phys=2.9315e-05 | |g|=1.06e-02
17:31:19 | INFO    | pibe.training.trainer |   cell 2 | i=19999 | global | obj=1.5704e-04 | data=1.2716e-04 | phys=2.9879e-05 | |g|=1.89e-03
17:31:21 | INFO    | pibe.training.trainer |   cell 2 done in 6699.0s | val local=1.0936e-04 (data=8.7790e-05, phys=2.1569e-05)
17:31:21 | INFO    | pibe.training.trainer | cell 3/4: 8000 local iterations then 12000 fine-tuning iterations
17:31:22 | INFO    | pibe.training.trainer |   cell 3 | i=    0 | local  | obj=8.5801e-01 | data=3.8712e-01 | phys=4.7089e-01 | |g|=3.59e+01
17:44:29 | INFO    | pibe.training.trainer |   cell 3 | i= 2000 | local  | obj=2.6492e-04 | data=1.3794e-04 | phys=1.2698e-04 | |g|=8.93e-02
17:57:37 | INFO    | pibe.training.trainer |   cell 3 | i= 4000 | local  | obj=2.0784e-04 | data=1.5670e-04 | phys=5.1138e-05 | |g|=6.17e-03
18:10:48 | INFO    | pibe.training.trainer |   cell 3 | i= 6000 | local  | obj=2.7629e-04 | data=1.6718e-04 | phys=1.0911e-04 | |g|=8.14e-02
18:24:02 | INFO    | pibe.training.trainer |   cell 3 | i= 8000 | global | obj=1.0347e-04 | data=2.7304e-05 | phys=1.6048e-05 | |g|=3.93e-02
18:46:33 | INFO    | pibe.training.trainer |   cell 3 | i=10000 | global | obj=9.7962e-05 | data=9.5934e-06 | phys=5.7122e-06 | |g|=9.28e-02
19:09:04 | INFO    | pibe.training.trainer |   cell 3 | i=12000 | global | obj=9.4807e-05 | data=3.4315e-06 | phys=2.1086e-06 | |g|=2.37e-02
19:31:30 | INFO    | pibe.training.trainer |   cell 3 | i=14000 | global | obj=7.9258e-05 | data=1.2859e-06 | phys=1.1197e-06 | |g|=1.70e-02
19:53:42 | INFO    | pibe.training.trainer |   cell 3 | i=16000 | global | obj=1.5751e-04 | data=2.4879e-06 | phys=1.0565e-06 | |g|=3.30e-02
20:16:14 | INFO    | pibe.training.trainer |   cell 3 | i=18000 | global | obj=8.4179e-05 | data=9.0916e-07 | phys=5.8100e-07 | |g|=5.42e-03
20:38:39 | INFO    | pibe.training.trainer |   cell 3 | i=19999 | global | obj=1.1265e-04 | data=1.0347e-06 | phys=7.8711e-07 | |g|=3.71e-03
20:38:42 | INFO    | pibe.training.trainer |   cell 3 done in 11237.6s | val local=1.6650e-06 (data=8.7480e-07, phys=7.9019e-07)
20:38:42 | INFO    | pibe.training.trainer | cell 4/4: 8000 local iterations then 12000 fine-tuning iterations
20:38:43 | INFO    | pibe.training.trainer |   cell 4 | i=    0 | local  | obj=2.8302e+00 | data=9.6331e-01 | phys=1.8669e+00 | |g|=1.15e+02
20:54:53 | INFO    | pibe.training.trainer |   cell 4 | i= 2000 | local  | obj=1.4848e+00 | data=1.2992e+00 | phys=1.8562e-01 | |g|=7.49e-01
21:10:44 | INFO    | pibe.training.trainer |   cell 4 | i= 4000 | local  | obj=1.5922e+00 | data=1.4055e+00 | phys=1.8672e-01 | |g|=6.80e-01
21:26:29 | INFO    | pibe.training.trainer |   cell 4 | i= 6000 | local  | obj=1.5838e+00 | data=1.3690e+00 | phys=2.1479e-01 | |g|=5.39e-01
21:42:49 | INFO    | pibe.training.trainer |   cell 4 | i= 8000 | global | obj=1.4982e+00 | data=1.3194e+00 | phys=1.7872e-01 | |g|=2.13e+01
22:16:14 | INFO    | pibe.training.trainer |   cell 4 | i=10000 | global | obj=7.1000e-04 | data=3.9824e-05 | phys=7.1537e-05 | |g|=2.51e-01
22:49:28 | INFO    | pibe.training.trainer |   cell 4 | i=12000 | global | obj=4.4006e-04 | data=2.4404e-05 | phys=8.4305e-05 | |g|=6.49e-01
23:22:52 | INFO    | pibe.training.trainer |   cell 4 | i=14000 | global | obj=2.8010e-04 | data=2.8862e-05 | phys=9.2978e-05 | |g|=7.14e-01
23:56:11 | INFO    | pibe.training.trainer |   cell 4 | i=16000 | global | obj=3.7659e-03 | data=1.3906e-04 | phys=1.8847e-03 | |g|=1.59e+00
00:29:29 | INFO    | pibe.training.trainer |   cell 4 | i=18000 | global | obj=1.4281e-04 | data=1.1367e-05 | phys=1.6922e-05 | |g|=1.33e-01
01:02:48 | INFO    | pibe.training.trainer |   cell 4 | i=20000 | global | obj=9.6892e-05 | data=1.0390e-05 | phys=2.2757e-05 | |g|=2.37e-01
01:36:05 | INFO    | pibe.training.trainer |   cell 4 | i=22000 | global | obj=1.2974e-04 | data=5.7701e-06 | phys=4.6611e-05 | |g|=4.53e-01
02:09:24 | INFO    | pibe.training.trainer |   cell 4 | i=24000 | global | obj=9.5335e-05 | data=3.4575e-06 | phys=2.5567e-05 | |g|=3.16e-01
02:42:40 | INFO    | pibe.training.trainer |   cell 4 | i=26000 | global | obj=6.7464e-05 | data=3.1565e-06 | phys=9.0122e-06 | |g|=1.37e-01
03:15:59 | INFO    | pibe.training.trainer |   cell 4 | i=28000 | global | obj=5.9724e-05 | data=1.3873e-06 | phys=6.4460e-06 | |g|=4.58e-02
03:49:28 | INFO    | pibe.training.trainer |   cell 4 | i=30000 | global | obj=5.3203e-05 | data=1.1347e-06 | phys=5.2414e-06 | |g|=9.55e-02
04:22:46 | INFO    | pibe.training.trainer |   cell 4 | i=32000 | global | obj=7.3673e-05 | data=2.0804e-06 | phys=2.1863e-05 | |g|=3.14e-01
04:56:02 | INFO    | pibe.training.trainer |   cell 4 | i=34000 | global | obj=5.1123e-05 | data=8.3669e-07 | phys=4.8089e-06 | |g|=7.85e-02
05:29:22 | INFO    | pibe.training.trainer |   cell 4 | i=36000 | global | obj=5.0462e-05 | data=6.6154e-07 | phys=6.9015e-06 | |g|=1.46e-01
06:01:59 | INFO    | pibe.training.trainer |   cell 4 | i=38000 | global | obj=4.9717e-05 | data=1.8210e-06 | phys=7.8989e-06 | |g|=5.27e-02
06:33:31 | INFO    | pibe.training.trainer |   cell 4 | i=40000 | global | obj=5.1873e-05 | data=6.0777e-07 | phys=4.0608e-06 | |g|=5.08e-02
07:05:06 | INFO    | pibe.training.trainer |   cell 4 | i=42000 | global | obj=5.4158e-05 | data=6.7259e-07 | phys=3.2587e-06 | |g|=1.78e-02
07:36:39 | INFO    | pibe.training.trainer |   cell 4 | i=44000 | global | obj=4.1682e-05 | data=6.3251e-07 | phys=3.1253e-06 | |g|=1.40e-02
08:08:07 | INFO    | pibe.training.trainer |   cell 4 | i=46000 | global | obj=3.7433e-05 | data=6.3430e-07 | phys=2.3689e-06 | |g|=2.31e-02
08:40:02 | INFO    | pibe.training.trainer |   cell 4 | i=48000 | global | obj=3.3036e-05 | data=6.7790e-07 | phys=2.3338e-06 | |g|=1.58e-02
09:05:10 | INFO    | pibe.training.trainer |   cell 4 | i=49999 | global | obj=3.2544e-05 | data=5.4817e-07 | phys=2.1498e-06 | |g|=4.15e-03
09:05:14 | INFO    | pibe.training.trainer |   cell 4 done in 44787.6s | val local=3.8376e-06 (data=7.5389e-07, phys=3.0837e-06)
09:05:22 | INFO    | train_pibe         | train metrics:
state errors (L2 / sup):
  x_1: 5.5152e-03 / 3.8799e-02
  x_2: 1.6203e-02 / 1.8222e-01
  x_3: 2.8616e-02 / 4.4109e-01
parameter errors (|err| / spread):
  theta_1: 4.4693e-03 / 4.8977e-03
  theta_2: 3.9982e-03 / 4.4253e-03
disturbance: L2=4.2381e-02, sup=1.5902e-01
output fit: L2=5.9377e-03
09:05:24 | INFO    | train_pibe         | val metrics:
state errors (L2 / sup):
  x_1: 5.5359e-03 / 3.6283e-02
  x_2: 1.5806e-02 / 1.8398e-01
  x_3: 2.7750e-02 / 4.0143e-01
parameter errors (|err| / spread):
  theta_1: 4.4216e-03 / 4.9299e-03
  theta_2: 3.9515e-03 / 4.4325e-03
disturbance: L2=4.2714e-02, sup=1.5583e-01
output fit: L2=5.9526e-03
09:06:04 | INFO    | train_pibe         | oracle comparison (train):
 cell |   L_Loc @ truth | L_Loc @ trained | winner
------------------------------------------------------------
    2 |      3.9018e-06 |      6.0635e-05 | truth
    3 |      8.6450e-36 |      1.6282e-06 | truth
    4 |      2.5698e-35 |      3.4752e-06 | truth
------------------------------------------------------------
L_Tot @ truth   : 2.3665e-06
L_Tot @ trained : 4.1520e-05
noise floor     : 3.8933e-06 (the cell-2 data term cannot honestly go below this)

verdict: optimization failure: the true solution attains a lower objective than training reached, so it is representable and preferred but was not found. Lengthen end-to-end fine-tuning (lower N_par / raise lr_global) and check that no head is pinned to the boundary of its admissible box.
09:06:07 | INFO    | pibe.eval.figures  | wrote outputs/big_w10_v2_s2/figures/states.png
09:06:07 | INFO    | pibe.eval.figures  | wrote outputs/big_w10_v2_s2/figures/disturbance.png
09:06:07 | INFO    | matplotlib.mathtext | Substituting symbol A from STIXNonUnicode
09:06:08 | INFO    | pibe.eval.figures  | wrote outputs/big_w10_v2_s2/figures/parameters.png
09:06:08 | INFO    | pibe.eval.figures  | wrote outputs/big_w10_v2_s2/figures/errors.png
09:06:08 | INFO    | train_pibe         | figures: states.png, disturbance.png, parameters.png, errors.png
09:06:08 | INFO    | train_pibe         | artifacts written to outputs/big_w10_v2_s2
