12:24:38 | INFO    | train_pibe         | experiment:
system            : automatica_n3v2(n=3) on cpu (torch.float64)
true theta        : [0.23502650090327654, 0.10390993219989397]
disturbance       : independent a per trajectory
basis             : FourierBasis(q=3, H=2, omega=1.25664, horizon=[0, 20], periods=4)
  lambda_min(W)   : 1.0000e+01   (Eq. 3, must be > 0)
  eps_(d,q)       : 0.0000e+00
noise             : TruncatedGaussianNoise(sigma=0.002, bound=0.006)
data              : TrajectoryData(P=2048, N=201, n=3, horizon=[0, 20])
  train / val     : 1638 / 410
  data fill h_d   : 5.0000e-02
  coll fill h_r   : 2.5000e-02
bank              : cells 2..4, 2216458 parameters
estimator         : PIBE (Algorithm 1)
12:24:38 | INFO    | train_pibe         | disturbance observability  (sigma = 0.002, N = 201)
  i |       gain |    settled |  signature |     SNR |  eff SNR |
----------------------------------------------------------------------------
  1 |  1.472e-01 |  1.395e-01 |  2.511e-02 |   12.56 |   178.03 |
  2 |  1.369e-01 |  1.401e-01 |  2.522e-02 |   12.61 |   178.81 |
  3 |  4.558e-02 |  3.413e-02 |  4.096e-03 |    2.05 |    29.04 |

every basis function is observable above the noise floor.
12:24:38 | INFO    | train_pibe         | dry run requested; stopping before training
