05:30:43 | INFO    | train_pibe         | experiment:
system            : automatica_n4(n=4) on cpu (torch.float64)
true theta        : [0.23502650090327654, 0.10390993219989397, -0.020308528436274564]
basis             : FourierBasis(q=4, H=2, omega=1.25664, horizon=[0, 20], periods=4)
  lambda_min(W)   : 1.0000e+01   (Eq. 3, must be > 0)
  eps_(d,q)       : 0.0000e+00
noise             : TruncatedGaussianNoise(sigma=0.002, bound=0.006)
data              : TrajectoryData(P=64, N=201, n=4, horizon=[0, 20])
  train / val     : 51 / 13
  data fill h_d   : 5.0000e-02
  coll fill h_r   : 2.5000e-02
bank              : cells 2..5, 414222 parameters
05:30:44 | INFO    | train_pibe         | disturbance observability  (sigma = 0.002, N = 201)
  i |       gain |    settled |  signature |     SNR |  eff SNR |
----------------------------------------------------------------------------
  1 |  9.507e-02 |  7.313e-02 |  1.097e-02 |    5.48 |    77.76 |
  2 |  7.249e-02 |  7.508e-02 |  1.126e-02 |    5.63 |    79.83 |
  3 |  3.235e-02 |  1.526e-02 |  1.832e-03 |    0.92 |    12.98 |  <- below the noise floor
  4 |  1.297e-02 |  1.230e-02 |  1.476e-03 |    0.74 |    10.47 |  <- below the noise floor

basis function 4 leaves a trace 0.74x the noise; it is not
recoverable pointwise. Reduce sigma, lower the basis frequency, lengthen the
horizon, or reduce q -- training cannot help.
05:30:44 | INFO    | pibe.training.trainer | cell 2/5: 3000 local iterations then 3000 fine-tuning iterations
05:30:44 | INFO    | pibe.training.trainer |   cell 2 | i=    0 | local  | obj=8.3408e+00 | data=4.5946e+00 | phys=3.7462e+00 | |g|=9.48e+01
05:33:05 | INFO    | pibe.training.trainer |   cell 2 | i= 5999 | global | obj=6.3975e-05 | data=4.1239e-05 | phys=2.2736e-05 | |g|=1.17e-02
05:33:05 | INFO    | pibe.training.trainer |   cell 2 done in 141.0s | val local=1.8609e-04 (data=1.1275e-04, phys=7.3348e-05)
05:33:05 | INFO    | pibe.training.trainer | cell 3/5: 3000 local iterations then 3000 fine-tuning iterations
05:33:05 | INFO    | pibe.training.trainer |   cell 3 | i=    0 | local  | obj=1.7548e+00 | data=1.1048e+00 | phys=6.4994e-01 | |g|=2.09e+01
05:37:06 | INFO    | pibe.training.trainer |   cell 3 | i= 5999 | global | obj=4.1155e-05 | data=6.2197e-06 | phys=2.9735e-06 | |g|=1.22e-02
05:37:06 | INFO    | pibe.training.trainer |   cell 3 done in 241.3s | val local=3.1627e-05 (data=1.8927e-05, phys=1.2700e-05)
05:37:06 | INFO    | pibe.training.trainer | cell 4/5: 3000 local iterations then 3000 fine-tuning iterations
05:37:06 | INFO    | pibe.training.trainer |   cell 4 | i=    0 | local  | obj=9.7896e-01 | data=3.9175e-01 | phys=5.8722e-01 | |g|=1.67e+01
05:42:40 | INFO    | pibe.training.trainer |   cell 4 | i= 5999 | global | obj=3.6838e-05 | data=1.4030e-06 | phys=2.0991e-06 | |g|=4.86e-03
05:42:40 | INFO    | pibe.training.trainer |   cell 4 done in 333.9s | val local=1.0607e-05 (data=3.8608e-06, phys=6.7466e-06)
05:42:40 | INFO    | pibe.training.trainer | cell 5/5: 3000 local iterations then 3000 fine-tuning iterations
05:42:40 | INFO    | pibe.training.trainer |   cell 5 | i=    0 | local  | obj=1.0887e+00 | data=5.5397e-01 | phys=5.3476e-01 | |g|=1.03e+01
05:50:21 | INFO    | pibe.training.trainer |   cell 5 | i= 6000 | global | obj=2.9616e-03 | data=9.4610e-05 | phys=2.1143e-03 | |g|=2.37e+00
06:00:04 | INFO    | pibe.training.trainer |   cell 5 | i=12000 | global | obj=5.7430e-04 | data=1.6057e-05 | phys=2.5961e-04 | |g|=1.08e+00
06:23:28 | INFO    | pibe.training.trainer |   cell 5 | i=18000 | global | obj=1.6206e-04 | data=7.5130e-06 | phys=5.2978e-05 | |g|=4.81e-01
06:29:14 | INFO    | pibe.training.trainer |   cell 5 | i=24000 | global | obj=4.6301e-05 | data=2.3054e-06 | phys=2.4002e-06 | |g|=4.19e-02
06:37:06 | INFO    | pibe.training.trainer |   cell 5 | i=30000 | global | obj=3.6798e-05 | data=1.4018e-06 | phys=1.4427e-06 | |g|=2.73e-02
06:46:07 | INFO    | pibe.training.trainer |   cell 5 | i=35999 | global | obj=3.1278e-05 | data=1.3625e-06 | phys=1.3573e-06 | |g|=3.53e-03
06:46:08 | INFO    | pibe.training.trainer |   cell 5 done in 2869.2s | val local=1.2664e-05 (data=3.1330e-06, phys=9.5305e-06)
06:46:08 | INFO    | train_pibe         | train metrics:
state errors (L2 / sup):
  x_1: 4.4856e-03 / 7.4944e-02
  x_2: 4.8709e-02 / 2.9397e-01
  x_3: 2.7930e-01 / 7.6062e-01
  x_4: 3.9480e-01 / 8.8292e-01
parameter errors (|err| / spread):
  theta_1: 5.1657e-02 / 4.9665e-02
  theta_2: 2.4541e-01 / 2.7299e-02
  theta_3: 4.2031e-01 / 3.6493e-07
disturbance: L2=6.5501e-02, sup=1.5564e-01
output fit: L2=4.9950e-03
06:46:08 | INFO    | train_pibe         | val metrics:
state errors (L2 / sup):
  x_1: 5.3905e-03 / 5.7392e-02
  x_2: 5.6899e-02 / 2.2007e-01
  x_3: 2.8121e-01 / 8.4387e-01
  x_4: 3.9737e-01 / 8.5800e-01
parameter errors (|err| / spread):
  theta_1: 6.3516e-02 / 6.1050e-02
  theta_2: 2.4490e-01 / 3.2713e-02
  theta_3: 4.2031e-01 / 2.8173e-07
disturbance: L2=6.5176e-02, sup=1.4754e-01
output fit: L2=5.8310e-03
06:46:11 | INFO    | train_pibe         | oracle comparison (train):
 cell |   L_Loc @ truth | L_Loc @ trained | winner
------------------------------------------------------------
    2 |      3.8952e-06 |      3.9296e-05 | truth
    3 |      6.8946e-36 |      9.3765e-06 | truth
    4 |      7.6615e-36 |      5.4313e-06 | truth
    5 |      1.8597e-34 |      2.6973e-06 | truth
------------------------------------------------------------
L_Tot @ truth   : 2.1377e-06
L_Tot @ trained : 3.4995e-05
noise floor     : 3.8933e-06 (the cell-2 data term cannot honestly go below this)

verdict: optimization failure: the true solution attains a lower objective than training reached, so it is representable and preferred but was not found. Lengthen end-to-end fine-tuning (lower N_par / raise lr_global) and check that no head is pinned to the boundary of its admissible box.
06:46:11 | INFO    | train_pibe         | artifacts written to outputs/seed3
