00:25:39 | INFO    | train_pibe         | experiment:
system            : automatica_n3v2(n=3) on cpu (torch.float64)
true theta        : [0.23502650090327654, 0.10390993219989397]
disturbance       : independent a per trajectory
basis             : FourierBasis(q=3, H=2, omega=1.25664, horizon=[0, 20], periods=4)
  lambda_min(W)   : 1.0000e+01   (Eq. 3, must be > 0)
  eps_(d,q)       : 0.0000e+00
noise             : TruncatedGaussianNoise(sigma=0.002, bound=0.006)
data              : TrajectoryData(P=512, N=201, n=3, horizon=[0, 20])
  train / val     : 410 / 102
  data fill h_d   : 5.0000e-02
  coll fill h_r   : 2.5000e-02
bank              : cells 2..4, 271850 parameters
00:25:40 | INFO    | train_pibe         | disturbance observability  (sigma = 0.002, N = 201)
  i |       gain |    settled |  signature |     SNR |  eff SNR |
----------------------------------------------------------------------------
  1 |  1.472e-01 |  1.395e-01 |  2.511e-02 |   12.56 |   178.03 |
  2 |  1.369e-01 |  1.401e-01 |  2.522e-02 |   12.61 |   178.81 |
  3 |  4.558e-02 |  3.413e-02 |  4.096e-03 |    2.05 |    29.04 |

every basis function is observable above the noise floor.
00:25:40 | INFO    | pibe.training.trainer | cell 2/4: 3000 local iterations then 3000 fine-tuning iterations
00:25:41 | INFO    | pibe.training.trainer |   cell 2 | i=    0 | local  | obj=1.2146e+01 | data=1.1854e+01 | phys=2.9245e-01 | |g|=7.39e+01
00:28:53 | INFO    | pibe.training.trainer |   cell 2 | i= 3000 | global | obj=4.6106e-04 | data=4.1987e-04 | phys=4.1189e-05 | |g|=6.65e-02
00:31:53 | INFO    | pibe.training.trainer |   cell 2 | i= 5999 | global | obj=3.8907e-04 | data=3.0805e-04 | phys=8.1020e-05 | |g|=4.88e-03
00:31:53 | INFO    | pibe.training.trainer |   cell 2 done in 373.2s | val local=3.5231e-04 (data=2.8405e-04, phys=6.8258e-05)
00:31:53 | INFO    | pibe.training.trainer | cell 3/4: 3000 local iterations then 3000 fine-tuning iterations
00:31:53 | INFO    | pibe.training.trainer |   cell 3 | i=    0 | local  | obj=5.7389e-01 | data=4.9083e-01 | phys=8.3055e-02 | |g|=5.98e+00
00:36:03 | INFO    | pibe.training.trainer |   cell 3 | i= 3000 | global | obj=3.6086e-04 | data=7.9346e-05 | phys=2.1243e-05 | |g|=9.47e-02
00:41:58 | INFO    | pibe.training.trainer |   cell 3 | i= 5999 | global | obj=2.2224e-04 | data=1.3389e-05 | phys=3.6266e-06 | |g|=7.94e-03
00:41:59 | INFO    | pibe.training.trainer |   cell 3 done in 605.2s | val local=1.9172e-05 (data=1.5111e-05, phys=4.0619e-06)
00:41:59 | INFO    | pibe.training.trainer | cell 4/4: 3000 local iterations then 3000 fine-tuning iterations
00:41:59 | INFO    | pibe.training.trainer |   cell 4 | i=    0 | local  | obj=3.5610e+00 | data=3.8164e-01 | phys=3.1793e+00 | |g|=1.78e+01
00:47:31 | INFO    | pibe.training.trainer |   cell 4 | i= 3000 | global | obj=3.1253e-01 | data=2.7686e-01 | phys=3.5488e-02 | |g|=8.97e+00
00:55:46 | INFO    | pibe.training.trainer |   cell 4 | i= 6000 | global | obj=3.1184e-04 | data=2.6399e-05 | phys=3.8742e-05 | |g|=2.58e-01
01:02:36 | INFO    | pibe.training.trainer |   cell 4 | i= 9000 | global | obj=2.6312e-04 | data=2.1751e-05 | phys=2.8646e-05 | |g|=1.53e-01
01:08:10 | INFO    | pibe.training.trainer |   cell 4 | i=12000 | global | obj=1.7261e-03 | data=7.7157e-05 | phys=6.0444e-04 | |g|=4.60e-01
01:13:15 | INFO    | pibe.training.trainer |   cell 4 | i=15000 | global | obj=2.4212e-04 | data=2.9992e-05 | phys=8.5146e-06 | |g|=1.66e-01
01:18:19 | INFO    | pibe.training.trainer |   cell 4 | i=18000 | global | obj=1.2966e-04 | data=3.0375e-06 | phys=4.3640e-06 | |g|=1.84e-02
01:23:24 | INFO    | pibe.training.trainer |   cell 4 | i=21000 | global | obj=1.5550e-04 | data=1.0707e-05 | phys=4.3044e-06 | |g|=6.46e-02
01:28:29 | INFO    | pibe.training.trainer |   cell 4 | i=24000 | global | obj=1.8342e-04 | data=7.5934e-06 | phys=4.1506e-05 | |g|=2.45e-01
01:33:35 | INFO    | pibe.training.trainer |   cell 4 | i=27000 | global | obj=9.8618e-05 | data=6.6539e-06 | phys=7.5354e-06 | |g|=7.05e-02
01:38:39 | INFO    | pibe.training.trainer |   cell 4 | i=30000 | global | obj=8.3758e-05 | data=7.2469e-06 | phys=8.4441e-06 | |g|=6.80e-02
01:43:43 | INFO    | pibe.training.trainer |   cell 4 | i=33000 | global | obj=7.0600e-05 | data=5.1941e-06 | phys=9.2849e-06 | |g|=5.30e-02
01:48:46 | INFO    | pibe.training.trainer |   cell 4 | i=36000 | global | obj=5.0762e-05 | data=2.8693e-06 | phys=1.1561e-05 | |g|=8.42e-02
01:53:49 | INFO    | pibe.training.trainer |   cell 4 | i=39000 | global | obj=4.4547e-05 | data=3.3665e-06 | phys=8.1693e-06 | |g|=1.80e-02
01:58:52 | INFO    | pibe.training.trainer |   cell 4 | i=42000 | global | obj=3.3848e-05 | data=2.2827e-06 | phys=6.2192e-06 | |g|=3.37e-02
02:04:00 | INFO    | pibe.training.trainer |   cell 4 | i=45000 | global | obj=2.9452e-05 | data=2.2834e-06 | phys=4.8127e-06 | |g|=9.40e-03
02:09:04 | INFO    | pibe.training.trainer |   cell 4 | i=48000 | global | obj=2.7124e-05 | data=1.7775e-06 | phys=4.6253e-06 | |g|=8.78e-03
02:14:10 | INFO    | pibe.training.trainer |   cell 4 | i=50999 | global | obj=2.4737e-05 | data=1.5852e-06 | phys=3.5693e-06 | |g|=3.07e-03
02:14:10 | INFO    | pibe.training.trainer |   cell 4 done in 5530.9s | val local=8.5446e-06 (data=2.2753e-06, phys=6.2693e-06)
02:14:10 | INFO    | train_pibe         | train metrics:
state errors (L2 / sup):
  x_1: 3.9362e-03 / 4.1559e-02
  x_2: 2.2203e-02 / 2.1449e-01
  x_3: 3.3096e-02 / 4.0943e-01
parameter errors (|err| / spread):
  theta_1: 1.1944e-02 / 1.4444e-02
  theta_2: 1.0355e-02 / 1.2427e-02
disturbance: L2=5.0956e-02, sup=1.8452e-01
output fit: L2=4.4144e-03
02:14:10 | INFO    | train_pibe         | val metrics:
state errors (L2 / sup):
  x_1: 3.9673e-03 / 4.0984e-02
  x_2: 2.2572e-02 / 2.6431e-01
  x_3: 3.1928e-02 / 4.0779e-01
parameter errors (|err| / spread):
  theta_1: 1.2542e-02 / 1.4552e-02
  theta_2: 1.0828e-02 / 1.2485e-02
disturbance: L2=4.9452e-02, sup=1.8033e-01
output fit: L2=4.4633e-03
02:14:14 | INFO    | train_pibe         | oracle comparison (train):
 cell |   L_Loc @ truth | L_Loc @ trained | winner
------------------------------------------------------------
    2 |      3.9156e-06 |      2.7831e-05 | truth
    3 |      8.9093e-36 |      5.8547e-06 | truth
    4 |      3.2033e-35 |      6.4243e-06 | truth
------------------------------------------------------------
L_Tot @ truth   : 2.3749e-06
L_Tot @ trained : 2.7864e-05
noise floor     : 3.8933e-06 (the cell-2 data term cannot honestly go below this)

verdict: optimization failure: the true solution attains a lower objective than training reached, so it is representable and preferred but was not found. Lengthen end-to-end fine-tuning (lower N_par / raise lr_global) and check that no head is pinned to the boundary of its admissible box.
02:14:14 | INFO    | train_pibe         | artifacts written to outputs/gen_p512
