12:49:24 | INFO    | train_pibe         | experiment:
system            : automatica_n4v3(n=4) on cpu (torch.float64)
true theta        : [0.23502650090327654, 0.10390993219989397, -0.020308528436274564]
basis             : FourierBasis(q=4, H=2, omega=1.25664, horizon=[0, 20], periods=4)
  lambda_min(W)   : 1.0000e+01   (Eq. 3, must be > 0)
  eps_(d,q)       : 0.0000e+00
noise             : TruncatedGaussianNoise(sigma=0.002, bound=0.006)
data              : TrajectoryData(P=64, N=201, n=4, horizon=[0, 20])
  train / val     : 51 / 13
  data fill h_d   : 5.0000e-02
  coll fill h_r   : 2.5000e-02
bank              : cells 2..5, 414222 parameters
12:49:25 | INFO    | train_pibe         | disturbance observability  (sigma = 0.002, N = 201)
  i |       gain |    settled |  signature |     SNR |  eff SNR |
----------------------------------------------------------------------------
  1 |  9.432e-02 |  7.331e-02 |  1.100e-02 |    5.50 |    77.95 |
  2 |  7.288e-02 |  7.551e-02 |  1.133e-02 |    5.66 |    80.29 |
  3 |  3.162e-02 |  1.465e-02 |  1.758e-03 |    0.88 |    12.47 |  <- below the noise floor
  4 |  1.300e-02 |  1.233e-02 |  1.479e-03 |    0.74 |    10.49 |  <- below the noise floor

basis function 4 leaves a trace 0.74x the noise; it is not
recoverable pointwise. Reduce sigma, lower the basis frequency, lengthen the
horizon, or reduce q -- training cannot help.
12:49:25 | INFO    | pibe.training.trainer | cell 2/5: 3000 local iterations then 3000 fine-tuning iterations
12:49:26 | INFO    | pibe.training.trainer |   cell 2 | i=    0 | local  | obj=2.7100e+01 | data=2.6351e+01 | phys=7.4910e-01 | |g|=1.89e+02
12:49:30 | INFO    | pibe.training.trainer |   cell 2 | i=  250 | local  | obj=3.8433e-02 | data=3.3125e-02 | phys=5.3080e-03 | |g|=1.08e+01
12:49:34 | INFO    | pibe.training.trainer |   cell 2 | i=  500 | local  | obj=9.8573e-03 | data=8.6361e-03 | phys=1.2213e-03 | |g|=5.52e+00
12:49:38 | INFO    | pibe.training.trainer |   cell 2 | i=  750 | local  | obj=1.2075e-02 | data=1.0311e-02 | phys=1.7647e-03 | |g|=5.85e+00
12:49:43 | INFO    | pibe.training.trainer |   cell 2 | i= 1000 | local  | obj=6.3041e-03 | data=5.4340e-03 | phys=8.7001e-04 | |g|=3.90e+00
12:49:48 | INFO    | pibe.training.trainer |   cell 2 | i= 1250 | local  | obj=7.2215e-03 | data=5.3547e-03 | phys=1.8668e-03 | |g|=4.22e+00
12:49:53 | INFO    | pibe.training.trainer |   cell 2 | i= 1500 | local  | obj=1.4483e-02 | data=1.4154e-02 | phys=3.2951e-04 | |g|=5.63e+00
12:49:58 | INFO    | pibe.training.trainer |   cell 2 | i= 1750 | local  | obj=4.6174e-03 | data=3.9639e-03 | phys=6.5347e-04 | |g|=3.19e+00
12:50:03 | INFO    | pibe.training.trainer |   cell 2 | i= 2000 | local  | obj=7.6988e-03 | data=6.5982e-03 | phys=1.1006e-03 | |g|=4.38e+00
12:50:07 | INFO    | pibe.training.trainer |   cell 2 | i= 2250 | local  | obj=7.6854e-04 | data=6.0973e-04 | phys=1.5881e-04 | |g|=9.32e-01
12:50:12 | INFO    | pibe.training.trainer |   cell 2 | i= 2500 | local  | obj=2.0092e-04 | data=1.4079e-04 | phys=6.0123e-05 | |g|=5.27e-02
12:50:17 | INFO    | pibe.training.trainer |   cell 2 | i= 2750 | local  | obj=1.8945e-04 | data=1.2142e-04 | phys=6.8034e-05 | |g|=5.67e-02
12:50:21 | INFO    | pibe.training.trainer |   cell 2 | i= 3000 | global | obj=2.1138e-04 | data=1.4454e-04 | phys=6.6846e-05 | |g|=4.90e-01
12:50:26 | INFO    | pibe.training.trainer |   cell 2 | i= 3250 | global | obj=3.3644e-04 | data=1.9270e-04 | phys=1.4374e-04 | |g|=6.75e-01
12:50:31 | INFO    | pibe.training.trainer |   cell 2 | i= 3500 | global | obj=1.2854e-04 | data=9.2971e-05 | phys=3.5569e-05 | |g|=7.11e-02
12:50:36 | INFO    | pibe.training.trainer |   cell 2 | i= 3750 | global | obj=7.4291e-05 | data=4.7934e-05 | phys=2.6357e-05 | |g|=4.21e-02
12:50:41 | INFO    | pibe.training.trainer |   cell 2 | i= 4000 | global | obj=3.1409e-04 | data=2.7200e-04 | phys=4.2084e-05 | |g|=7.70e-01
12:50:46 | INFO    | pibe.training.trainer |   cell 2 | i= 4250 | global | obj=1.4547e-04 | data=1.3009e-04 | phys=1.5378e-05 | |g|=3.92e-01
12:50:50 | INFO    | pibe.training.trainer |   cell 2 | i= 4500 | global | obj=6.2348e-05 | data=4.5839e-05 | phys=1.6509e-05 | |g|=2.21e-02
12:50:55 | INFO    | pibe.training.trainer |   cell 2 | i= 4750 | global | obj=6.0053e-05 | data=4.7259e-05 | phys=1.2793e-05 | |g|=4.31e-02
12:51:00 | INFO    | pibe.training.trainer |   cell 2 | i= 5000 | global | obj=5.7680e-05 | data=5.0399e-05 | phys=7.2808e-06 | |g|=9.88e-02
12:51:05 | INFO    | pibe.training.trainer |   cell 2 | i= 5250 | global | obj=4.1848e-05 | data=3.3111e-05 | phys=8.7369e-06 | |g|=1.81e-02
12:51:09 | INFO    | pibe.training.trainer |   cell 2 | i= 5500 | global | obj=4.5589e-05 | data=3.5784e-05 | phys=9.8048e-06 | |g|=4.74e-02
12:51:14 | INFO    | pibe.training.trainer |   cell 2 | i= 5750 | global | obj=5.0062e-05 | data=4.0286e-05 | phys=9.7762e-06 | |g|=2.97e-02
12:51:18 | INFO    | pibe.training.trainer |   cell 2 | i= 5999 | global | obj=5.8029e-05 | data=4.6968e-05 | phys=1.1060e-05 | |g|=6.19e-03
12:51:18 | INFO    | pibe.training.trainer |   cell 2 done in 113.5s | val local=1.1456e-04 (data=9.0836e-05, phys=2.3720e-05)
12:51:18 | INFO    | pibe.training.trainer | cell 3/5: 3000 local iterations then 3000 fine-tuning iterations
12:51:18 | INFO    | pibe.training.trainer |   cell 3 | i=    0 | local  | obj=9.4844e-01 | data=6.9536e-01 | phys=2.5308e-01 | |g|=4.78e+00
12:51:25 | INFO    | pibe.training.trainer |   cell 3 | i=  250 | local  | obj=7.7889e-04 | data=4.2557e-04 | phys=3.5332e-04 | |g|=2.01e-02
12:51:31 | INFO    | pibe.training.trainer |   cell 3 | i=  500 | local  | obj=6.9143e-04 | data=3.7812e-04 | phys=3.1331e-04 | |g|=2.87e-01
12:51:37 | INFO    | pibe.training.trainer |   cell 3 | i=  750 | local  | obj=1.6913e-03 | data=1.1659e-03 | phys=5.2535e-04 | |g|=8.24e-01
12:51:44 | INFO    | pibe.training.trainer |   cell 3 | i= 1000 | local  | obj=3.5638e-04 | data=2.1016e-04 | phys=1.4621e-04 | |g|=2.07e-01
12:51:50 | INFO    | pibe.training.trainer |   cell 3 | i= 1250 | local  | obj=1.6236e-04 | data=9.4471e-05 | phys=6.7887e-05 | |g|=3.41e-02
12:51:56 | INFO    | pibe.training.trainer |   cell 3 | i= 1500 | local  | obj=1.9756e-04 | data=1.3570e-04 | phys=6.1866e-05 | |g|=1.87e-01
12:52:02 | INFO    | pibe.training.trainer |   cell 3 | i= 1750 | local  | obj=1.3140e-04 | data=8.2923e-05 | phys=4.8481e-05 | |g|=2.29e-02
12:52:08 | INFO    | pibe.training.trainer |   cell 3 | i= 2000 | local  | obj=1.2888e-04 | data=7.0177e-05 | phys=5.8702e-05 | |g|=2.12e-02
12:52:14 | INFO    | pibe.training.trainer |   cell 3 | i= 2250 | local  | obj=1.2341e-04 | data=7.5375e-05 | phys=4.8031e-05 | |g|=2.67e-02
12:52:21 | INFO    | pibe.training.trainer |   cell 3 | i= 2500 | local  | obj=2.2542e-04 | data=1.4637e-04 | phys=7.9047e-05 | |g|=2.77e-01
12:52:27 | INFO    | pibe.training.trainer |   cell 3 | i= 2750 | local  | obj=6.0481e-05 | data=3.7111e-05 | phys=2.3370e-05 | |g|=6.28e-02
12:52:33 | INFO    | pibe.training.trainer |   cell 3 | i= 3000 | global | obj=1.4335e-04 | data=5.5081e-05 | phys=4.5455e-05 | |g|=8.85e-02
12:52:42 | INFO    | pibe.training.trainer |   cell 3 | i= 3250 | global | obj=1.5572e-04 | data=5.9771e-05 | phys=2.7369e-05 | |g|=2.74e-01
12:52:51 | INFO    | pibe.training.trainer |   cell 3 | i= 3500 | global | obj=1.9770e-04 | data=1.0006e-04 | phys=2.5332e-05 | |g|=3.50e-01
12:53:00 | INFO    | pibe.training.trainer |   cell 3 | i= 3750 | global | obj=1.6148e-04 | data=1.2772e-05 | phys=9.9308e-06 | |g|=4.42e-01
12:53:09 | INFO    | pibe.training.trainer |   cell 3 | i= 4000 | global | obj=8.5285e-05 | data=2.5393e-05 | phys=2.0250e-05 | |g|=9.19e-02
12:53:18 | INFO    | pibe.training.trainer |   cell 3 | i= 4250 | global | obj=6.4693e-05 | data=1.3473e-05 | phys=1.1659e-05 | |g|=8.97e-02
12:53:26 | INFO    | pibe.training.trainer |   cell 3 | i= 4500 | global | obj=4.7366e-05 | data=8.8293e-06 | phys=6.2464e-06 | |g|=4.79e-02
12:53:35 | INFO    | pibe.training.trainer |   cell 3 | i= 4750 | global | obj=5.5899e-05 | data=1.0058e-05 | phys=8.2015e-06 | |g|=1.31e-02
12:53:44 | INFO    | pibe.training.trainer |   cell 3 | i= 5000 | global | obj=5.4705e-05 | data=9.1554e-06 | phys=9.3771e-06 | |g|=3.87e-02
12:53:53 | INFO    | pibe.training.trainer |   cell 3 | i= 5250 | global | obj=5.5167e-05 | data=9.3761e-06 | phys=1.0113e-05 | |g|=2.63e-02
12:54:02 | INFO    | pibe.training.trainer |   cell 3 | i= 5500 | global | obj=4.0908e-05 | data=5.4313e-06 | phys=4.3673e-06 | |g|=1.05e-02
12:54:11 | INFO    | pibe.training.trainer |   cell 3 | i= 5750 | global | obj=3.8890e-05 | data=6.4021e-06 | phys=5.7660e-06 | |g|=3.34e-03
12:54:20 | INFO    | pibe.training.trainer |   cell 3 | i= 5999 | global | obj=3.2207e-05 | data=5.1351e-06 | phys=4.1677e-06 | |g|=7.57e-03
12:54:20 | INFO    | pibe.training.trainer |   cell 3 done in 181.8s | val local=3.5527e-05 (data=1.7042e-05, phys=1.8485e-05)
12:54:20 | INFO    | pibe.training.trainer | cell 4/5: 3000 local iterations then 3000 fine-tuning iterations
12:54:20 | INFO    | pibe.training.trainer |   cell 4 | i=    0 | local  | obj=2.1026e+00 | data=1.1500e+00 | phys=9.5260e-01 | |g|=1.97e+01
12:54:28 | INFO    | pibe.training.trainer |   cell 4 | i=  250 | local  | obj=1.7727e-03 | data=1.5879e-03 | phys=1.8477e-04 | |g|=1.85e-01
12:54:36 | INFO    | pibe.training.trainer |   cell 4 | i=  500 | local  | obj=1.1112e-03 | data=6.8958e-04 | phys=4.2164e-04 | |g|=3.65e-01
12:54:43 | INFO    | pibe.training.trainer |   cell 4 | i=  750 | local  | obj=1.9719e-03 | data=1.3884e-03 | phys=5.8343e-04 | |g|=5.44e-01
12:54:51 | INFO    | pibe.training.trainer |   cell 4 | i= 1000 | local  | obj=6.5923e-04 | data=3.5188e-04 | phys=3.0735e-04 | |g|=3.35e-01
12:54:59 | INFO    | pibe.training.trainer |   cell 4 | i= 1250 | local  | obj=2.1967e-04 | data=1.2914e-04 | phys=9.0526e-05 | |g|=1.47e-01
12:55:07 | INFO    | pibe.training.trainer |   cell 4 | i= 1500 | local  | obj=8.1526e-04 | data=1.6311e-04 | phys=6.5215e-04 | |g|=5.71e-01
12:55:14 | INFO    | pibe.training.trainer |   cell 4 | i= 1750 | local  | obj=2.0181e-04 | data=9.6306e-05 | phys=1.0550e-04 | |g|=1.51e-01
12:55:22 | INFO    | pibe.training.trainer |   cell 4 | i= 2000 | local  | obj=1.4580e-04 | data=6.5677e-05 | phys=8.0128e-05 | |g|=1.61e-01
12:55:30 | INFO    | pibe.training.trainer |   cell 4 | i= 2250 | local  | obj=1.2806e-04 | data=5.9794e-05 | phys=6.8269e-05 | |g|=1.44e-01
12:55:37 | INFO    | pibe.training.trainer |   cell 4 | i= 2500 | local  | obj=5.5023e-05 | data=3.4497e-05 | phys=2.0526e-05 | |g|=1.57e-02
12:55:45 | INFO    | pibe.training.trainer |   cell 4 | i= 2750 | local  | obj=5.5244e-05 | data=2.6526e-05 | phys=2.8718e-05 | |g|=3.76e-02
12:55:53 | INFO    | pibe.training.trainer |   cell 4 | i= 3000 | global | obj=7.9950e-05 | data=2.3277e-05 | phys=2.4801e-05 | |g|=7.14e-02
12:56:06 | INFO    | pibe.training.trainer |   cell 4 | i= 3250 | global | obj=4.1269e-04 | data=2.6871e-05 | phys=2.5938e-05 | |g|=3.40e-01
12:56:20 | INFO    | pibe.training.trainer |   cell 4 | i= 3500 | global | obj=1.3305e-04 | data=7.8672e-06 | phys=4.0491e-05 | |g|=1.65e-01
12:56:33 | INFO    | pibe.training.trainer |   cell 4 | i= 3750 | global | obj=1.5290e-04 | data=2.0723e-05 | phys=1.2818e-05 | |g|=1.77e-01
12:56:47 | INFO    | pibe.training.trainer |   cell 4 | i= 4000 | global | obj=8.7175e-05 | data=8.2153e-06 | phys=1.4585e-05 | |g|=1.05e-01
12:57:01 | INFO    | pibe.training.trainer |   cell 4 | i= 4250 | global | obj=7.8997e-05 | data=7.4009e-06 | phys=7.1277e-06 | |g|=8.64e-02
12:57:15 | INFO    | pibe.training.trainer |   cell 4 | i= 4500 | global | obj=6.1289e-05 | data=1.1999e-05 | phys=7.7267e-06 | |g|=5.65e-02
12:57:28 | INFO    | pibe.training.trainer |   cell 4 | i= 4750 | global | obj=4.5821e-05 | data=4.6244e-06 | phys=6.7727e-06 | |g|=4.02e-02
12:57:42 | INFO    | pibe.training.trainer |   cell 4 | i= 5000 | global | obj=6.3309e-05 | data=4.6221e-06 | phys=6.0350e-06 | |g|=2.55e-02
12:57:56 | INFO    | pibe.training.trainer |   cell 4 | i= 5250 | global | obj=4.1586e-05 | data=4.3063e-06 | phys=5.8002e-06 | |g|=2.53e-02
12:58:10 | INFO    | pibe.training.trainer |   cell 4 | i= 5500 | global | obj=3.6056e-05 | data=3.4694e-06 | phys=4.3238e-06 | |g|=1.22e-02
12:58:25 | INFO    | pibe.training.trainer |   cell 4 | i= 5750 | global | obj=4.9103e-05 | data=4.1085e-06 | phys=4.1819e-06 | |g|=5.57e-03
12:58:39 | INFO    | pibe.training.trainer |   cell 4 | i= 5999 | global | obj=4.8444e-05 | data=5.1862e-06 | phys=5.1020e-06 | |g|=1.81e-02
12:58:39 | INFO    | pibe.training.trainer |   cell 4 done in 258.2s | val local=1.4439e-05 (data=7.1133e-06, phys=7.3257e-06)
12:58:39 | INFO    | pibe.training.trainer | cell 5/5: 3000 local iterations then 3000 fine-tuning iterations
12:58:39 | INFO    | pibe.training.trainer |   cell 5 | i=    0 | local  | obj=3.1710e+00 | data=3.0624e-01 | phys=2.8648e+00 | |g|=1.91e+02
12:58:48 | INFO    | pibe.training.trainer |   cell 5 | i=  250 | local  | obj=6.0710e-01 | data=5.7385e-01 | phys=3.3245e-02 | |g|=1.37e+00
12:58:59 | INFO    | pibe.training.trainer |   cell 5 | i=  500 | local  | obj=5.9487e-01 | data=5.5300e-01 | phys=4.1866e-02 | |g|=1.75e-01
12:59:11 | INFO    | pibe.training.trainer |   cell 5 | i=  750 | local  | obj=5.9357e-01 | data=5.4668e-01 | phys=4.6888e-02 | |g|=3.68e-01
12:59:22 | INFO    | pibe.training.trainer |   cell 5 | i= 1000 | local  | obj=5.9818e-01 | data=5.5498e-01 | phys=4.3205e-02 | |g|=9.71e-02
12:59:32 | INFO    | pibe.training.trainer |   cell 5 | i= 1250 | local  | obj=5.9841e-01 | data=5.6076e-01 | phys=3.7649e-02 | |g|=5.53e-01
12:59:42 | INFO    | pibe.training.trainer |   cell 5 | i= 1500 | local  | obj=5.9719e-01 | data=5.5589e-01 | phys=4.1297e-02 | |g|=1.78e-01
12:59:52 | INFO    | pibe.training.trainer |   cell 5 | i= 1750 | local  | obj=5.9714e-01 | data=5.5454e-01 | phys=4.2603e-02 | |g|=8.46e-02
13:00:03 | INFO    | pibe.training.trainer |   cell 5 | i= 2000 | local  | obj=5.9364e-01 | data=5.4977e-01 | phys=4.3870e-02 | |g|=8.83e-02
13:00:15 | INFO    | pibe.training.trainer |   cell 5 | i= 2250 | local  | obj=5.9380e-01 | data=5.5143e-01 | phys=4.2369e-02 | |g|=3.59e-01
13:00:26 | INFO    | pibe.training.trainer |   cell 5 | i= 2500 | local  | obj=5.9809e-01 | data=5.5361e-01 | phys=4.4475e-02 | |g|=1.38e-01
13:00:36 | INFO    | pibe.training.trainer |   cell 5 | i= 2750 | local  | obj=5.9889e-01 | data=5.5449e-01 | phys=4.4407e-02 | |g|=2.13e-01
13:00:46 | INFO    | pibe.training.trainer |   cell 5 | i= 3000 | global | obj=5.9485e-01 | data=5.5123e-01 | phys=4.3593e-02 | |g|=2.21e+01
13:01:05 | INFO    | pibe.training.trainer |   cell 5 | i= 3250 | global | obj=6.0005e-03 | data=3.6180e-04 | phys=4.2227e-03 | |g|=5.92e+00
13:01:25 | INFO    | pibe.training.trainer |   cell 5 | i= 3500 | global | obj=1.0716e-02 | data=1.4031e-03 | phys=1.7875e-03 | |g|=3.83e+00
13:01:46 | INFO    | pibe.training.trainer |   cell 5 | i= 3750 | global | obj=5.0032e-03 | data=1.8052e-04 | phys=3.6666e-03 | |g|=4.19e+00
13:02:05 | INFO    | pibe.training.trainer |   cell 5 | i= 4000 | global | obj=3.8802e-03 | data=1.5351e-04 | phys=2.9283e-03 | |g|=3.79e+00
13:02:27 | INFO    | pibe.training.trainer |   cell 5 | i= 4250 | global | obj=4.9276e-03 | data=4.0517e-04 | phys=2.4896e-03 | |g|=2.93e+00
13:02:47 | INFO    | pibe.training.trainer |   cell 5 | i= 4500 | global | obj=2.4530e-03 | data=7.7590e-05 | phys=1.8403e-03 | |g|=2.93e+00
13:03:07 | INFO    | pibe.training.trainer |   cell 5 | i= 4750 | global | obj=2.1060e-03 | data=9.8699e-05 | phys=1.4604e-03 | |g|=2.52e+00
13:03:25 | INFO    | pibe.training.trainer |   cell 5 | i= 5000 | global | obj=2.2754e-03 | data=2.1463e-04 | phys=1.1768e-03 | |g|=2.53e+00
13:03:43 | INFO    | pibe.training.trainer |   cell 5 | i= 5250 | global | obj=3.0095e-03 | data=4.2397e-04 | phys=1.0857e-03 | |g|=1.90e+00
13:04:01 | INFO    | pibe.training.trainer |   cell 5 | i= 5500 | global | obj=2.0220e-03 | data=4.5428e-05 | phys=1.4641e-03 | |g|=2.50e+00
13:04:21 | INFO    | pibe.training.trainer |   cell 5 | i= 5750 | global | obj=2.2192e-03 | data=1.4747e-04 | phys=1.3025e-03 | |g|=2.18e+00
13:04:43 | INFO    | pibe.training.trainer |   cell 5 | i= 6000 | global | obj=1.4151e-03 | data=1.2904e-04 | phys=8.3841e-04 | |g|=1.98e+00
13:05:02 | INFO    | pibe.training.trainer |   cell 5 | i= 6250 | global | obj=1.8214e-03 | data=4.9337e-05 | phys=1.3534e-03 | |g|=2.47e+00
13:05:20 | INFO    | pibe.training.trainer |   cell 5 | i= 6500 | global | obj=2.0567e-03 | data=2.0040e-04 | phys=1.3169e-03 | |g|=2.53e+00
13:05:39 | INFO    | pibe.training.trainer |   cell 5 | i= 6750 | global | obj=1.1589e-03 | data=1.1502e-04 | phys=6.5905e-04 | |g|=1.68e+00
13:05:57 | INFO    | pibe.training.trainer |   cell 5 | i= 7000 | global | obj=2.0140e-03 | data=3.5113e-04 | phys=4.9751e-04 | |g|=1.09e+00
13:06:15 | INFO    | pibe.training.trainer |   cell 5 | i= 7250 | global | obj=1.2922e-03 | data=5.2962e-05 | phys=7.6793e-04 | |g|=1.73e+00
13:06:33 | INFO    | pibe.training.trainer |   cell 5 | i= 7500 | global | obj=1.0944e-03 | data=1.6960e-05 | phys=7.6304e-04 | |g|=1.76e+00
13:06:52 | INFO    | pibe.training.trainer |   cell 5 | i= 7750 | global | obj=1.1547e-03 | data=1.3373e-04 | phys=1.3136e-04 | |g|=8.90e-01
13:07:10 | INFO    | pibe.training.trainer |   cell 5 | i= 8000 | global | obj=9.5431e-04 | data=3.9514e-05 | phys=6.5268e-04 | |g|=1.67e+00
13:07:28 | INFO    | pibe.training.trainer |   cell 5 | i= 8250 | global | obj=1.0657e-03 | data=3.9144e-05 | phys=6.7583e-04 | |g|=1.65e+00
13:07:47 | INFO    | pibe.training.trainer |   cell 5 | i= 8500 | global | obj=1.6341e-02 | data=1.4418e-03 | phys=4.0798e-03 | |g|=4.83e+00
13:08:07 | INFO    | pibe.training.trainer |   cell 5 | i= 8750 | global | obj=6.5328e-04 | data=2.8197e-05 | phys=3.1113e-04 | |g|=1.15e+00
13:08:26 | INFO    | pibe.training.trainer |   cell 5 | i= 9000 | global | obj=2.0759e-04 | data=1.2014e-05 | phys=1.0704e-05 | |g|=7.27e-02
13:08:44 | INFO    | pibe.training.trainer |   cell 5 | i= 9250 | global | obj=4.5771e-04 | data=1.1353e-05 | phys=2.6226e-04 | |g|=1.08e+00
13:09:01 | INFO    | pibe.training.trainer |   cell 5 | i= 9500 | global | obj=7.0325e-04 | data=1.2399e-05 | phys=3.3137e-04 | |g|=1.04e+00
13:09:19 | INFO    | pibe.training.trainer |   cell 5 | i= 9750 | global | obj=8.3642e-04 | data=1.4057e-05 | phys=4.5968e-04 | |g|=1.40e+00
13:09:37 | INFO    | pibe.training.trainer |   cell 5 | i=10000 | global | obj=8.5441e-04 | data=2.7055e-05 | phys=5.5503e-04 | |g|=1.55e+00
13:09:55 | INFO    | pibe.training.trainer |   cell 5 | i=10250 | global | obj=2.3929e-03 | data=3.0325e-04 | phys=6.6423e-04 | |g|=1.61e+00
13:10:13 | INFO    | pibe.training.trainer |   cell 5 | i=10500 | global | obj=1.7104e-04 | data=5.8036e-06 | phys=1.1244e-05 | |g|=1.12e-01
13:10:31 | INFO    | pibe.training.trainer |   cell 5 | i=10750 | global | obj=1.5017e-04 | data=5.7607e-06 | phys=1.3802e-05 | |g|=8.26e-02
13:10:49 | INFO    | pibe.training.trainer |   cell 5 | i=11000 | global | obj=9.5334e-04 | data=3.7537e-05 | phys=6.8153e-04 | |g|=1.69e+00
13:11:07 | INFO    | pibe.training.trainer |   cell 5 | i=11250 | global | obj=7.3811e-04 | data=1.4901e-05 | phys=4.8765e-04 | |g|=1.44e+00
13:11:24 | INFO    | pibe.training.trainer |   cell 5 | i=11500 | global | obj=1.0061e-03 | data=7.0559e-06 | phys=7.4439e-04 | |g|=1.61e+00
13:11:42 | INFO    | pibe.training.trainer |   cell 5 | i=11750 | global | obj=1.2819e-04 | data=4.1292e-06 | phys=8.8687e-06 | |g|=1.21e-01
13:12:00 | INFO    | pibe.training.trainer |   cell 5 | i=12000 | global | obj=9.9378e-05 | data=3.0683e-06 | phys=4.6949e-06 | |g|=4.55e-02
13:12:18 | INFO    | pibe.training.trainer |   cell 5 | i=12250 | global | obj=1.6163e-04 | data=1.0838e-05 | phys=2.5023e-05 | |g|=1.08e-01
13:12:36 | INFO    | pibe.training.trainer |   cell 5 | i=12500 | global | obj=1.3470e-03 | data=4.9091e-06 | phys=1.0457e-03 | |g|=2.04e+00
13:12:53 | INFO    | pibe.training.trainer |   cell 5 | i=12750 | global | obj=1.0236e-03 | data=2.1582e-05 | phys=7.1520e-04 | |g|=1.76e+00
13:13:11 | INFO    | pibe.training.trainer |   cell 5 | i=13000 | global | obj=8.9376e-04 | data=7.5045e-05 | phys=4.8455e-04 | |g|=1.57e+00
13:13:30 | INFO    | pibe.training.trainer |   cell 5 | i=13250 | global | obj=8.6078e-05 | data=3.2671e-06 | phys=5.0574e-06 | |g|=2.21e-02
13:13:49 | INFO    | pibe.training.trainer |   cell 5 | i=13500 | global | obj=1.0126e-04 | data=3.7205e-06 | phys=8.0071e-06 | |g|=7.49e-02
13:14:06 | INFO    | pibe.training.trainer |   cell 5 | i=13750 | global | obj=1.5281e-04 | data=8.1251e-06 | phys=3.6114e-05 | |g|=2.07e-01
13:14:25 | INFO    | pibe.training.trainer |   cell 5 | i=14000 | global | obj=1.7306e-04 | data=2.9978e-06 | phys=5.8239e-05 | |g|=5.08e-01
13:14:42 | INFO    | pibe.training.trainer |   cell 5 | i=14250 | global | obj=7.3985e-03 | data=7.4868e-04 | phys=7.7960e-04 | |g|=1.95e+00
13:15:01 | INFO    | pibe.training.trainer |   cell 5 | i=14500 | global | obj=1.1388e-04 | data=4.9346e-06 | phys=1.3358e-05 | |g|=1.75e-01
13:15:19 | INFO    | pibe.training.trainer |   cell 5 | i=14750 | global | obj=8.8970e-05 | data=4.5827e-06 | phys=8.7355e-06 | |g|=4.47e-02
13:15:35 | INFO    | pibe.training.trainer |   cell 5 | i=15000 | global | obj=1.0540e-04 | data=3.8858e-06 | phys=7.0166e-06 | |g|=9.77e-02
13:15:51 | INFO    | pibe.training.trainer |   cell 5 | i=15250 | global | obj=7.9201e-03 | data=1.6862e-03 | phys=4.3084e-03 | |g|=3.01e+00
13:16:09 | INFO    | pibe.training.trainer |   cell 5 | i=15500 | global | obj=8.9885e-05 | data=2.4554e-06 | phys=4.2988e-06 | |g|=7.46e-02
13:16:26 | INFO    | pibe.training.trainer |   cell 5 | i=15750 | global | obj=1.1320e-04 | data=4.6422e-06 | phys=1.1758e-05 | |g|=1.86e-01
13:16:43 | INFO    | pibe.training.trainer |   cell 5 | i=16000 | global | obj=2.0725e-04 | data=6.1682e-06 | phys=8.5353e-05 | |g|=6.13e-01
13:17:00 | INFO    | pibe.training.trainer |   cell 5 | i=16250 | global | obj=2.0879e-03 | data=1.5195e-04 | phys=1.3791e-03 | |g|=2.43e+00
13:17:17 | INFO    | pibe.training.trainer |   cell 5 | i=16500 | global | obj=7.8051e-04 | data=5.3186e-06 | phys=5.7816e-04 | |g|=1.55e+00
13:17:34 | INFO    | pibe.training.trainer |   cell 5 | i=16750 | global | obj=9.5419e-04 | data=1.5490e-04 | phys=8.5601e-05 | |g|=7.08e-01
13:17:51 | INFO    | pibe.training.trainer |   cell 5 | i=17000 | global | obj=7.3481e-05 | data=2.4080e-06 | phys=5.8401e-06 | |g|=1.21e-01
13:18:09 | INFO    | pibe.training.trainer |   cell 5 | i=17250 | global | obj=6.8518e-05 | data=2.8191e-06 | phys=3.6488e-06 | |g|=3.35e-02
13:18:26 | INFO    | pibe.training.trainer |   cell 5 | i=17500 | global | obj=7.9745e-05 | data=2.2239e-06 | phys=4.0435e-06 | |g|=9.64e-02
13:18:43 | INFO    | pibe.training.trainer |   cell 5 | i=17750 | global | obj=2.3943e-04 | data=7.7838e-06 | phys=1.2220e-04 | |g|=6.84e-01
13:19:00 | INFO    | pibe.training.trainer |   cell 5 | i=18000 | global | obj=1.1146e-04 | data=4.4894e-06 | phys=1.5020e-05 | |g|=1.62e-01
13:19:17 | INFO    | pibe.training.trainer |   cell 5 | i=18250 | global | obj=1.3052e-04 | data=2.4840e-06 | phys=5.2542e-05 | |g|=4.41e-01
13:19:36 | INFO    | pibe.training.trainer |   cell 5 | i=18500 | global | obj=1.8779e-04 | data=6.3663e-06 | phys=8.9739e-05 | |g|=6.31e-01
13:19:54 | INFO    | pibe.training.trainer |   cell 5 | i=18750 | global | obj=6.7137e-05 | data=2.4536e-06 | phys=3.2880e-06 | |g|=4.58e-02
13:20:11 | INFO    | pibe.training.trainer |   cell 5 | i=19000 | global | obj=8.8298e-05 | data=2.6845e-06 | phys=1.7009e-05 | |g|=1.44e-01
13:20:28 | INFO    | pibe.training.trainer |   cell 5 | i=19250 | global | obj=4.2035e-04 | data=1.2689e-05 | phys=2.4076e-04 | |g|=9.84e-01
13:20:45 | INFO    | pibe.training.trainer |   cell 5 | i=19500 | global | obj=1.9042e-04 | data=6.0025e-06 | phys=1.0489e-04 | |g|=4.19e-01
13:21:03 | INFO    | pibe.training.trainer |   cell 5 | i=19750 | global | obj=8.4543e-05 | data=6.0679e-06 | phys=1.6951e-05 | |g|=2.70e-01
13:21:20 | INFO    | pibe.training.trainer |   cell 5 | i=20000 | global | obj=2.4766e-04 | data=8.2792e-06 | phys=1.5408e-04 | |g|=7.87e-01
13:21:37 | INFO    | pibe.training.trainer |   cell 5 | i=20250 | global | obj=1.4935e-04 | data=3.3680e-06 | phys=6.6221e-05 | |g|=5.30e-01
13:21:54 | INFO    | pibe.training.trainer |   cell 5 | i=20500 | global | obj=1.1544e-04 | data=1.2091e-05 | phys=3.1475e-05 | |g|=1.47e-01
13:22:11 | INFO    | pibe.training.trainer |   cell 5 | i=20750 | global | obj=3.0062e-04 | data=1.1415e-05 | phys=1.6310e-04 | |g|=7.88e-01
13:22:28 | INFO    | pibe.training.trainer |   cell 5 | i=21000 | global | obj=6.5061e-05 | data=3.2752e-06 | phys=6.4258e-06 | |g|=1.57e-01
13:22:45 | INFO    | pibe.training.trainer |   cell 5 | i=21250 | global | obj=6.4062e-05 | data=1.8616e-06 | phys=3.9948e-06 | |g|=2.63e-02
13:23:03 | INFO    | pibe.training.trainer |   cell 5 | i=21500 | global | obj=5.9159e-05 | data=1.6664e-06 | phys=7.0988e-06 | |g|=1.53e-01
13:23:20 | INFO    | pibe.training.trainer |   cell 5 | i=21750 | global | obj=5.3348e-05 | data=1.4788e-06 | phys=2.5828e-06 | |g|=3.74e-02
13:23:38 | INFO    | pibe.training.trainer |   cell 5 | i=22000 | global | obj=5.9863e-05 | data=2.0658e-06 | phys=6.4095e-06 | |g|=6.24e-02
13:23:55 | INFO    | pibe.training.trainer |   cell 5 | i=22250 | global | obj=6.4426e-05 | data=1.7159e-06 | phys=4.9720e-06 | |g|=5.46e-02
13:24:12 | INFO    | pibe.training.trainer |   cell 5 | i=22500 | global | obj=1.0565e-04 | data=3.2733e-06 | phys=3.2697e-05 | |g|=3.27e-01
13:24:30 | INFO    | pibe.training.trainer |   cell 5 | i=22750 | global | obj=9.6326e-05 | data=2.2086e-06 | phys=2.7255e-05 | |g|=2.46e-01
13:24:48 | INFO    | pibe.training.trainer |   cell 5 | i=23000 | global | obj=7.6059e-05 | data=2.5333e-06 | phys=1.2418e-05 | |g|=1.26e-01
13:25:05 | INFO    | pibe.training.trainer |   cell 5 | i=23250 | global | obj=5.9003e-05 | data=4.3983e-06 | phys=5.4790e-06 | |g|=1.28e-01
13:25:22 | INFO    | pibe.training.trainer |   cell 5 | i=23500 | global | obj=7.4671e-05 | data=5.2344e-06 | phys=6.9500e-06 | |g|=7.90e-02
13:25:39 | INFO    | pibe.training.trainer |   cell 5 | i=23750 | global | obj=6.6388e-05 | data=1.6985e-06 | phys=7.1320e-06 | |g|=1.22e-01
13:25:56 | INFO    | pibe.training.trainer |   cell 5 | i=24000 | global | obj=5.1768e-05 | data=1.6869e-06 | phys=1.8112e-06 | |g|=4.63e-02
13:26:13 | INFO    | pibe.training.trainer |   cell 5 | i=24250 | global | obj=5.6365e-05 | data=1.5346e-06 | phys=1.9106e-06 | |g|=1.85e-02
13:26:30 | INFO    | pibe.training.trainer |   cell 5 | i=24500 | global | obj=5.4416e-05 | data=1.3561e-06 | phys=1.9648e-06 | |g|=1.43e-02
13:26:47 | INFO    | pibe.training.trainer |   cell 5 | i=24750 | global | obj=7.1995e-05 | data=2.4710e-06 | phys=4.1826e-06 | |g|=8.30e-02
13:27:05 | INFO    | pibe.training.trainer |   cell 5 | i=25000 | global | obj=4.0345e-05 | data=1.0536e-06 | phys=2.8362e-06 | |g|=6.84e-02
13:27:22 | INFO    | pibe.training.trainer |   cell 5 | i=25250 | global | obj=6.3715e-05 | data=1.9683e-06 | phys=5.6023e-06 | |g|=1.31e-01
13:27:39 | INFO    | pibe.training.trainer |   cell 5 | i=25500 | global | obj=5.9754e-05 | data=1.2781e-06 | phys=1.9355e-05 | |g|=2.69e-01
13:27:57 | INFO    | pibe.training.trainer |   cell 5 | i=25750 | global | obj=6.0733e-05 | data=1.5332e-06 | phys=4.0105e-06 | |g|=6.90e-02
13:28:15 | INFO    | pibe.training.trainer |   cell 5 | i=26000 | global | obj=5.4508e-05 | data=1.5840e-06 | phys=2.1437e-06 | |g|=3.55e-02
13:28:33 | INFO    | pibe.training.trainer |   cell 5 | i=26250 | global | obj=4.5686e-05 | data=1.3396e-06 | phys=1.9110e-06 | |g|=4.61e-02
13:28:51 | INFO    | pibe.training.trainer |   cell 5 | i=26500 | global | obj=5.6906e-05 | data=2.0587e-06 | phys=5.4811e-06 | |g|=1.42e-01
13:29:10 | INFO    | pibe.training.trainer |   cell 5 | i=26750 | global | obj=6.4406e-05 | data=1.4160e-06 | phys=1.3534e-05 | |g|=2.28e-01
13:29:28 | INFO    | pibe.training.trainer |   cell 5 | i=27000 | global | obj=5.3054e-05 | data=1.1354e-06 | phys=3.2761e-06 | |g|=8.34e-02
13:29:47 | INFO    | pibe.training.trainer |   cell 5 | i=27250 | global | obj=4.2105e-05 | data=1.3853e-06 | phys=2.2614e-06 | |g|=2.03e-02
13:30:05 | INFO    | pibe.training.trainer |   cell 5 | i=27500 | global | obj=4.0816e-05 | data=1.0066e-06 | phys=2.6381e-06 | |g|=6.19e-02
13:30:24 | INFO    | pibe.training.trainer |   cell 5 | i=27750 | global | obj=5.0278e-05 | data=2.0882e-06 | phys=6.7145e-06 | |g|=1.66e-01
13:30:42 | INFO    | pibe.training.trainer |   cell 5 | i=28000 | global | obj=3.9226e-05 | data=8.6094e-07 | phys=1.7163e-06 | |g|=2.89e-02
13:31:00 | INFO    | pibe.training.trainer |   cell 5 | i=28250 | global | obj=3.8692e-05 | data=1.1806e-06 | phys=1.3881e-06 | |g|=3.76e-02
13:31:18 | INFO    | pibe.training.trainer |   cell 5 | i=28500 | global | obj=4.2646e-05 | data=1.1232e-06 | phys=2.3034e-06 | |g|=5.69e-02
13:31:37 | INFO    | pibe.training.trainer |   cell 5 | i=28750 | global | obj=4.7926e-05 | data=1.2727e-06 | phys=1.7771e-06 | |g|=5.33e-02
13:31:55 | INFO    | pibe.training.trainer |   cell 5 | i=29000 | global | obj=5.0695e-05 | data=1.2381e-06 | phys=2.4131e-06 | |g|=7.18e-02
13:32:14 | INFO    | pibe.training.trainer |   cell 5 | i=29250 | global | obj=3.8977e-05 | data=1.0142e-06 | phys=1.5974e-06 | |g|=4.57e-02
13:32:32 | INFO    | pibe.training.trainer |   cell 5 | i=29500 | global | obj=4.7186e-05 | data=1.3411e-06 | phys=2.1528e-06 | |g|=6.20e-02
13:32:50 | INFO    | pibe.training.trainer |   cell 5 | i=29750 | global | obj=3.7416e-05 | data=1.0430e-06 | phys=1.2020e-06 | |g|=1.76e-02
13:33:09 | INFO    | pibe.training.trainer |   cell 5 | i=30000 | global | obj=5.2704e-05 | data=1.6724e-06 | phys=2.1674e-06 | |g|=4.27e-02
13:33:27 | INFO    | pibe.training.trainer |   cell 5 | i=30250 | global | obj=4.8447e-05 | data=1.2786e-06 | phys=1.4913e-06 | |g|=2.00e-02
13:33:45 | INFO    | pibe.training.trainer |   cell 5 | i=30500 | global | obj=4.9186e-05 | data=1.2337e-06 | phys=3.8002e-06 | |g|=8.60e-02
13:34:03 | INFO    | pibe.training.trainer |   cell 5 | i=30750 | global | obj=4.9160e-05 | data=1.3192e-06 | phys=1.8820e-06 | |g|=4.17e-02
13:34:22 | INFO    | pibe.training.trainer |   cell 5 | i=31000 | global | obj=4.7558e-05 | data=1.2329e-06 | phys=1.1616e-06 | |g|=1.35e-02
13:34:41 | INFO    | pibe.training.trainer |   cell 5 | i=31250 | global | obj=4.0177e-05 | data=1.1269e-06 | phys=1.2506e-06 | |g|=2.84e-02
13:34:59 | INFO    | pibe.training.trainer |   cell 5 | i=31500 | global | obj=4.7859e-05 | data=1.3778e-06 | phys=1.5387e-06 | |g|=3.75e-02
13:35:18 | INFO    | pibe.training.trainer |   cell 5 | i=31750 | global | obj=3.7072e-05 | data=9.8865e-07 | phys=8.1350e-07 | |g|=1.28e-02
13:35:36 | INFO    | pibe.training.trainer |   cell 5 | i=32000 | global | obj=3.8976e-05 | data=1.3105e-06 | phys=1.1913e-06 | |g|=1.92e-02
13:35:54 | INFO    | pibe.training.trainer |   cell 5 | i=32250 | global | obj=4.5875e-05 | data=1.1845e-06 | phys=1.2575e-06 | |g|=1.56e-02
13:36:13 | INFO    | pibe.training.trainer |   cell 5 | i=32500 | global | obj=4.0644e-05 | data=9.6583e-07 | phys=9.4898e-07 | |g|=7.50e-03
13:36:31 | INFO    | pibe.training.trainer |   cell 5 | i=32750 | global | obj=4.2597e-05 | data=1.2458e-06 | phys=1.1649e-06 | |g|=1.45e-02
13:36:49 | INFO    | pibe.training.trainer |   cell 5 | i=33000 | global | obj=4.5563e-05 | data=1.2391e-06 | phys=1.0313e-06 | |g|=6.34e-03
13:37:08 | INFO    | pibe.training.trainer |   cell 5 | i=33250 | global | obj=4.5162e-05 | data=1.0662e-06 | phys=9.4125e-07 | |g|=1.19e-02
13:37:26 | INFO    | pibe.training.trainer |   cell 5 | i=33500 | global | obj=4.2470e-05 | data=1.1315e-06 | phys=8.6351e-07 | |g|=4.13e-03
13:37:44 | INFO    | pibe.training.trainer |   cell 5 | i=33750 | global | obj=5.0863e-05 | data=1.1559e-06 | phys=1.1852e-06 | |g|=5.37e-03
13:38:03 | INFO    | pibe.training.trainer |   cell 5 | i=34000 | global | obj=4.5342e-05 | data=8.9922e-07 | phys=8.8420e-07 | |g|=8.93e-03
13:38:21 | INFO    | pibe.training.trainer |   cell 5 | i=34250 | global | obj=4.3532e-05 | data=1.2660e-06 | phys=9.0969e-07 | |g|=5.80e-03
13:38:39 | INFO    | pibe.training.trainer |   cell 5 | i=34500 | global | obj=3.8432e-05 | data=8.2638e-07 | phys=7.1438e-07 | |g|=9.99e-03
13:38:57 | INFO    | pibe.training.trainer |   cell 5 | i=34750 | global | obj=3.6899e-05 | data=1.0055e-06 | phys=8.3550e-07 | |g|=8.33e-03
13:39:16 | INFO    | pibe.training.trainer |   cell 5 | i=35000 | global | obj=5.3894e-05 | data=1.3306e-06 | phys=1.1366e-06 | |g|=6.59e-03
13:39:34 | INFO    | pibe.training.trainer |   cell 5 | i=35250 | global | obj=3.7658e-05 | data=7.9190e-07 | phys=8.0726e-07 | |g|=3.61e-03
13:39:52 | INFO    | pibe.training.trainer |   cell 5 | i=35500 | global | obj=3.9237e-05 | data=1.1761e-06 | phys=9.9748e-07 | |g|=2.45e-03
13:40:11 | INFO    | pibe.training.trainer |   cell 5 | i=35750 | global | obj=4.1609e-05 | data=1.1322e-06 | phys=9.1356e-07 | |g|=3.17e-03
13:40:29 | INFO    | pibe.training.trainer |   cell 5 | i=35999 | global | obj=4.5438e-05 | data=1.2999e-06 | phys=1.0828e-06 | |g|=4.80e-03
13:40:29 | INFO    | pibe.training.trainer |   cell 5 done in 2510.5s | val local=9.6900e-06 (data=3.0692e-06, phys=6.6208e-06)
13:40:29 | INFO    | train_pibe         | train metrics:
state errors (L2 / sup):
  x_1: 4.9722e-03 / 7.2072e-02
  x_2: 1.7808e-01 / 5.5337e-01
  x_3: 4.1397e-01 / 6.6666e-01
  x_4: 4.2310e-01 / 7.6518e-01
parameter errors (|err| / spread):
  theta_1: 1.5218e-01 / 1.5995e-02
  theta_2: 2.6362e-01 / 6.8923e-03
  theta_3: 3.9941e-01 / 6.6739e-03
disturbance: L2=5.1572e-02, sup=1.1395e-01
output fit: L2=5.3876e-03
13:40:29 | INFO    | train_pibe         | val metrics:
state errors (L2 / sup):
  x_1: 6.5562e-03 / 7.0942e-02
  x_2: 1.6821e-01 / 4.9033e-01
  x_3: 4.1066e-01 / 6.9081e-01
  x_4: 4.2536e-01 / 7.8783e-01
parameter errors (|err| / spread):
  theta_1: 1.4431e-01 / 2.2206e-02
  theta_2: 2.6066e-01 / 8.7512e-03
  theta_3: 3.9765e-01 / 8.3362e-03
disturbance: L2=5.2574e-02, sup=1.1262e-01
output fit: L2=6.9492e-03
13:40:32 | INFO    | train_pibe         | oracle comparison (train):
 cell |   L_Loc @ truth | L_Loc @ trained | winner
------------------------------------------------------------
    2 |      3.8952e-06 |      4.7626e-05 | truth
    3 |      1.0635e-35 |      1.7917e-05 | truth
    4 |      8.4723e-36 |      4.3633e-06 | truth
    5 |      1.9016e-34 |      2.1107e-06 | truth
------------------------------------------------------------
L_Tot @ truth   : 2.1377e-06
L_Tot @ trained : 4.3831e-05
noise floor     : 3.8933e-06 (the cell-2 data term cannot honestly go below this)

verdict: optimization failure: the true solution attains a lower objective than training reached, so it is representable and preferred but was not found. Lengthen end-to-end fine-tuning (lower N_par / raise lr_global) and check that no head is pinned to the boundary of its admissible box.
13:40:32 | INFO    | train_pibe         | artifacts written to outputs/n4v3_s0
