15:39:30 | INFO    | train_pibe         | experiment:
system            : automatica_n3v2(n=3) on cpu (torch.float64)
true theta        : [0.23502650090327654, 0.10390993219989397]
disturbance       : independent a per trajectory
basis             : FourierBasis(q=3, H=2, omega=0.628319, horizon=[0, 20], periods=2)
  lambda_min(W)   : 1.0000e+01   (Eq. 3, must be > 0)
  eps_(d,q)       : 0.0000e+00
noise             : TruncatedGaussianNoise(sigma=0.002, bound=0.006)
data              : TrajectoryData(P=2048, N=201, n=3, horizon=[0, 20])
  train / val     : 1638 / 410
  data fill h_d   : 5.0000e-02
  coll fill h_r   : 2.5000e-02
bank              : cells 2..4, 2216458 parameters
estimator         : PIBE (Algorithm 1)
15:39:32 | INFO    | train_pibe         | disturbance observability  (sigma = 0.002, N = 201)
  i |       gain |    settled |  signature |     SNR |  eff SNR |
----------------------------------------------------------------------------
  1 |  3.040e-01 |  3.066e-01 |  5.519e-02 |   27.60 |   391.23 |
  2 |  2.835e-01 |  3.036e-01 |  5.465e-02 |   27.33 |   387.40 |
  3 |  1.472e-01 |  1.395e-01 |  1.674e-02 |    8.37 |   118.69 |

every basis function is observable above the noise floor.
15:39:32 | INFO    | pibe.training.trainer | cell 2/4: 8000 local iterations then 12000 fine-tuning iterations
15:39:36 | INFO    | pibe.training.trainer |   cell 2 | i=    0 | local  | obj=1.0985e+01 | data=9.8127e+00 | phys=1.1721e+00 | |g|=1.99e+02
15:50:08 | INFO    | pibe.training.trainer |   cell 2 | i= 2000 | local  | obj=2.1807e-02 | data=1.1788e-02 | phys=1.0019e-02 | |g|=4.33e+00
16:00:50 | INFO    | pibe.training.trainer |   cell 2 | i= 4000 | local  | obj=1.9535e-03 | data=1.4844e-03 | phys=4.6907e-04 | |g|=1.07e+00
16:11:28 | INFO    | pibe.training.trainer |   cell 2 | i= 6000 | local  | obj=4.4698e-04 | data=3.4614e-04 | phys=1.0084e-04 | |g|=3.93e-02
16:22:09 | INFO    | pibe.training.trainer |   cell 2 | i= 8000 | global | obj=4.0929e-04 | data=2.8351e-04 | phys=1.2578e-04 | |g|=3.21e-01
16:32:53 | INFO    | pibe.training.trainer |   cell 2 | i=10000 | global | obj=1.7153e-04 | data=1.3546e-04 | phys=3.6066e-05 | |g|=9.03e-02
16:43:38 | INFO    | pibe.training.trainer |   cell 2 | i=12000 | global | obj=1.0867e-04 | data=6.9927e-05 | phys=3.8747e-05 | |g|=8.64e-02
16:54:09 | INFO    | pibe.training.trainer |   cell 2 | i=14000 | global | obj=1.5482e-04 | data=1.2505e-04 | phys=2.9777e-05 | |g|=8.72e-02
17:04:48 | INFO    | pibe.training.trainer |   cell 2 | i=16000 | global | obj=1.4601e-04 | data=1.1849e-04 | phys=2.7520e-05 | |g|=1.74e-02
17:15:27 | INFO    | pibe.training.trainer |   cell 2 | i=18000 | global | obj=1.0853e-04 | data=8.5413e-05 | phys=2.3113e-05 | |g|=1.42e-02
17:26:02 | INFO    | pibe.training.trainer |   cell 2 | i=19999 | global | obj=1.4179e-04 | data=1.1603e-04 | phys=2.5763e-05 | |g|=1.58e-03
17:26:04 | INFO    | pibe.training.trainer |   cell 2 done in 6390.0s | val local=1.1016e-04 (data=8.8737e-05, phys=2.1423e-05)
17:26:04 | INFO    | pibe.training.trainer | cell 3/4: 8000 local iterations then 12000 fine-tuning iterations
17:26:04 | INFO    | pibe.training.trainer |   cell 3 | i=    0 | local  | obj=4.0329e-01 | data=1.5322e-01 | phys=2.5007e-01 | |g|=1.63e+01
17:38:51 | INFO    | pibe.training.trainer |   cell 3 | i= 2000 | local  | obj=1.9908e-04 | data=1.4983e-04 | phys=4.9250e-05 | |g|=3.28e-02
17:51:33 | INFO    | pibe.training.trainer |   cell 3 | i= 4000 | local  | obj=1.0236e-03 | data=9.1977e-04 | phys=1.0383e-04 | |g|=2.03e-01
18:04:17 | INFO    | pibe.training.trainer |   cell 3 | i= 6000 | local  | obj=2.3202e-04 | data=1.5826e-04 | phys=7.3755e-05 | |g|=1.05e-01
18:17:02 | INFO    | pibe.training.trainer |   cell 3 | i= 8000 | global | obj=2.2096e-04 | data=6.1493e-05 | phys=3.5694e-05 | |g|=1.34e-01
18:38:46 | INFO    | pibe.training.trainer |   cell 3 | i=10000 | global | obj=1.5770e-04 | data=2.3775e-05 | phys=2.2356e-05 | |g|=1.42e-01
19:00:29 | INFO    | pibe.training.trainer |   cell 3 | i=12000 | global | obj=4.6061e-05 | data=3.0518e-06 | phys=2.4322e-06 | |g|=2.95e-02
19:22:06 | INFO    | pibe.training.trainer |   cell 3 | i=14000 | global | obj=7.2256e-05 | data=2.7058e-06 | phys=2.3275e-06 | |g|=1.22e-01
19:43:54 | INFO    | pibe.training.trainer |   cell 3 | i=16000 | global | obj=9.1145e-05 | data=2.8107e-06 | phys=2.4584e-06 | |g|=4.63e-02
20:05:40 | INFO    | pibe.training.trainer |   cell 3 | i=18000 | global | obj=8.1893e-05 | data=1.5114e-06 | phys=1.3133e-06 | |g|=1.69e-02
20:27:29 | INFO    | pibe.training.trainer |   cell 3 | i=19999 | global | obj=6.2867e-05 | data=2.2251e-06 | phys=1.6728e-06 | |g|=2.14e-03
20:27:32 | INFO    | pibe.training.trainer |   cell 3 done in 10885.2s | val local=3.7641e-06 (data=2.2656e-06, phys=1.4985e-06)
20:27:32 | INFO    | pibe.training.trainer | cell 4/4: 8000 local iterations then 12000 fine-tuning iterations
20:27:33 | INFO    | pibe.training.trainer |   cell 4 | i=    0 | local  | obj=1.2529e+01 | data=1.3298e+00 | phys=1.1199e+01 | |g|=3.20e+02
20:43:01 | INFO    | pibe.training.trainer |   cell 4 | i= 2000 | local  | obj=3.6905e-02 | data=3.1972e-02 | phys=4.9326e-03 | |g|=7.48e-02
20:58:43 | INFO    | pibe.training.trainer |   cell 4 | i= 4000 | local  | obj=3.4550e-02 | data=2.9603e-02 | phys=4.9464e-03 | |g|=6.89e-02
21:14:18 | INFO    | pibe.training.trainer |   cell 4 | i= 6000 | local  | obj=3.4751e-02 | data=3.0497e-02 | phys=4.2544e-03 | |g|=1.37e-01
21:29:42 | INFO    | pibe.training.trainer |   cell 4 | i= 8000 | global | obj=3.4021e-02 | data=2.9825e-02 | phys=4.1067e-03 | |g|=2.85e+00
22:02:05 | INFO    | pibe.training.trainer |   cell 4 | i=10000 | global | obj=4.9171e-04 | data=4.3462e-05 | phys=2.3291e-04 | |g|=9.69e-01
22:34:50 | INFO    | pibe.training.trainer |   cell 4 | i=12000 | global | obj=1.0083e-04 | data=1.0003e-05 | phys=3.0865e-05 | |g|=3.45e-01
23:07:28 | INFO    | pibe.training.trainer |   cell 4 | i=14000 | global | obj=6.2522e-05 | data=1.0241e-05 | phys=1.6983e-05 | |g|=2.94e-01
23:40:15 | INFO    | pibe.training.trainer |   cell 4 | i=16000 | global | obj=1.1959e-04 | data=4.8905e-06 | phys=6.9346e-05 | |g|=6.00e-01
00:13:06 | INFO    | pibe.training.trainer |   cell 4 | i=18000 | global | obj=2.9098e-05 | data=3.1841e-06 | phys=5.8117e-06 | |g|=3.80e-02
00:46:01 | INFO    | pibe.training.trainer |   cell 4 | i=20000 | global | obj=3.0347e-05 | data=3.0634e-06 | phys=5.4446e-06 | |g|=3.92e-02
01:18:59 | INFO    | pibe.training.trainer |   cell 4 | i=22000 | global | obj=2.2847e-05 | data=1.9249e-06 | phys=4.8888e-06 | |g|=8.86e-02
01:51:58 | INFO    | pibe.training.trainer |   cell 4 | i=24000 | global | obj=4.2202e-05 | data=6.2823e-06 | phys=1.8601e-05 | |g|=3.27e-01
02:24:55 | INFO    | pibe.training.trainer |   cell 4 | i=26000 | global | obj=2.8663e-05 | data=2.0941e-06 | phys=9.2977e-06 | |g|=9.97e-02
02:57:49 | INFO    | pibe.training.trainer |   cell 4 | i=28000 | global | obj=1.3537e-05 | data=1.0368e-06 | phys=2.8344e-06 | |g|=1.87e-02
03:30:37 | INFO    | pibe.training.trainer |   cell 4 | i=30000 | global | obj=1.6020e-05 | data=1.4741e-06 | phys=4.4072e-06 | |g|=5.52e-02
04:03:29 | INFO    | pibe.training.trainer |   cell 4 | i=32000 | global | obj=1.3806e-05 | data=1.3812e-06 | phys=3.1294e-06 | |g|=3.65e-02
04:36:28 | INFO    | pibe.training.trainer |   cell 4 | i=34000 | global | obj=1.0970e-05 | data=5.9993e-07 | phys=3.1899e-06 | |g|=5.84e-02
05:09:29 | INFO    | pibe.training.trainer |   cell 4 | i=36000 | global | obj=1.1386e-05 | data=6.9292e-07 | phys=3.1428e-06 | |g|=4.55e-02
05:42:26 | INFO    | pibe.training.trainer |   cell 4 | i=38000 | global | obj=1.2354e-05 | data=7.9513e-07 | phys=4.3163e-06 | |g|=1.02e-01
06:13:48 | INFO    | pibe.training.trainer |   cell 4 | i=40000 | global | obj=9.9540e-06 | data=6.4681e-07 | phys=3.1848e-06 | |g|=7.23e-02
06:44:39 | INFO    | pibe.training.trainer |   cell 4 | i=42000 | global | obj=7.3367e-06 | data=5.1938e-07 | phys=1.2657e-06 | |g|=6.67e-03
07:15:30 | INFO    | pibe.training.trainer |   cell 4 | i=44000 | global | obj=7.7318e-06 | data=4.2042e-07 | phys=1.3036e-06 | |g|=1.63e-02
07:46:21 | INFO    | pibe.training.trainer |   cell 4 | i=46000 | global | obj=8.1337e-06 | data=4.9397e-07 | phys=1.2115e-06 | |g|=6.66e-03
08:17:11 | INFO    | pibe.training.trainer |   cell 4 | i=48000 | global | obj=6.2775e-06 | data=3.6430e-07 | phys=7.9984e-07 | |g|=7.74e-03
08:47:53 | INFO    | pibe.training.trainer |   cell 4 | i=49999 | global | obj=7.0701e-06 | data=4.3478e-07 | phys=1.1683e-06 | |g|=3.10e-03
08:47:58 | INFO    | pibe.training.trainer |   cell 4 done in 44421.2s | val local=1.7482e-06 (data=4.3868e-07, phys=1.3095e-06)
08:48:11 | INFO    | train_pibe         | train metrics:
state errors (L2 / sup):
  x_1: 1.6778e-03 / 2.8936e-02
  x_2: 1.5840e-02 / 1.7151e-01
  x_3: 2.5420e-02 / 4.4964e-01
parameter errors (|err| / spread):
  theta_1: 8.7602e-03 / 1.0159e-02
  theta_2: 7.7278e-03 / 8.9228e-03
disturbance: L2=7.2704e-03, sup=4.0846e-02
output fit: L2=2.6063e-03
08:48:13 | INFO    | train_pibe         | val metrics:
state errors (L2 / sup):
  x_1: 1.6302e-03 / 2.6578e-02
  x_2: 1.5552e-02 / 1.6769e-01
  x_3: 2.4514e-02 / 4.4470e-01
parameter errors (|err| / spread):
  theta_1: 8.7624e-03 / 1.0363e-02
  theta_2: 7.7166e-03 / 9.0844e-03
disturbance: L2=7.2972e-03, sup=3.6085e-02
output fit: L2=2.5789e-03
08:49:01 | INFO    | train_pibe         | oracle comparison (train):
 cell |   L_Loc @ truth | L_Loc @ trained | winner
------------------------------------------------------------
    2 |      3.9018e-06 |      8.3137e-06 | truth
    3 |      8.6450e-36 |      8.3241e-07 | truth
    4 |      2.5698e-35 |      1.5251e-06 | truth
------------------------------------------------------------
L_Tot @ truth   : 2.3665e-06
L_Tot @ trained : 7.2159e-06
noise floor     : 3.8933e-06 (the cell-2 data term cannot honestly go below this)

verdict: optimization failure: the true solution attains a lower objective than training reached, so it is representable and preferred but was not found. Lengthen end-to-end fine-tuning (lower N_par / raise lr_global) and check that no head is pinned to the boundary of its admissible box.
08:49:04 | INFO    | pibe.eval.figures  | wrote outputs/big_w10_v2_s1/figures/states.png
08:49:05 | INFO    | pibe.eval.figures  | wrote outputs/big_w10_v2_s1/figures/disturbance.png
08:49:05 | INFO    | matplotlib.mathtext | Substituting symbol A from STIXNonUnicode
08:49:05 | INFO    | pibe.eval.figures  | wrote outputs/big_w10_v2_s1/figures/parameters.png
08:49:05 | INFO    | pibe.eval.figures  | wrote outputs/big_w10_v2_s1/figures/errors.png
08:49:05 | INFO    | train_pibe         | figures: states.png, disturbance.png, parameters.png, errors.png
08:49:05 | INFO    | train_pibe         | artifacts written to outputs/big_w10_v2_s1
