15:33:06 | INFO    | train_pibe         | experiment:
system            : automatica_n4(n=4) on cpu (torch.float64)
true theta        : [0.23502650090327654, 0.10390993219989397, -0.020308528436274564]
basis             : FourierBasis(q=4, H=2, omega=1.25664, horizon=[0, 20], periods=4)
  lambda_min(W)   : 1.0000e+01   (Eq. 3, must be > 0)
  eps_(d,q)       : 0.0000e+00
noise             : TruncatedGaussianNoise(sigma=0.01, bound=0.03)
data              : TrajectoryData(P=64, N=201, n=4, horizon=[0, 20])
  train / val     : 51 / 13
  data fill h_d   : 5.0000e-02
  coll fill h_r   : 2.5000e-02
bank              : cells 2..5, 409102 parameters
15:33:06 | INFO    | pibe.training.trainer | cell 2/5: 4500 local iterations then 1500 fine-tuning iterations
15:33:07 | INFO    | pibe.training.trainer |   cell 2 | i=    0 | local  | obj=1.2269e+01 | data=1.1876e+01 | phys=3.9268e-01 | |g|=7.56e+02
15:33:09 | INFO    | pibe.training.trainer |   cell 2 | i=  250 | local  | obj=2.7925e-02 | data=1.5183e-02 | phys=1.2742e-02 | |g|=6.87e+00
15:33:12 | INFO    | pibe.training.trainer |   cell 2 | i=  500 | local  | obj=8.3662e-03 | data=7.7498e-03 | phys=6.1648e-04 | |g|=4.24e+00
15:33:15 | INFO    | pibe.training.trainer |   cell 2 | i=  750 | local  | obj=8.8739e-03 | data=8.5594e-03 | phys=3.1447e-04 | |g|=4.28e+00
15:33:18 | INFO    | pibe.training.trainer |   cell 2 | i= 1000 | local  | obj=4.2322e-03 | data=4.0178e-03 | phys=2.1440e-04 | |g|=2.29e+00
15:33:20 | INFO    | pibe.training.trainer |   cell 2 | i= 1250 | local  | obj=4.8538e-03 | data=4.6517e-03 | phys=2.0204e-04 | |g|=3.00e+00
15:33:23 | INFO    | pibe.training.trainer |   cell 2 | i= 1500 | local  | obj=4.0191e-03 | data=3.6833e-03 | phys=3.3577e-04 | |g|=2.65e+00
15:33:26 | INFO    | pibe.training.trainer |   cell 2 | i= 1750 | local  | obj=7.1863e-03 | data=6.7082e-03 | phys=4.7814e-04 | |g|=3.83e+00
15:33:29 | INFO    | pibe.training.trainer |   cell 2 | i= 2000 | local  | obj=1.1577e-02 | data=1.1435e-02 | phys=1.4282e-04 | |g|=5.18e+00
15:33:32 | INFO    | pibe.training.trainer |   cell 2 | i= 2250 | local  | obj=2.9399e-03 | data=2.8076e-03 | phys=1.3222e-04 | |g|=2.05e+00
15:33:35 | INFO    | pibe.training.trainer |   cell 2 | i= 2500 | local  | obj=1.4626e-02 | data=1.4551e-02 | phys=7.4843e-05 | |g|=5.86e+00
15:33:37 | INFO    | pibe.training.trainer |   cell 2 | i= 2750 | local  | obj=7.6805e-03 | data=7.2424e-03 | phys=4.3816e-04 | |g|=3.67e+00
15:33:40 | INFO    | pibe.training.trainer |   cell 2 | i= 3000 | local  | obj=1.6270e-02 | data=1.5878e-02 | phys=3.9243e-04 | |g|=6.37e+00
15:33:43 | INFO    | pibe.training.trainer |   cell 2 | i= 3250 | local  | obj=4.0172e-04 | data=3.5655e-04 | phys=4.5165e-05 | |g|=5.52e-02
15:33:46 | INFO    | pibe.training.trainer |   cell 2 | i= 3500 | local  | obj=5.6557e-04 | data=5.1577e-04 | phys=4.9804e-05 | |g|=5.67e-01
15:33:48 | INFO    | pibe.training.trainer |   cell 2 | i= 3750 | local  | obj=1.1373e-03 | data=1.0863e-03 | phys=5.0984e-05 | |g|=1.30e+00
15:33:51 | INFO    | pibe.training.trainer |   cell 2 | i= 4000 | local  | obj=2.4429e-03 | data=2.2555e-03 | phys=1.8745e-04 | |g|=2.23e+00
15:33:54 | INFO    | pibe.training.trainer |   cell 2 | i= 4250 | local  | obj=3.6793e-04 | data=3.2860e-04 | phys=3.9328e-05 | |g|=1.13e-01
15:33:57 | INFO    | pibe.training.trainer |   cell 2 | i= 4500 | global | obj=8.0196e-04 | data=4.5115e-04 | phys=3.5082e-04 | |g|=3.38e-01
15:34:00 | INFO    | pibe.training.trainer |   cell 2 | i= 4750 | global | obj=3.4568e-04 | data=3.2447e-04 | phys=2.1214e-05 | |g|=8.01e-02
15:34:02 | INFO    | pibe.training.trainer |   cell 2 | i= 5000 | global | obj=3.0164e-04 | data=2.8842e-04 | phys=1.3223e-05 | |g|=1.75e-01
15:34:05 | INFO    | pibe.training.trainer |   cell 2 | i= 5250 | global | obj=2.8551e-04 | data=2.6850e-04 | phys=1.7002e-05 | |g|=6.10e-02
15:34:08 | INFO    | pibe.training.trainer |   cell 2 | i= 5500 | global | obj=2.7342e-04 | data=2.6016e-04 | phys=1.3255e-05 | |g|=1.85e-02
15:34:11 | INFO    | pibe.training.trainer |   cell 2 | i= 5750 | global | obj=3.2162e-04 | data=3.0594e-04 | phys=1.5680e-05 | |g|=2.36e-01
15:34:14 | INFO    | pibe.training.trainer |   cell 2 | i= 5999 | global | obj=3.2724e-04 | data=3.0687e-04 | phys=2.0378e-05 | |g|=1.95e-01
15:34:14 | INFO    | pibe.training.trainer |   cell 2 done in 67.6s | val local=4.8455e-04 (data=4.3792e-04, phys=4.6634e-05)
15:34:14 | INFO    | pibe.training.trainer | cell 3/5: 4500 local iterations then 1500 fine-tuning iterations
15:34:14 | INFO    | pibe.training.trainer |   cell 3 | i=    0 | local  | obj=7.7484e-01 | data=4.2441e-01 | phys=3.5043e-01 | |g|=2.33e+01
15:34:18 | INFO    | pibe.training.trainer |   cell 3 | i=  250 | local  | obj=7.7892e-04 | data=6.5679e-04 | phys=1.2213e-04 | |g|=1.68e-01
15:34:21 | INFO    | pibe.training.trainer |   cell 3 | i=  500 | local  | obj=4.1514e-04 | data=3.5672e-04 | phys=5.8422e-05 | |g|=9.58e-02
15:34:26 | INFO    | pibe.training.trainer |   cell 3 | i=  750 | local  | obj=2.4316e-04 | data=1.8494e-04 | phys=5.8213e-05 | |g|=1.56e-01
15:34:30 | INFO    | pibe.training.trainer |   cell 3 | i= 1000 | local  | obj=1.5901e-04 | data=1.0889e-04 | phys=5.0117e-05 | |g|=1.04e-01
15:34:34 | INFO    | pibe.training.trainer |   cell 3 | i= 1250 | local  | obj=5.5062e-05 | data=3.2331e-05 | phys=2.2731e-05 | |g|=3.91e-02
15:34:38 | INFO    | pibe.training.trainer |   cell 3 | i= 1500 | local  | obj=8.0970e-05 | data=3.6684e-05 | phys=4.4286e-05 | |g|=7.45e-02
15:34:42 | INFO    | pibe.training.trainer |   cell 3 | i= 1750 | local  | obj=6.8846e-05 | data=4.9344e-05 | phys=1.9502e-05 | |g|=1.04e-01
15:34:46 | INFO    | pibe.training.trainer |   cell 3 | i= 2000 | local  | obj=3.3076e-05 | data=1.7525e-05 | phys=1.5552e-05 | |g|=2.13e-02
15:34:50 | INFO    | pibe.training.trainer |   cell 3 | i= 2250 | local  | obj=3.9374e-05 | data=1.9659e-05 | phys=1.9715e-05 | |g|=5.16e-02
15:34:55 | INFO    | pibe.training.trainer |   cell 3 | i= 2500 | local  | obj=2.3730e-05 | data=1.2792e-05 | phys=1.0938e-05 | |g|=2.12e-02
15:34:59 | INFO    | pibe.training.trainer |   cell 3 | i= 2750 | local  | obj=3.5555e-05 | data=1.4619e-05 | phys=2.0936e-05 | |g|=3.36e-02
15:35:03 | INFO    | pibe.training.trainer |   cell 3 | i= 3000 | local  | obj=1.2149e-04 | data=9.6581e-05 | phys=2.4906e-05 | |g|=1.49e-01
15:35:07 | INFO    | pibe.training.trainer |   cell 3 | i= 3250 | local  | obj=4.1366e-05 | data=3.2918e-05 | phys=8.4471e-06 | |g|=7.97e-02
15:35:11 | INFO    | pibe.training.trainer |   cell 3 | i= 3500 | local  | obj=2.3804e-05 | data=1.6295e-05 | phys=7.5093e-06 | |g|=4.47e-02
15:35:15 | INFO    | pibe.training.trainer |   cell 3 | i= 3750 | local  | obj=1.8444e-05 | data=1.1179e-05 | phys=7.2654e-06 | |g|=1.20e-02
15:35:19 | INFO    | pibe.training.trainer |   cell 3 | i= 4000 | local  | obj=3.5380e-05 | data=1.8802e-05 | phys=1.6579e-05 | |g|=2.36e-02
15:35:23 | INFO    | pibe.training.trainer |   cell 3 | i= 4250 | local  | obj=1.8447e-05 | data=1.0749e-05 | phys=7.6982e-06 | |g|=1.84e-02
15:35:27 | INFO    | pibe.training.trainer |   cell 3 | i= 4500 | global | obj=2.2164e-04 | data=1.0935e-05 | phys=8.7667e-06 | |g|=5.85e-02
15:35:33 | INFO    | pibe.training.trainer |   cell 3 | i= 4750 | global | obj=2.2497e-04 | data=9.0781e-06 | phys=6.7813e-06 | |g|=7.71e-02
15:35:38 | INFO    | pibe.training.trainer |   cell 3 | i= 5000 | global | obj=2.2930e-04 | data=1.9526e-05 | phys=5.3355e-06 | |g|=9.51e-02
15:35:44 | INFO    | pibe.training.trainer |   cell 3 | i= 5250 | global | obj=2.6179e-04 | data=1.8565e-05 | phys=6.0810e-06 | |g|=2.12e-01
15:35:50 | INFO    | pibe.training.trainer |   cell 3 | i= 5500 | global | obj=2.1204e-04 | data=1.3517e-05 | phys=3.1427e-06 | |g|=8.29e-02
15:35:55 | INFO    | pibe.training.trainer |   cell 3 | i= 5750 | global | obj=2.0965e-04 | data=7.7926e-06 | phys=4.8939e-06 | |g|=4.60e-02
15:36:01 | INFO    | pibe.training.trainer |   cell 3 | i= 5999 | global | obj=2.0329e-04 | data=1.3353e-05 | phys=2.4115e-06 | |g|=7.31e-02
15:36:01 | INFO    | pibe.training.trainer |   cell 3 done in 107.3s | val local=2.8126e-05 (data=1.7650e-05, phys=1.0476e-05)
15:36:01 | INFO    | pibe.training.trainer | cell 4/5: 4500 local iterations then 1500 fine-tuning iterations
15:36:01 | INFO    | pibe.training.trainer |   cell 4 | i=    0 | local  | obj=1.9256e+00 | data=6.7672e-01 | phys=1.2489e+00 | |g|=2.66e+01
15:36:06 | INFO    | pibe.training.trainer |   cell 4 | i=  250 | local  | obj=2.6293e-04 | data=1.6307e-04 | phys=9.9859e-05 | |g|=1.19e-01
15:36:11 | INFO    | pibe.training.trainer |   cell 4 | i=  500 | local  | obj=9.7333e-05 | data=6.2433e-05 | phys=3.4900e-05 | |g|=3.25e-02
15:36:16 | INFO    | pibe.training.trainer |   cell 4 | i=  750 | local  | obj=6.1003e-05 | data=3.2653e-05 | phys=2.8351e-05 | |g|=5.08e-02
15:36:21 | INFO    | pibe.training.trainer |   cell 4 | i= 1000 | local  | obj=1.6024e-04 | data=5.3923e-05 | phys=1.0632e-04 | |g|=1.93e-01
15:36:26 | INFO    | pibe.training.trainer |   cell 4 | i= 1250 | local  | obj=1.1494e-04 | data=5.5446e-05 | phys=5.9494e-05 | |g|=1.30e-01
15:36:31 | INFO    | pibe.training.trainer |   cell 4 | i= 1500 | local  | obj=1.0730e-04 | data=3.2715e-05 | phys=7.4581e-05 | |g|=1.41e-01
15:36:36 | INFO    | pibe.training.trainer |   cell 4 | i= 1750 | local  | obj=5.5165e-05 | data=4.1469e-05 | phys=1.3697e-05 | |g|=3.46e-02
15:36:41 | INFO    | pibe.training.trainer |   cell 4 | i= 2000 | local  | obj=3.5230e-05 | data=2.2146e-05 | phys=1.3084e-05 | |g|=3.25e-02
15:36:46 | INFO    | pibe.training.trainer |   cell 4 | i= 2250 | local  | obj=4.5176e-05 | data=3.5252e-05 | phys=9.9239e-06 | |g|=3.98e-02
15:36:50 | INFO    | pibe.training.trainer |   cell 4 | i= 2500 | local  | obj=1.2549e-04 | data=1.0565e-04 | phys=1.9844e-05 | |g|=1.12e-01
15:36:55 | INFO    | pibe.training.trainer |   cell 4 | i= 2750 | local  | obj=2.3837e-05 | data=1.6535e-05 | phys=7.3019e-06 | |g|=7.46e-03
15:37:00 | INFO    | pibe.training.trainer |   cell 4 | i= 3000 | local  | obj=5.5898e-05 | data=3.6466e-05 | phys=1.9432e-05 | |g|=8.22e-02
15:37:05 | INFO    | pibe.training.trainer |   cell 4 | i= 3250 | local  | obj=3.6452e-05 | data=2.9793e-05 | phys=6.6583e-06 | |g|=3.65e-02
15:37:10 | INFO    | pibe.training.trainer |   cell 4 | i= 3500 | local  | obj=2.1832e-05 | data=1.6628e-05 | phys=5.2035e-06 | |g|=3.25e-02
15:37:15 | INFO    | pibe.training.trainer |   cell 4 | i= 3750 | local  | obj=4.3849e-05 | data=3.5448e-05 | phys=8.4010e-06 | |g|=5.30e-02
15:37:19 | INFO    | pibe.training.trainer |   cell 4 | i= 4000 | local  | obj=3.5788e-05 | data=1.1466e-05 | phys=2.4322e-05 | |g|=8.25e-02
15:37:24 | INFO    | pibe.training.trainer |   cell 4 | i= 4250 | local  | obj=3.0388e-05 | data=2.3701e-05 | phys=6.6866e-06 | |g|=4.56e-02
15:37:30 | INFO    | pibe.training.trainer |   cell 4 | i= 4500 | global | obj=1.9279e-04 | data=8.7186e-06 | phys=1.0033e-05 | |g|=9.21e-02
15:37:39 | INFO    | pibe.training.trainer |   cell 4 | i= 4750 | global | obj=1.7866e-04 | data=5.5331e-06 | phys=5.2839e-06 | |g|=1.75e-02
15:37:48 | INFO    | pibe.training.trainer |   cell 4 | i= 5000 | global | obj=2.5376e-04 | data=5.5887e-05 | phys=3.9899e-06 | |g|=1.30e-01
15:37:56 | INFO    | pibe.training.trainer |   cell 4 | i= 5250 | global | obj=1.8562e-04 | data=3.9371e-06 | phys=4.7154e-06 | |g|=3.46e-02
15:38:05 | INFO    | pibe.training.trainer |   cell 4 | i= 5500 | global | obj=1.7608e-04 | data=3.8619e-06 | phys=3.3115e-06 | |g|=4.00e-02
15:38:14 | INFO    | pibe.training.trainer |   cell 4 | i= 5750 | global | obj=1.8082e-04 | data=2.8262e-06 | phys=3.5331e-06 | |g|=8.20e-02
15:38:23 | INFO    | pibe.training.trainer |   cell 4 | i= 5999 | global | obj=1.8660e-04 | data=2.0426e-06 | phys=1.0148e-05 | |g|=5.75e-02
15:38:23 | INFO    | pibe.training.trainer |   cell 4 done in 142.1s | val local=1.2367e-05 (data=5.6060e-06, phys=6.7608e-06)
15:38:23 | INFO    | pibe.training.trainer | cell 5/5: 4500 local iterations then 1500 fine-tuning iterations
15:38:23 | INFO    | pibe.training.trainer |   cell 5 | i=    0 | local  | obj=3.8710e+00 | data=1.5441e+00 | phys=2.3270e+00 | |g|=1.17e+02
15:38:29 | INFO    | pibe.training.trainer |   cell 5 | i=  250 | local  | obj=6.8033e-01 | data=5.5942e-01 | phys=1.2091e-01 | |g|=5.98e+00
15:38:35 | INFO    | pibe.training.trainer |   cell 5 | i=  500 | local  | obj=6.5209e-01 | data=6.2385e-01 | phys=2.8233e-02 | |g|=3.65e+00
15:38:41 | INFO    | pibe.training.trainer |   cell 5 | i=  750 | local  | obj=6.4838e-01 | data=5.7483e-01 | phys=7.3553e-02 | |g|=3.40e+00
15:38:47 | INFO    | pibe.training.trainer |   cell 5 | i= 1000 | local  | obj=6.5583e-01 | data=6.1317e-01 | phys=4.2662e-02 | |g|=1.68e+00
15:38:53 | INFO    | pibe.training.trainer |   cell 5 | i= 1250 | local  | obj=6.4584e-01 | data=6.1530e-01 | phys=3.0538e-02 | |g|=2.84e+00
15:38:58 | INFO    | pibe.training.trainer |   cell 5 | i= 1500 | local  | obj=6.4959e-01 | data=5.9202e-01 | phys=5.7571e-02 | |g|=1.21e+00
15:39:04 | INFO    | pibe.training.trainer |   cell 5 | i= 1750 | local  | obj=6.5114e-01 | data=5.8767e-01 | phys=6.3473e-02 | |g|=1.94e+00
15:39:10 | INFO    | pibe.training.trainer |   cell 5 | i= 2000 | local  | obj=6.4225e-01 | data=5.8117e-01 | phys=6.1086e-02 | |g|=1.62e+00
15:39:16 | INFO    | pibe.training.trainer |   cell 5 | i= 2250 | local  | obj=6.3790e-01 | data=5.9272e-01 | phys=4.5179e-02 | |g|=1.68e-01
15:39:22 | INFO    | pibe.training.trainer |   cell 5 | i= 2500 | local  | obj=6.5048e-01 | data=5.6775e-01 | phys=8.2735e-02 | |g|=4.10e+00
15:39:28 | INFO    | pibe.training.trainer |   cell 5 | i= 2750 | local  | obj=6.4514e-01 | data=5.8893e-01 | phys=5.6210e-02 | |g|=1.23e+00
15:39:33 | INFO    | pibe.training.trainer |   cell 5 | i= 3000 | local  | obj=6.4616e-01 | data=5.8670e-01 | phys=5.9460e-02 | |g|=1.59e+00
15:39:39 | INFO    | pibe.training.trainer |   cell 5 | i= 3250 | local  | obj=6.4786e-01 | data=5.9422e-01 | phys=5.3633e-02 | |g|=8.27e-01
15:39:45 | INFO    | pibe.training.trainer |   cell 5 | i= 3500 | local  | obj=6.4637e-01 | data=5.8227e-01 | phys=6.4101e-02 | |g|=2.10e+00
15:39:51 | INFO    | pibe.training.trainer |   cell 5 | i= 3750 | local  | obj=6.4496e-01 | data=5.9946e-01 | phys=4.5507e-02 | |g|=2.18e-01
15:39:57 | INFO    | pibe.training.trainer |   cell 5 | i= 4000 | local  | obj=6.5690e-01 | data=6.1640e-01 | phys=4.0500e-02 | |g|=1.78e+00
15:40:04 | INFO    | pibe.training.trainer |   cell 5 | i= 4250 | local  | obj=6.4563e-01 | data=6.0637e-01 | phys=3.9263e-02 | |g|=1.08e+00
15:40:12 | INFO    | pibe.training.trainer |   cell 5 | i= 4500 | global | obj=6.4817e-01 | data=6.0194e-01 | phys=4.6081e-02 | |g|=2.13e+01
15:40:23 | INFO    | pibe.training.trainer |   cell 5 | i= 4750 | global | obj=4.2906e-03 | data=2.8574e-05 | phys=2.9730e-03 | |g|=5.38e+00
15:40:35 | INFO    | pibe.training.trainer |   cell 5 | i= 5000 | global | obj=2.9991e-03 | data=4.9062e-05 | phys=2.2086e-03 | |g|=4.26e+00
15:40:46 | INFO    | pibe.training.trainer |   cell 5 | i= 5250 | global | obj=2.0472e-03 | data=5.4251e-04 | phys=5.6025e-04 | |g|=1.86e+00
15:40:58 | INFO    | pibe.training.trainer |   cell 5 | i= 5500 | global | obj=3.8946e-04 | data=3.4060e-05 | phys=2.9747e-05 | |g|=6.12e-02
15:41:10 | INFO    | pibe.training.trainer |   cell 5 | i= 5750 | global | obj=1.5019e-03 | data=1.5202e-04 | phys=8.8773e-04 | |g|=9.02e-01
15:41:21 | INFO    | pibe.training.trainer |   cell 5 | i= 5999 | global | obj=2.8145e-04 | data=1.8798e-05 | phys=1.5489e-05 | |g|=1.64e-01
15:41:21 | INFO    | pibe.training.trainer |   cell 5 done in 178.2s | val local=7.7190e-05 (data=4.9081e-05, phys=2.8109e-05)
15:41:21 | INFO    | train_pibe         | train metrics:
state errors (L2 / sup):
  x_1: 1.4595e-02 / 1.1933e-01
  x_2: 2.9566e-02 / 3.4642e-01
  x_3: 1.6983e-01 / 5.5536e-01
  x_4: 2.1483e-01 / 6.2824e-01
parameter errors (|err| / spread):
  theta_1: 1.4973e-02 / 2.6770e-07
  theta_2: 1.5600e-01 / 4.5486e-03
  theta_3: 2.2910e-01 / 2.2454e-03
disturbance: L2=1.3062e-01, sup=2.3158e-01
output fit: L2=1.7352e-02
15:41:21 | INFO    | train_pibe         | val metrics:
state errors (L2 / sup):
  x_1: 1.7820e-02 / 1.7041e-01
  x_2: 3.2527e-02 / 2.1739e-01
  x_3: 1.7073e-01 / 6.2344e-01
  x_4: 2.1705e-01 / 5.9754e-01
parameter errors (|err| / spread):
  theta_1: 1.4973e-02 / 1.3201e-06
  theta_2: 1.5685e-01 / 5.4570e-03
  theta_3: 2.2765e-01 / 2.8062e-03
disturbance: L2=1.3032e-01, sup=2.3161e-01
output fit: L2=2.0859e-02
15:41:21 | INFO    | train_pibe         | artifacts written to outputs/n4
