15:39:39 | INFO    | train_pibe         | experiment:
system            : automatica_n3v2(n=3) on cpu (torch.float64)
true theta        : [0.23502650090327654, 0.10390993219989397]
disturbance       : independent a per trajectory
basis             : FourierBasis(q=3, H=2, omega=1.25664, horizon=[0, 20], periods=4)
  lambda_min(W)   : 1.0000e+01   (Eq. 3, must be > 0)
  eps_(d,q)       : 0.0000e+00
noise             : TruncatedGaussianNoise(sigma=0.002, bound=0.006)
data              : TrajectoryData(P=2048, N=201, n=3, horizon=[0, 20])
  train / val     : 1638 / 410
  data fill h_d   : 5.0000e-02
  coll fill h_r   : 2.5000e-02
bank              : cells 2..4, 2216458 parameters
estimator         : PIBE (Algorithm 1)
15:39:41 | INFO    | train_pibe         | disturbance observability  (sigma = 0.002, N = 201)
  i |       gain |    settled |  signature |     SNR |  eff SNR |
----------------------------------------------------------------------------
  1 |  1.472e-01 |  1.395e-01 |  2.511e-02 |   12.56 |   178.03 |
  2 |  1.369e-01 |  1.401e-01 |  2.522e-02 |   12.61 |   178.81 |
  3 |  4.558e-02 |  3.413e-02 |  4.096e-03 |    2.05 |    29.04 |

every basis function is observable above the noise floor.
15:39:41 | INFO    | pibe.training.trainer | cell 2/4: 8000 local iterations then 12000 fine-tuning iterations
15:39:44 | INFO    | pibe.training.trainer |   cell 2 | i=    0 | local  | obj=1.2779e+01 | data=1.2408e+01 | phys=3.7188e-01 | |g|=8.78e+01
15:50:14 | INFO    | pibe.training.trainer |   cell 2 | i= 2000 | local  | obj=7.5937e-03 | data=3.5734e-03 | phys=4.0202e-03 | |g|=1.30e+00
16:00:45 | INFO    | pibe.training.trainer |   cell 2 | i= 4000 | local  | obj=1.3009e-03 | data=1.2423e-03 | phys=5.8587e-05 | |g|=1.36e+00
16:11:17 | INFO    | pibe.training.trainer |   cell 2 | i= 6000 | local  | obj=3.1110e-03 | data=2.8531e-03 | phys=2.5783e-04 | |g|=2.58e+00
16:21:46 | INFO    | pibe.training.trainer |   cell 2 | i= 8000 | global | obj=1.2317e-03 | data=1.1140e-03 | phys=1.1768e-04 | |g|=1.32e+00
16:32:12 | INFO    | pibe.training.trainer |   cell 2 | i=10000 | global | obj=2.0955e-04 | data=1.6244e-04 | phys=4.7108e-05 | |g|=1.07e-01
16:42:42 | INFO    | pibe.training.trainer |   cell 2 | i=12000 | global | obj=1.4823e-04 | data=1.2109e-04 | phys=2.7139e-05 | |g|=4.73e-02
16:53:15 | INFO    | pibe.training.trainer |   cell 2 | i=14000 | global | obj=1.5181e-04 | data=1.2400e-04 | phys=2.7806e-05 | |g|=2.65e-02
17:03:44 | INFO    | pibe.training.trainer |   cell 2 | i=16000 | global | obj=1.7633e-04 | data=1.4297e-04 | phys=3.3357e-05 | |g|=2.41e-02
17:14:10 | INFO    | pibe.training.trainer |   cell 2 | i=18000 | global | obj=1.8422e-04 | data=1.5030e-04 | phys=3.3920e-05 | |g|=2.07e-02
17:24:38 | INFO    | pibe.training.trainer |   cell 2 | i=19999 | global | obj=1.5017e-04 | data=1.2491e-04 | phys=2.5255e-05 | |g|=2.45e-03
17:24:39 | INFO    | pibe.training.trainer |   cell 2 done in 6296.8s | val local=1.1951e-04 (data=9.7830e-05, phys=2.1677e-05)
17:24:39 | INFO    | pibe.training.trainer | cell 3/4: 8000 local iterations then 12000 fine-tuning iterations
17:24:40 | INFO    | pibe.training.trainer |   cell 3 | i=    0 | local  | obj=3.7013e-01 | data=2.7947e-01 | phys=9.0655e-02 | |g|=2.83e+01
17:37:38 | INFO    | pibe.training.trainer |   cell 3 | i= 2000 | local  | obj=1.0921e-03 | data=1.0066e-03 | phys=8.5484e-05 | |g|=2.74e-01
17:50:32 | INFO    | pibe.training.trainer |   cell 3 | i= 4000 | local  | obj=2.5881e-05 | data=1.5867e-05 | phys=1.0014e-05 | |g|=4.70e-03
18:03:31 | INFO    | pibe.training.trainer |   cell 3 | i= 6000 | local  | obj=7.3333e-05 | data=4.1085e-05 | phys=3.2248e-05 | |g|=9.89e-02
18:16:29 | INFO    | pibe.training.trainer |   cell 3 | i= 8000 | global | obj=1.1596e-04 | data=8.8563e-06 | phys=5.5138e-06 | |g|=2.27e-02
18:37:50 | INFO    | pibe.training.trainer |   cell 3 | i=10000 | global | obj=7.5692e-05 | data=3.6462e-06 | phys=1.7930e-06 | |g|=8.24e-02
18:59:14 | INFO    | pibe.training.trainer |   cell 3 | i=12000 | global | obj=6.4056e-05 | data=2.2741e-06 | phys=1.6555e-06 | |g|=5.95e-02
19:20:36 | INFO    | pibe.training.trainer |   cell 3 | i=14000 | global | obj=1.3701e-04 | data=1.1502e-06 | phys=9.2084e-07 | |g|=5.11e-02
19:41:57 | INFO    | pibe.training.trainer |   cell 3 | i=16000 | global | obj=4.5632e-05 | data=9.1042e-07 | phys=6.7000e-07 | |g|=1.04e-02
20:03:27 | INFO    | pibe.training.trainer |   cell 3 | i=18000 | global | obj=7.1011e-05 | data=9.3448e-07 | phys=6.8096e-07 | |g|=4.76e-03
20:24:54 | INFO    | pibe.training.trainer |   cell 3 | i=19999 | global | obj=1.5369e-04 | data=7.6151e-07 | phys=6.2344e-07 | |g|=2.69e-03
20:24:57 | INFO    | pibe.training.trainer |   cell 3 done in 10814.7s | val local=1.3332e-06 (data=7.2029e-07, phys=6.1295e-07)
20:24:57 | INFO    | pibe.training.trainer | cell 4/4: 8000 local iterations then 12000 fine-tuning iterations
20:24:57 | INFO    | pibe.training.trainer |   cell 4 | i=    0 | local  | obj=4.3206e+00 | data=6.3276e-01 | phys=3.6878e+00 | |g|=2.28e+02
20:39:27 | INFO    | pibe.training.trainer |   cell 4 | i= 2000 | local  | obj=1.4570e+00 | data=1.2589e+00 | phys=1.9812e-01 | |g|=1.80e+00
20:53:59 | INFO    | pibe.training.trainer |   cell 4 | i= 4000 | local  | obj=1.4586e+00 | data=1.3104e+00 | phys=1.4820e-01 | |g|=1.57e+00
21:08:30 | INFO    | pibe.training.trainer |   cell 4 | i= 6000 | local  | obj=1.4745e+00 | data=1.2152e+00 | phys=2.5923e-01 | |g|=5.25e+00
21:23:04 | INFO    | pibe.training.trainer |   cell 4 | i= 8000 | global | obj=1.5129e+00 | data=1.3720e+00 | phys=1.4084e-01 | |g|=1.92e+01
21:54:12 | INFO    | pibe.training.trainer |   cell 4 | i=10000 | global | obj=7.3316e-04 | data=2.6342e-05 | phys=1.0706e-04 | |g|=6.37e-01
22:25:37 | INFO    | pibe.training.trainer |   cell 4 | i=12000 | global | obj=3.7700e-04 | data=2.2782e-05 | phys=6.8410e-05 | |g|=5.74e-01
22:56:52 | INFO    | pibe.training.trainer |   cell 4 | i=14000 | global | obj=2.9052e-04 | data=4.0640e-06 | phys=4.8533e-05 | |g|=4.31e-01
23:28:07 | INFO    | pibe.training.trainer |   cell 4 | i=16000 | global | obj=3.7653e-04 | data=3.0854e-05 | phys=9.8882e-05 | |g|=8.81e-01
23:59:19 | INFO    | pibe.training.trainer |   cell 4 | i=18000 | global | obj=1.8808e-04 | data=3.5931e-06 | phys=1.4047e-05 | |g|=1.38e-01
00:30:47 | INFO    | pibe.training.trainer |   cell 4 | i=20000 | global | obj=8.5850e-04 | data=7.2702e-05 | phys=2.2527e-04 | |g|=8.44e-01
01:02:21 | INFO    | pibe.training.trainer |   cell 4 | i=22000 | global | obj=2.7281e-04 | data=1.9481e-05 | phys=7.4497e-05 | |g|=6.38e-01
01:33:48 | INFO    | pibe.training.trainer |   cell 4 | i=24000 | global | obj=2.9828e-04 | data=1.4719e-05 | phys=1.4414e-04 | |g|=9.97e-01
02:05:18 | INFO    | pibe.training.trainer |   cell 4 | i=26000 | global | obj=1.2670e-04 | data=8.3843e-06 | phys=2.5716e-06 | |g|=4.65e-02
02:36:38 | INFO    | pibe.training.trainer |   cell 4 | i=28000 | global | obj=1.1802e-04 | data=7.9637e-06 | phys=2.4922e-06 | |g|=6.83e-02
03:08:07 | INFO    | pibe.training.trainer |   cell 4 | i=30000 | global | obj=1.5309e-04 | data=9.7254e-06 | phys=6.0563e-06 | |g|=1.16e-01
03:39:31 | INFO    | pibe.training.trainer |   cell 4 | i=32000 | global | obj=1.1735e-04 | data=7.8692e-06 | phys=1.1521e-05 | |g|=1.91e-01
04:10:55 | INFO    | pibe.training.trainer |   cell 4 | i=34000 | global | obj=1.0307e-04 | data=7.4251e-06 | phys=8.3931e-06 | |g|=1.52e-01
04:42:19 | INFO    | pibe.training.trainer |   cell 4 | i=36000 | global | obj=1.0406e-04 | data=8.0786e-06 | phys=2.1788e-05 | |g|=1.81e-01
05:13:42 | INFO    | pibe.training.trainer |   cell 4 | i=38000 | global | obj=7.8151e-05 | data=6.4932e-06 | phys=9.9388e-06 | |g|=2.00e-01
05:45:06 | INFO    | pibe.training.trainer |   cell 4 | i=40000 | global | obj=6.3165e-05 | data=5.4073e-06 | phys=8.7571e-06 | |g|=1.28e-01
06:15:45 | INFO    | pibe.training.trainer |   cell 4 | i=42000 | global | obj=5.1549e-05 | data=4.6517e-06 | phys=6.1201e-06 | |g|=6.22e-02
06:46:14 | INFO    | pibe.training.trainer |   cell 4 | i=44000 | global | obj=4.7854e-05 | data=4.4545e-06 | phys=5.9651e-06 | |g|=2.92e-02
07:16:45 | INFO    | pibe.training.trainer |   cell 4 | i=46000 | global | obj=4.0310e-05 | data=3.2752e-06 | phys=4.6726e-06 | |g|=7.53e-03
07:47:17 | INFO    | pibe.training.trainer |   cell 4 | i=48000 | global | obj=3.8509e-05 | data=3.4959e-06 | phys=5.7487e-06 | |g|=1.78e-02
08:17:57 | INFO    | pibe.training.trainer |   cell 4 | i=49999 | global | obj=4.3628e-05 | data=3.6207e-06 | phys=5.0906e-06 | |g|=1.22e-02
08:18:00 | INFO    | pibe.training.trainer |   cell 4 done in 42780.2s | val local=9.0367e-06 (data=3.2342e-06, phys=5.8025e-06)
08:18:09 | INFO    | train_pibe         | train metrics:
state errors (L2 / sup):
  x_1: 4.4826e-03 / 4.9671e-02
  x_2: 2.3228e-02 / 2.5392e-01
  x_3: 3.7115e-02 / 5.5061e-01
parameter errors (|err| / spread):
  theta_1: 1.2135e-02 / 1.0418e-02
  theta_2: 1.0372e-02 / 8.6758e-03
disturbance: L2=6.3389e-02, sup=2.3527e-01
output fit: L2=4.9225e-03
08:18:11 | INFO    | train_pibe         | val metrics:
state errors (L2 / sup):
  x_1: 4.5280e-03 / 4.2240e-02
  x_2: 2.3724e-02 / 2.3057e-01
  x_3: 3.7285e-02 / 5.2979e-01
parameter errors (|err| / spread):
  theta_1: 1.2654e-02 / 1.0702e-02
  theta_2: 1.0758e-02 / 8.8314e-03
disturbance: L2=6.4356e-02, sup=2.2350e-01
output fit: L2=4.9643e-03
08:18:55 | INFO    | train_pibe         | oracle comparison (train):
 cell |   L_Loc @ truth | L_Loc @ trained | winner
------------------------------------------------------------
    2 |      3.9018e-06 |      3.5745e-05 | truth
    3 |      8.5976e-36 |      9.7130e-06 | truth
    4 |      3.1910e-35 |      8.5604e-06 | truth
------------------------------------------------------------
L_Tot @ truth   : 2.3665e-06
L_Tot @ trained : 3.7806e-05
noise floor     : 3.8933e-06 (the cell-2 data term cannot honestly go below this)

verdict: optimization failure: the true solution attains a lower objective than training reached, so it is representable and preferred but was not found. Lengthen end-to-end fine-tuning (lower N_par / raise lr_global) and check that no head is pinned to the boundary of its admissible box.
08:18:59 | INFO    | pibe.eval.figures  | wrote outputs/big_w5_v2_s0/figures/states.png
08:18:59 | INFO    | pibe.eval.figures  | wrote outputs/big_w5_v2_s0/figures/disturbance.png
08:18:59 | INFO    | matplotlib.mathtext | Substituting symbol A from STIXNonUnicode
08:18:59 | INFO    | pibe.eval.figures  | wrote outputs/big_w5_v2_s0/figures/parameters.png
08:19:00 | INFO    | pibe.eval.figures  | wrote outputs/big_w5_v2_s0/figures/errors.png
08:19:00 | INFO    | train_pibe         | figures: states.png, disturbance.png, parameters.png, errors.png
08:19:00 | INFO    | train_pibe         | artifacts written to outputs/big_w5_v2_s0
