00:57:18 | INFO    | train_pibe         | experiment:
system            : automatica_n4(n=4) on cpu (torch.float64)
true theta        : [0.23502650090327654, 0.10390993219989397, -0.020308528436274564]
basis             : FourierBasis(q=4, H=2, omega=1.25664, horizon=[0, 20], periods=4)
  lambda_min(W)   : 1.0000e+01   (Eq. 3, must be > 0)
  eps_(d,q)       : 0.0000e+00
noise             : NoiseFree()
data              : TrajectoryData(P=8, N=201, n=4, horizon=[0, 20])
  train / val     : 6 / 2
  data fill h_d   : 5.0000e-02
  coll fill h_r   : 2.5000e-02
bank              : cells 2..5, 414222 parameters
00:57:18 | INFO    | pibe.training.trainer | cell 2/5: 3000 local iterations then 3000 fine-tuning iterations
00:57:18 | INFO    | pibe.training.trainer |   cell 2 | i=    0 | local  | obj=1.9457e+01 | data=1.8090e+01 | phys=1.3673e+00 | |g|=1.36e+02
00:57:59 | INFO    | pibe.training.trainer |   cell 2 | i= 3000 | global | obj=6.0768e-04 | data=5.3802e-04 | phys=6.9658e-05 | |g|=1.19e+00
00:58:42 | INFO    | pibe.training.trainer |   cell 2 | i= 5999 | global | obj=3.3791e-05 | data=2.3816e-05 | phys=9.9751e-06 | |g|=1.32e-04
00:58:42 | INFO    | pibe.training.trainer |   cell 2 done in 84.4s | val local=5.5033e-04 (data=3.9397e-04, phys=1.5636e-04)
00:58:42 | INFO    | pibe.training.trainer | cell 3/5: 3000 local iterations then 3000 fine-tuning iterations
00:58:42 | INFO    | pibe.training.trainer |   cell 3 | i=    0 | local  | obj=9.9483e-01 | data=5.8544e-01 | phys=4.0940e-01 | |g|=7.54e+00
00:59:28 | INFO    | pibe.training.trainer |   cell 3 | i= 3000 | global | obj=4.8031e-05 | data=1.9895e-05 | phys=3.9228e-06 | |g|=4.68e-04
01:00:30 | INFO    | pibe.training.trainer |   cell 3 | i= 5999 | global | obj=1.8940e-05 | data=2.5873e-06 | phys=1.2006e-06 | |g|=4.48e-05
01:00:30 | INFO    | pibe.training.trainer |   cell 3 done in 108.0s | val local=5.3189e-05 (data=2.5564e-05, phys=2.7625e-05)
01:00:30 | INFO    | pibe.training.trainer | cell 4/5: 3000 local iterations then 3000 fine-tuning iterations
01:00:30 | INFO    | pibe.training.trainer |   cell 4 | i=    0 | local  | obj=1.7450e+00 | data=9.6469e-01 | phys=7.8035e-01 | |g|=2.18e+01
01:01:22 | INFO    | pibe.training.trainer |   cell 4 | i= 3000 | global | obj=5.3132e-05 | data=2.9654e-05 | phys=7.7010e-06 | |g|=2.33e-03
01:02:56 | INFO    | pibe.training.trainer |   cell 4 | i= 5999 | global | obj=1.6894e-05 | data=1.6674e-06 | phys=2.0414e-06 | |g|=3.25e-05
01:02:56 | INFO    | pibe.training.trainer |   cell 4 done in 145.6s | val local=6.6474e-05 (data=2.4478e-05, phys=4.1996e-05)
01:02:56 | INFO    | pibe.training.trainer | cell 5/5: 3000 local iterations then 3000 fine-tuning iterations
01:02:56 | INFO    | pibe.training.trainer |   cell 5 | i=    0 | local  | obj=2.8675e+00 | data=1.8681e-01 | phys=2.6807e+00 | |g|=1.53e+02
01:04:00 | INFO    | pibe.training.trainer |   cell 5 | i= 3000 | global | obj=6.1982e-02 | data=5.8894e-02 | phys=3.0727e-03 | |g|=7.20e+00
01:06:09 | INFO    | pibe.training.trainer |   cell 5 | i= 6000 | global | obj=7.0598e-04 | data=6.8117e-05 | phys=1.5246e-04 | |g|=3.48e-01
01:08:15 | INFO    | pibe.training.trainer |   cell 5 | i= 9000 | global | obj=1.7514e-03 | data=2.8075e-04 | phys=1.0909e-03 | |g|=2.46e+00
01:10:20 | INFO    | pibe.training.trainer |   cell 5 | i=12000 | global | obj=9.4304e-04 | data=1.8633e-05 | phys=7.1194e-04 | |g|=1.88e+00
01:12:30 | INFO    | pibe.training.trainer |   cell 5 | i=15000 | global | obj=3.0693e-04 | data=2.3263e-05 | phys=1.5123e-04 | |g|=9.05e-01
01:14:42 | INFO    | pibe.training.trainer |   cell 5 | i=18000 | global | obj=1.4345e-04 | data=2.6341e-06 | phys=8.9907e-05 | |g|=6.41e-01
01:16:45 | INFO    | pibe.training.trainer |   cell 5 | i=21000 | global | obj=3.0381e-05 | data=2.1797e-06 | phys=1.0759e-06 | |g|=5.99e-04
01:18:48 | INFO    | pibe.training.trainer |   cell 5 | i=24000 | global | obj=2.1101e-05 | data=1.3274e-06 | phys=1.0474e-06 | |g|=3.38e-04
01:20:59 | INFO    | pibe.training.trainer |   cell 5 | i=27000 | global | obj=1.5640e-05 | data=8.4591e-07 | phys=9.3373e-07 | |g|=1.30e-02
01:23:13 | INFO    | pibe.training.trainer |   cell 5 | i=30000 | global | obj=1.4666e-05 | data=6.9961e-07 | phys=1.9917e-06 | |g|=7.99e-02
01:25:23 | INFO    | pibe.training.trainer |   cell 5 | i=33000 | global | obj=1.1628e-05 | data=5.1983e-07 | phys=5.9180e-07 | |g|=1.15e-05
01:27:33 | INFO    | pibe.training.trainer |   cell 5 | i=35999 | global | obj=1.1181e-05 | data=4.8796e-07 | phys=5.4436e-07 | |g|=1.01e-05
01:27:33 | INFO    | pibe.training.trainer |   cell 5 done in 1476.9s | val local=1.2180e-03 (data=7.0404e-05, phys=1.1476e-03)
01:27:33 | INFO    | train_pibe         | train metrics:
state errors (L2 / sup):
  x_1: 2.8373e-03 / 5.1327e-02
  x_2: 4.0274e-02 / 1.3331e-01
  x_3: 2.8346e-01 / 4.4257e-01
  x_4: 3.8599e-01 / 5.1915e-01
parameter errors (|err| / spread):
  theta_1: 4.6358e-02 / 4.9148e-02
  theta_2: 2.5761e-01 / 2.6798e-02
  theta_3: 4.2031e-01 / 4.8344e-08
disturbance: L2=5.2484e-02, sup=1.1258e-01
output fit: L2=2.8373e-03
01:27:33 | INFO    | train_pibe         | val metrics:
state errors (L2 / sup):
  x_1: 4.8584e-02 / 1.6375e-01
  x_2: 3.6466e-02 / 9.9533e-02
  x_3: 2.9123e-01 / 3.3452e-01
  x_4: 3.7605e-01 / 4.1169e-01
parameter errors (|err| / spread):
  theta_1: 4.9652e-02 / 4.5562e-02
  theta_2: 2.8440e-01 / 2.2362e-02
  theta_3: 4.2031e-01 / 4.3250e-08
disturbance: L2=5.8616e-02, sup=1.1362e-01
output fit: L2=4.8584e-02
01:27:35 | INFO    | train_pibe         | oracle comparison (train):
 cell |   L_Loc @ truth | L_Loc @ trained | winner
------------------------------------------------------------
    2 |      1.7050e-35 |      1.4203e-05 | truth
    3 |      5.7884e-36 |      1.7777e-06 | truth
    4 |      7.5794e-36 |      1.4197e-06 | truth
    5 |      2.1844e-34 |      1.0323e-06 | truth
------------------------------------------------------------
L_Tot @ truth   : 2.3788e-34
L_Tot @ trained : 1.1181e-05

verdict: optimization failure: the true solution attains a lower objective than training reached, so it is representable and preferred but was not found. Lengthen end-to-end fine-tuning (lower N_par / raise lr_global) and check that no head is pinned to the boundary of its admissible box.
01:27:35 | INFO    | train_pibe         | artifacts written to outputs/nf_p8
