08:44:14 | INFO    | train_pibe         | experiment:
system            : automatica_n3(n=3) on cpu (torch.float64)
true theta        : [0.23502650090327654, 0.10390993219989397]
basis             : FourierBasis(q=3, H=2, omega=1.25664, horizon=[0, 20], periods=4)
  lambda_min(W)   : 1.0000e+01   (Eq. 3, must be > 0)
  eps_(d,q)       : 0.0000e+00
noise             : TruncatedGaussianNoise(sigma=0.002, bound=0.006)
data              : TrajectoryData(P=64, N=201, n=3, horizon=[0, 20])
  train / val     : 51 / 13
  data fill h_d   : 5.0000e-02
  coll fill h_r   : 2.5000e-02
bank              : cells 2..4, 271850 parameters
08:44:15 | INFO    | train_pibe         | disturbance observability  (sigma = 0.002, N = 201)
  i |       gain |    settled |  signature |     SNR |  eff SNR |
----------------------------------------------------------------------------
  1 |  1.471e-01 |  1.391e-01 |  2.504e-02 |   12.52 |   177.48 |
  2 |  1.366e-01 |  1.398e-01 |  2.516e-02 |   12.58 |   178.32 |
  3 |  4.574e-02 |  3.407e-02 |  4.088e-03 |    2.04 |    28.98 |

every basis function is observable above the noise floor.
08:44:15 | INFO    | pibe.training.trainer | cell 2/4: 3000 local iterations then 3000 fine-tuning iterations
08:44:15 | INFO    | pibe.training.trainer |   cell 2 | i=    0 | local  | obj=5.2976e+00 | data=4.9270e+00 | phys=3.7064e-01 | |g|=4.06e+01
08:44:52 | INFO    | pibe.training.trainer |   cell 2 | i= 3000 | global | obj=1.7197e-04 | data=1.4298e-04 | phys=2.8983e-05 | |g|=2.89e-01
08:45:29 | INFO    | pibe.training.trainer |   cell 2 | i= 5999 | global | obj=2.4952e-05 | data=1.8576e-05 | phys=6.3757e-06 | |g|=7.13e-03
08:45:29 | INFO    | pibe.training.trainer |   cell 2 done in 74.3s | val local=5.8507e-05 (data=3.2521e-05, phys=2.5985e-05)
08:45:29 | INFO    | pibe.training.trainer | cell 3/4: 3000 local iterations then 3000 fine-tuning iterations
08:45:29 | INFO    | pibe.training.trainer |   cell 3 | i=    0 | local  | obj=5.3025e-01 | data=3.2125e-01 | phys=2.0900e-01 | |g|=4.34e+00
08:46:20 | INFO    | pibe.training.trainer |   cell 3 | i= 3000 | global | obj=6.0656e-05 | data=2.8631e-05 | phys=1.1861e-05 | |g|=7.90e-02
08:47:34 | INFO    | pibe.training.trainer |   cell 3 | i= 5999 | global | obj=2.3712e-05 | data=3.4947e-06 | phys=1.9881e-06 | |g|=2.88e-03
08:47:34 | INFO    | pibe.training.trainer |   cell 3 done in 125.0s | val local=1.1372e-05 (data=7.2360e-06, phys=4.1358e-06)
08:47:34 | INFO    | pibe.training.trainer | cell 4/4: 3000 local iterations then 3000 fine-tuning iterations
08:47:34 | INFO    | pibe.training.trainer |   cell 4 | i=    0 | local  | obj=3.3125e+00 | data=2.0543e-01 | phys=3.1071e+00 | |g|=1.66e+01
08:48:35 | INFO    | pibe.training.trainer |   cell 4 | i= 3000 | global | obj=1.1547e-01 | data=1.0437e-01 | phys=1.1083e-02 | |g|=6.09e+00
08:50:30 | INFO    | pibe.training.trainer |   cell 4 | i= 6000 | global | obj=5.5559e-05 | data=8.2505e-06 | phys=1.0224e-05 | |g|=7.74e-02
08:52:26 | INFO    | pibe.training.trainer |   cell 4 | i= 9000 | global | obj=7.5709e-05 | data=7.1375e-06 | phys=1.9303e-05 | |g|=5.07e-02
08:54:21 | INFO    | pibe.training.trainer |   cell 4 | i=12000 | global | obj=4.4219e-04 | data=2.4422e-05 | phys=3.0518e-04 | |g|=7.34e-01
08:56:17 | INFO    | pibe.training.trainer |   cell 4 | i=15000 | global | obj=1.6624e-05 | data=1.5606e-06 | phys=2.3114e-06 | |g|=4.28e-02
08:58:12 | INFO    | pibe.training.trainer |   cell 4 | i=18000 | global | obj=4.9001e-05 | data=6.9413e-06 | phys=1.2596e-05 | |g|=8.33e-02
09:00:07 | INFO    | pibe.training.trainer |   cell 4 | i=21000 | global | obj=2.7755e-05 | data=3.5138e-06 | phys=7.5497e-06 | |g|=8.07e-02
09:02:00 | INFO    | pibe.training.trainer |   cell 4 | i=24000 | global | obj=1.8822e-05 | data=1.7263e-06 | phys=3.4615e-06 | |g|=7.08e-02
09:03:53 | INFO    | pibe.training.trainer |   cell 4 | i=27000 | global | obj=1.7372e-05 | data=1.4353e-06 | phys=5.3628e-06 | |g|=8.27e-02
09:05:46 | INFO    | pibe.training.trainer |   cell 4 | i=30000 | global | obj=1.3930e-05 | data=1.7065e-06 | phys=1.8813e-06 | |g|=3.41e-02
09:08:22 | INFO    | pibe.training.trainer |   cell 4 | i=33000 | global | obj=1.3584e-05 | data=1.4303e-06 | phys=9.6147e-07 | |g|=2.15e-03
09:11:33 | INFO    | pibe.training.trainer |   cell 4 | i=35999 | global | obj=1.2030e-05 | data=1.0947e-06 | phys=8.0285e-07 | |g|=8.83e-04
09:11:33 | INFO    | pibe.training.trainer |   cell 4 done in 1438.6s | val local=4.8439e-06 (data=2.2452e-06, phys=2.5987e-06)
09:11:33 | INFO    | train_pibe         | train metrics:
state errors (L2 / sup):
  x_1: 2.0549e-03 / 3.3685e-02
  x_2: 1.5534e-01 / 2.8368e-01
  x_3: 1.2986e-01 / 3.6994e-01
parameter errors (|err| / spread):
  theta_1: 1.6467e-01 / 6.0557e-04
  theta_2: 1.6377e-01 / 2.5620e-03
disturbance: L2=1.0159e-02, sup=3.3025e-02
output fit: L2=2.8943e-03
09:11:33 | INFO    | train_pibe         | val metrics:
state errors (L2 / sup):
  x_1: 2.6583e-03 / 2.4270e-02
  x_2: 1.5631e-01 / 2.9347e-01
  x_3: 1.3141e-01 / 3.3855e-01
parameter errors (|err| / spread):
  theta_1: 1.6493e-01 / 6.2309e-05
  theta_2: 1.6519e-01 / 1.9483e-03
disturbance: L2=1.1060e-02, sup=2.8305e-02
output fit: L2=3.3091e-03
09:11:35 | INFO    | train_pibe         | oracle comparison (train):
 cell |   L_Loc @ truth | L_Loc @ trained | winner
------------------------------------------------------------
    2 |      3.9417e-06 |      1.2530e-05 | truth
    3 |      5.5516e-36 |      2.3029e-06 | truth
    4 |      1.4864e-34 |      1.8083e-06 | truth
------------------------------------------------------------
L_Tot @ truth   : 2.3907e-06
L_Tot @ trained : 1.1202e-05
noise floor     : 3.8933e-06 (the cell-2 data term cannot honestly go below this)

verdict: optimization failure: the true solution attains a lower objective than training reached, so it is representable and preferred but was not found. Lengthen end-to-end fine-tuning (lower N_par / raise lr_global) and check that no head is pinned to the boundary of its admissible box.
09:11:35 | INFO    | train_pibe         | artifacts written to outputs/n3_s0
