23:42:06 | INFO    | train_pibe         | experiment:
system            : automatica_n3v2(n=3) on cpu (torch.float64)
true theta        : [0.23502650090327654, 0.10390993219989397]
disturbance       : independent a per trajectory
basis             : FourierBasis(q=3, H=2, omega=0.628319, horizon=[0, 20], periods=2)
  lambda_min(W)   : 1.0000e+01   (Eq. 3, must be > 0)
  eps_(d,q)       : 0.0000e+00
noise             : TruncatedGaussianNoise(sigma=0.002, bound=0.006)
data              : TrajectoryData(P=128, N=201, n=3, horizon=[0, 20])
  train / val     : 102 / 26
  data fill h_d   : 5.0000e-02
  coll fill h_r   : 2.5000e-02
bank              : cells 2..4, 2216458 parameters
estimator         : PIBE (Algorithm 1)
23:42:06 | INFO    | train_pibe         | disturbance observability  (sigma = 0.002, N = 201)
  i |       gain |    settled |  signature |     SNR |  eff SNR |
----------------------------------------------------------------------------
  1 |  3.040e-01 |  3.066e-01 |  5.519e-02 |   27.60 |   391.23 |
  2 |  2.835e-01 |  3.036e-01 |  5.465e-02 |   27.33 |   387.40 |
  3 |  1.472e-01 |  1.395e-01 |  1.674e-02 |    8.37 |   118.69 |

every basis function is observable above the noise floor.
23:42:06 | INFO    | pibe.training.trainer | cell 2/4: 1000 local iterations then 1500 fine-tuning iterations
23:42:07 | INFO    | pibe.training.trainer |   cell 2 | i=    0 | local  | obj=1.3001e+01 | data=1.2647e+01 | phys=3.5391e-01 | |g|=8.96e+01
23:42:22 | INFO    | pibe.training.trainer |   cell 2 | i=  250 | local  | obj=2.0417e-02 | data=1.8975e-02 | phys=1.4425e-03 | |g|=7.82e+00
23:42:37 | INFO    | pibe.training.trainer |   cell 2 | i=  500 | local  | obj=1.8433e-02 | data=1.4606e-02 | phys=3.8269e-03 | |g|=7.67e+00
23:42:51 | INFO    | pibe.training.trainer |   cell 2 | i=  750 | local  | obj=1.1188e-02 | data=9.3237e-03 | phys=1.8645e-03 | |g|=4.98e+00
23:43:06 | INFO    | pibe.training.trainer |   cell 2 | i= 1000 | global | obj=3.6260e-03 | data=3.4686e-03 | phys=1.5745e-04 | |g|=2.41e-01
23:43:22 | INFO    | pibe.training.trainer |   cell 2 | i= 1250 | global | obj=2.5046e-03 | data=2.2891e-03 | phys=2.1556e-04 | |g|=4.12e-01
23:43:37 | INFO    | pibe.training.trainer |   cell 2 | i= 1500 | global | obj=6.6466e-04 | data=4.4594e-04 | phys=2.1873e-04 | |g|=4.09e-02
23:43:52 | INFO    | pibe.training.trainer |   cell 2 | i= 1750 | global | obj=1.9634e-04 | data=1.6135e-04 | phys=3.4992e-05 | |g|=4.04e-02
23:44:07 | INFO    | pibe.training.trainer |   cell 2 | i= 2000 | global | obj=1.7056e-04 | data=1.4566e-04 | phys=2.4905e-05 | |g|=1.21e-02
23:44:22 | INFO    | pibe.training.trainer |   cell 2 | i= 2250 | global | obj=1.2220e-04 | data=1.0524e-04 | phys=1.6963e-05 | |g|=5.85e-03
23:44:36 | INFO    | pibe.training.trainer |   cell 2 | i= 2499 | global | obj=1.8358e-04 | data=1.6636e-04 | phys=1.7225e-05 | |g|=2.18e-02
23:44:36 | INFO    | pibe.training.trainer |   cell 2 done in 150.2s | val local=1.5039e-04 (data=1.2289e-04, phys=2.7498e-05)
23:44:36 | INFO    | pibe.training.trainer | cell 3/4: 1000 local iterations then 1500 fine-tuning iterations
23:44:36 | INFO    | pibe.training.trainer |   cell 3 | i=    0 | local  | obj=1.7531e-01 | data=6.9370e-02 | phys=1.0594e-01 | |g|=1.15e+01
23:44:56 | INFO    | pibe.training.trainer |   cell 3 | i=  250 | local  | obj=4.2890e-03 | data=3.8517e-03 | phys=4.3734e-04 | |g|=2.76e-01
23:45:17 | INFO    | pibe.training.trainer |   cell 3 | i=  500 | local  | obj=1.7430e-03 | data=1.2851e-03 | phys=4.5793e-04 | |g|=2.83e-02
23:45:37 | INFO    | pibe.training.trainer |   cell 3 | i=  750 | local  | obj=1.4109e-03 | data=1.1030e-03 | phys=3.0787e-04 | |g|=2.31e-02
23:45:57 | INFO    | pibe.training.trainer |   cell 3 | i= 1000 | global | obj=1.6718e-03 | data=9.5150e-04 | phys=6.2463e-04 | |g|=1.05e-01
23:46:27 | INFO    | pibe.training.trainer |   cell 3 | i= 1250 | global | obj=5.9593e-04 | data=9.7045e-05 | phys=8.2929e-05 | |g|=9.88e-02
23:46:57 | INFO    | pibe.training.trainer |   cell 3 | i= 1500 | global | obj=1.0399e-03 | data=1.9208e-04 | phys=5.0542e-05 | |g|=3.15e-01
23:47:27 | INFO    | pibe.training.trainer |   cell 3 | i= 1750 | global | obj=5.5460e-04 | data=8.9489e-05 | phys=1.0147e-04 | |g|=2.88e-02
23:47:58 | INFO    | pibe.training.trainer |   cell 3 | i= 2000 | global | obj=6.2255e-04 | data=1.0489e-04 | phys=1.2271e-04 | |g|=5.15e-02
23:48:31 | INFO    | pibe.training.trainer |   cell 3 | i= 2250 | global | obj=6.4598e-04 | data=9.1313e-05 | phys=1.3855e-04 | |g|=2.53e-02
23:49:01 | INFO    | pibe.training.trainer |   cell 3 | i= 2499 | global | obj=6.0623e-04 | data=8.4676e-05 | phys=1.4588e-04 | |g|=2.67e-02
23:49:01 | INFO    | pibe.training.trainer |   cell 3 done in 264.3s | val local=1.8689e-04 (data=7.9454e-05, phys=1.0744e-04)
23:49:01 | INFO    | pibe.training.trainer | cell 4/4: 1000 local iterations then 1500 fine-tuning iterations
23:49:01 | INFO    | pibe.training.trainer |   cell 4 | i=    0 | local  | obj=2.9412e+00 | data=1.3159e+00 | phys=1.6253e+00 | |g|=1.99e+02
23:49:26 | INFO    | pibe.training.trainer |   cell 4 | i=  250 | local  | obj=4.9852e-01 | data=3.2544e-01 | phys=1.7308e-01 | |g|=1.08e+01
23:49:52 | INFO    | pibe.training.trainer |   cell 4 | i=  500 | local  | obj=4.6230e-01 | data=4.3106e-01 | phys=3.1239e-02 | |g|=7.38e+00
23:50:19 | INFO    | pibe.training.trainer |   cell 4 | i=  750 | local  | obj=4.5930e-01 | data=4.1672e-01 | phys=4.2578e-02 | |g|=3.82e+00
23:50:46 | INFO    | pibe.training.trainer |   cell 4 | i= 1000 | global | obj=4.5234e-01 | data=3.4685e-01 | phys=1.0491e-01 | |g|=1.98e+01
23:51:31 | INFO    | pibe.training.trainer |   cell 4 | i= 1250 | global | obj=4.0193e-03 | data=1.1063e-04 | phys=1.2020e-03 | |g|=2.67e+00
23:52:16 | INFO    | pibe.training.trainer |   cell 4 | i= 1500 | global | obj=4.1461e-03 | data=1.3775e-04 | phys=4.0325e-04 | |g|=1.40e+00
23:53:02 | INFO    | pibe.training.trainer |   cell 4 | i= 1750 | global | obj=2.2921e-03 | data=1.4510e-04 | phys=4.4725e-04 | |g|=1.52e+00
23:53:47 | INFO    | pibe.training.trainer |   cell 4 | i= 2000 | global | obj=2.2481e-03 | data=1.5508e-04 | phys=4.2286e-04 | |g|=1.71e+00
23:54:33 | INFO    | pibe.training.trainer |   cell 4 | i= 2250 | global | obj=1.6420e-03 | data=7.3988e-05 | phys=3.1818e-04 | |g|=1.01e+00
23:55:18 | INFO    | pibe.training.trainer |   cell 4 | i= 2500 | global | obj=1.9690e-03 | data=8.8724e-05 | phys=6.6604e-04 | |g|=1.92e+00
23:56:04 | INFO    | pibe.training.trainer |   cell 4 | i= 2750 | global | obj=2.0183e-03 | data=8.3513e-05 | phys=7.3391e-04 | |g|=1.87e+00
23:56:52 | INFO    | pibe.training.trainer |   cell 4 | i= 3000 | global | obj=2.0869e-03 | data=8.2474e-05 | phys=5.0890e-04 | |g|=1.67e+00
23:57:36 | INFO    | pibe.training.trainer |   cell 4 | i= 3250 | global | obj=9.0878e-04 | data=3.3398e-05 | phys=1.7831e-04 | |g|=7.63e-01
23:58:20 | INFO    | pibe.training.trainer |   cell 4 | i= 3500 | global | obj=9.7170e-04 | data=5.9038e-05 | phys=6.8411e-05 | |g|=1.24e-01
23:59:04 | INFO    | pibe.training.trainer |   cell 4 | i= 3750 | global | obj=1.9174e-03 | data=7.5183e-05 | phys=9.1273e-04 | |g|=2.20e+00
23:59:48 | INFO    | pibe.training.trainer |   cell 4 | i= 4000 | global | obj=1.0070e-03 | data=4.6263e-05 | phys=2.9341e-04 | |g|=1.18e+00
00:00:33 | INFO    | pibe.training.trainer |   cell 4 | i= 4250 | global | obj=5.9210e-04 | data=2.2991e-05 | phys=1.0960e-04 | |g|=2.31e-01
00:01:17 | INFO    | pibe.training.trainer |   cell 4 | i= 4500 | global | obj=6.2531e-04 | data=5.2177e-05 | phys=1.5341e-04 | |g|=7.92e-01
00:02:01 | INFO    | pibe.training.trainer |   cell 4 | i= 4750 | global | obj=1.1312e-03 | data=3.2687e-05 | phys=7.4195e-04 | |g|=2.12e+00
00:02:45 | INFO    | pibe.training.trainer |   cell 4 | i= 5000 | global | obj=3.2081e-04 | data=2.3180e-05 | phys=2.8524e-05 | |g|=2.15e-01
00:03:29 | INFO    | pibe.training.trainer |   cell 4 | i= 5250 | global | obj=3.0702e-04 | data=1.5970e-05 | phys=1.5058e-05 | |g|=1.74e-01
00:04:16 | INFO    | pibe.training.trainer |   cell 4 | i= 5500 | global | obj=3.2193e-04 | data=1.6645e-05 | phys=2.1699e-05 | |g|=2.18e-01
00:05:00 | INFO    | pibe.training.trainer |   cell 4 | i= 5750 | global | obj=2.0421e-04 | data=1.3276e-05 | phys=1.1525e-05 | |g|=6.05e-02
00:05:45 | INFO    | pibe.training.trainer |   cell 4 | i= 6000 | global | obj=2.4858e-04 | data=1.8331e-05 | phys=1.4834e-05 | |g|=1.48e-01
00:06:28 | INFO    | pibe.training.trainer |   cell 4 | i= 6250 | global | obj=1.9660e-04 | data=1.5312e-05 | phys=9.1166e-06 | |g|=5.69e-02
00:07:12 | INFO    | pibe.training.trainer |   cell 4 | i= 6500 | global | obj=1.7435e-04 | data=9.5064e-06 | phys=8.3878e-06 | |g|=5.32e-02
00:07:57 | INFO    | pibe.training.trainer |   cell 4 | i= 6750 | global | obj=1.9009e-04 | data=1.0305e-05 | phys=8.1636e-06 | |g|=2.21e-02
00:08:41 | INFO    | pibe.training.trainer |   cell 4 | i= 7000 | global | obj=2.1463e-04 | data=1.2044e-05 | phys=7.8139e-06 | |g|=2.39e-02
00:09:25 | INFO    | pibe.training.trainer |   cell 4 | i= 7250 | global | obj=2.1041e-04 | data=8.8718e-06 | phys=7.7928e-06 | |g|=2.86e-02
00:10:10 | INFO    | pibe.training.trainer |   cell 4 | i= 7499 | global | obj=1.7027e-04 | data=9.9528e-06 | phys=7.2762e-06 | |g|=9.99e-03
00:10:10 | INFO    | pibe.training.trainer |   cell 4 done in 1269.3s | val local=3.1627e-05 (data=1.1796e-05, phys=1.9831e-05)
00:10:11 | INFO    | train_pibe         | train metrics:
state errors (L2 / sup):
  x_1: 1.0792e-02 / 6.1258e-02
  x_2: 6.1535e-02 / 3.6585e-01
  x_3: 5.9098e-02 / 4.6483e-01
parameter errors (|err| / spread):
  theta_1: 3.8651e-02 / 6.1933e-03
  theta_2: 3.5125e-02 / 5.4930e-03
disturbance: L2=7.8412e-02, sup=2.5627e-01
output fit: L2=1.0978e-02
00:10:11 | INFO    | train_pibe         | val metrics:
state errors (L2 / sup):
  x_1: 1.0911e-02 / 6.3254e-02
  x_2: 5.9406e-02 / 3.1806e-01
  x_3: 6.0204e-02 / 4.1041e-01
parameter errors (|err| / spread):
  theta_1: 3.7181e-02 / 6.4987e-03
  theta_2: 3.4487e-02 / 6.7162e-03
disturbance: L2=7.6168e-02, sup=2.1319e-01
output fit: L2=1.1176e-02
00:10:14 | INFO    | train_pibe         | oracle comparison (train):
 cell |   L_Loc @ truth | L_Loc @ trained | winner
------------------------------------------------------------
    2 |      3.9234e-06 |      2.1489e-04 | truth
    3 |      7.1342e-36 |      5.7054e-05 | truth
    4 |      2.7159e-35 |      1.8671e-05 | truth
------------------------------------------------------------
L_Tot @ truth   : 2.3797e-06
L_Tot @ trained : 1.9344e-04
noise floor     : 3.8933e-06 (the cell-2 data term cannot honestly go below this)

verdict: optimization failure: the true solution attains a lower objective than training reached, so it is representable and preferred but was not found. Lengthen end-to-end fine-tuning (lower N_par / raise lr_global) and check that no head is pinned to the boundary of its admissible box.
00:10:14 | INFO    | pibe.eval.figures  | wrote outputs/repro_fixed/figures/states.png
00:10:15 | INFO    | pibe.eval.figures  | wrote outputs/repro_fixed/figures/disturbance.png
00:10:15 | INFO    | matplotlib.mathtext | Substituting symbol A from STIXNonUnicode
00:10:15 | INFO    | pibe.eval.figures  | wrote outputs/repro_fixed/figures/parameters.png
00:10:15 | INFO    | pibe.eval.figures  | wrote outputs/repro_fixed/figures/errors.png
00:10:15 | INFO    | train_pibe         | figures: states.png, disturbance.png, parameters.png, errors.png
00:10:15 | INFO    | train_pibe         | artifacts written to outputs/repro_fixed
