17:57:56 | INFO    | train_pibe         | experiment:
system            : automatica_n4(n=4) on cpu (torch.float64)
true theta        : [0.23502650090327654, 0.10390993219989397, -0.020308528436274564]
basis             : FourierBasis(q=4, H=2, omega=1.25664, horizon=[0, 20], periods=4)
  lambda_min(W)   : 1.0000e+01   (Eq. 3, must be > 0)
  eps_(d,q)       : 0.0000e+00
noise             : TruncatedGaussianNoise(sigma=0.01, bound=0.03)
data              : TrajectoryData(P=64, N=201, n=4, horizon=[0, 20])
  train / val     : 51 / 13
  data fill h_d   : 5.0000e-02
  coll fill h_r   : 2.5000e-02
bank              : cells 2..5, 414222 parameters
17:57:56 | INFO    | pibe.training.trainer | cell 2/5: 3000 local iterations then 3000 fine-tuning iterations
17:57:57 | INFO    | pibe.training.trainer |   cell 2 | i=    0 | local  | obj=7.0615e+01 | data=1.4154e+01 | phys=5.6461e+01 | |g|=3.18e+02
17:58:54 | INFO    | pibe.training.trainer |   cell 2 | i= 3000 | global | obj=1.6793e-03 | data=1.3524e-03 | phys=3.2684e-04 | |g|=1.73e+00
17:59:50 | INFO    | pibe.training.trainer |   cell 2 | i= 5999 | global | obj=3.2318e-04 | data=2.2545e-04 | phys=9.7731e-05 | |g|=4.22e-02
17:59:50 | INFO    | pibe.training.trainer |   cell 2 done in 113.9s | val local=7.4476e-04 (data=5.0581e-04, phys=2.3894e-04)
17:59:50 | INFO    | pibe.training.trainer | cell 3/5: 3000 local iterations then 3000 fine-tuning iterations
17:59:50 | INFO    | pibe.training.trainer |   cell 3 | i=    0 | local  | obj=8.5813e+00 | data=8.5087e-01 | phys=7.7304e+00 | |g|=7.00e+01
18:01:09 | INFO    | pibe.training.trainer |   cell 3 | i= 3000 | global | obj=5.6419e-04 | data=2.7462e-04 | phys=5.8772e-05 | |g|=5.86e-02
18:03:06 | INFO    | pibe.training.trainer |   cell 3 | i= 5999 | global | obj=1.7770e-04 | data=2.5574e-05 | phys=1.2931e-05 | |g|=1.83e-02
18:03:06 | INFO    | pibe.training.trainer |   cell 3 done in 195.6s | val local=8.3823e-05 (data=5.4864e-05, phys=2.8959e-05)
18:03:06 | INFO    | pibe.training.trainer | cell 4/5: 3000 local iterations then 3000 fine-tuning iterations
18:03:06 | INFO    | pibe.training.trainer |   cell 4 | i=    0 | local  | obj=4.8531e+00 | data=7.3859e-01 | phys=4.1145e+00 | |g|=4.47e+01
18:05:03 | INFO    | pibe.training.trainer |   cell 4 | i= 3000 | global | obj=5.1228e-04 | data=2.7868e-04 | phys=8.6065e-05 | |g|=9.56e-02
18:08:11 | INFO    | pibe.training.trainer |   cell 4 | i= 5999 | global | obj=1.7759e-04 | data=1.0722e-05 | phys=1.3060e-05 | |g|=8.23e-03
18:08:11 | INFO    | pibe.training.trainer |   cell 4 done in 304.9s | val local=3.0165e-05 (data=1.3284e-05, phys=1.6882e-05)
18:08:11 | INFO    | pibe.training.trainer | cell 5/5: 3000 local iterations then 3000 fine-tuning iterations
18:08:11 | INFO    | pibe.training.trainer |   cell 5 | i=    0 | local  | obj=9.6885e+00 | data=5.6631e-01 | phys=9.1222e+00 | |g|=6.75e+01
18:10:20 | INFO    | pibe.training.trainer |   cell 5 | i= 3000 | global | obj=2.0937e-01 | data=2.0184e-01 | phys=7.4115e-03 | |g|=1.17e+01
18:14:34 | INFO    | pibe.training.trainer |   cell 5 | i= 6000 | global | obj=2.1823e-03 | data=2.5115e-05 | phys=1.4141e-03 | |g|=3.07e+00
18:19:12 | INFO    | pibe.training.trainer |   cell 5 | i= 9000 | global | obj=9.2331e-04 | data=1.7649e-05 | phys=5.2438e-04 | |g|=1.80e+00
18:23:37 | INFO    | pibe.training.trainer |   cell 5 | i=12000 | global | obj=8.1948e-04 | data=1.0396e-05 | phys=5.0937e-04 | |g|=1.80e+00
18:27:58 | INFO    | pibe.training.trainer |   cell 5 | i=15000 | global | obj=7.7887e-04 | data=1.4326e-05 | phys=4.8558e-04 | |g|=1.80e+00
19:01:07 | INFO    | pibe.training.trainer |   cell 5 | i=18000 | global | obj=1.2194e-04 | data=3.8985e-06 | phys=6.1591e-06 | |g|=1.01e-01
19:28:53 | INFO    | pibe.training.trainer |   cell 5 | i=21000 | global | obj=9.8533e-05 | data=2.7043e-06 | phys=4.1519e-06 | |g|=3.21e-02
19:33:21 | INFO    | pibe.training.trainer |   cell 5 | i=24000 | global | obj=9.6441e-05 | data=3.2007e-06 | phys=5.7066e-06 | |g|=7.99e-02
19:37:47 | INFO    | pibe.training.trainer |   cell 5 | i=27000 | global | obj=9.9649e-05 | data=3.1651e-06 | phys=8.9570e-06 | |g|=2.11e-01
19:41:44 | INFO    | pibe.training.trainer |   cell 5 | i=30000 | global | obj=8.2848e-05 | data=1.4718e-06 | phys=2.7164e-06 | |g|=1.44e-02
19:45:49 | INFO    | pibe.training.trainer |   cell 5 | i=33000 | global | obj=8.4606e-05 | data=1.7286e-06 | phys=2.0678e-06 | |g|=6.86e-03
19:47:00 | INFO    | pibe.training.trainer |   cell 5 | i=33999 | global | obj=8.3663e-05 | data=1.2868e-06 | phys=2.3039e-06 | |g|=1.27e-02
19:47:00 | INFO    | pibe.training.trainer |   cell 5 done in 3135.1s | val local=2.2000e-05 (data=3.5895e-06, phys=1.8410e-05)
19:47:00 | INFO    | train_pibe         | train metrics:
state errors (L2 / sup):
  x_1: 4.5099e-03 / 8.9061e-02
  x_2: 8.0177e-02 / 4.1225e-01
  x_3: 2.9783e-01 / 7.1020e-01
  x_4: 3.2777e-01 / 7.7681e-01
parameter errors (|err| / spread):
  theta_1: 9.2095e-02 / 6.5429e-03
  theta_2: 2.9198e-01 / 1.1681e-03
  theta_3: 3.6826e-01 / 3.2856e-03
disturbance: L2=5.2487e-02, sup=1.3223e-01
output fit: L2=1.0862e-02
19:47:00 | INFO    | train_pibe         | val metrics:
state errors (L2 / sup):
  x_1: 6.0128e-03 / 6.8885e-02
  x_2: 8.0573e-02 / 3.1817e-01
  x_3: 2.9856e-01 / 7.0363e-01
  x_4: 3.2945e-01 / 7.0597e-01
parameter errors (|err| / spread):
  theta_1: 9.2898e-02 / 8.2166e-03
  theta_2: 2.9197e-01 / 1.2444e-03
  theta_3: 3.6777e-01 / 3.1544e-03
disturbance: L2=5.1779e-02, sup=1.3586e-01
output fit: L2=1.2016e-02
19:47:03 | INFO    | train_pibe         | oracle comparison (train):
 cell |   L_Loc @ truth | L_Loc @ trained | winner
------------------------------------------------------------
    2 |      9.7379e-05 |      1.2941e-04 | truth
    3 |      6.8946e-36 |      6.0544e-06 | truth
    4 |      7.6615e-36 |      3.4036e-06 | truth
    5 |      1.8597e-34 |      3.6451e-06 | truth
------------------------------------------------------------
L_Tot @ truth   : 5.3443e-05
L_Tot @ trained : 8.1509e-05
noise floor     : 9.7334e-05 (the cell-2 data term cannot honestly go below this)

verdict: optimization failure: the true solution attains a lower objective than training reached, so it is representable and preferred but was not found. Lengthen end-to-end fine-tuning (lower N_par / raise lr_global) and check that no head is pinned to the boundary of its admissible box.
19:47:03 | INFO    | train_pibe         | artifacts written to outputs/ff_alg1
