16:50:16 | INFO    | train_pibe         | experiment:
system            : automatica_n3v2(n=3) on cpu (torch.float64)
true theta        : [0.23502650090327654, 0.10390993219989397]
disturbance       : one a shared by all trajectories
basis             : FourierBasis(q=3, H=2, omega=1.25664, horizon=[0, 20], periods=4)
  lambda_min(W)   : 1.0000e+01   (Eq. 3, must be > 0)
  eps_(d,q)       : 0.0000e+00
noise             : TruncatedGaussianNoise(sigma=0.05, bound=0.15000000000000002)
data              : TrajectoryData(P=64, N=201, n=3, horizon=[0, 20])
  train / val     : 51 / 13
  data fill h_d   : 5.0000e-02
  coll fill h_r   : 2.5000e-02
bank              : cells 2..4, 306410 parameters
estimator         : PIBE (Algorithm 1)
16:50:16 | INFO    | train_pibe         | disturbance observability  (sigma = 0.05, N = 201)
  i |       gain |    settled |  signature |     SNR |  eff SNR |
----------------------------------------------------------------------------
  1 |  1.472e-01 |  1.395e-01 |  2.511e-02 |    0.50 |     7.12 |  <- below the noise floor
  2 |  1.369e-01 |  1.401e-01 |  2.522e-02 |    0.50 |     7.15 |  <- below the noise floor
  3 |  4.558e-02 |  3.413e-02 |  4.096e-03 |    0.08 |     1.16 |  <- below the noise floor

basis function 3 leaves a trace 0.08x the noise; it is not
recoverable pointwise. Reduce sigma, lower the basis frequency, lengthen the
horizon, or reduce q -- training cannot help.
16:50:16 | INFO    | pibe.training.trainer | cell 2/4: 3000 local iterations then 3000 fine-tuning iterations
16:50:17 | INFO    | pibe.training.trainer |   cell 2 | i=    0 | local  | obj=1.5176e+01 | data=1.2153e+01 | phys=3.0229e+00 | |g|=6.52e+01
16:50:47 | INFO    | pibe.training.trainer |   cell 2 | i=  500 | local  | obj=7.8727e-03 | data=7.0848e-03 | phys=7.8793e-04 | |g|=1.90e+00
16:51:18 | INFO    | pibe.training.trainer |   cell 2 | i= 1000 | local  | obj=3.0328e-03 | data=2.9303e-03 | phys=1.0244e-04 | |g|=1.68e-01
16:51:49 | INFO    | pibe.training.trainer |   cell 2 | i= 1500 | local  | obj=2.8475e-03 | data=2.7732e-03 | phys=7.4363e-05 | |g|=4.59e-02
16:52:20 | INFO    | pibe.training.trainer |   cell 2 | i= 2000 | local  | obj=2.9900e-03 | data=2.8584e-03 | phys=1.3167e-04 | |g|=4.70e-01
16:52:51 | INFO    | pibe.training.trainer |   cell 2 | i= 2500 | local  | obj=2.6159e-03 | data=2.5595e-03 | phys=5.6471e-05 | |g|=1.40e-01
16:53:22 | INFO    | pibe.training.trainer |   cell 2 | i= 3000 | global | obj=2.5191e-03 | data=2.4681e-03 | phys=5.0971e-05 | |g|=4.48e-02
16:53:53 | INFO    | pibe.training.trainer |   cell 2 | i= 3500 | global | obj=2.6869e-03 | data=2.6307e-03 | phys=5.6250e-05 | |g|=2.64e-01
16:54:24 | INFO    | pibe.training.trainer |   cell 2 | i= 4000 | global | obj=2.4147e-03 | data=2.3909e-03 | phys=2.3721e-05 | |g|=1.25e-01
16:54:56 | INFO    | pibe.training.trainer |   cell 2 | i= 4500 | global | obj=2.4976e-03 | data=2.4751e-03 | phys=2.2467e-05 | |g|=5.68e-02
16:55:27 | INFO    | pibe.training.trainer |   cell 2 | i= 5000 | global | obj=2.4842e-03 | data=2.4633e-03 | phys=2.0848e-05 | |g|=8.64e-02
16:55:58 | INFO    | pibe.training.trainer |   cell 2 | i= 5500 | global | obj=2.4586e-03 | data=2.4411e-03 | phys=1.7505e-05 | |g|=6.49e-03
16:56:29 | INFO    | pibe.training.trainer |   cell 2 | i= 5999 | global | obj=2.3940e-03 | data=2.3789e-03 | phys=1.5126e-05 | |g|=1.72e-02
16:56:29 | INFO    | pibe.training.trainer |   cell 2 done in 372.7s | val local=2.5302e-03 (data=2.4384e-03, phys=9.1863e-05)
16:56:29 | INFO    | pibe.training.trainer | cell 3/4: 3000 local iterations then 3000 fine-tuning iterations
16:56:29 | INFO    | pibe.training.trainer |   cell 3 | i=    0 | local  | obj=1.4343e+00 | data=8.9119e-01 | phys=5.4313e-01 | |g|=1.08e+01
16:57:11 | INFO    | pibe.training.trainer |   cell 3 | i=  500 | local  | obj=1.1519e-03 | data=8.8357e-04 | phys=2.6832e-04 | |g|=6.35e-02
16:57:53 | INFO    | pibe.training.trainer |   cell 3 | i= 1000 | local  | obj=7.9382e-04 | data=4.9488e-04 | phys=2.9894e-04 | |g|=3.24e-01
16:58:35 | INFO    | pibe.training.trainer |   cell 3 | i= 1500 | local  | obj=2.4160e-04 | data=1.6839e-04 | phys=7.3211e-05 | |g|=2.98e-02
16:59:18 | INFO    | pibe.training.trainer |   cell 3 | i= 2000 | local  | obj=2.1937e-04 | data=1.3921e-04 | phys=8.0157e-05 | |g|=1.24e-01
17:00:00 | INFO    | pibe.training.trainer |   cell 3 | i= 2500 | local  | obj=1.3483e-04 | data=1.1227e-04 | phys=2.2556e-05 | |g|=4.63e-02
17:00:42 | INFO    | pibe.training.trainer |   cell 3 | i= 3000 | global | obj=1.8848e-03 | data=8.3414e-05 | phys=1.8411e-05 | |g|=2.81e-02
17:01:45 | INFO    | pibe.training.trainer |   cell 3 | i= 3500 | global | obj=1.7652e-03 | data=2.5619e-05 | phys=1.3276e-05 | |g|=7.47e-02
17:02:48 | INFO    | pibe.training.trainer |   cell 3 | i= 4000 | global | obj=1.8732e-03 | data=2.9676e-05 | phys=1.6119e-05 | |g|=1.09e-01
17:03:50 | INFO    | pibe.training.trainer |   cell 3 | i= 4500 | global | obj=1.7865e-03 | data=1.2804e-05 | phys=6.9904e-06 | |g|=5.10e-02
17:04:53 | INFO    | pibe.training.trainer |   cell 3 | i= 5000 | global | obj=1.8096e-03 | data=8.0887e-06 | phys=4.9261e-06 | |g|=3.52e-02
17:05:56 | INFO    | pibe.training.trainer |   cell 3 | i= 5500 | global | obj=1.7427e-03 | data=8.1467e-06 | phys=4.7608e-06 | |g|=2.11e-02
17:06:58 | INFO    | pibe.training.trainer |   cell 3 | i= 5999 | global | obj=1.7716e-03 | data=7.7941e-06 | phys=4.1378e-06 | |g|=7.29e-03
17:06:58 | INFO    | pibe.training.trainer |   cell 3 done in 629.3s | val local=3.5162e-05 (data=2.2548e-05, phys=1.2614e-05)
17:06:58 | INFO    | pibe.training.trainer | cell 4/4: 3000 local iterations then 3000 fine-tuning iterations
17:06:58 | INFO    | pibe.training.trainer |   cell 4 | i=    0 | local  | obj=3.2295e+00 | data=7.9415e-01 | phys=2.4354e+00 | |g|=1.82e+01
17:07:51 | INFO    | pibe.training.trainer |   cell 4 | i=  500 | local  | obj=3.4436e-01 | data=2.5828e-01 | phys=8.6080e-02 | |g|=4.43e+00
17:08:44 | INFO    | pibe.training.trainer |   cell 4 | i= 1000 | local  | obj=3.3658e-01 | data=2.7848e-01 | phys=5.8103e-02 | |g|=1.74e+00
17:09:37 | INFO    | pibe.training.trainer |   cell 4 | i= 1500 | local  | obj=3.3410e-01 | data=2.9584e-01 | phys=3.8263e-02 | |g|=6.92e-02
17:10:30 | INFO    | pibe.training.trainer |   cell 4 | i= 2000 | local  | obj=3.3648e-01 | data=2.9772e-01 | phys=3.8757e-02 | |g|=5.53e-02
17:11:24 | INFO    | pibe.training.trainer |   cell 4 | i= 2500 | local  | obj=3.3999e-01 | data=2.8092e-01 | phys=5.9070e-02 | |g|=1.71e+00
17:12:16 | INFO    | pibe.training.trainer |   cell 4 | i= 3000 | global | obj=3.3587e-01 | data=2.9519e-01 | phys=3.9192e-02 | |g|=9.89e+00
17:13:50 | INFO    | pibe.training.trainer |   cell 4 | i= 3500 | global | obj=1.7735e-03 | data=5.5115e-05 | phys=3.6992e-05 | |g|=1.68e-01
17:15:24 | INFO    | pibe.training.trainer |   cell 4 | i= 4000 | global | obj=1.7633e-03 | data=4.4331e-05 | phys=7.3837e-05 | |g|=3.30e-01
17:17:00 | INFO    | pibe.training.trainer |   cell 4 | i= 4500 | global | obj=2.5391e-03 | data=1.5164e-04 | phys=4.8323e-04 | |g|=1.02e+00
17:18:36 | INFO    | pibe.training.trainer |   cell 4 | i= 5000 | global | obj=1.7072e-03 | data=3.5323e-05 | phys=5.9217e-05 | |g|=3.04e-01
17:20:12 | INFO    | pibe.training.trainer |   cell 4 | i= 5500 | global | obj=1.6319e-03 | data=2.8101e-05 | phys=1.6371e-05 | |g|=7.99e-02
17:21:46 | INFO    | pibe.training.trainer |   cell 4 | i= 6000 | global | obj=1.9252e-03 | data=2.0968e-05 | phys=2.0827e-04 | |g|=5.98e-01
17:23:20 | INFO    | pibe.training.trainer |   cell 4 | i= 6500 | global | obj=1.5475e-03 | data=1.9409e-05 | phys=1.0250e-05 | |g|=1.55e-02
17:24:54 | INFO    | pibe.training.trainer |   cell 4 | i= 7000 | global | obj=1.5087e-03 | data=1.5121e-05 | phys=1.8636e-05 | |g|=1.39e-01
17:26:28 | INFO    | pibe.training.trainer |   cell 4 | i= 7500 | global | obj=1.5540e-03 | data=1.1165e-05 | phys=4.2225e-05 | |g|=2.41e-01
17:28:02 | INFO    | pibe.training.trainer |   cell 4 | i= 8000 | global | obj=1.6098e-03 | data=2.3879e-05 | phys=4.8533e-05 | |g|=3.19e-01
17:29:35 | INFO    | pibe.training.trainer |   cell 4 | i= 8500 | global | obj=1.5514e-03 | data=9.8000e-06 | phys=7.6862e-05 | |g|=3.55e-01
17:31:10 | INFO    | pibe.training.trainer |   cell 4 | i= 9000 | global | obj=1.4765e-03 | data=4.5797e-06 | phys=6.1663e-06 | |g|=2.19e-02
17:32:44 | INFO    | pibe.training.trainer |   cell 4 | i= 9500 | global | obj=1.5708e-03 | data=3.3745e-06 | phys=2.6118e-05 | |g|=1.99e-01
17:34:18 | INFO    | pibe.training.trainer |   cell 4 | i=10000 | global | obj=1.5014e-03 | data=4.4495e-06 | phys=1.2855e-05 | |g|=9.84e-02
17:35:52 | INFO    | pibe.training.trainer |   cell 4 | i=10500 | global | obj=1.4202e-03 | data=2.8317e-06 | phys=4.4972e-06 | |g|=2.95e-02
17:37:26 | INFO    | pibe.training.trainer |   cell 4 | i=11000 | global | obj=1.4828e-03 | data=3.8733e-06 | phys=7.4351e-06 | |g|=7.07e-02
17:39:00 | INFO    | pibe.training.trainer |   cell 4 | i=11500 | global | obj=1.5406e-03 | data=1.5877e-06 | phys=4.1536e-06 | |g|=6.26e-02
17:40:35 | INFO    | pibe.training.trainer |   cell 4 | i=12000 | global | obj=1.4939e-03 | data=1.4890e-06 | phys=9.0467e-06 | |g|=9.55e-02
17:42:08 | INFO    | pibe.training.trainer |   cell 4 | i=12500 | global | obj=1.4489e-03 | data=1.2833e-06 | phys=3.9127e-06 | |g|=5.63e-02
17:43:43 | INFO    | pibe.training.trainer |   cell 4 | i=13000 | global | obj=1.4388e-03 | data=1.6357e-06 | phys=3.0845e-06 | |g|=3.68e-02
17:45:17 | INFO    | pibe.training.trainer |   cell 4 | i=13500 | global | obj=1.4763e-03 | data=1.1825e-06 | phys=2.7931e-06 | |g|=2.19e-02
17:46:51 | INFO    | pibe.training.trainer |   cell 4 | i=14000 | global | obj=1.4533e-03 | data=1.6868e-06 | phys=2.8226e-06 | |g|=1.52e-02
17:48:25 | INFO    | pibe.training.trainer |   cell 4 | i=14500 | global | obj=1.4400e-03 | data=7.9344e-07 | phys=2.1083e-06 | |g|=9.85e-03
17:49:59 | INFO    | pibe.training.trainer |   cell 4 | i=15000 | global | obj=1.4692e-03 | data=9.9333e-07 | phys=2.7920e-06 | |g|=5.05e-03
17:51:33 | INFO    | pibe.training.trainer |   cell 4 | i=15500 | global | obj=1.4860e-03 | data=1.2371e-06 | phys=3.0358e-06 | |g|=3.43e-03
17:53:08 | INFO    | pibe.training.trainer |   cell 4 | i=15999 | global | obj=1.4928e-03 | data=1.0493e-06 | phys=3.0015e-06 | |g|=2.06e-03
17:53:08 | INFO    | pibe.training.trainer |   cell 4 done in 2769.3s | val local=2.0027e-05 (data=3.3945e-06, phys=1.6632e-05)
17:53:08 | INFO    | train_pibe         | train metrics:
state errors (L2 / sup):
  x_1: 6.2936e-03 / 7.3597e-02
  x_2: 3.2937e-02 / 2.4434e-01
  x_3: 3.7064e-02 / 5.6527e-01
parameter errors (|err| / spread):
  theta_1: 2.1172e-02 / 8.3433e-03
  theta_2: 1.8309e-02 / 6.8900e-03
disturbance: L2=1.7506e-02, sup=5.5965e-02
output fit: L2=4.8952e-02
17:53:08 | INFO    | train_pibe         | val metrics:
state errors (L2 / sup):
  x_1: 7.3592e-03 / 5.8861e-02
  x_2: 2.8082e-02 / 2.0813e-01
  x_3: 3.2882e-02 / 5.5942e-01
parameter errors (|err| / spread):
  theta_1: 1.6640e-02 / 1.0059e-02
  theta_2: 1.5205e-02 / 9.2451e-03
disturbance: L2=1.7685e-02, sup=4.2032e-02
output fit: L2=4.8802e-02
17:53:11 | INFO    | train_pibe         | oracle comparison (train):
 cell |   L_Loc @ truth | L_Loc @ trained | winner
------------------------------------------------------------
    2 |      2.4635e-03 |      2.4118e-03 | trained
    3 |      5.4338e-36 |      4.4976e-06 | truth
    4 |      2.6223e-35 |      3.6922e-06 | truth
------------------------------------------------------------
L_Tot @ truth   : 1.4942e-03
L_Tot @ trained : 1.4700e-03
noise floor     : 2.4333e-03 (the cell-2 data term cannot honestly go below this)

verdict: loss-design failure: the objective scores the trained solution at or below the truth, so optimization cannot recover the parameters. This is the Remark 7 degeneracy; it needs excitation (Assumption 6) or extra information, not more training.
17:53:11 | INFO    | pibe.eval.figures  | wrote outputs/n3v2_K100_gauss/figures/states.png
17:53:11 | INFO    | pibe.eval.figures  | wrote outputs/n3v2_K100_gauss/figures/disturbance.png
17:53:12 | INFO    | matplotlib.mathtext | Substituting symbol A from STIXNonUnicode
17:53:12 | INFO    | pibe.eval.figures  | wrote outputs/n3v2_K100_gauss/figures/parameters.png
17:53:12 | INFO    | pibe.eval.figures  | wrote outputs/n3v2_K100_gauss/figures/errors.png
17:53:12 | INFO    | train_pibe         | figures: states.png, disturbance.png, parameters.png, errors.png
17:53:12 | INFO    | train_pibe         | artifacts written to outputs/n3v2_K100_gauss
