11:58:10 | INFO    | train_pibe         | experiment:
system            : automatica_n3v2(n=3) on cpu (torch.float64)
true theta        : [0.23502650090327654, 0.10390993219989397]
basis             : FourierBasis(q=3, H=2, omega=1.25664, horizon=[0, 20], periods=4)
  lambda_min(W)   : 1.0000e+01   (Eq. 3, must be > 0)
  eps_(d,q)       : 0.0000e+00
noise             : TruncatedGaussianNoise(sigma=0.002, bound=0.006)
data              : TrajectoryData(P=64, N=201, n=3, horizon=[0, 20])
  train / val     : 51 / 13
  data fill h_d   : 5.0000e-02
  coll fill h_r   : 2.5000e-02
bank              : cells 2..4, 277226 parameters
11:58:11 | INFO    | train_pibe         | disturbance observability  (sigma = 0.002, N = 201)
  i |       gain |    settled |  signature |     SNR |  eff SNR |
----------------------------------------------------------------------------
  1 |  1.472e-01 |  1.395e-01 |  2.511e-02 |   12.56 |   178.03 |
  2 |  1.369e-01 |  1.401e-01 |  2.522e-02 |   12.61 |   178.81 |
  3 |  4.558e-02 |  3.413e-02 |  4.096e-03 |    2.05 |    29.04 |

every basis function is observable above the noise floor.
11:58:11 | INFO    | pibe.training.trainer | cell 2/4: 3000 local iterations then 3000 fine-tuning iterations
11:58:11 | INFO    | pibe.training.trainer |   cell 2 | i=    0 | local  | obj=1.0201e+01 | data=5.9829e+00 | phys=4.2177e+00 | |g|=6.35e+01
11:58:43 | INFO    | pibe.training.trainer |   cell 2 | i= 3000 | global | obj=1.2080e-04 | data=8.1823e-05 | phys=3.8976e-05 | |g|=1.70e-01
11:59:15 | INFO    | pibe.training.trainer |   cell 2 | i= 5999 | global | obj=2.8909e-05 | data=2.2226e-05 | phys=6.6838e-06 | |g|=5.63e-03
11:59:15 | INFO    | pibe.training.trainer |   cell 2 done in 63.9s | val local=1.0144e-04 (data=3.9020e-05, phys=6.2422e-05)
11:59:15 | INFO    | pibe.training.trainer | cell 3/4: 3000 local iterations then 3000 fine-tuning iterations
11:59:15 | INFO    | pibe.training.trainer |   cell 3 | i=    0 | local  | obj=7.6166e-01 | data=1.4351e-01 | phys=6.1815e-01 | |g|=1.62e+01
11:59:58 | INFO    | pibe.training.trainer |   cell 3 | i= 3000 | global | obj=1.6159e-03 | data=7.9798e-04 | phys=7.9347e-04 | |g|=5.06e-02
12:01:20 | INFO    | pibe.training.trainer |   cell 3 | i= 5999 | global | obj=5.2520e-04 | data=7.9900e-05 | phys=1.0994e-04 | |g|=1.77e-03
12:01:20 | INFO    | pibe.training.trainer |   cell 3 done in 125.8s | val local=2.9912e-04 (data=1.0565e-04, phys=1.9348e-04)
12:01:20 | INFO    | pibe.training.trainer | cell 4/4: 3000 local iterations then 3000 fine-tuning iterations
12:01:20 | INFO    | pibe.training.trainer |   cell 4 | i=    0 | local  | obj=2.0684e+00 | data=4.7520e-01 | phys=1.5932e+00 | |g|=1.93e+01
12:02:30 | INFO    | pibe.training.trainer |   cell 4 | i= 3000 | global | obj=3.6905e-01 | data=3.2564e-01 | phys=4.3048e-02 | |g|=7.97e+00
12:04:36 | INFO    | pibe.training.trainer |   cell 4 | i= 6000 | global | obj=7.3320e-04 | data=6.3317e-05 | phys=5.5272e-05 | |g|=1.50e-01
12:06:40 | INFO    | pibe.training.trainer |   cell 4 | i= 9000 | global | obj=1.1803e-04 | data=1.4703e-05 | phys=2.2735e-05 | |g|=1.78e-01
12:08:43 | INFO    | pibe.training.trainer |   cell 4 | i=12000 | global | obj=5.9688e-05 | data=5.0998e-06 | phys=2.3639e-05 | |g|=1.55e-01
12:10:46 | INFO    | pibe.training.trainer |   cell 4 | i=15000 | global | obj=2.4003e-05 | data=1.8060e-06 | phys=4.9988e-06 | |g|=9.68e-02
12:12:49 | INFO    | pibe.training.trainer |   cell 4 | i=18000 | global | obj=1.2727e-04 | data=1.3636e-05 | phys=6.6919e-05 | |g|=3.73e-01
12:14:52 | INFO    | pibe.training.trainer |   cell 4 | i=21000 | global | obj=3.1830e-05 | data=1.4586e-06 | phys=1.5507e-05 | |g|=1.19e-01
12:16:54 | INFO    | pibe.training.trainer |   cell 4 | i=24000 | global | obj=9.7040e-06 | data=5.8224e-07 | phys=8.2305e-07 | |g|=1.78e-02
12:18:57 | INFO    | pibe.training.trainer |   cell 4 | i=27000 | global | obj=1.0150e-05 | data=6.3849e-07 | phys=1.7257e-06 | |g|=2.28e-02
12:21:01 | INFO    | pibe.training.trainer |   cell 4 | i=30000 | global | obj=7.7049e-06 | data=4.1339e-07 | phys=6.9538e-07 | |g|=1.28e-02
12:23:03 | INFO    | pibe.training.trainer |   cell 4 | i=33000 | global | obj=7.3788e-06 | data=3.4794e-07 | phys=4.5383e-07 | |g|=4.48e-03
12:25:06 | INFO    | pibe.training.trainer |   cell 4 | i=35999 | global | obj=7.6501e-06 | data=2.5508e-07 | phys=4.4736e-07 | |g|=4.44e-04
12:25:06 | INFO    | pibe.training.trainer |   cell 4 done in 1426.0s | val local=2.4195e-06 (data=8.3173e-07, phys=1.5878e-06)
12:25:07 | INFO    | train_pibe         | train metrics:
state errors (L2 / sup):
  x_1: 1.9689e-03 / 2.8401e-02
  x_2: 1.5738e-02 / 1.8289e-01
  x_3: 2.3512e-02 / 4.2583e-01
parameter errors (|err| / spread):
  theta_1: 8.6163e-03 / 9.0177e-03
  theta_2: 7.5057e-03 / 7.7979e-03
disturbance: L2=9.3149e-03, sup=2.6283e-02
output fit: L2=2.8677e-03
12:25:07 | INFO    | train_pibe         | val metrics:
state errors (L2 / sup):
  x_1: 2.1749e-03 / 2.9059e-02
  x_2: 1.6121e-02 / 1.6203e-01
  x_3: 2.1626e-02 / 3.7544e-01
parameter errors (|err| / spread):
  theta_1: 8.6377e-03 / 9.3206e-03
  theta_2: 7.5020e-03 / 8.0675e-03
disturbance: L2=8.7416e-03, sup=2.2835e-02
output fit: L2=2.9749e-03
12:25:08 | INFO    | train_pibe         | oracle comparison (train):
 cell |   L_Loc @ truth | L_Loc @ trained | winner
------------------------------------------------------------
    2 |      3.9417e-06 |      9.5995e-06 | truth
    3 |      5.4714e-36 |      7.0798e-07 | truth
    4 |      1.5075e-34 |      6.4535e-07 | truth
------------------------------------------------------------
L_Tot @ truth   : 2.3907e-06
L_Tot @ trained : 7.0191e-06
noise floor     : 3.8933e-06 (the cell-2 data term cannot honestly go below this)

verdict: optimization failure: the true solution attains a lower objective than training reached, so it is representable and preferred but was not found. Lengthen end-to-end fine-tuning (lower N_par / raise lr_global) and check that no head is pinned to the boundary of its admissible box.
12:25:08 | INFO    | train_pibe         | artifacts written to outputs/n3v2_k24
