09:49:38 | INFO    | train_pibe         | experiment:
system            : automatica_n3v2(n=3) on cpu (torch.float64)
true theta        : [0.23502650090327654, 0.10390993219989397]
disturbance       : one a shared by all trajectories
basis             : FourierBasis(q=3, H=2, omega=1.25664, horizon=[0, 20], periods=4)
  lambda_min(W)   : 1.0000e+01   (Eq. 3, must be > 0)
  eps_(d,q)       : 0.0000e+00
noise             : BiasedNoise(TruncatedGaussianNoise(sigma=0.05, bound=0.15000000000000002), bias=+0.15)
data              : TrajectoryData(P=64, N=201, n=3, horizon=[0, 20])
  train / val     : 51 / 13
  data fill h_d   : 5.0000e-02
  coll fill h_r   : 2.5000e-02
bank              : cells 2..4, 284909 parameters
estimator         : EPIBE (Algorithm 2), N_EBM=1000, beta=1
residual supports (Assumption 3):
 cell |      rho_k |     B_E |        L_E |  nodes |    spacing |  |1-int p|
----------------------------------------------------------------------------
    2 |        1.2 |      12 |      14.18 |   1024 |    0.00234 |   0.00e+00
09:49:39 | INFO    | train_pibe         | disturbance observability  (sigma = 0.05, N = 201)
  i |       gain |    settled |  signature |     SNR |  eff SNR |
----------------------------------------------------------------------------
  1 |  1.472e-01 |  1.395e-01 |  2.511e-02 |    0.50 |     7.12 |  <- below the noise floor
  2 |  1.369e-01 |  1.401e-01 |  2.522e-02 |    0.50 |     7.15 |  <- below the noise floor
  3 |  4.558e-02 |  3.413e-02 |  4.096e-03 |    0.08 |     1.16 |  <- below the noise floor

basis function 3 leaves a trace 0.08x the noise; it is not
recoverable pointwise. Reduce sigma, lower the basis frequency, lengthen the
horizon, or reduce q -- training cannot help.
09:49:39 | INFO    | pibe.training.trainer | cell 2/4: 3000 local iterations then 3000 fine-tuning iterations
09:49:39 | INFO    | pibe.training.trainer |   cell 2 | i=    0 | warmup | obj=4.5401e-01 | data=1.8448e-01 | phys=2.6954e-01 | |g|=1.02e+01
09:49:56 | INFO    | pibe.training.trainer |   cell 2 | i=  500 | warmup | obj=3.1402e-03 | data=3.0056e-03 | phys=1.3461e-04 | |g|=1.01e-01
09:50:12 | INFO    | pibe.training.trainer |   cell 2 | i= 1000 | fit    | obj=1.9951e+02 | data=1.9951e+02 | phys=1.1183e-04 | |g|=7.61e+00
09:50:28 | INFO    | pibe.training.trainer |   cell 2 | i= 1500 | fit    | obj=1.9225e+02 | data=1.9225e+02 | phys=9.2177e-05 | |g|=5.74e+00
09:50:47 | INFO    | pibe.training.trainer |   cell 2 | i= 2000 | local  | obj=-1.2424e+00 | data=-1.2524e+00 | phys=9.9946e-03 | |g|=6.70e+01
09:51:08 | INFO    | pibe.training.trainer |   cell 2 | i= 2500 | local  | obj=-1.0248e+00 | data=-1.0281e+00 | phys=3.3575e-03 | |g|=1.34e+02
09:51:28 | INFO    | pibe.training.trainer |   cell 2 | i= 3000 | global | obj=-1.3289e+00 | data=-1.3302e+00 | phys=1.3109e-03 | |g|=1.43e+02
