14:16:25 | INFO    | train_pibe         | experiment:
system            : automatica_n3v2(n=3) on cpu (torch.float64)
true theta        : [0.23502650090327654, 0.10390993219989397]
disturbance       : one a shared by all trajectories
basis             : FourierBasis(q=3, H=2, omega=1.25664, horizon=[0, 20], periods=4)
  lambda_min(W)   : 1.0000e+01   (Eq. 3, must be > 0)
  eps_(d,q)       : 0.0000e+00
noise             : ContaminatedGaussianNoise(sigma=0.05, bound=0.5971)
data              : TrajectoryData(P=64, N=201, n=3, horizon=[0, 20])
  train / val     : 51 / 13
  data fill h_d   : 5.0000e-02
  coll fill h_r   : 2.5000e-02
bank              : cells 2..4, 284909 parameters
estimator         : EPIBE (Algorithm 2), N_EBM=1000, beta=1
residual supports (Assumption 3):
 cell |      rho_k |     B_E |        L_E |  nodes |    spacing |  |1-int p|
----------------------------------------------------------------------------
    2 |        0.9 |      12 |       18.9 |   1024 |    0.00176 |   3.33e-16
14:16:25 | INFO    | train_pibe         | disturbance observability  (sigma = 0.05, N = 201)
  i |       gain |    settled |  signature |     SNR |  eff SNR |
----------------------------------------------------------------------------
  1 |  1.472e-01 |  1.395e-01 |  2.511e-02 |    0.50 |     7.12 |  <- below the noise floor
  2 |  1.369e-01 |  1.401e-01 |  2.522e-02 |    0.50 |     7.15 |  <- below the noise floor
  3 |  4.558e-02 |  3.413e-02 |  4.096e-03 |    0.08 |     1.16 |  <- below the noise floor

basis function 3 leaves a trace 0.08x the noise; it is not
recoverable pointwise. Reduce sigma, lower the basis frequency, lengthen the
horizon, or reduce q -- training cannot help.
14:16:25 | INFO    | pibe.training.trainer | cell 2/4: 3000 local iterations then 3000 fine-tuning iterations
14:16:26 | INFO    | pibe.training.trainer |   cell 2 | i=    0 | warmup | obj=1.2097e+01 | data=1.1801e+01 | phys=2.9599e-01 | |g|=7.47e+01
14:16:37 | INFO    | pibe.training.trainer |   cell 2 | i=  500 | warmup | obj=7.1980e-03 | data=6.5001e-03 | phys=6.9794e-04 | |g|=2.36e+00
14:16:51 | INFO    | pibe.training.trainer |   cell 2 | i= 1000 | fit    | obj=6.8553e-01 | data=6.8495e-01 | phys=5.8025e-04 | |g|=1.74e+00
14:17:06 | INFO    | pibe.training.trainer |   cell 2 | i= 1500 | fit    | obj=-1.7732e+00 | data=-1.7737e+00 | phys=5.1653e-04 | |g|=4.20e-02
14:17:21 | INFO    | pibe.training.trainer |   cell 2 | i= 2000 | local  | obj=-1.2588e+00 | data=-1.2618e+00 | phys=3.0048e-03 | |g|=3.98e+01
14:17:38 | INFO    | pibe.training.trainer |   cell 2 | i= 2500 | local  | obj=-1.4221e+00 | data=-1.4235e+00 | phys=1.3929e-03 | |g|=2.07e+02
14:17:55 | INFO    | pibe.training.trainer |   cell 2 | i= 3000 | global | obj=-1.7237e+00 | data=-1.7260e+00 | phys=2.2804e-03 | |g|=1.36e+02
14:18:12 | INFO    | pibe.training.trainer |   cell 2 | i= 3500 | global | obj=-1.8465e+00 | data=-1.8484e+00 | phys=1.8948e-03 | |g|=1.38e+02
14:18:29 | INFO    | pibe.training.trainer |   cell 2 | i= 4000 | global | obj=-1.9810e+00 | data=-1.9821e+00 | phys=1.1192e-03 | |g|=1.05e+02
14:18:47 | INFO    | pibe.training.trainer |   cell 2 | i= 4500 | global | obj=-1.9463e+00 | data=-1.9475e+00 | phys=1.2008e-03 | |g|=1.04e+02
14:19:04 | INFO    | pibe.training.trainer |   cell 2 | i= 5000 | global | obj=-1.9966e+00 | data=-1.9977e+00 | phys=1.0959e-03 | |g|=7.41e+01
14:19:21 | INFO    | pibe.training.trainer |   cell 2 | i= 5500 | global | obj=-2.0179e+00 | data=-2.0188e+00 | phys=9.3576e-04 | |g|=5.08e+00
14:19:38 | INFO    | pibe.training.trainer |   cell 2 | i= 5999 | global | obj=-2.0426e+00 | data=-2.0435e+00 | phys=8.8207e-04 | |g|=9.45e+00
14:19:38 | INFO    | pibe.training.trainer |   cell 2 done in 193.0s | val local=-1.9796e+00 (data=-1.9814e+00, phys=1.8385e-03)
14:19:38 | INFO    | pibe.training.epibe_trainer |   cell 2 EBM | mu=-1.6907e-01 | sd=5.6327e-02 | log Z=+2.8253e+00 | |1-int p|=2.22e-16
14:19:38 | INFO    | pibe.training.epibe_trainer |   mu_omega_hat = -1.690689e-01  (Eq. 54)
14:19:38 | INFO    | pibe.training.trainer | cell 3/4: 3000 local iterations then 3000 fine-tuning iterations
14:19:38 | INFO    | pibe.training.trainer |   cell 3 | i=    0 | warmup | obj=5.6007e-01 | data=4.7157e-01 | phys=8.8492e-02 | |g|=6.10e+00
14:20:00 | INFO    | pibe.training.trainer |   cell 3 | i=  500 | warmup | obj=4.8859e-04 | data=3.7711e-04 | phys=1.1148e-04 | |g|=4.73e-02
14:20:21 | INFO    | pibe.training.trainer |   cell 3 | i= 1000 | fit    | obj=3.4350e-04 | data=1.9604e-04 | phys=1.4746e-04 | |g|=2.00e-01
14:20:43 | INFO    | pibe.training.trainer |   cell 3 | i= 1500 | fit    | obj=1.8992e-04 | data=1.5001e-04 | phys=3.9907e-05 | |g|=8.66e-02
14:21:04 | INFO    | pibe.training.trainer |   cell 3 | i= 2000 | local  | obj=1.2504e-04 | data=9.5234e-05 | phys=2.9809e-05 | |g|=3.99e-02
14:21:27 | INFO    | pibe.training.trainer |   cell 3 | i= 2500 | local  | obj=1.0912e-04 | data=9.1432e-05 | phys=1.7687e-05 | |g|=8.73e-02
14:21:48 | INFO    | pibe.training.trainer |   cell 3 | i= 3000 | global | obj=-1.4563e+00 | data=3.0175e-05 | phys=1.9930e-05 | |g|=1.12e+01
14:22:22 | INFO    | pibe.training.trainer |   cell 3 | i= 3500 | global | obj=-1.4234e+00 | data=5.2384e-05 | phys=1.9506e-05 | |g|=7.86e+01
14:22:56 | INFO    | pibe.training.trainer |   cell 3 | i= 4000 | global | obj=-1.2593e+00 | data=6.4989e-05 | phys=2.5083e-05 | |g|=1.82e+02
14:23:30 | INFO    | pibe.training.trainer |   cell 3 | i= 4500 | global | obj=-1.4364e+00 | data=4.7761e-05 | phys=1.3979e-05 | |g|=6.84e+01
14:24:03 | INFO    | pibe.training.trainer |   cell 3 | i= 5000 | global | obj=-1.4466e+00 | data=3.7269e-05 | phys=1.6062e-05 | |g|=2.73e+01
14:24:37 | INFO    | pibe.training.trainer |   cell 3 | i= 5500 | global | obj=-1.4659e+00 | data=3.5149e-05 | phys=1.0666e-05 | |g|=2.58e+01
14:25:17 | INFO    | pibe.training.trainer |   cell 3 | i= 5999 | global | obj=-1.4643e+00 | data=3.4795e-05 | phys=1.1749e-05 | |g|=3.40e+00
14:25:17 | INFO    | pibe.training.trainer |   cell 3 done in 339.2s | val local=8.0425e-05 (data=5.5702e-05, phys=2.4723e-05)
14:25:17 | INFO    | pibe.training.trainer | cell 4/4: 3000 local iterations then 3000 fine-tuning iterations
14:25:17 | INFO    | pibe.training.trainer |   cell 4 | i=    0 | warmup | obj=3.9851e+00 | data=3.7388e-01 | phys=3.6112e+00 | |g|=2.54e+01
14:25:47 | INFO    | pibe.training.trainer |   cell 4 | i=  500 | warmup | obj=4.9297e-01 | data=4.5461e-01 | phys=3.8362e-02 | |g|=2.21e+00
14:26:16 | INFO    | pibe.training.trainer |   cell 4 | i= 1000 | fit    | obj=4.8420e-01 | data=4.1414e-01 | phys=7.0055e-02 | |g|=9.98e-01
14:26:51 | INFO    | pibe.training.trainer |   cell 4 | i= 1500 | fit    | obj=4.8423e-01 | data=4.1567e-01 | phys=6.8566e-02 | |g|=8.84e-01
14:27:27 | INFO    | pibe.training.trainer |   cell 4 | i= 2000 | local  | obj=4.8524e-01 | data=4.2946e-01 | phys=5.5782e-02 | |g|=9.30e-02
14:28:00 | INFO    | pibe.training.trainer |   cell 4 | i= 2500 | local  | obj=4.8656e-01 | data=4.2864e-01 | phys=5.7918e-02 | |g|=8.13e-02
14:28:30 | INFO    | pibe.training.trainer |   cell 4 | i= 3000 | global | obj=-7.6264e-01 | data=4.2935e-01 | phys=5.5540e-02 | |g|=1.09e+01
14:29:20 | INFO    | pibe.training.trainer |   cell 4 | i= 3500 | global | obj=-6.9986e-01 | data=1.2597e-03 | phys=7.7143e-03 | |g|=2.33e+02
14:30:13 | INFO    | pibe.training.trainer |   cell 4 | i= 4000 | global | obj=-5.6616e-01 | data=5.0094e-03 | phys=1.4858e-02 | |g|=1.78e+02
14:31:04 | INFO    | pibe.training.trainer |   cell 4 | i= 4500 | global | obj=-9.0217e-01 | data=4.0807e-03 | phys=1.9984e-03 | |g|=2.56e+01
14:31:56 | INFO    | pibe.training.trainer |   cell 4 | i= 5000 | global | obj=-1.2028e+00 | data=2.3980e-04 | phys=5.9304e-04 | |g|=7.91e+01
14:32:47 | INFO    | pibe.training.trainer |   cell 4 | i= 5500 | global | obj=-1.1864e+00 | data=1.7300e-04 | phys=3.1027e-04 | |g|=9.26e+01
14:33:38 | INFO    | pibe.training.trainer |   cell 4 | i= 6000 | global | obj=-1.1624e+00 | data=1.3082e-04 | phys=2.7806e-04 | |g|=1.03e+02
14:34:28 | INFO    | pibe.training.trainer |   cell 4 | i= 6500 | global | obj=-1.2201e+00 | data=1.8205e-04 | phys=3.2134e-04 | |g|=5.59e+01
14:35:19 | INFO    | pibe.training.trainer |   cell 4 | i= 7000 | global | obj=-1.2172e+00 | data=9.2286e-05 | phys=4.3825e-04 | |g|=7.81e+01
14:36:10 | INFO    | pibe.training.trainer |   cell 4 | i= 7500 | global | obj=-9.8416e-01 | data=2.0085e-04 | phys=2.0314e-03 | |g|=1.69e+02
14:37:01 | INFO    | pibe.training.trainer |   cell 4 | i= 8000 | global | obj=-1.0657e+00 | data=3.3803e-04 | phys=1.3714e-03 | |g|=1.09e+02
14:37:59 | INFO    | pibe.training.trainer |   cell 4 | i= 8500 | global | obj=-1.1473e+00 | data=4.2735e-04 | phys=3.8417e-03 | |g|=4.94e+01
14:39:01 | INFO    | pibe.training.trainer |   cell 4 | i= 9000 | global | obj=-1.1733e+00 | data=4.9172e-04 | phys=8.0211e-04 | |g|=1.00e+02
14:39:57 | INFO    | pibe.training.trainer |   cell 4 | i= 9500 | global | obj=-1.1682e+00 | data=2.5918e-03 | phys=9.9319e-03 | |g|=3.21e+01
14:40:50 | INFO    | pibe.training.trainer |   cell 4 | i=10000 | global | obj=-1.0156e+00 | data=3.4029e-04 | phys=5.9817e-04 | |g|=1.93e+02
14:41:44 | INFO    | pibe.training.trainer |   cell 4 | i=10500 | global | obj=-1.1234e+00 | data=1.6258e-03 | phys=7.6289e-03 | |g|=4.23e+01
14:42:35 | INFO    | pibe.training.trainer |   cell 4 | i=11000 | global | obj=-1.2392e+00 | data=1.6562e-04 | phys=1.7807e-04 | |g|=3.16e+01
14:43:27 | INFO    | pibe.training.trainer |   cell 4 | i=11500 | global | obj=-1.2126e+00 | data=1.7482e-04 | phys=1.9439e-04 | |g|=4.03e+01
14:44:18 | INFO    | pibe.training.trainer |   cell 4 | i=12000 | global | obj=-1.1400e+00 | data=2.6205e-03 | phys=4.4610e-03 | |g|=1.17e+01
14:45:09 | INFO    | pibe.training.trainer |   cell 4 | i=12500 | global | obj=-7.8087e-01 | data=1.7532e-04 | phys=9.5145e-04 | |g|=2.20e+02
14:46:01 | INFO    | pibe.training.trainer |   cell 4 | i=13000 | global | obj=-1.2453e+00 | data=2.3623e-04 | phys=3.0019e-04 | |g|=4.42e+01
14:47:04 | INFO    | pibe.training.trainer |   cell 4 | i=13500 | global | obj=-1.1904e+00 | data=1.3075e-04 | phys=2.1787e-04 | |g|=8.48e+01
14:47:57 | INFO    | pibe.training.trainer |   cell 4 | i=14000 | global | obj=-1.1825e+00 | data=1.3082e-04 | phys=2.9363e-04 | |g|=9.95e+01
14:48:47 | INFO    | pibe.training.trainer |   cell 4 | i=14500 | global | obj=-1.1802e+00 | data=1.4319e-04 | phys=2.1567e-04 | |g|=9.55e+01
14:49:35 | INFO    | pibe.training.trainer |   cell 4 | i=15000 | global | obj=-1.1584e+00 | data=7.4860e-05 | phys=3.9266e-04 | |g|=1.03e+02
14:50:32 | INFO    | pibe.training.trainer |   cell 4 | i=15500 | global | obj=-1.1405e+00 | data=3.9627e-04 | phys=2.8971e-03 | |g|=9.19e+01
14:51:22 | INFO    | pibe.training.trainer |   cell 4 | i=16000 | global | obj=-1.1910e+00 | data=1.0823e-04 | phys=3.2545e-04 | |g|=9.13e+00
14:52:29 | INFO    | pibe.training.trainer |   cell 4 | i=16500 | global | obj=-1.2162e+00 | data=9.3324e-05 | phys=1.1149e-04 | |g|=4.32e+01
14:53:22 | INFO    | pibe.training.trainer |   cell 4 | i=17000 | global | obj=-1.2433e+00 | data=6.4594e-05 | phys=8.5324e-05 | |g|=3.16e+01
14:54:12 | INFO    | pibe.training.trainer |   cell 4 | i=17500 | global | obj=-1.2279e+00 | data=6.3165e-05 | phys=1.7731e-04 | |g|=6.39e+01
14:55:03 | INFO    | pibe.training.trainer |   cell 4 | i=18000 | global | obj=-1.2319e+00 | data=7.8490e-05 | phys=1.8544e-04 | |g|=4.55e+01
14:55:53 | INFO    | pibe.training.trainer |   cell 4 | i=18500 | global | obj=-1.2507e+00 | data=5.9897e-05 | phys=1.3155e-04 | |g|=3.34e+01
14:56:47 | INFO    | pibe.training.trainer |   cell 4 | i=19000 | global | obj=-1.2622e+00 | data=1.1063e-04 | phys=3.1478e-04 | |g|=3.77e+01
14:57:41 | INFO    | pibe.training.trainer |   cell 4 | i=19500 | global | obj=-1.2417e+00 | data=7.9421e-05 | phys=1.5408e-04 | |g|=9.78e+00
14:58:24 | INFO    | pibe.training.trainer |   cell 4 | i=20000 | global | obj=-1.2567e+00 | data=6.1046e-05 | phys=1.0153e-04 | |g|=2.61e+01
14:59:04 | INFO    | pibe.training.trainer |   cell 4 | i=20500 | global | obj=-1.2519e+00 | data=5.4952e-05 | phys=1.0188e-04 | |g|=7.45e+00
14:59:45 | INFO    | pibe.training.trainer |   cell 4 | i=21000 | global | obj=-1.2471e+00 | data=6.2789e-05 | phys=2.5700e-04 | |g|=1.31e+01
15:00:26 | INFO    | pibe.training.trainer |   cell 4 | i=21500 | global | obj=-1.2539e+00 | data=3.5731e-05 | phys=1.1763e-04 | |g|=3.15e+01
15:01:06 | INFO    | pibe.training.trainer |   cell 4 | i=22000 | global | obj=-1.2400e+00 | data=4.2337e-05 | phys=1.0961e-04 | |g|=2.76e+01
15:01:47 | INFO    | pibe.training.trainer |   cell 4 | i=22500 | global | obj=-1.2480e+00 | data=3.6742e-05 | phys=1.0448e-04 | |g|=3.39e+01
15:02:28 | INFO    | pibe.training.trainer |   cell 4 | i=23000 | global | obj=-1.2578e+00 | data=2.6106e-05 | phys=1.2366e-04 | |g|=3.08e+01
15:03:13 | INFO    | pibe.training.trainer |   cell 4 | i=23500 | global | obj=-1.2310e+00 | data=4.4205e-05 | phys=1.5708e-04 | |g|=5.83e+01
15:03:58 | INFO    | pibe.training.trainer |   cell 4 | i=24000 | global | obj=-1.2673e+00 | data=3.2273e-05 | phys=1.0241e-04 | |g|=4.73e+00
15:04:52 | INFO    | pibe.training.trainer |   cell 4 | i=24500 | global | obj=-1.2586e+00 | data=2.3504e-05 | phys=8.4334e-05 | |g|=7.09e+00
15:05:45 | INFO    | pibe.training.trainer |   cell 4 | i=25000 | global | obj=-1.2210e+00 | data=2.5491e-05 | phys=1.1600e-04 | |g|=6.12e+01
15:06:39 | INFO    | pibe.training.trainer |   cell 4 | i=25500 | global | obj=-1.2651e+00 | data=3.3196e-04 | phys=2.4460e-04 | |g|=6.44e+00
15:07:31 | INFO    | pibe.training.trainer |   cell 4 | i=26000 | global | obj=-1.2543e+00 | data=5.9361e-05 | phys=4.1958e-04 | |g|=3.55e+01
15:08:17 | INFO    | pibe.training.trainer |   cell 4 | i=26500 | global | obj=-1.2532e+00 | data=2.0540e-05 | phys=1.3246e-04 | |g|=2.83e+01
15:09:00 | INFO    | pibe.training.trainer |   cell 4 | i=27000 | global | obj=-1.2626e+00 | data=1.9467e-05 | phys=1.0275e-04 | |g|=2.13e+01
15:09:42 | INFO    | pibe.training.trainer |   cell 4 | i=27500 | global | obj=-1.2630e+00 | data=1.6495e-05 | phys=9.9269e-05 | |g|=1.13e+01
15:10:25 | INFO    | pibe.training.trainer |   cell 4 | i=28000 | global | obj=-1.2442e+00 | data=2.1164e-05 | phys=9.5810e-05 | |g|=4.13e+00
15:11:08 | INFO    | pibe.training.trainer |   cell 4 | i=28500 | global | obj=-1.2433e+00 | data=2.0410e-05 | phys=8.9458e-05 | |g|=1.17e+00
15:11:51 | INFO    | pibe.training.trainer |   cell 4 | i=29000 | global | obj=-1.2595e+00 | data=1.8168e-05 | phys=1.0357e-04 | |g|=1.09e+01
15:12:35 | INFO    | pibe.training.trainer |   cell 4 | i=29500 | global | obj=-1.2869e+00 | data=1.5559e-05 | phys=1.1512e-04 | |g|=1.97e+00
15:13:19 | INFO    | pibe.training.trainer |   cell 4 | i=30000 | global | obj=-1.2810e+00 | data=1.6883e-05 | phys=9.8034e-05 | |g|=8.79e-01
15:14:04 | INFO    | pibe.training.trainer |   cell 4 | i=30500 | global | obj=-1.2731e+00 | data=1.4046e-05 | phys=1.0944e-04 | |g|=3.17e+00
15:14:48 | INFO    | pibe.training.trainer |   cell 4 | i=31000 | global | obj=-1.2706e+00 | data=1.8427e-05 | phys=1.1533e-04 | |g|=2.70e+00
15:15:41 | INFO    | pibe.training.trainer |   cell 4 | i=31500 | global | obj=-1.2763e+00 | data=1.8149e-05 | phys=1.1714e-04 | |g|=3.62e+00
15:16:33 | INFO    | pibe.training.trainer |   cell 4 | i=32000 | global | obj=-1.2572e+00 | data=2.0817e-05 | phys=1.0418e-04 | |g|=1.70e+00
15:17:32 | INFO    | pibe.training.trainer |   cell 4 | i=32500 | global | obj=-1.2620e+00 | data=1.5433e-05 | phys=9.9679e-05 | |g|=3.95e+00
15:18:33 | INFO    | pibe.training.trainer |   cell 4 | i=33000 | global | obj=-1.2776e+00 | data=1.5824e-05 | phys=1.0997e-04 | |g|=1.43e+00
15:19:23 | INFO    | pibe.training.trainer |   cell 4 | i=33500 | global | obj=-1.2629e+00 | data=1.5192e-05 | phys=1.1274e-04 | |g|=1.47e+00
15:20:04 | INFO    | pibe.training.trainer |   cell 4 | i=34000 | global | obj=-1.2669e+00 | data=1.1966e-05 | phys=1.0470e-04 | |g|=1.57e+00
15:20:31 | INFO    | pibe.training.trainer |   cell 4 | i=34500 | global | obj=-1.2671e+00 | data=1.0643e-05 | phys=9.9904e-05 | |g|=1.23e+00
15:20:57 | INFO    | pibe.training.trainer |   cell 4 | i=35000 | global | obj=-1.2743e+00 | data=1.1238e-05 | phys=9.2185e-05 | |g|=1.51e+00
15:21:24 | INFO    | pibe.training.trainer |   cell 4 | i=35500 | global | obj=-1.2807e+00 | data=1.0496e-05 | phys=8.4022e-05 | |g|=2.45e-01
15:21:51 | INFO    | pibe.training.trainer |   cell 4 | i=35999 | global | obj=-1.2636e+00 | data=1.4770e-05 | phys=1.1229e-04 | |g|=2.72e-01
15:21:51 | INFO    | pibe.training.trainer |   cell 4 done in 3393.2s | val local=3.7094e-04 (data=4.7996e-05, phys=3.2294e-04)
15:21:51 | INFO    | train_pibe         | train metrics:
state errors (L2 / sup):
  x_1: 4.1484e-01 / 4.8980e-01
  x_2: 4.8975e-02 / 3.6396e-01
  x_3: 1.4563e-01 / 7.6132e-01
parameter errors (|err| / spread):
  theta_1: 4.0789e-02 / 9.3134e-03
  theta_2: 8.4339e-02 / 7.4043e-03
disturbance: L2=3.6920e-02, sup=9.1629e-02
output fit: L2=4.1712e-01
15:21:51 | INFO    | train_pibe         | val metrics:
state errors (L2 / sup):
  x_1: 4.1208e-01 / 4.6693e-01
  x_2: 4.9676e-02 / 2.2475e-01
  x_3: 1.4161e-01 / 6.3891e-01
parameter errors (|err| / spread):
  theta_1: 4.0696e-02 / 1.1636e-02
  theta_2: 8.3275e-02 / 6.0746e-03
disturbance: L2=3.8710e-02, sup=8.8641e-02
output fit: L2=4.1606e-01
15:21:53 | INFO    | train_pibe         | oracle comparison (train, scored on the quadratic objective):
 cell |   L_Loc @ truth | L_Loc @ trained | winner
------------------------------------------------------------
    2 |      2.6204e-03 |      1.7446e-01 | truth
    3 |      5.4338e-36 |      7.6076e-05 | truth
    4 |      2.6223e-35 |      1.1781e-04 | truth
------------------------------------------------------------
L_Tot @ truth   : 1.5894e-03
L_Tot @ trained : 1.0599e-01

verdict: optimization failure: the true solution attains a lower objective than training reached, so it is representable and preferred but was not found. Lengthen end-to-end fine-tuning (lower N_par / raise lr_global) and check that no head is pinned to the boundary of its admissible box.
15:21:53 | INFO    | train_pibe         | learned residual densities:
 cell |      rho_k |     B_E |        L_E |  nodes |    spacing |  |1-int p|
----------------------------------------------------------------------------
    2 |        0.9 |      12 |      849.7 |   1024 |    0.00176 |   2.22e-16
  mu_omega_hat = -4.140558e-01 (Eq. 54)   true sensor bias = +0.000000e+00
15:21:54 | INFO    | pibe.eval.figures  | wrote outputs/n3v2_hard_epibe/figures/states.png
15:21:54 | INFO    | pibe.eval.figures  | wrote outputs/n3v2_hard_epibe/figures/disturbance.png
15:21:54 | INFO    | matplotlib.mathtext | Substituting symbol A from STIXNonUnicode
15:21:54 | INFO    | pibe.eval.figures  | wrote outputs/n3v2_hard_epibe/figures/parameters.png
15:21:54 | INFO    | pibe.eval.figures  | wrote outputs/n3v2_hard_epibe/figures/errors.png
15:21:54 | INFO    | train_pibe         | figures: states.png, disturbance.png, parameters.png, errors.png
15:21:54 | INFO    | train_pibe         | artifacts written to outputs/n3v2_hard_epibe
