10:27:36 | INFO    | train_pibe         | experiment:
system            : automatica_n3v2(n=3) on cpu (torch.float64)
true theta        : [0.23502650090327654, 0.10390993219989397]
disturbance       : one a shared by all trajectories
basis             : FourierBasis(q=3, H=2, omega=1.25664, horizon=[0, 20], periods=4)
  lambda_min(W)   : 1.0000e+01   (Eq. 3, must be > 0)
  eps_(d,q)       : 0.0000e+00
noise             : BiasedNoise(TruncatedGaussianNoise(sigma=0.05, bound=0.15000000000000002), bias=+0.75)
data              : TrajectoryData(P=64, N=201, n=3, horizon=[0, 20])
  train / val     : 51 / 13
  data fill h_d   : 5.0000e-02
  coll fill h_r   : 2.5000e-02
bank              : cells 2..4, 284909 parameters
estimator         : EPIBE (Algorithm 2), N_EBM=1000, beta=1
residual supports (Assumption 3):
 cell |      rho_k |     B_E |        L_E |  nodes |    spacing |  |1-int p|
----------------------------------------------------------------------------
    2 |        1.2 |      12 |      14.18 |   1024 |    0.00234 |   0.00e+00
10:27:36 | INFO    | train_pibe         | disturbance observability  (sigma = 0.05, N = 201)
  i |       gain |    settled |  signature |     SNR |  eff SNR |
----------------------------------------------------------------------------
  1 |  1.472e-01 |  1.395e-01 |  2.511e-02 |    0.50 |     7.12 |  <- below the noise floor
  2 |  1.369e-01 |  1.401e-01 |  2.522e-02 |    0.50 |     7.15 |  <- below the noise floor
  3 |  4.558e-02 |  3.413e-02 |  4.096e-03 |    0.08 |     1.16 |  <- below the noise floor

basis function 3 leaves a trace 0.08x the noise; it is not
recoverable pointwise. Reduce sigma, lower the basis frequency, lengthen the
horizon, or reduce q -- training cannot help.
10:27:36 | INFO    | pibe.training.trainer | cell 2/4: 3000 local iterations then 3000 fine-tuning iterations
10:27:37 | INFO    | pibe.training.trainer |   cell 2 | i=    0 | warmup | obj=3.7020e-01 | data=1.1652e-01 | phys=2.5368e-01 | |g|=7.61e+00
10:27:53 | INFO    | pibe.training.trainer |   cell 2 | i=  500 | warmup | obj=3.8242e-03 | data=3.5673e-03 | phys=2.5689e-04 | |g|=1.98e-01
10:28:10 | INFO    | pibe.training.trainer |   cell 2 | i= 1000 | fit    | obj=7.7421e+02 | data=7.7421e+02 | phys=3.0241e-04 | |g|=7.61e+00
10:28:27 | INFO    | pibe.training.trainer |   cell 2 | i= 1500 | fit    | obj=7.6511e+02 | data=7.6511e+02 | phys=2.7344e-04 | |g|=5.74e+00
10:28:45 | INFO    | pibe.training.trainer |   cell 2 | i= 2000 | local  | obj=-9.9243e-01 | data=-9.9502e-01 | phys=2.5845e-03 | |g|=2.04e+01
10:29:04 | INFO    | pibe.training.trainer |   cell 2 | i= 2500 | local  | obj=-1.4570e+00 | data=-1.4593e+00 | phys=2.2956e-03 | |g|=4.48e+01
10:29:24 | INFO    | pibe.training.trainer |   cell 2 | i= 3000 | global | obj=-1.3353e+00 | data=-1.3377e+00 | phys=2.4027e-03 | |g|=5.63e+01
10:29:44 | INFO    | pibe.training.trainer |   cell 2 | i= 3500 | global | obj=-1.5230e+00 | data=-1.5243e+00 | phys=1.2293e-03 | |g|=2.19e+01
10:30:04 | INFO    | pibe.training.trainer |   cell 2 | i= 4000 | global | obj=-1.5444e+00 | data=-1.5455e+00 | phys=1.1792e-03 | |g|=1.76e+01
10:30:23 | INFO    | pibe.training.trainer |   cell 2 | i= 4500 | global | obj=-1.5312e+00 | data=-1.5321e+00 | phys=8.9129e-04 | |g|=4.39e+01
10:30:42 | INFO    | pibe.training.trainer |   cell 2 | i= 5000 | global | obj=-1.5821e+00 | data=-1.5831e+00 | phys=9.6728e-04 | |g|=9.34e+00
10:31:02 | INFO    | pibe.training.trainer |   cell 2 | i= 5500 | global | obj=-1.5880e+00 | data=-1.5889e+00 | phys=8.9003e-04 | |g|=8.03e+00
10:31:22 | INFO    | pibe.training.trainer |   cell 2 | i= 5999 | global | obj=-1.6007e+00 | data=-1.6016e+00 | phys=8.4918e-04 | |g|=2.60e+00
10:31:22 | INFO    | pibe.training.trainer |   cell 2 done in 225.6s | val local=-1.5699e+00 (data=-1.5716e+00, phys=1.6707e-03)
10:31:22 | INFO    | pibe.training.epibe_trainer |   cell 2 EBM | mu=+7.6568e-02 | sd=5.0736e-02 | log Z=-9.0197e-01 | |1-int p|=2.22e-16
10:31:22 | INFO    | pibe.training.epibe_trainer |   mu_omega_hat = +7.656843e-02  (Eq. 54)
10:31:22 | INFO    | pibe.training.trainer | cell 3/4: 3000 local iterations then 3000 fine-tuning iterations
10:31:22 | INFO    | pibe.training.trainer |   cell 3 | i=    0 | warmup | obj=4.4509e-01 | data=4.2444e-01 | phys=2.0645e-02 | |g|=4.73e+00
10:31:47 | INFO    | pibe.training.trainer |   cell 3 | i=  500 | warmup | obj=4.0100e-04 | data=2.6974e-04 | phys=1.3126e-04 | |g|=2.11e-02
10:32:14 | INFO    | pibe.training.trainer |   cell 3 | i= 1000 | fit    | obj=1.4631e-04 | data=1.0187e-04 | phys=4.4439e-05 | |g|=6.47e-03
10:32:44 | INFO    | pibe.training.trainer |   cell 3 | i= 1500 | fit    | obj=2.5165e-04 | data=1.9590e-04 | phys=5.5749e-05 | |g|=1.51e-01
10:33:17 | INFO    | pibe.training.trainer |   cell 3 | i= 2000 | local  | obj=8.7476e-05 | data=6.9230e-05 | phys=1.8246e-05 | |g|=1.82e-02
10:33:43 | INFO    | pibe.training.trainer |   cell 3 | i= 2500 | local  | obj=9.8799e-05 | data=7.9426e-05 | phys=1.9374e-05 | |g|=9.07e-02
10:34:11 | INFO    | pibe.training.trainer |   cell 3 | i= 3000 | global | obj=-1.1342e+00 | data=6.3140e-05 | phys=1.4857e-05 | |g|=1.93e+00
10:34:54 | INFO    | pibe.training.trainer |   cell 3 | i= 3500 | global | obj=-1.1342e+00 | data=1.8729e-04 | phys=1.3263e-04 | |g|=1.47e+01
10:35:38 | INFO    | pibe.training.trainer |   cell 3 | i= 4000 | global | obj=-1.0081e+00 | data=1.1369e-04 | phys=6.2438e-05 | |g|=6.25e+01
10:36:20 | INFO    | pibe.training.trainer |   cell 3 | i= 4500 | global | obj=-1.1246e+00 | data=8.9037e-05 | phys=2.9166e-04 | |g|=1.13e+01
10:36:58 | INFO    | pibe.training.trainer |   cell 3 | i= 5000 | global | obj=-1.1349e+00 | data=7.9062e-05 | phys=3.7410e-05 | |g|=3.42e+00
10:37:36 | INFO    | pibe.training.trainer |   cell 3 | i= 5500 | global | obj=-1.1442e+00 | data=5.6626e-05 | phys=1.4220e-05 | |g|=1.15e+00
10:38:12 | INFO    | pibe.training.trainer |   cell 3 | i= 5999 | global | obj=-1.1411e+00 | data=5.6864e-05 | phys=1.4532e-05 | |g|=2.13e-01
10:38:12 | INFO    | pibe.training.trainer |   cell 3 done in 410.3s | val local=1.3454e-04 (data=9.3270e-05, phys=4.1265e-05)
10:38:12 | INFO    | pibe.training.trainer | cell 4/4: 3000 local iterations then 3000 fine-tuning iterations
10:38:12 | INFO    | pibe.training.trainer |   cell 4 | i=    0 | warmup | obj=6.7974e+00 | data=2.9775e-01 | phys=6.4997e+00 | |g|=7.97e+01
10:38:43 | INFO    | pibe.training.trainer |   cell 4 | i=  500 | warmup | obj=1.0245e+00 | data=8.9280e-01 | phys=1.3173e-01 | |g|=5.58e-01
10:39:13 | INFO    | pibe.training.trainer |   cell 4 | i= 1000 | fit    | obj=1.0302e+00 | data=8.9586e-01 | phys=1.3435e-01 | |g|=7.09e-01
10:39:47 | INFO    | pibe.training.trainer |   cell 4 | i= 1500 | fit    | obj=1.0399e+00 | data=9.0950e-01 | phys=1.3038e-01 | |g|=4.09e-01
10:40:20 | INFO    | pibe.training.trainer |   cell 4 | i= 2000 | local  | obj=1.0444e+00 | data=9.0984e-01 | phys=1.3455e-01 | |g|=5.99e-01
10:40:55 | INFO    | pibe.training.trainer |   cell 4 | i= 2500 | local  | obj=1.0400e+00 | data=9.1323e-01 | phys=1.2673e-01 | |g|=2.20e-01
10:41:29 | INFO    | pibe.training.trainer |   cell 4 | i= 3000 | global | obj=6.4094e-02 | data=8.9866e-01 | phys=1.3482e-01 | |g|=1.53e+01
10:42:24 | INFO    | pibe.training.trainer |   cell 4 | i= 3500 | global | obj=-8.4593e-01 | data=2.2611e-02 | phys=2.8065e-03 | |g|=2.12e+00
10:43:18 | INFO    | pibe.training.trainer |   cell 4 | i= 4000 | global | obj=-8.6290e-01 | data=1.2402e-02 | phys=1.6365e-02 | |g|=1.31e+01
10:44:09 | INFO    | pibe.training.trainer |   cell 4 | i= 4500 | global | obj=-8.4076e-01 | data=4.0554e-03 | phys=1.7646e-03 | |g|=9.57e+01
10:45:01 | INFO    | pibe.training.trainer |   cell 4 | i= 5000 | global | obj=-4.2447e-01 | data=2.3962e-03 | phys=2.5968e-03 | |g|=2.39e+02
10:45:52 | INFO    | pibe.training.trainer |   cell 4 | i= 5500 | global | obj=-1.1333e+00 | data=2.5519e-03 | phys=1.9253e-03 | |g|=5.29e+01
10:46:43 | INFO    | pibe.training.trainer |   cell 4 | i= 6000 | global | obj=-1.0184e+00 | data=2.9000e-03 | phys=7.0950e-04 | |g|=1.08e+02
10:47:34 | INFO    | pibe.training.trainer |   cell 4 | i= 6500 | global | obj=-1.0981e+00 | data=5.2630e-03 | phys=1.7559e-03 | |g|=6.77e+01
10:48:26 | INFO    | pibe.training.trainer |   cell 4 | i= 7000 | global | obj=-1.0309e+00 | data=2.0767e-03 | phys=2.1201e-03 | |g|=2.07e+02
10:49:17 | INFO    | pibe.training.trainer |   cell 4 | i= 7500 | global | obj=-1.2125e+00 | data=2.1999e-03 | phys=5.8458e-04 | |g|=1.10e+01
10:50:09 | INFO    | pibe.training.trainer |   cell 4 | i= 8000 | global | obj=-1.3060e+00 | data=2.3460e-03 | phys=8.1024e-04 | |g|=8.96e+01
10:51:00 | INFO    | pibe.training.trainer |   cell 4 | i= 8500 | global | obj=-1.3470e+00 | data=2.2378e-03 | phys=8.8697e-04 | |g|=8.41e+01
10:54:36 | INFO    | pibe.training.trainer |   cell 4 | i= 9000 | global | obj=-9.8686e-01 | data=2.1787e-03 | phys=3.4961e-03 | |g|=2.08e+02
10:55:28 | INFO    | pibe.training.trainer |   cell 4 | i= 9500 | global | obj=-8.2855e-01 | data=1.8778e-03 | phys=2.9597e-04 | |g|=3.22e+02
10:56:21 | INFO    | pibe.training.trainer |   cell 4 | i=10000 | global | obj=-1.4159e+00 | data=2.5720e-03 | phys=3.2184e-04 | |g|=2.93e+01
10:57:14 | INFO    | pibe.training.trainer |   cell 4 | i=10500 | global | obj=-1.3982e+00 | data=2.1818e-03 | phys=7.5074e-04 | |g|=1.44e+02
10:58:08 | INFO    | pibe.training.trainer |   cell 4 | i=11000 | global | obj=-1.4938e+00 | data=2.9515e-03 | phys=9.9324e-04 | |g|=3.34e+01
10:59:00 | INFO    | pibe.training.trainer |   cell 4 | i=11500 | global | obj=-1.4477e+00 | data=2.1355e-03 | phys=4.1776e-04 | |g|=4.29e+01
10:59:54 | INFO    | pibe.training.trainer |   cell 4 | i=12000 | global | obj=-1.4632e+00 | data=2.2887e-03 | phys=4.9490e-04 | |g|=1.70e+02
11:00:46 | INFO    | pibe.training.trainer |   cell 4 | i=12500 | global | obj=-1.5312e+00 | data=2.2427e-03 | phys=5.4214e-04 | |g|=3.10e+01
11:01:40 | INFO    | pibe.training.trainer |   cell 4 | i=13000 | global | obj=-1.5802e+00 | data=2.1016e-03 | phys=3.4709e-04 | |g|=8.49e+00
11:02:33 | INFO    | pibe.training.trainer |   cell 4 | i=13500 | global | obj=-1.5527e+00 | data=2.1921e-03 | phys=3.6987e-04 | |g|=5.27e+01
11:03:26 | INFO    | pibe.training.trainer |   cell 4 | i=14000 | global | obj=-1.6097e+00 | data=2.0760e-03 | phys=3.6454e-04 | |g|=2.66e+01
11:04:19 | INFO    | pibe.training.trainer |   cell 4 | i=14500 | global | obj=-1.5943e+00 | data=2.0689e-03 | phys=3.8274e-04 | |g|=2.59e+01
11:05:01 | INFO    | pibe.training.trainer |   cell 4 | i=15000 | global | obj=-1.6013e+00 | data=2.1969e-03 | phys=4.8825e-04 | |g|=5.67e+01
11:05:37 | INFO    | pibe.training.trainer |   cell 4 | i=15500 | global | obj=-1.6125e+00 | data=2.2427e-03 | phys=4.7134e-04 | |g|=1.40e+01
11:06:12 | INFO    | pibe.training.trainer |   cell 4 | i=15999 | global | obj=-1.6071e+00 | data=2.2168e-03 | phys=5.0539e-04 | |g|=2.29e+01
11:06:12 | INFO    | pibe.training.trainer |   cell 4 done in 1531.6s | val local=3.4743e-03 (data=2.4489e-03, phys=1.0255e-03)
11:06:12 | INFO    | train_pibe         | train metrics:
state errors (L2 / sup):
  x_1: 4.5191e-01 / 5.4187e-01
  x_2: 5.1569e-01 / 7.5107e-01
  x_3: 5.7869e-01 / 9.6968e-01
parameter errors (|err| / spread):
  theta_1: 1.6497e-01 / 1.0349e-07
  theta_2: 5.0391e-01 / 7.7296e-11
disturbance: L2=7.6853e-02, sup=1.5981e-01
output fit: L2=1.2027e+00
11:06:12 | INFO    | train_pibe         | val metrics:
state errors (L2 / sup):
  x_1: 4.4949e-01 / 5.5255e-01
  x_2: 5.1079e-01 / 7.1756e-01
  x_3: 5.7993e-01 / 1.0019e+00
parameter errors (|err| / spread):
  theta_1: 1.6497e-01 / 1.6542e-07
  theta_2: 5.0391e-01 / 4.8032e-11
disturbance: L2=7.4329e-02, sup=1.5352e-01
output fit: L2=1.1997e+00
11:06:14 | INFO    | train_pibe         | oracle comparison (train, scored on the quadratic objective):
 cell |   L_Loc @ truth | L_Loc @ trained | winner
------------------------------------------------------------
    2 |      5.6483e-01 |      1.7444e-02 | trained
    3 |      5.4338e-36 |      5.2947e-03 | truth
    4 |      2.6223e-35 |      2.6023e-03 | truth
------------------------------------------------------------
L_Tot @ truth   : 3.4259e-01
L_Tot @ trained : 1.7306e-02

verdict: loss-design failure: the objective scores the trained solution at or below the truth, so optimization cannot recover the parameters. This is the Remark 7 degeneracy; it needs excitation (Assumption 6) or extra information, not more training.
11:06:14 | INFO    | train_pibe         | learned residual densities:
 cell |      rho_k |     B_E |        L_E |  nodes |    spacing |  |1-int p|
----------------------------------------------------------------------------
    2 |        1.2 |      12 |       2812 |   1024 |    0.00234 |   0.00e+00
  mu_omega_hat = +1.144262e+00 (Eq. 54)   true sensor bias = +7.500000e-01
11:06:15 | INFO    | pibe.eval.figures  | wrote outputs/bb_epibe_b0.75/figures/states.png
11:06:15 | INFO    | pibe.eval.figures  | wrote outputs/bb_epibe_b0.75/figures/disturbance.png
11:06:15 | INFO    | matplotlib.mathtext | Substituting symbol A from STIXNonUnicode
11:06:15 | INFO    | pibe.eval.figures  | wrote outputs/bb_epibe_b0.75/figures/parameters.png
11:06:15 | INFO    | pibe.eval.figures  | wrote outputs/bb_epibe_b0.75/figures/errors.png
11:06:15 | INFO    | train_pibe         | figures: states.png, disturbance.png, parameters.png, errors.png
11:06:15 | INFO    | train_pibe         | artifacts written to outputs/bb_epibe_b0.75
