09:19:25 | INFO    | train_pibe         | experiment:
system            : automatica_n3v2(n=3) on cpu (torch.float64)
true theta        : [0.23502650090327654, 0.10390993219989397]
disturbance       : one a shared by all trajectories
basis             : FourierBasis(q=3, H=2, omega=1.25664, horizon=[0, 20], periods=4)
  lambda_min(W)   : 1.0000e+01   (Eq. 3, must be > 0)
  eps_(d,q)       : 0.0000e+00
noise             : BiasedNoise(TruncatedGaussianNoise(sigma=0.05, bound=0.15000000000000002), bias=+0.5)
data              : TrajectoryData(P=64, N=201, n=3, horizon=[0, 20])
  train / val     : 51 / 13
  data fill h_d   : 5.0000e-02
  coll fill h_r   : 2.5000e-02
bank              : cells 2..4, 284909 parameters
estimator         : EPIBE (Algorithm 2), N_EBM=1000, beta=1
residual supports (Assumption 3):
 cell |      rho_k |     B_E |        L_E |  nodes |    spacing |  |1-int p|
----------------------------------------------------------------------------
    2 |        1.2 |     1.2 |      14.18 |   1024 |    0.00234 |   0.00e+00
09:19:25 | INFO    | train_pibe         | disturbance observability  (sigma = 0.05, N = 201)
  i |       gain |    settled |  signature |     SNR |  eff SNR |
----------------------------------------------------------------------------
  1 |  1.472e-01 |  1.395e-01 |  2.511e-02 |    0.50 |     7.12 |  <- below the noise floor
  2 |  1.369e-01 |  1.401e-01 |  2.522e-02 |    0.50 |     7.15 |  <- below the noise floor
  3 |  4.558e-02 |  3.413e-02 |  4.096e-03 |    0.08 |     1.16 |  <- below the noise floor

basis function 3 leaves a trace 0.08x the noise; it is not
recoverable pointwise. Reduce sigma, lower the basis frequency, lengthen the
horizon, or reduce q -- training cannot help.
09:19:25 | INFO    | pibe.training.trainer | cell 2/4: 3000 local iterations then 3000 fine-tuning iterations
09:19:26 | INFO    | pibe.training.trainer |   cell 2 | i=    0 | warmup | obj=3.8251e-01 | data=1.2813e-01 | phys=2.5437e-01 | |g|=7.23e+00
09:19:39 | INFO    | pibe.training.trainer |   cell 2 | i=  500 | warmup | obj=3.3189e-03 | data=3.1835e-03 | phys=1.3545e-04 | |g|=1.00e-01
09:19:52 | INFO    | pibe.training.trainer |   cell 2 | i= 1000 | fit    | obj=3.8544e+00 | data=3.8543e+00 | phys=9.3405e-05 | |g|=5.80e+00
09:20:06 | INFO    | pibe.training.trainer |   cell 2 | i= 1500 | fit    | obj=9.4318e-01 | data=9.4309e-01 | phys=9.5414e-05 | |g|=2.75e-01
09:20:20 | INFO    | pibe.training.trainer |   cell 2 | i= 2000 | local  | obj=-1.4905e-01 | data=-1.5604e-01 | phys=6.9816e-03 | |g|=7.30e+01
09:20:35 | INFO    | pibe.training.trainer |   cell 2 | i= 2500 | local  | obj=-6.4740e-01 | data=-6.4920e-01 | phys=1.7967e-03 | |g|=4.23e+01
09:20:51 | INFO    | pibe.training.trainer |   cell 2 | i= 3000 | global | obj=-7.7482e-01 | data=-7.7575e-01 | phys=9.3252e-04 | |g|=1.76e+01
09:21:08 | INFO    | pibe.training.trainer |   cell 2 | i= 3500 | global | obj=-8.0369e-01 | data=-8.0479e-01 | phys=1.0985e-03 | |g|=2.74e+00
09:21:23 | INFO    | pibe.training.trainer |   cell 2 | i= 4000 | global | obj=-8.1866e-01 | data=-8.1973e-01 | phys=1.0664e-03 | |g|=1.95e+01
09:21:38 | INFO    | pibe.training.trainer |   cell 2 | i= 4500 | global | obj=-8.3166e-01 | data=-8.3246e-01 | phys=7.9402e-04 | |g|=6.94e+00
09:21:54 | INFO    | pibe.training.trainer |   cell 2 | i= 5000 | global | obj=-8.4826e-01 | data=-8.4901e-01 | phys=7.5652e-04 | |g|=1.46e+00
09:22:09 | INFO    | pibe.training.trainer |   cell 2 | i= 5500 | global | obj=-8.4024e-01 | data=-8.4092e-01 | phys=6.8273e-04 | |g|=4.70e+00
09:22:24 | INFO    | pibe.training.trainer |   cell 2 | i= 5999 | global | obj=-8.5177e-01 | data=-8.5252e-01 | phys=7.5444e-04 | |g|=7.01e-01
09:22:24 | INFO    | pibe.training.trainer |   cell 2 done in 178.8s | val local=-8.2952e-01 (data=-8.3053e-01, phys=1.0115e-03)
09:22:24 | INFO    | pibe.training.epibe_trainer |   cell 2 EBM | mu=-4.6834e-02 | sd=5.1941e-01 | log Z=+2.6722e-01 | |1-int p|=2.22e-16
09:22:24 | INFO    | pibe.training.epibe_trainer |   mu_omega_hat = -4.683383e-02  (Eq. 54)
09:22:24 | INFO    | pibe.training.trainer | cell 3/4: 3000 local iterations then 3000 fine-tuning iterations
09:22:24 | INFO    | pibe.training.trainer |   cell 3 | i=    0 | warmup | obj=4.0706e-01 | data=3.7679e-01 | phys=3.0272e-02 | |g|=4.30e+00
09:22:43 | INFO    | pibe.training.trainer |   cell 3 | i=  500 | warmup | obj=5.4637e-04 | data=4.1866e-04 | phys=1.2771e-04 | |g|=1.41e-01
09:23:01 | INFO    | pibe.training.trainer |   cell 3 | i= 1000 | fit    | obj=6.6402e-04 | data=5.6081e-04 | phys=1.0320e-04 | |g|=3.52e-01
09:23:20 | INFO    | pibe.training.trainer |   cell 3 | i= 1500 | fit    | obj=3.0158e-04 | data=1.6684e-04 | phys=1.3474e-04 | |g|=1.08e-01
09:23:38 | INFO    | pibe.training.trainer |   cell 3 | i= 2000 | local  | obj=1.1696e-04 | data=8.6908e-05 | phys=3.0053e-05 | |g|=3.15e-03
09:23:56 | INFO    | pibe.training.trainer |   cell 3 | i= 2500 | local  | obj=5.5157e-04 | data=5.2508e-04 | phys=2.6494e-05 | |g|=3.07e-01
09:24:15 | INFO    | pibe.training.trainer |   cell 3 | i= 3000 | global | obj=-6.0243e-01 | data=6.8979e-05 | phys=9.9945e-06 | |g|=6.85e-01
09:24:43 | INFO    | pibe.training.trainer |   cell 3 | i= 3500 | global | obj=-5.6275e-01 | data=2.8496e-04 | phys=1.6119e-04 | |g|=4.81e+00
09:25:12 | INFO    | pibe.training.trainer |   cell 3 | i= 4000 | global | obj=-5.9214e-01 | data=6.4227e-05 | phys=1.6156e-05 | |g|=1.18e+01
09:25:40 | INFO    | pibe.training.trainer |   cell 3 | i= 4500 | global | obj=-6.0366e-01 | data=9.1762e-05 | phys=1.8546e-05 | |g|=3.43e+00
09:26:09 | INFO    | pibe.training.trainer |   cell 3 | i= 5000 | global | obj=-5.9770e-01 | data=4.2167e-05 | phys=2.6611e-05 | |g|=1.15e+01
09:26:39 | INFO    | pibe.training.trainer |   cell 3 | i= 5500 | global | obj=-6.0610e-01 | data=4.8162e-05 | phys=1.2293e-05 | |g|=1.23e+00
09:27:10 | INFO    | pibe.training.trainer |   cell 3 | i= 5999 | global | obj=-6.0964e-01 | data=4.5581e-05 | phys=1.3372e-05 | |g|=6.06e-01
09:27:10 | INFO    | pibe.training.trainer |   cell 3 done in 286.1s | val local=8.7702e-05 (data=6.4968e-05, phys=2.2734e-05)
09:27:10 | INFO    | pibe.training.trainer | cell 4/4: 3000 local iterations then 3000 fine-tuning iterations
09:27:10 | INFO    | pibe.training.trainer |   cell 4 | i=    0 | warmup | obj=6.1813e+00 | data=3.6201e-01 | phys=5.8193e+00 | |g|=6.75e+01
09:27:35 | INFO    | pibe.training.trainer |   cell 4 | i=  500 | warmup | obj=9.6681e-01 | data=8.2192e-01 | phys=1.4489e-01 | |g|=1.53e+00
09:28:00 | INFO    | pibe.training.trainer |   cell 4 | i= 1000 | fit    | obj=9.6702e-01 | data=8.5023e-01 | phys=1.1679e-01 | |g|=1.59e-01
09:28:25 | INFO    | pibe.training.trainer |   cell 4 | i= 1500 | fit    | obj=9.9017e-01 | data=8.7488e-01 | phys=1.1529e-01 | |g|=5.51e-02
09:28:49 | INFO    | pibe.training.trainer |   cell 4 | i= 2000 | local  | obj=9.8557e-01 | data=8.6468e-01 | phys=1.2089e-01 | |g|=2.43e-01
09:29:14 | INFO    | pibe.training.trainer |   cell 4 | i= 2500 | local  | obj=9.7902e-01 | data=8.6123e-01 | phys=1.1780e-01 | |g|=1.53e-01
09:29:39 | INFO    | pibe.training.trainer |   cell 4 | i= 3000 | global | obj=4.6982e-01 | data=8.7396e-01 | phys=1.1163e-01 | |g|=1.33e+01
09:30:25 | INFO    | pibe.training.trainer |   cell 4 | i= 3500 | global | obj=-4.8751e-01 | data=3.0816e-04 | phys=2.6595e-03 | |g|=1.90e+01
09:31:10 | INFO    | pibe.training.trainer |   cell 4 | i= 4000 | global | obj=-4.8643e-01 | data=8.9295e-05 | phys=4.4481e-04 | |g|=2.29e+01
09:31:55 | INFO    | pibe.training.trainer |   cell 4 | i= 4500 | global | obj=-4.8429e-01 | data=1.2025e-03 | phys=6.9999e-04 | |g|=6.15e+00
09:32:40 | INFO    | pibe.training.trainer |   cell 4 | i= 5000 | global | obj=-4.7997e-01 | data=1.4743e-04 | phys=2.8599e-04 | |g|=2.62e+01
09:33:25 | INFO    | pibe.training.trainer |   cell 4 | i= 5500 | global | obj=-5.1743e-01 | data=5.6612e-05 | phys=1.6942e-04 | |g|=2.63e+00
09:34:07 | INFO    | pibe.training.trainer |   cell 4 | i= 6000 | global | obj=-4.8340e-01 | data=3.8116e-05 | phys=2.6658e-04 | |g|=2.01e+01
09:34:49 | INFO    | pibe.training.trainer |   cell 4 | i= 6500 | global | obj=-5.1022e-01 | data=4.8411e-04 | phys=3.2763e-04 | |g|=1.57e+00
09:35:31 | INFO    | pibe.training.trainer |   cell 4 | i= 7000 | global | obj=-5.1746e-01 | data=6.2716e-05 | phys=2.0308e-04 | |g|=3.57e+00
09:36:13 | INFO    | pibe.training.trainer |   cell 4 | i= 7500 | global | obj=-5.1718e-01 | data=5.5789e-05 | phys=1.8901e-04 | |g|=2.97e+00
09:36:54 | INFO    | pibe.training.trainer |   cell 4 | i= 8000 | global | obj=-5.1781e-01 | data=5.0730e-05 | phys=1.5344e-04 | |g|=1.28e+00
09:37:36 | INFO    | pibe.training.trainer |   cell 4 | i= 8500 | global | obj=-5.1311e-01 | data=5.7309e-05 | phys=1.2934e-04 | |g|=1.18e+01
09:38:19 | INFO    | pibe.training.trainer |   cell 4 | i= 9000 | global | obj=-5.0259e-01 | data=6.2965e-05 | phys=2.4782e-04 | |g|=2.07e+01
09:39:01 | INFO    | pibe.training.trainer |   cell 4 | i= 9500 | global | obj=-5.1198e-01 | data=4.0141e-05 | phys=1.7121e-04 | |g|=6.39e+00
09:39:43 | INFO    | pibe.training.trainer |   cell 4 | i=10000 | global | obj=-5.1578e-01 | data=3.3906e-05 | phys=1.1069e-04 | |g|=8.50e+00
09:40:25 | INFO    | pibe.training.trainer |   cell 4 | i=10500 | global | obj=-5.2324e-01 | data=3.1043e-05 | phys=1.9638e-04 | |g|=1.09e+01
09:41:13 | INFO    | pibe.training.trainer |   cell 4 | i=11000 | global | obj=-5.2103e-01 | data=3.3937e-05 | phys=1.3706e-04 | |g|=3.03e+00
09:42:01 | INFO    | pibe.training.trainer |   cell 4 | i=11500 | global | obj=-5.1545e-01 | data=2.5988e-05 | phys=1.7056e-04 | |g|=6.83e+00
09:42:48 | INFO    | pibe.training.trainer |   cell 4 | i=12000 | global | obj=-5.2312e-01 | data=6.0361e-05 | phys=1.5724e-04 | |g|=4.47e+00
09:43:35 | INFO    | pibe.training.trainer |   cell 4 | i=12500 | global | obj=-5.2930e-01 | data=2.7290e-05 | phys=1.5918e-04 | |g|=3.50e+00
09:44:20 | INFO    | pibe.training.trainer |   cell 4 | i=13000 | global | obj=-5.2497e-01 | data=1.6182e-05 | phys=1.2015e-04 | |g|=1.51e+01
09:45:07 | INFO    | pibe.training.trainer |   cell 4 | i=13500 | global | obj=-5.3209e-01 | data=2.1551e-05 | phys=1.2318e-04 | |g|=1.27e+00
09:45:54 | INFO    | pibe.training.trainer |   cell 4 | i=14000 | global | obj=-5.3144e-01 | data=2.5018e-05 | phys=1.2094e-04 | |g|=4.87e+00
09:46:41 | INFO    | pibe.training.trainer |   cell 4 | i=14500 | global | obj=-5.3274e-01 | data=2.0255e-05 | phys=1.4409e-04 | |g|=8.97e-01
09:47:17 | INFO    | pibe.training.trainer |   cell 4 | i=15000 | global | obj=-5.3094e-01 | data=1.7235e-05 | phys=1.4987e-04 | |g|=3.97e-01
09:47:51 | INFO    | pibe.training.trainer |   cell 4 | i=15500 | global | obj=-5.3243e-01 | data=2.8585e-05 | phys=1.3150e-04 | |g|=7.53e-01
09:48:24 | INFO    | pibe.training.trainer |   cell 4 | i=15999 | global | obj=-5.3382e-01 | data=2.3992e-05 | phys=1.5900e-04 | |g|=9.38e-01
09:48:24 | INFO    | pibe.training.trainer |   cell 4 done in 1273.3s | val local=2.9847e-04 (data=4.3924e-05, phys=2.5454e-04)
09:48:24 | INFO    | train_pibe         | train metrics:
state errors (L2 / sup):
  x_1: 5.9644e-01 / 6.6827e-01
  x_2: 1.3264e-01 / 5.2997e-01
  x_3: 2.5457e-01 / 7.2202e-01
parameter errors (|err| / spread):
  theta_1: 1.4302e-02 / 1.7675e-02
  theta_2: 1.6479e-01 / 1.0063e-02
disturbance: L2=4.1719e-02, sup=1.3372e-01
output fit: L2=1.0848e-01
09:48:24 | INFO    | train_pibe         | val metrics:
state errors (L2 / sup):
  x_1: 5.9759e-01 / 6.6696e-01
  x_2: 1.3392e-01 / 5.2058e-01
  x_3: 2.5254e-01 / 6.2376e-01
parameter errors (|err| / spread):
  theta_1: 2.0213e-02 / 2.0826e-02
  theta_2: 1.6372e-01 / 1.4348e-02
disturbance: L2=3.7587e-02, sup=1.0423e-01
output fit: L2=1.1067e-01
09:48:26 | INFO    | train_pibe         | oracle comparison (train, scored on the quadratic objective):
 cell |   L_Loc @ truth | L_Loc @ trained | winner
------------------------------------------------------------
    2 |      2.5237e-01 |      3.6289e-03 | trained
    3 |      5.4338e-36 |      1.0262e-04 | truth
    4 |      2.6223e-35 |      1.5542e-04 | truth
------------------------------------------------------------
L_Tot @ truth   : 1.5307e-01
L_Tot @ trained : 2.4364e-03

verdict: loss-design failure: the objective scores the trained solution at or below the truth, so optimization cannot recover the parameters. This is the Remark 7 degeneracy; it needs excitation (Assumption 6) or extra information, not more training.
09:48:26 | INFO    | train_pibe         | learned residual densities:
 cell |      rho_k |     B_E |        L_E |  nodes |    spacing |  |1-int p|
----------------------------------------------------------------------------
    2 |        1.2 |     1.2 |       1144 |   1024 |    0.00234 |   0.00e+00
  mu_omega_hat = -4.244244e-02 (Eq. 54)   true sensor bias = +5.000000e-01
09:48:27 | INFO    | pibe.eval.figures  | wrote outputs/bb_epibe_b0.5_BE1.2/figures/states.png
09:48:27 | INFO    | pibe.eval.figures  | wrote outputs/bb_epibe_b0.5_BE1.2/figures/disturbance.png
09:48:27 | INFO    | matplotlib.mathtext | Substituting symbol A from STIXNonUnicode
09:48:27 | INFO    | pibe.eval.figures  | wrote outputs/bb_epibe_b0.5_BE1.2/figures/parameters.png
09:48:27 | INFO    | pibe.eval.figures  | wrote outputs/bb_epibe_b0.5_BE1.2/figures/errors.png
09:48:27 | INFO    | train_pibe         | figures: states.png, disturbance.png, parameters.png, errors.png
09:48:27 | INFO    | train_pibe         | artifacts written to outputs/bb_epibe_b0.5_BE1.2
