00:12:11 | INFO    | train_pibe         | experiment:
system            : automatica_n3v2(n=3) on cpu (torch.float64)
true theta        : [0.23502650090327654, 0.10390993219989397]
disturbance       : independent a per trajectory
basis             : FourierBasis(q=3, H=2, omega=1.25664, horizon=[0, 20], periods=4)
  lambda_min(W)   : 1.0000e+01   (Eq. 3, must be > 0)
  eps_(d,q)       : 0.0000e+00
noise             : TruncatedGaussianNoise(sigma=0.002, bound=0.006)
data              : TrajectoryData(P=64, N=201, n=3, horizon=[0, 20])
  train / val     : 51 / 13
  data fill h_d   : 5.0000e-02
  coll fill h_r   : 2.5000e-02
bank              : cells 2..4, 271850 parameters
00:12:11 | INFO    | train_pibe         | disturbance observability  (sigma = 0.002, N = 201)
  i |       gain |    settled |  signature |     SNR |  eff SNR |
----------------------------------------------------------------------------
  1 |  1.472e-01 |  1.395e-01 |  2.511e-02 |   12.56 |   178.03 |
  2 |  1.369e-01 |  1.401e-01 |  2.522e-02 |   12.61 |   178.81 |
  3 |  4.558e-02 |  3.413e-02 |  4.096e-03 |    2.05 |    29.04 |

every basis function is observable above the noise floor.
00:12:11 | INFO    | pibe.training.trainer | cell 2/4: 3000 local iterations then 3000 fine-tuning iterations
00:12:12 | INFO    | pibe.training.trainer |   cell 2 | i=    0 | local  | obj=3.3498e+00 | data=2.2108e+00 | phys=1.1390e+00 | |g|=5.32e+01
00:12:55 | INFO    | pibe.training.trainer |   cell 2 | i= 3000 | global | obj=1.1881e-02 | data=3.0175e-03 | phys=8.8632e-03 | |g|=8.08e-02
00:13:37 | INFO    | pibe.training.trainer |   cell 2 | i= 5999 | global | obj=4.0368e-04 | data=3.2630e-04 | phys=7.7378e-05 | |g|=6.63e-03
00:13:37 | INFO    | pibe.training.trainer |   cell 2 done in 86.0s | val local=7.1021e-04 (data=5.8077e-04, phys=1.2944e-04)
00:13:37 | INFO    | pibe.training.trainer | cell 3/4: 3000 local iterations then 3000 fine-tuning iterations
00:13:37 | INFO    | pibe.training.trainer |   cell 3 | i=    0 | local  | obj=1.3825e+00 | data=5.3199e-01 | phys=8.5055e-01 | |g|=1.51e+01
00:14:37 | INFO    | pibe.training.trainer |   cell 3 | i= 3000 | global | obj=4.5293e-04 | data=1.8512e-05 | phys=6.5229e-06 | |g|=2.15e-02
00:16:04 | INFO    | pibe.training.trainer |   cell 3 | i= 5999 | global | obj=3.2632e-04 | data=1.2651e-05 | phys=6.9403e-06 | |g|=3.98e-03
00:16:04 | INFO    | pibe.training.trainer |   cell 3 done in 146.6s | val local=3.0221e-05 (data=1.9108e-05, phys=1.1112e-05)
00:16:04 | INFO    | pibe.training.trainer | cell 4/4: 3000 local iterations then 3000 fine-tuning iterations
00:16:04 | INFO    | pibe.training.trainer |   cell 4 | i=    0 | local  | obj=1.1842e+01 | data=3.3118e-02 | phys=1.1809e+01 | |g|=7.67e+01
00:17:19 | INFO    | pibe.training.trainer |   cell 4 | i= 3000 | global | obj=1.3075e+00 | data=1.1512e+00 | phys=1.5607e-01 | |g|=1.49e+01
00:19:25 | INFO    | pibe.training.trainer |   cell 4 | i= 6000 | global | obj=1.0054e-03 | data=2.2862e-04 | phys=5.1953e-05 | |g|=4.79e-01
00:21:33 | INFO    | pibe.training.trainer |   cell 4 | i= 9000 | global | obj=2.2901e-04 | data=1.2783e-05 | phys=1.8235e-05 | |g|=1.26e-01
00:23:42 | INFO    | pibe.training.trainer |   cell 4 | i=12000 | global | obj=3.5363e-04 | data=5.0329e-06 | phys=1.2703e-04 | |g|=4.66e-01
00:26:14 | INFO    | pibe.training.trainer |   cell 4 | i=15000 | global | obj=2.3840e-04 | data=8.7972e-06 | phys=3.1847e-05 | |g|=1.17e-01
00:32:15 | INFO    | pibe.training.trainer |   cell 4 | i=18000 | global | obj=2.6528e-04 | data=5.2139e-06 | phys=8.7192e-05 | |g|=3.49e-01
00:38:01 | INFO    | pibe.training.trainer |   cell 4 | i=21000 | global | obj=1.3296e-04 | data=2.3164e-06 | phys=3.8299e-06 | |g|=2.61e-02
00:43:44 | INFO    | pibe.training.trainer |   cell 4 | i=24000 | global | obj=1.1857e-04 | data=8.2097e-06 | phys=5.2514e-06 | |g|=6.23e-02
00:49:44 | INFO    | pibe.training.trainer |   cell 4 | i=27000 | global | obj=9.4417e-05 | data=4.8393e-06 | phys=8.4558e-06 | |g|=7.58e-02
00:54:59 | INFO    | pibe.training.trainer |   cell 4 | i=30000 | global | obj=6.4918e-05 | data=3.4408e-06 | phys=4.9574e-06 | |g|=3.01e-02
00:59:23 | INFO    | pibe.training.trainer |   cell 4 | i=33000 | global | obj=9.3997e-05 | data=5.2276e-06 | phys=5.3109e-06 | |g|=1.37e-02
01:03:47 | INFO    | pibe.training.trainer |   cell 4 | i=35999 | global | obj=7.4108e-05 | data=4.4179e-06 | phys=4.9102e-06 | |g|=4.63e-03
01:03:47 | INFO    | pibe.training.trainer |   cell 4 done in 2863.5s | val local=4.4523e-05 (data=8.4838e-06, phys=3.6040e-05)
01:03:47 | INFO    | train_pibe         | train metrics:
state errors (L2 / sup):
  x_1: 6.5474e-03 / 4.0474e-02
  x_2: 3.0682e-02 / 1.8150e-01
  x_3: 4.1968e-02 / 3.8861e-01
parameter errors (|err| / spread):
  theta_1: 1.6635e-02 / 1.9288e-02
  theta_2: 1.4535e-02 / 1.7008e-02
disturbance: L2=7.5515e-02, sup=2.5435e-01
output fit: L2=6.8575e-03
01:03:47 | INFO    | train_pibe         | val metrics:
state errors (L2 / sup):
  x_1: 9.5122e-03 / 5.6457e-02
  x_2: 3.4342e-02 / 1.1607e-01
  x_3: 4.5637e-02 / 3.3531e-01
parameter errors (|err| / spread):
  theta_1: 1.7805e-02 / 1.9825e-02
  theta_2: 1.5078e-02 / 1.6978e-02
disturbance: L2=1.0160e-01, sup=3.3173e-01
output fit: L2=9.7305e-03
01:03:51 | INFO    | train_pibe         | oracle comparison (train):
 cell |   L_Loc @ truth | L_Loc @ trained | winner
------------------------------------------------------------
    2 |      3.9120e-06 |      7.7779e-05 | truth
    3 |      1.0285e-35 |      1.7224e-05 | truth
    4 |      3.3933e-35 |      8.3456e-06 | truth
------------------------------------------------------------
L_Tot @ truth   : 2.3728e-06
L_Tot @ trained : 6.8935e-05
noise floor     : 3.8933e-06 (the cell-2 data term cannot honestly go below this)

verdict: optimization failure: the true solution attains a lower objective than training reached, so it is representable and preferred but was not found. Lengthen end-to-end fine-tuning (lower N_par / raise lr_global) and check that no head is pinned to the boundary of its admissible box.
01:03:51 | INFO    | train_pibe         | artifacts written to outputs/n3v2gen_s1
