16:50:20 | INFO    | train_pibe         | experiment:
system            : automatica_n3v2(n=3) on cpu (torch.float64)
true theta        : [0.23502650090327654, 0.10390993219989397]
disturbance       : one a shared by all trajectories
basis             : FourierBasis(q=3, H=2, omega=1.25664, horizon=[0, 20], periods=4)
  lambda_min(W)   : 1.0000e+01   (Eq. 3, must be > 0)
  eps_(d,q)       : 0.0000e+00
noise             : ContaminatedGaussianNoise(sigma=0.05, bound=0.5971)
data              : TrajectoryData(P=64, N=201, n=3, horizon=[0, 20])
  train / val     : 51 / 13
  data fill h_d   : 5.0000e-02
  coll fill h_r   : 2.5000e-02
bank              : cells 2..4, 319469 parameters
estimator         : EPIBE (Algorithm 2), N_EBM=1000, beta=1
residual supports (Assumption 3):
 cell |      rho_k |     B_E |        L_E |  nodes |    spacing |  |1-int p|
----------------------------------------------------------------------------
    2 |        0.9 |      12 |      22.25 |   1024 |    0.00176 |   8.88e-16
16:50:20 | INFO    | train_pibe         | disturbance observability  (sigma = 0.05, N = 201)
  i |       gain |    settled |  signature |     SNR |  eff SNR |
----------------------------------------------------------------------------
  1 |  1.472e-01 |  1.395e-01 |  2.511e-02 |    0.50 |     7.12 |  <- below the noise floor
  2 |  1.369e-01 |  1.401e-01 |  2.522e-02 |    0.50 |     7.15 |  <- below the noise floor
  3 |  4.558e-02 |  3.413e-02 |  4.096e-03 |    0.08 |     1.16 |  <- below the noise floor

basis function 3 leaves a trace 0.08x the noise; it is not
recoverable pointwise. Reduce sigma, lower the basis frequency, lengthen the
horizon, or reduce q -- training cannot help.
16:50:20 | INFO    | pibe.training.trainer | cell 2/4: 3000 local iterations then 3000 fine-tuning iterations
16:50:21 | INFO    | pibe.training.trainer |   cell 2 | i=    0 | warmup | obj=1.5176e+01 | data=1.2170e+01 | phys=3.0066e+00 | |g|=6.47e+01
16:50:52 | INFO    | pibe.training.trainer |   cell 2 | i=  500 | warmup | obj=3.4836e-03 | data=3.2931e-03 | phys=1.9047e-04 | |g|=3.58e-01
16:51:23 | INFO    | pibe.training.trainer |   cell 2 | i= 1000 | fit    | obj=5.8789e-01 | data=5.8779e-01 | phys=1.0770e-04 | |g|=5.36e-01
16:51:56 | INFO    | pibe.training.trainer |   cell 2 | i= 1500 | fit    | obj=-1.8007e+00 | data=-1.8008e+00 | phys=8.0190e-05 | |g|=9.73e-03
16:52:31 | INFO    | pibe.training.trainer |   cell 2 | i= 2000 | local  | obj=-2.4093e-01 | data=-2.5272e-01 | phys=1.1788e-02 | |g|=2.56e+02
16:53:07 | INFO    | pibe.training.trainer |   cell 2 | i= 2500 | local  | obj=-1.0763e+00 | data=-1.0788e+00 | phys=2.5108e-03 | |g|=2.28e+02
16:53:44 | INFO    | pibe.training.trainer |   cell 2 | i= 3000 | global | obj=-1.8398e+00 | data=-1.8434e+00 | phys=3.5851e-03 | |g|=1.08e+02
16:54:21 | INFO    | pibe.training.trainer |   cell 2 | i= 3500 | global | obj=-1.6791e+00 | data=-1.6838e+00 | phys=4.7875e-03 | |g|=2.73e+02
16:54:58 | INFO    | pibe.training.trainer |   cell 2 | i= 4000 | global | obj=-1.7067e+00 | data=-1.7103e+00 | phys=3.6359e-03 | |g|=2.92e+02
16:55:35 | INFO    | pibe.training.trainer |   cell 2 | i= 4500 | global | obj=-1.9274e+00 | data=-1.9311e+00 | phys=3.7877e-03 | |g|=1.69e+02
16:56:12 | INFO    | pibe.training.trainer |   cell 2 | i= 5000 | global | obj=-1.9574e+00 | data=-1.9625e+00 | phys=5.1467e-03 | |g|=1.26e+02
16:56:48 | INFO    | pibe.training.trainer |   cell 2 | i= 5500 | global | obj=-2.0190e+00 | data=-2.0234e+00 | phys=4.4072e-03 | |g|=1.25e+01
16:57:24 | INFO    | pibe.training.trainer |   cell 2 | i= 5999 | global | obj=-2.0521e+00 | data=-2.0563e+00 | phys=4.1334e-03 | |g|=1.08e+01
16:57:24 | INFO    | pibe.training.trainer |   cell 2 done in 423.7s | val local=-1.9564e+00 (data=-1.9637e+00, phys=7.3533e-03)
16:57:24 | INFO    | pibe.training.epibe_trainer |   cell 2 EBM | mu=-4.8450e-19 | sd=5.3750e-02 | log Z=-2.7666e+00 | |1-int p|=0.00e+00
16:57:24 | INFO    | pibe.training.epibe_trainer |   mu_omega_hat = -4.845028e-19  (Eq. 54)
16:57:24 | INFO    | pibe.training.trainer | cell 3/4: 3000 local iterations then 3000 fine-tuning iterations
16:57:24 | INFO    | pibe.training.trainer |   cell 3 | i=    0 | warmup | obj=1.4606e+00 | data=9.1927e-01 | phys=5.4128e-01 | |g|=1.09e+01
16:58:06 | INFO    | pibe.training.trainer |   cell 3 | i=  500 | warmup | obj=4.5078e-04 | data=3.2623e-04 | phys=1.2454e-04 | |g|=1.59e-01
16:58:49 | INFO    | pibe.training.trainer |   cell 3 | i= 1000 | fit    | obj=2.2623e-04 | data=1.7344e-04 | phys=5.2791e-05 | |g|=8.33e-02
16:59:31 | INFO    | pibe.training.trainer |   cell 3 | i= 1500 | fit    | obj=2.3325e-04 | data=2.0559e-04 | phys=2.7666e-05 | |g|=8.44e-02
17:00:14 | INFO    | pibe.training.trainer |   cell 3 | i= 2000 | local  | obj=1.2317e-04 | data=1.1053e-04 | phys=1.2646e-05 | |g|=1.86e-02
17:00:56 | INFO    | pibe.training.trainer |   cell 3 | i= 2500 | local  | obj=1.0269e-04 | data=7.6590e-05 | phys=2.6102e-05 | |g|=4.65e-02
17:01:39 | INFO    | pibe.training.trainer |   cell 3 | i= 3000 | global | obj=-1.4707e+00 | data=5.3513e-05 | phys=8.5800e-06 | |g|=1.23e+01
17:02:48 | INFO    | pibe.training.trainer |   cell 3 | i= 3500 | global | obj=-1.4112e+00 | data=4.6849e-04 | phys=1.2709e-04 | |g|=2.62e+01
17:03:56 | INFO    | pibe.training.trainer |   cell 3 | i= 4000 | global | obj=-1.3860e+00 | data=1.1832e-04 | phys=1.8559e-05 | |g|=1.28e+02
17:05:05 | INFO    | pibe.training.trainer |   cell 3 | i= 4500 | global | obj=-1.3375e+00 | data=1.1487e-04 | phys=1.9361e-04 | |g|=1.44e+02
17:06:14 | INFO    | pibe.training.trainer |   cell 3 | i= 5000 | global | obj=-1.4581e+00 | data=1.0658e-04 | phys=1.5652e-05 | |g|=3.59e+00
17:07:21 | INFO    | pibe.training.trainer |   cell 3 | i= 5500 | global | obj=-1.4741e+00 | data=7.4656e-05 | phys=8.4281e-06 | |g|=1.76e+01
17:08:28 | INFO    | pibe.training.trainer |   cell 3 | i= 5999 | global | obj=-1.4720e+00 | data=8.1071e-05 | phys=9.6093e-06 | |g|=6.46e+00
17:08:28 | INFO    | pibe.training.trainer |   cell 3 done in 663.7s | val local=1.1760e-04 (data=9.8033e-05, phys=1.9571e-05)
17:08:28 | INFO    | pibe.training.trainer | cell 4/4: 3000 local iterations then 3000 fine-tuning iterations
17:08:28 | INFO    | pibe.training.trainer |   cell 4 | i=    0 | warmup | obj=3.2781e+00 | data=8.1918e-01 | phys=2.4589e+00 | |g|=1.77e+01
17:09:20 | INFO    | pibe.training.trainer |   cell 4 | i=  500 | warmup | obj=3.5175e-01 | data=2.8799e-01 | phys=6.3761e-02 | |g|=2.05e+00
17:10:13 | INFO    | pibe.training.trainer |   cell 4 | i= 1000 | fit    | obj=3.5075e-01 | data=3.0144e-01 | phys=4.9319e-02 | |g|=7.00e-01
17:11:07 | INFO    | pibe.training.trainer |   cell 4 | i= 1500 | fit    | obj=3.5172e-01 | data=3.1318e-01 | phys=3.8538e-02 | |g|=2.66e-01
17:12:00 | INFO    | pibe.training.trainer |   cell 4 | i= 2000 | local  | obj=3.5726e-01 | data=3.2632e-01 | phys=3.0946e-02 | |g|=1.12e+00
17:12:54 | INFO    | pibe.training.trainer |   cell 4 | i= 2500 | local  | obj=3.5651e-01 | data=3.1249e-01 | phys=4.4024e-02 | |g|=2.14e-01
17:13:48 | INFO    | pibe.training.trainer |   cell 4 | i= 3000 | global | obj=-9.0619e-01 | data=3.0559e-01 | phys=4.6480e-02 | |g|=1.07e+01
17:15:29 | INFO    | pibe.training.trainer |   cell 4 | i= 3500 | global | obj=-9.9795e-01 | data=1.3642e-03 | phys=9.9703e-03 | |g|=2.25e+02
17:17:10 | INFO    | pibe.training.trainer |   cell 4 | i= 4000 | global | obj=-1.1487e+00 | data=7.1153e-03 | phys=1.6680e-02 | |g|=1.70e+01
17:18:53 | INFO    | pibe.training.trainer |   cell 4 | i= 4500 | global | obj=-1.1719e+00 | data=4.2044e-04 | phys=6.5048e-04 | |g|=5.60e+01
17:20:34 | INFO    | pibe.training.trainer |   cell 4 | i= 5000 | global | obj=-1.1628e+00 | data=2.3984e-04 | phys=4.4119e-04 | |g|=1.53e+02
17:22:14 | INFO    | pibe.training.trainer |   cell 4 | i= 5500 | global | obj=-1.0343e+00 | data=1.2534e-04 | phys=5.6343e-04 | |g|=2.17e+02
17:23:53 | INFO    | pibe.training.trainer |   cell 4 | i= 6000 | global | obj=-1.1638e+00 | data=1.1487e-04 | phys=2.7587e-04 | |g|=1.28e+02
17:25:34 | INFO    | pibe.training.trainer |   cell 4 | i= 6500 | global | obj=-7.6625e-01 | data=1.8397e-04 | phys=1.2600e-03 | |g|=2.43e+02
17:27:14 | INFO    | pibe.training.trainer |   cell 4 | i= 7000 | global | obj=-1.2381e+00 | data=7.5363e-05 | phys=2.4898e-04 | |g|=9.26e+01
17:28:53 | INFO    | pibe.training.trainer |   cell 4 | i= 7500 | global | obj=-1.2510e+00 | data=1.4450e-04 | phys=1.6105e-04 | |g|=4.46e+01
17:30:34 | INFO    | pibe.training.trainer |   cell 4 | i= 8000 | global | obj=-1.2590e+00 | data=1.0724e-04 | phys=2.0662e-04 | |g|=5.48e+01
17:32:14 | INFO    | pibe.training.trainer |   cell 4 | i= 8500 | global | obj=-1.2257e+00 | data=1.1155e-04 | phys=1.7374e-04 | |g|=1.35e+02
17:33:54 | INFO    | pibe.training.trainer |   cell 4 | i= 9000 | global | obj=-1.2811e+00 | data=1.3292e-04 | phys=1.5593e-04 | |g|=5.42e+01
17:35:35 | INFO    | pibe.training.trainer |   cell 4 | i= 9500 | global | obj=-1.2321e+00 | data=7.7400e-05 | phys=9.8201e-04 | |g|=4.53e+01
17:37:14 | INFO    | pibe.training.trainer |   cell 4 | i=10000 | global | obj=-1.2521e+00 | data=7.4995e-05 | phys=1.6741e-04 | |g|=9.52e+01
17:38:54 | INFO    | pibe.training.trainer |   cell 4 | i=10500 | global | obj=-1.2545e+00 | data=2.1220e-04 | phys=2.7942e-04 | |g|=6.54e+01
17:40:35 | INFO    | pibe.training.trainer |   cell 4 | i=11000 | global | obj=-1.1663e+00 | data=7.9909e-05 | phys=9.9600e-04 | |g|=1.79e+02
17:42:15 | INFO    | pibe.training.trainer |   cell 4 | i=11500 | global | obj=-1.2586e+00 | data=1.5348e-04 | phys=2.2795e-04 | |g|=5.27e+01
17:43:55 | INFO    | pibe.training.trainer |   cell 4 | i=12000 | global | obj=-1.2903e+00 | data=1.2831e-04 | phys=1.5378e-04 | |g|=2.01e+01
17:45:36 | INFO    | pibe.training.trainer |   cell 4 | i=12500 | global | obj=-1.2710e+00 | data=1.4691e-04 | phys=2.1376e-04 | |g|=5.33e+01
17:47:15 | INFO    | pibe.training.trainer |   cell 4 | i=13000 | global | obj=-1.2845e+00 | data=8.0930e-05 | phys=9.2547e-05 | |g|=3.64e+01
17:48:55 | INFO    | pibe.training.trainer |   cell 4 | i=13500 | global | obj=-1.2855e+00 | data=8.5095e-05 | phys=1.2945e-04 | |g|=8.76e-01
17:50:36 | INFO    | pibe.training.trainer |   cell 4 | i=14000 | global | obj=-1.2777e+00 | data=9.8099e-05 | phys=9.2497e-05 | |g|=1.47e+00
17:52:16 | INFO    | pibe.training.trainer |   cell 4 | i=14500 | global | obj=-1.2784e+00 | data=7.8642e-05 | phys=7.7565e-05 | |g|=3.01e+00
17:53:42 | INFO    | pibe.training.trainer |   cell 4 | i=15000 | global | obj=-1.2650e+00 | data=6.9079e-05 | phys=6.5582e-05 | |g|=1.81e+00
17:54:50 | INFO    | pibe.training.trainer |   cell 4 | i=15500 | global | obj=-1.2861e+00 | data=7.2956e-05 | phys=1.1472e-04 | |g|=8.97e-01
17:55:58 | INFO    | pibe.training.trainer |   cell 4 | i=15999 | global | obj=-1.2909e+00 | data=7.4592e-05 | phys=1.2762e-04 | |g|=3.90e+00
17:55:58 | INFO    | pibe.training.trainer |   cell 4 done in 2850.1s | val local=4.0546e-04 (data=9.5378e-05, phys=3.1009e-04)
17:55:58 | INFO    | train_pibe         | train metrics:
state errors (L2 / sup):
  x_1: 8.1417e-03 / 9.4700e-02
  x_2: 1.6256e-01 / 6.4357e-01
  x_3: 1.3189e-01 / 4.8456e-01
parameter errors (|err| / spread):
  theta_1: 1.0756e-01 / 1.1443e-02
  theta_2: 9.4067e-02 / 3.4704e-04
disturbance: L2=4.3854e-02, sup=1.5937e-01
output fit: L2=4.9159e-02
17:55:58 | INFO    | train_pibe         | val metrics:
state errors (L2 / sup):
  x_1: 1.4735e-02 / 8.3315e-02
  x_2: 1.6715e-01 / 6.2889e-01
  x_3: 1.3298e-01 / 4.0569e-01
parameter errors (|err| / spread):
  theta_1: 1.0786e-01 / 1.3744e-02
  theta_2: 9.3966e-02 / 7.0016e-04
disturbance: L2=2.5784e-02, sup=8.5554e-02
output fit: L2=5.0747e-02
17:56:01 | INFO    | train_pibe         | oracle comparison (train, scored on the quadratic objective):
 cell |   L_Loc @ truth | L_Loc @ trained | winner
------------------------------------------------------------
    2 |      2.6204e-03 |      1.4169e-02 | truth
    3 |      5.4338e-36 |      2.7981e-04 | truth
    4 |      2.6223e-35 |      1.5884e-04 | truth
------------------------------------------------------------
L_Tot @ truth   : 1.5894e-03
L_Tot @ trained : 8.9705e-03

verdict: optimization failure: the true solution attains a lower objective than training reached, so it is representable and preferred but was not found. Lengthen end-to-end fine-tuning (lower N_par / raise lr_global) and check that no head is pinned to the boundary of its admissible box.
17:56:01 | INFO    | train_pibe         | learned residual densities:
 cell |      rho_k |     B_E |        L_E |  nodes |    spacing |  |1-int p|
----------------------------------------------------------------------------
    2 |        0.9 |      12 |      894.2 |   1024 |    0.00176 |   0.00e+00
  mu_omega_hat = +6.793204e-19 (Eq. 54)   true sensor bias = +0.000000e+00
17:56:01 | INFO    | pibe.eval.figures  | wrote outputs/n3v2_K100_epibe/figures/states.png
17:56:01 | INFO    | pibe.eval.figures  | wrote outputs/n3v2_K100_epibe/figures/disturbance.png
17:56:01 | INFO    | matplotlib.mathtext | Substituting symbol A from STIXNonUnicode
17:56:01 | INFO    | pibe.eval.figures  | wrote outputs/n3v2_K100_epibe/figures/parameters.png
17:56:02 | INFO    | pibe.eval.figures  | wrote outputs/n3v2_K100_epibe/figures/errors.png
17:56:02 | INFO    | train_pibe         | figures: states.png, disturbance.png, parameters.png, errors.png
17:56:02 | INFO    | train_pibe         | artifacts written to outputs/n3v2_K100_epibe
