host      : marg001
partition : normal
job       : 557937  array task 1
config    : configs/automatica_n3v2_big_lowomega_v3.yaml  (version v3)
seed      : 0
run dir   : outputs/big_w10_v3_s0
threads   : 16
resuming  : no (fresh start)
gpu       : none (CPU run)

python    : /home/at-sac/mboukaf/Automatica/.venv/bin/python (Python 3.12.13)
torch     : 2.14.0+cu130  cuda=False

08:31:44 | INFO    | train_pibe         | experiment:
system            : automatica_n3v2(n=3) on cpu (torch.float64)
true theta        : [0.23502650090327654, 0.10390993219989397]  (sampled per trajectory)
disturbance       : independent a per trajectory
basis             : FourierBasis(q=3, H=2, omega=0.628319, horizon=[0, 20], periods=2)
  lambda_min(W)   : 1.0000e+01   (Eq. 3, must be > 0)
  eps_(d,q)       : 0.0000e+00
noise             : TruncatedGaussianNoise(sigma=0.002, bound=0.006)
data              : TrajectoryData(P=2048, N=201, n=3, horizon=[0, 20])
  train / val     : 1638 / 410
  data fill h_d   : 5.0000e-02
  coll fill h_r   : 2.5000e-02
bank              : cells 2..4, 2216458 parameters
estimator         : PIBE (Algorithm 1)
08:31:46 | INFO    | train_pibe         | disturbance observability  (sigma = 0.002, N = 201)
  i |       gain |    settled |  signature |     SNR |  eff SNR |
----------------------------------------------------------------------------
  1 |  3.040e-01 |  3.066e-01 |  5.519e-02 |   27.60 |   391.23 |
  2 |  2.835e-01 |  3.036e-01 |  5.465e-02 |   27.33 |   387.40 |
  3 |  1.472e-01 |  1.395e-01 |  1.674e-02 |    8.37 |   118.69 |

every basis function is observable above the noise floor.
08:31:46 | INFO    | pibe.training.trainer | cell 2/4: 8000 local iterations then 12000 fine-tuning iterations
08:31:54 | INFO    | pibe.training.trainer |   cell 2 | i=    0 | local  | obj=7.6358e+00 | data=7.0074e+00 | phys=6.2842e-01 | |g|=4.47e+01
08:40:47 | INFO    | pibe.training.trainer |   cell 2 | i= 2000 | local  | obj=1.6426e-03 | data=1.0389e-03 | phys=6.0372e-04 | |g|=2.08e-01
08:49:45 | INFO    | pibe.training.trainer |   cell 2 | i= 4000 | local  | obj=1.8059e-03 | data=1.3948e-03 | phys=4.1115e-04 | |g|=4.26e-01
08:58:41 | INFO    | pibe.training.trainer |   cell 2 | i= 6000 | local  | obj=8.3378e-04 | data=5.4488e-04 | phys=2.8890e-04 | |g|=1.71e-01
09:07:38 | INFO    | pibe.training.trainer |   cell 2 | i= 8000 | global | obj=7.1489e-04 | data=5.9180e-04 | phys=1.2308e-04 | |g|=1.94e-01
09:16:36 | INFO    | pibe.training.trainer |   cell 2 | i=10000 | global | obj=2.8345e-04 | data=2.2053e-04 | phys=6.2920e-05 | |g|=1.43e-01
09:25:35 | INFO    | pibe.training.trainer |   cell 2 | i=12000 | global | obj=1.8667e-04 | data=1.1466e-04 | phys=7.2011e-05 | |g|=6.96e-02
09:34:34 | INFO    | pibe.training.trainer |   cell 2 | i=14000 | global | obj=2.4293e-04 | data=2.0692e-04 | phys=3.6018e-05 | |g|=9.50e-02
09:43:37 | INFO    | pibe.training.trainer |   cell 2 | i=16000 | global | obj=1.4602e-04 | data=1.1455e-04 | phys=3.1464e-05 | |g|=6.27e-02
09:52:41 | INFO    | pibe.training.trainer |   cell 2 | i=18000 | global | obj=1.4609e-04 | data=1.2569e-04 | phys=2.0395e-05 | |g|=3.35e-02
10:01:39 | INFO    | pibe.training.trainer |   cell 2 | i=19999 | global | obj=9.4300e-05 | data=7.5626e-05 | phys=1.8674e-05 | |g|=1.97e-02
10:01:40 | INFO    | pibe.training.trainer |   cell 2 done in 5393.4s | val local=1.1040e-04 (data=9.0761e-05, phys=1.9638e-05)
10:01:40 | INFO    | pibe.training.trainer | cell 3/4: 8000 local iterations then 12000 fine-tuning iterations
10:01:41 | INFO    | pibe.training.trainer |   cell 3 | i=    0 | local  | obj=2.6705e-01 | data=1.1438e-01 | phys=1.5267e-01 | |g|=5.12e+00
10:12:49 | INFO    | pibe.training.trainer |   cell 3 | i= 2000 | local  | obj=4.0002e-03 | data=3.6281e-03 | phys=3.7205e-04 | |g|=1.41e-01
10:23:57 | INFO    | pibe.training.trainer |   cell 3 | i= 4000 | local  | obj=4.0861e-03 | data=3.7486e-03 | phys=3.3754e-04 | |g|=1.50e-01
10:35:06 | INFO    | pibe.training.trainer |   cell 3 | i= 6000 | local  | obj=4.5336e-03 | data=4.1593e-03 | phys=3.7424e-04 | |g|=6.65e-01
10:46:12 | INFO    | pibe.training.trainer |   cell 3 | i= 8000 | global | obj=2.5713e-03 | data=2.0661e-03 | phys=4.5373e-04 | |g|=8.30e-02
11:04:08 | INFO    | pibe.training.trainer |   cell 3 | i=10000 | global | obj=1.4334e-03 | data=2.2986e-04 | phys=1.6440e-04 | |g|=9.57e-02
11:21:53 | INFO    | pibe.training.trainer |   cell 3 | i=12000 | global | obj=2.0578e-03 | data=2.4751e-04 | phys=1.2952e-04 | |g|=2.17e-01
11:39:25 | INFO    | pibe.training.trainer |   cell 3 | i=14000 | global | obj=9.0996e-04 | data=1.2155e-04 | phys=4.0335e-05 | |g|=5.58e-02
12:01:15 | INFO    | pibe.training.trainer |   cell 3 | i=16000 | global | obj=7.5071e-04 | data=1.2295e-04 | phys=3.3051e-05 | |g|=3.79e-02
12:20:35 | INFO    | pibe.training.trainer |   cell 3 | i=18000 | global | obj=7.2112e-04 | data=1.3578e-04 | phys=3.3438e-05 | |g|=3.51e-02
12:38:09 | INFO    | pibe.training.trainer |   cell 3 | i=19999 | global | obj=5.8117e-04 | data=9.7491e-05 | phys=3.3618e-05 | |g|=2.00e-02
12:38:13 | INFO    | pibe.training.trainer |   cell 3 done in 9389.1s | val local=1.3608e-04 (data=1.0419e-04, phys=3.1887e-05)
12:38:13 | INFO    | pibe.training.trainer | cell 4/4: 8000 local iterations then 12000 fine-tuning iterations
12:38:13 | INFO    | pibe.training.trainer |   cell 4 | i=    0 | local  | obj=1.6979e+00 | data=1.8759e-01 | phys=1.5103e+00 | |g|=3.23e+01
12:50:16 | INFO    | pibe.training.trainer |   cell 4 | i= 2000 | local  | obj=3.4707e-01 | data=3.1298e-01 | phys=3.4088e-02 | |g|=1.72e+00
13:02:29 | INFO    | pibe.training.trainer |   cell 4 | i= 4000 | local  | obj=3.0316e-01 | data=2.4555e-01 | phys=5.7607e-02 | |g|=3.38e+00
13:15:26 | INFO    | pibe.training.trainer |   cell 4 | i= 6000 | local  | obj=3.5436e-01 | data=3.2330e-01 | phys=3.1061e-02 | |g|=2.07e+00
13:28:52 | INFO    | pibe.training.trainer |   cell 4 | i= 8000 | global | obj=3.2340e-01 | data=3.0114e-01 | phys=2.1707e-02 | |g|=6.05e+00
14:01:10 | INFO    | pibe.training.trainer |   cell 4 | i=10000 | global | obj=3.0366e-03 | data=2.4268e-04 | phys=5.0298e-04 | |g|=9.23e-01
14:30:52 | INFO    | pibe.training.trainer |   cell 4 | i=12000 | global | obj=5.1766e-03 | data=7.9703e-04 | phys=1.1052e-03 | |g|=1.20e+00
14:56:59 | INFO    | pibe.training.trainer |   cell 4 | i=14000 | global | obj=1.4882e-03 | data=1.4788e-04 | phys=1.1403e-04 | |g|=4.35e-01
15:23:50 | INFO    | pibe.training.trainer |   cell 4 | i=16000 | global | obj=7.3521e-03 | data=1.0753e-03 | phys=8.2342e-04 | |g|=1.06e+00
15:55:33 | INFO    | pibe.training.trainer |   cell 4 | i=18000 | global | obj=1.6544e-01 | data=2.2408e-02 | phys=1.2153e-01 | |g|=9.51e+01
16:23:51 | INFO    | pibe.training.trainer |   cell 4 | i=20000 | global | obj=2.1039e-03 | data=2.2177e-04 | phys=1.4816e-04 | |g|=6.89e-01
16:59:40 | INFO    | pibe.training.trainer |   cell 4 | i=22000 | global | obj=1.9608e-03 | data=2.2626e-04 | phys=2.3008e-04 | |g|=6.16e-01
17:31:15 | INFO    | pibe.training.trainer |   cell 4 | i=24000 | global | obj=7.4700e-04 | data=4.5217e-05 | phys=2.5768e-05 | |g|=1.39e-01
17:57:51 | INFO    | pibe.training.trainer |   cell 4 | i=26000 | global | obj=7.1818e-04 | data=4.4044e-05 | phys=2.9419e-05 | |g|=1.90e-01
18:23:42 | INFO    | pibe.training.trainer |   cell 4 | i=28000 | global | obj=7.0682e-04 | data=2.3371e-05 | phys=2.9524e-05 | |g|=1.45e-01
18:52:18 | INFO    | pibe.training.trainer |   cell 4 | i=30000 | global | obj=7.4331e-04 | data=2.8262e-05 | phys=2.0637e-05 | |g|=2.23e-01
19:27:48 | INFO    | pibe.training.trainer |   cell 4 | i=32000 | global | obj=5.8763e-04 | data=2.2382e-05 | phys=2.7516e-05 | |g|=1.29e-01
20:07:28 | INFO    | pibe.training.trainer |   cell 4 | i=34000 | global | obj=7.5758e-04 | data=3.7862e-05 | phys=1.3397e-05 | |g|=1.00e-01
20:36:55 | INFO    | pibe.training.trainer |   cell 4 | i=36000 | global | obj=6.5747e-04 | data=2.6137e-05 | phys=2.5237e-05 | |g|=8.08e-02
21:06:45 | INFO    | pibe.training.trainer |   cell 4 | i=38000 | global | obj=5.6715e-04 | data=3.4627e-05 | phys=1.1348e-05 | |g|=1.48e-01
21:43:06 | INFO    | pibe.training.trainer |   cell 4 | i=40000 | global | obj=4.4431e-04 | data=1.9384e-05 | phys=8.6665e-06 | |g|=6.75e-02
22:14:13 | INFO    | pibe.training.trainer |   cell 4 | i=42000 | global | obj=4.7548e-04 | data=2.2277e-05 | phys=9.4211e-06 | |g|=5.80e-02
22:43:17 | INFO    | pibe.training.trainer |   cell 4 | i=44000 | global | obj=4.2511e-04 | data=2.7850e-05 | phys=1.0738e-05 | |g|=5.27e-02
23:11:45 | INFO    | pibe.training.trainer |   cell 4 | i=46000 | global | obj=3.5688e-04 | data=2.0404e-05 | phys=8.6966e-06 | |g|=3.11e-02
23:42:13 | INFO    | pibe.training.trainer |   cell 4 | i=48000 | global | obj=4.6505e-04 | data=2.6533e-05 | phys=9.9787e-06 | |g|=2.11e-02
00:11:22 | INFO    | pibe.training.trainer |   cell 4 | i=49999 | global | obj=4.7942e-04 | data=3.3251e-05 | phys=9.9398e-06 | |g|=2.06e-02
00:11:28 | INFO    | pibe.training.trainer |   cell 4 done in 41589.8s | val local=3.8979e-05 (data=2.8012e-05, phys=1.0967e-05)
00:11:41 | INFO    | train_pibe         | train metrics:
state errors (L2 / sup):
  x_1: 1.4718e-02 / 1.9126e-01
  x_2: 1.7694e-01 / 5.9621e-01
  x_3: 1.5763e-01 / 6.2368e-01
parameter errors (|err| / spread):
  theta_1: 9.2179e-02 / 1.3527e-01
  theta_2: 1.1378e-01 / 7.0368e-02
disturbance: L2=9.5849e-02, sup=3.5770e-01
output fit: L2=1.4856e-02
00:11:43 | INFO    | train_pibe         | val metrics:
state errors (L2 / sup):
  x_1: 1.5110e-02 / 1.9879e-01
  x_2: 1.7266e-01 / 6.3322e-01
  x_3: 1.5393e-01 / 5.9721e-01
parameter errors (|err| / spread):
  theta_1: 9.0013e-02 / 1.3714e-01
  theta_2: 1.1080e-01 / 7.0593e-02
disturbance: L2=9.7523e-02, sup=3.1657e-01
output fit: L2=1.5265e-02
00:12:26 | INFO    | train_pibe         | oracle comparison (train):
 cell |   L_Loc @ truth | L_Loc @ trained | winner
------------------------------------------------------------
    2 |      3.8966e-06 |      4.5460e-04 | truth
    3 |      1.1573e-35 |      1.4581e-04 | truth
    4 |      2.5333e-35 |      3.5734e-05 | truth
------------------------------------------------------------
L_Tot @ truth   : 2.3634e-06
L_Tot @ trained : 4.2502e-04
noise floor     : 3.8933e-06 (the cell-2 data term cannot honestly go below this)

verdict: optimization failure: the true solution attains a lower objective than training reached, so it is representable and preferred but was not found. Lengthen end-to-end fine-tuning (lower N_par / raise lr_global) and check that no head is pinned to the boundary of its admissible box.
00:12:30 | INFO    | pibe.eval.figures  | wrote outputs/big_w10_v3_s0/figures/states.png
00:12:30 | INFO    | pibe.eval.figures  | wrote outputs/big_w10_v3_s0/figures/disturbance.png
00:12:31 | INFO    | matplotlib.mathtext | Substituting symbol A from STIXNonUnicode
00:12:31 | INFO    | pibe.eval.figures  | wrote outputs/big_w10_v3_s0/figures/parameters.png
00:12:31 | INFO    | pibe.eval.figures  | wrote outputs/big_w10_v3_s0/figures/errors.png
00:12:31 | INFO    | train_pibe         | figures: states.png, disturbance.png, parameters.png, errors.png
00:12:31 | INFO    | train_pibe         | artifacts written to outputs/big_w10_v3_s0

done. artifacts in outputs/big_w10_v3_s0:
outputs/big_w10_v3_s0:
bank.pt
config.resolved.yaml
figures
history.json
metrics_train.json
metrics_val.json
train.log

outputs/big_w10_v3_s0/figures:
disturbance.png
errors.png
parameters.png
states.png
