21:49:43 | INFO    | train_pibe         | experiment:
system            : automatica_n3v2(n=3) on cpu (torch.float64)
true theta        : [0.23502650090327654, 0.10390993219989397]
disturbance       : one a shared by all trajectories
basis             : FourierBasis(q=3, H=2, omega=1.25664, horizon=[0, 20], periods=4)
  lambda_min(W)   : 1.0000e+01   (Eq. 3, must be > 0)
  eps_(d,q)       : 0.0000e+00
noise             : BiasedNoise(TruncatedGaussianNoise(sigma=0.002, bound=0.006), bias=+0.05)
data              : TrajectoryData(P=64, N=201, n=3, horizon=[0, 20])
  train / val     : 51 / 13
  data fill h_d   : 5.0000e-02
  coll fill h_r   : 2.5000e-02
bank              : cells 2..4, 271850 parameters
estimator         : PIBE (Algorithm 1)
21:49:44 | INFO    | train_pibe         | disturbance observability  (sigma = 0.002, N = 201)
  i |       gain |    settled |  signature |     SNR |  eff SNR |
----------------------------------------------------------------------------
  1 |  1.472e-01 |  1.395e-01 |  2.511e-02 |   12.56 |   178.03 |
  2 |  1.369e-01 |  1.401e-01 |  2.522e-02 |   12.61 |   178.81 |
  3 |  4.558e-02 |  3.413e-02 |  4.096e-03 |    2.05 |    29.04 |

every basis function is observable above the noise floor.
21:49:44 | INFO    | pibe.training.trainer | cell 2/4: 3000 local iterations then 3000 fine-tuning iterations
21:49:44 | INFO    | pibe.training.trainer |   cell 2 | i=    0 | local  | obj=1.2621e+01 | data=1.2336e+01 | phys=2.8472e-01 | |g|=7.41e+01
21:49:53 | INFO    | pibe.training.trainer |   cell 2 | i=  500 | local  | obj=1.3972e-03 | data=1.2720e-03 | phys=1.2520e-04 | |g|=6.89e-01
21:50:02 | INFO    | pibe.training.trainer |   cell 2 | i= 1000 | local  | obj=8.2140e-04 | data=7.5092e-04 | phys=7.0472e-05 | |g|=6.76e-01
21:50:11 | INFO    | pibe.training.trainer |   cell 2 | i= 1500 | local  | obj=4.1049e-04 | data=3.5268e-04 | phys=5.7805e-05 | |g|=1.60e-01
21:50:20 | INFO    | pibe.training.trainer |   cell 2 | i= 2000 | local  | obj=3.2956e-04 | data=2.7306e-04 | phys=5.6501e-05 | |g|=3.21e-01
21:50:30 | INFO    | pibe.training.trainer |   cell 2 | i= 2500 | local  | obj=1.4493e-04 | data=1.1097e-04 | phys=3.3957e-05 | |g|=1.47e-01
21:50:39 | INFO    | pibe.training.trainer |   cell 2 | i= 3000 | global | obj=1.0677e-04 | data=8.0450e-05 | phys=2.6325e-05 | |g|=7.17e-02
21:50:49 | INFO    | pibe.training.trainer |   cell 2 | i= 3500 | global | obj=1.0307e-04 | data=7.2655e-05 | phys=3.0415e-05 | |g|=1.49e-01
21:50:58 | INFO    | pibe.training.trainer |   cell 2 | i= 4000 | global | obj=6.2160e-05 | data=3.4033e-05 | phys=2.8127e-05 | |g|=7.86e-02
21:51:07 | INFO    | pibe.training.trainer |   cell 2 | i= 4500 | global | obj=4.3428e-05 | data=3.3429e-05 | phys=9.9982e-06 | |g|=4.67e-02
21:51:16 | INFO    | pibe.training.trainer |   cell 2 | i= 5000 | global | obj=4.2806e-05 | data=3.0099e-05 | phys=1.2708e-05 | |g|=1.58e-02
21:51:25 | INFO    | pibe.training.trainer |   cell 2 | i= 5500 | global | obj=3.5658e-05 | data=2.6325e-05 | phys=9.3328e-06 | |g|=2.60e-03
21:51:34 | INFO    | pibe.training.trainer |   cell 2 | i= 5999 | global | obj=2.9645e-05 | data=2.2637e-05 | phys=7.0077e-06 | |g|=5.27e-03
21:51:34 | INFO    | pibe.training.trainer |   cell 2 done in 110.7s | val local=7.5371e-05 (data=4.1698e-05, phys=3.3673e-05)
21:51:34 | INFO    | pibe.training.trainer | cell 3/4: 3000 local iterations then 3000 fine-tuning iterations
21:51:34 | INFO    | pibe.training.trainer |   cell 3 | i=    0 | local  | obj=6.1038e-01 | data=5.2499e-01 | phys=8.5389e-02 | |g|=6.94e+00
21:51:47 | INFO    | pibe.training.trainer |   cell 3 | i=  500 | local  | obj=4.3721e-04 | data=2.7022e-04 | phys=1.6699e-04 | |g|=9.07e-02
21:52:00 | INFO    | pibe.training.trainer |   cell 3 | i= 1000 | local  | obj=3.9039e-04 | data=2.2634e-04 | phys=1.6405e-04 | |g|=2.43e-01
21:52:13 | INFO    | pibe.training.trainer |   cell 3 | i= 1500 | local  | obj=1.6178e-04 | data=8.9453e-05 | phys=7.2330e-05 | |g|=1.02e-01
21:52:26 | INFO    | pibe.training.trainer |   cell 3 | i= 2000 | local  | obj=1.0187e-04 | data=7.7384e-05 | phys=2.4481e-05 | |g|=7.12e-02
21:52:39 | INFO    | pibe.training.trainer |   cell 3 | i= 2500 | local  | obj=6.6383e-05 | data=3.9098e-05 | phys=2.7285e-05 | |g|=3.51e-02
21:52:52 | INFO    | pibe.training.trainer |   cell 3 | i= 3000 | global | obj=6.9645e-05 | data=3.1585e-05 | phys=1.1453e-05 | |g|=1.11e-02
21:53:09 | INFO    | pibe.training.trainer |   cell 3 | i= 3500 | global | obj=1.3461e-04 | data=7.4688e-05 | phys=1.5246e-05 | |g|=1.79e-01
21:53:27 | INFO    | pibe.training.trainer |   cell 3 | i= 4000 | global | obj=4.5262e-05 | data=1.6217e-05 | phys=6.1674e-06 | |g|=4.00e-02
21:53:46 | INFO    | pibe.training.trainer |   cell 3 | i= 4500 | global | obj=3.8694e-05 | data=1.0515e-05 | phys=4.1463e-06 | |g|=2.35e-02
21:54:04 | INFO    | pibe.training.trainer |   cell 3 | i= 5000 | global | obj=2.8401e-05 | data=4.8543e-06 | phys=2.1567e-06 | |g|=1.07e-02
21:54:22 | INFO    | pibe.training.trainer |   cell 3 | i= 5500 | global | obj=2.4089e-05 | data=5.6459e-06 | phys=2.3661e-06 | |g|=3.23e-03
21:54:39 | INFO    | pibe.training.trainer |   cell 3 | i= 5999 | global | obj=3.0201e-05 | data=6.2389e-06 | phys=2.3619e-06 | |g|=2.26e-03
21:54:39 | INFO    | pibe.training.trainer |   cell 3 done in 185.1s | val local=2.2500e-05 (data=1.3194e-05, phys=9.3054e-06)
21:54:39 | INFO    | pibe.training.trainer | cell 4/4: 3000 local iterations then 3000 fine-tuning iterations
21:54:39 | INFO    | pibe.training.trainer |   cell 4 | i=    0 | local  | obj=3.5521e+00 | data=4.0818e-01 | phys=3.1439e+00 | |g|=1.86e+01
21:54:56 | INFO    | pibe.training.trainer |   cell 4 | i=  500 | local  | obj=3.8056e-01 | data=3.5531e-01 | phys=2.5251e-02 | |g|=2.39e+00
21:55:12 | INFO    | pibe.training.trainer |   cell 4 | i= 1000 | local  | obj=3.7162e-01 | data=3.2702e-01 | phys=4.4608e-02 | |g|=7.68e-02
21:55:28 | INFO    | pibe.training.trainer |   cell 4 | i= 1500 | local  | obj=3.6890e-01 | data=3.2182e-01 | phys=4.7080e-02 | |g|=3.65e-01
21:55:45 | INFO    | pibe.training.trainer |   cell 4 | i= 2000 | local  | obj=3.7190e-01 | data=3.2278e-01 | phys=4.9116e-02 | |g|=5.10e-01
21:56:01 | INFO    | pibe.training.trainer |   cell 4 | i= 2500 | local  | obj=3.7177e-01 | data=3.2923e-01 | phys=4.2532e-02 | |g|=8.25e-02
21:56:18 | INFO    | pibe.training.trainer |   cell 4 | i= 3000 | global | obj=3.7085e-01 | data=3.3301e-01 | phys=3.7825e-02 | |g|=1.00e+01
21:56:46 | INFO    | pibe.training.trainer |   cell 4 | i= 3500 | global | obj=3.8429e-04 | data=6.1722e-05 | phys=5.7970e-05 | |g|=1.63e-01
21:57:13 | INFO    | pibe.training.trainer |   cell 4 | i= 4000 | global | obj=1.7386e-04 | data=2.9849e-05 | phys=1.8366e-05 | |g|=4.11e-02
21:57:42 | INFO    | pibe.training.trainer |   cell 4 | i= 4500 | global | obj=2.7268e-04 | data=1.6603e-05 | phys=8.8408e-05 | |g|=3.43e-01
21:58:10 | INFO    | pibe.training.trainer |   cell 4 | i= 5000 | global | obj=7.0575e-04 | data=4.1144e-05 | phys=4.9789e-04 | |g|=9.37e-01
21:58:39 | INFO    | pibe.training.trainer |   cell 4 | i= 5500 | global | obj=3.6403e-04 | data=1.5390e-05 | phys=2.0806e-04 | |g|=5.96e-01
21:59:07 | INFO    | pibe.training.trainer |   cell 4 | i= 6000 | global | obj=4.5018e-05 | data=5.8215e-06 | phys=6.5916e-06 | |g|=3.66e-02
21:59:36 | INFO    | pibe.training.trainer |   cell 4 | i= 6500 | global | obj=1.0230e-04 | data=9.9790e-06 | phys=2.0960e-05 | |g|=1.49e-01
22:00:04 | INFO    | pibe.training.trainer |   cell 4 | i= 7000 | global | obj=2.4134e-04 | data=1.7314e-05 | phys=1.4185e-04 | |g|=4.55e-01
22:00:31 | INFO    | pibe.training.trainer |   cell 4 | i= 7500 | global | obj=1.3504e-04 | data=1.3156e-05 | phys=3.5165e-05 | |g|=2.40e-01
22:00:58 | INFO    | pibe.training.trainer |   cell 4 | i= 8000 | global | obj=1.1861e-04 | data=8.8515e-06 | phys=6.8854e-05 | |g|=2.97e-01
22:01:26 | INFO    | pibe.training.trainer |   cell 4 | i= 8500 | global | obj=9.5156e-05 | data=6.9580e-06 | phys=8.0536e-06 | |g|=2.07e-02
22:01:53 | INFO    | pibe.training.trainer |   cell 4 | i= 9000 | global | obj=4.7344e-05 | data=6.7258e-06 | phys=7.1998e-06 | |g|=3.77e-02
22:02:20 | INFO    | pibe.training.trainer |   cell 4 | i= 9500 | global | obj=5.2418e-05 | data=7.5551e-06 | phys=1.9736e-05 | |g|=1.75e-01
22:02:47 | INFO    | pibe.training.trainer |   cell 4 | i=10000 | global | obj=1.7003e-04 | data=1.3779e-05 | phys=1.1412e-04 | |g|=3.52e-01
22:03:14 | INFO    | pibe.training.trainer |   cell 4 | i=10500 | global | obj=4.3963e-05 | data=4.1870e-06 | phys=5.3153e-06 | |g|=4.92e-02
22:03:42 | INFO    | pibe.training.trainer |   cell 4 | i=11000 | global | obj=1.2097e-04 | data=1.1115e-05 | phys=8.4360e-05 | |g|=3.20e-01
22:04:10 | INFO    | pibe.training.trainer |   cell 4 | i=11500 | global | obj=3.3683e-05 | data=3.8336e-06 | phys=7.5271e-06 | |g|=7.73e-02
22:04:37 | INFO    | pibe.training.trainer |   cell 4 | i=12000 | global | obj=9.7173e-05 | data=2.4823e-06 | phys=5.7843e-05 | |g|=2.45e-01
22:05:04 | INFO    | pibe.training.trainer |   cell 4 | i=12500 | global | obj=6.1218e-05 | data=2.6448e-06 | phys=2.7745e-05 | |g|=1.92e-01
22:05:31 | INFO    | pibe.training.trainer |   cell 4 | i=13000 | global | obj=4.4871e-05 | data=4.7757e-06 | phys=1.6239e-05 | |g|=1.61e-01
22:05:58 | INFO    | pibe.training.trainer |   cell 4 | i=13500 | global | obj=3.0952e-04 | data=1.3994e-05 | phys=1.7258e-04 | |g|=4.54e-01
22:06:25 | INFO    | pibe.training.trainer |   cell 4 | i=14000 | global | obj=6.5232e-05 | data=2.2653e-06 | phys=3.0440e-05 | |g|=2.14e-01
22:06:52 | INFO    | pibe.training.trainer |   cell 4 | i=14500 | global | obj=2.6103e-05 | data=1.3011e-06 | phys=1.2732e-05 | |g|=1.23e-01
22:07:19 | INFO    | pibe.training.trainer |   cell 4 | i=15000 | global | obj=2.3895e-04 | data=2.4239e-05 | phys=1.2850e-04 | |g|=4.50e-01
22:07:46 | INFO    | pibe.training.trainer |   cell 4 | i=15500 | global | obj=2.5131e-05 | data=2.2245e-06 | phys=7.8280e-06 | |g|=7.05e-02
22:08:13 | INFO    | pibe.training.trainer |   cell 4 | i=16000 | global | obj=5.8972e-05 | data=3.9648e-06 | phys=2.7682e-05 | |g|=1.52e-01
22:08:40 | INFO    | pibe.training.trainer |   cell 4 | i=16500 | global | obj=2.3101e-05 | data=2.1369e-06 | phys=5.4878e-06 | |g|=6.70e-02
22:09:07 | INFO    | pibe.training.trainer |   cell 4 | i=17000 | global | obj=1.6365e-05 | data=1.2861e-06 | phys=3.0415e-06 | |g|=4.57e-02
22:09:34 | INFO    | pibe.training.trainer |   cell 4 | i=17500 | global | obj=3.4444e-05 | data=5.8449e-06 | phys=3.8006e-06 | |g|=8.30e-02
22:10:02 | INFO    | pibe.training.trainer |   cell 4 | i=18000 | global | obj=2.6238e-05 | data=2.2832e-06 | phys=8.3717e-06 | |g|=1.03e-01
22:10:29 | INFO    | pibe.training.trainer |   cell 4 | i=18500 | global | obj=1.8750e-05 | data=2.2638e-06 | phys=3.7593e-06 | |g|=5.32e-02
22:10:56 | INFO    | pibe.training.trainer |   cell 4 | i=19000 | global | obj=1.3073e-05 | data=7.3570e-07 | phys=3.0153e-06 | |g|=2.51e-02
22:11:25 | INFO    | pibe.training.trainer |   cell 4 | i=19500 | global | obj=9.1378e-05 | data=1.2743e-05 | phys=3.9599e-05 | |g|=1.13e-01
22:11:53 | INFO    | pibe.training.trainer |   cell 4 | i=20000 | global | obj=1.2610e-04 | data=6.8129e-06 | phys=8.4141e-05 | |g|=3.50e-01
22:12:21 | INFO    | pibe.training.trainer |   cell 4 | i=20500 | global | obj=2.1376e-05 | data=1.8634e-06 | phys=9.6438e-06 | |g|=1.07e-01
22:12:49 | INFO    | pibe.training.trainer |   cell 4 | i=21000 | global | obj=1.5062e-05 | data=1.1775e-06 | phys=2.1899e-06 | |g|=4.38e-02
22:13:17 | INFO    | pibe.training.trainer |   cell 4 | i=21500 | global | obj=1.7136e-05 | data=6.0707e-07 | phys=5.8177e-06 | |g|=8.88e-02
22:13:46 | INFO    | pibe.training.trainer |   cell 4 | i=22000 | global | obj=1.2325e-05 | data=8.5682e-07 | phys=2.1890e-06 | |g|=2.93e-02
22:14:14 | INFO    | pibe.training.trainer |   cell 4 | i=22500 | global | obj=1.3981e-05 | data=1.0901e-06 | phys=4.3550e-06 | |g|=7.17e-02
22:14:42 | INFO    | pibe.training.trainer |   cell 4 | i=23000 | global | obj=1.9105e-05 | data=1.0778e-06 | phys=7.9836e-06 | |g|=9.47e-02
22:15:10 | INFO    | pibe.training.trainer |   cell 4 | i=23500 | global | obj=6.4380e-05 | data=3.4365e-06 | phys=4.3854e-05 | |g|=2.52e-01
22:15:38 | INFO    | pibe.training.trainer |   cell 4 | i=24000 | global | obj=9.5737e-06 | data=4.3915e-07 | phys=1.7706e-06 | |g|=3.06e-02
22:16:06 | INFO    | pibe.training.trainer |   cell 4 | i=24500 | global | obj=7.7317e-06 | data=3.6116e-07 | phys=8.6464e-07 | |g|=1.54e-02
22:16:35 | INFO    | pibe.training.trainer |   cell 4 | i=25000 | global | obj=1.0858e-05 | data=6.9220e-07 | phys=3.4580e-06 | |g|=5.14e-02
22:17:04 | INFO    | pibe.training.trainer |   cell 4 | i=25500 | global | obj=9.7958e-06 | data=8.8783e-07 | phys=1.2388e-06 | |g|=1.23e-02
22:17:33 | INFO    | pibe.training.trainer |   cell 4 | i=26000 | global | obj=1.1818e-05 | data=6.3209e-07 | phys=2.0085e-06 | |g|=1.85e-02
22:18:04 | INFO    | pibe.training.trainer |   cell 4 | i=26500 | global | obj=1.3595e-05 | data=7.3632e-07 | phys=4.1790e-06 | |g|=7.21e-02
22:18:34 | INFO    | pibe.training.trainer |   cell 4 | i=27000 | global | obj=9.3767e-06 | data=5.8914e-07 | phys=1.0029e-06 | |g|=1.80e-02
22:19:01 | INFO    | pibe.training.trainer |   cell 4 | i=27500 | global | obj=6.8647e-06 | data=3.9644e-07 | phys=8.3146e-07 | |g|=8.94e-03
22:19:27 | INFO    | pibe.training.trainer |   cell 4 | i=28000 | global | obj=7.7703e-06 | data=3.6922e-07 | phys=8.8765e-07 | |g|=1.74e-02
22:19:54 | INFO    | pibe.training.trainer |   cell 4 | i=28500 | global | obj=8.1325e-06 | data=5.4354e-07 | phys=8.4047e-07 | |g|=1.35e-02
22:20:21 | INFO    | pibe.training.trainer |   cell 4 | i=29000 | global | obj=7.8993e-06 | data=5.7877e-07 | phys=9.9190e-07 | |g|=7.56e-03
22:20:48 | INFO    | pibe.training.trainer |   cell 4 | i=29500 | global | obj=7.5627e-06 | data=4.4700e-07 | phys=7.8195e-07 | |g|=1.76e-02
22:21:15 | INFO    | pibe.training.trainer |   cell 4 | i=30000 | global | obj=8.5193e-06 | data=5.8922e-07 | phys=1.1224e-06 | |g|=9.66e-03
22:21:42 | INFO    | pibe.training.trainer |   cell 4 | i=30500 | global | obj=7.4988e-06 | data=3.1850e-07 | phys=6.5063e-07 | |g|=3.14e-03
22:22:09 | INFO    | pibe.training.trainer |   cell 4 | i=31000 | global | obj=7.5382e-06 | data=4.9951e-07 | phys=6.1588e-07 | |g|=6.80e-03
22:22:36 | INFO    | pibe.training.trainer |   cell 4 | i=31500 | global | obj=7.7762e-06 | data=4.7500e-07 | phys=6.0116e-07 | |g|=5.33e-03
22:23:04 | INFO    | pibe.training.trainer |   cell 4 | i=32000 | global | obj=8.9612e-06 | data=6.2832e-07 | phys=8.2742e-07 | |g|=6.52e-03
22:23:31 | INFO    | pibe.training.trainer |   cell 4 | i=32500 | global | obj=6.8968e-06 | data=5.0784e-07 | phys=5.7952e-07 | |g|=2.22e-03
22:23:59 | INFO    | pibe.training.trainer |   cell 4 | i=33000 | global | obj=7.6534e-06 | data=5.6538e-07 | phys=6.7678e-07 | |g|=2.46e-03
22:24:25 | INFO    | pibe.training.trainer |   cell 4 | i=33500 | global | obj=6.4867e-06 | data=3.5521e-07 | phys=4.9049e-07 | |g|=4.95e-03
22:24:52 | INFO    | pibe.training.trainer |   cell 4 | i=34000 | global | obj=7.6886e-06 | data=3.1654e-07 | phys=4.9336e-07 | |g|=3.16e-03
22:25:19 | INFO    | pibe.training.trainer |   cell 4 | i=34500 | global | obj=6.2648e-06 | data=3.0468e-07 | phys=4.6600e-07 | |g|=2.81e-03
22:25:46 | INFO    | pibe.training.trainer |   cell 4 | i=35000 | global | obj=6.8907e-06 | data=2.3008e-07 | phys=4.8943e-07 | |g|=1.94e-03
22:26:13 | INFO    | pibe.training.trainer |   cell 4 | i=35500 | global | obj=6.6929e-06 | data=2.3770e-07 | phys=4.8155e-07 | |g|=8.82e-04
22:26:40 | INFO    | pibe.training.trainer |   cell 4 | i=35999 | global | obj=7.3443e-06 | data=3.3860e-07 | phys=5.7704e-07 | |g|=4.22e-04
22:26:40 | INFO    | pibe.training.trainer |   cell 4 done in 1920.9s | val local=7.7353e-06 (data=1.0777e-06, phys=6.6576e-06)
22:26:40 | INFO    | train_pibe         | train metrics:
state errors (L2 / sup):
  x_1: 5.0039e-02 / 7.5653e-02
  x_2: 1.6836e-02 / 1.5703e-01
  x_3: 3.1611e-02 / 3.9279e-01
parameter errors (|err| / spread):
  theta_1: 6.4521e-03 / 7.7593e-03
  theta_2: 1.3340e-02 / 6.5718e-03
disturbance: L2=7.5075e-03, sup=2.3148e-02
output fit: L2=2.7410e-03
22:26:41 | INFO    | train_pibe         | val metrics:
state errors (L2 / sup):
  x_1: 4.9775e-02 / 7.1399e-02
  x_2: 2.0896e-02 / 1.4014e-01
  x_3: 3.4629e-02 / 4.1626e-01
parameter errors (|err| / spread):
  theta_1: 7.9248e-03 / 8.0114e-03
  theta_2: 1.6989e-02 / 6.9194e-03
disturbance: L2=7.1628e-03, sup=1.5210e-02
output fit: L2=2.9545e-03
22:26:43 | INFO    | train_pibe         | oracle comparison (train):
 cell |   L_Loc @ truth | L_Loc @ trained | winner
------------------------------------------------------------
    2 |      2.5036e-03 |      9.0258e-06 | trained
    3 |      5.4338e-36 |      8.1258e-07 | truth
    4 |      2.6223e-35 |      9.1388e-07 | truth
------------------------------------------------------------
L_Tot @ truth   : 1.5185e-03
L_Tot @ trained : 7.0211e-06

verdict: loss-design failure: the objective scores the trained solution at or below the truth, so optimization cannot recover the parameters. This is the Remark 7 degeneracy; it needs excitation (Assumption 6) or extra information, not more training.
22:26:44 | INFO    | pibe.eval.figures  | wrote outputs/n3v2_biased_pibe/figures/states.png
22:26:44 | INFO    | pibe.eval.figures  | wrote outputs/n3v2_biased_pibe/figures/disturbance.png
22:26:44 | INFO    | matplotlib.mathtext | Substituting symbol A from STIXNonUnicode
22:26:44 | INFO    | pibe.eval.figures  | wrote outputs/n3v2_biased_pibe/figures/parameters.png
22:26:44 | INFO    | pibe.eval.figures  | wrote outputs/n3v2_biased_pibe/figures/errors.png
22:26:44 | INFO    | train_pibe         | figures: states.png, disturbance.png, parameters.png, errors.png
22:26:44 | INFO    | train_pibe         | artifacts written to outputs/n3v2_biased_pibe
