16:29:41 | INFO    | train_pibe         | experiment:
system            : automatica_n3v2(n=3) on cpu (torch.float64)
true theta        : [0.23502650090327654, 0.10390993219989397]
disturbance       : one a shared by all trajectories
basis             : FourierBasis(q=3, H=2, omega=1.25664, horizon=[0, 20], periods=4)
  lambda_min(W)   : 1.0000e+01   (Eq. 3, must be > 0)
  eps_(d,q)       : 0.0000e+00
noise             : TruncatedGaussianNoise(sigma=0.01, bound=0.03)
data              : TrajectoryData(P=64, N=201, n=3, horizon=[0, 20])
  train / val     : 51 / 13
  data fill h_d   : 5.0000e-02
  coll fill h_r   : 2.5000e-02
bank              : cells 2..4, 271850 parameters
16:29:41 | INFO    | train_pibe         | disturbance observability  (sigma = 0.01, N = 201)
  i |       gain |    settled |  signature |     SNR |  eff SNR |
----------------------------------------------------------------------------
  1 |  1.472e-01 |  1.395e-01 |  2.511e-02 |    2.51 |    35.61 |
  2 |  1.369e-01 |  1.401e-01 |  2.522e-02 |    2.52 |    35.76 |
  3 |  4.558e-02 |  3.413e-02 |  4.096e-03 |    0.41 |     5.81 |  <- below the noise floor

basis function 3 leaves a trace 0.41x the noise; it is not
recoverable pointwise. Reduce sigma, lower the basis frequency, lengthen the
horizon, or reduce q -- training cannot help.
16:29:41 | WARNING | train_pibe         | training.checkpoint_every is 0, so this run cannot be resumed; set it to a few thousand for a cluster job
16:29:41 | INFO    | pibe.training.trainer | cell 2/4: 3000 local iterations then 3000 fine-tuning iterations
16:29:41 | INFO    | pibe.training.trainer |   cell 2 | i=    0 | local  | obj=1.2109e+01 | data=1.1815e+01 | phys=2.9479e-01 | |g|=7.47e+01
