08:44:21 | INFO    | train_pibe         | experiment:
system            : automatica_n3(n=3) on cpu (torch.float64)
true theta        : [0.23502650090327654, 0.10390993219989397]
basis             : FourierBasis(q=3, H=2, omega=1.25664, horizon=[0, 20], periods=4)
  lambda_min(W)   : 1.0000e+01   (Eq. 3, must be > 0)
  eps_(d,q)       : 0.0000e+00
noise             : NoiseFree()
data              : TrajectoryData(P=64, N=201, n=3, horizon=[0, 20])
  train / val     : 51 / 13
  data fill h_d   : 5.0000e-02
  coll fill h_r   : 2.5000e-02
bank              : cells 2..4, 271850 parameters
08:44:21 | INFO    | pibe.training.trainer | cell 2/4: 3000 local iterations then 3000 fine-tuning iterations
08:44:21 | INFO    | pibe.training.trainer |   cell 2 | i=    0 | local  | obj=5.2508e+00 | data=4.8768e+00 | phys=3.7400e-01 | |g|=4.05e+01
08:44:59 | INFO    | pibe.training.trainer |   cell 2 | i= 3000 | global | obj=9.9567e-05 | data=7.6149e-05 | phys=2.3418e-05 | |g|=1.52e-01
08:45:36 | INFO    | pibe.training.trainer |   cell 2 | i= 5999 | global | obj=2.5763e-05 | data=1.7189e-05 | phys=8.5742e-06 | |g|=5.41e-03
08:45:36 | INFO    | pibe.training.trainer |   cell 2 done in 74.7s | val local=5.0517e-05 (data=3.7669e-05, phys=1.2849e-05)
08:45:36 | INFO    | pibe.training.trainer | cell 3/4: 3000 local iterations then 3000 fine-tuning iterations
08:45:36 | INFO    | pibe.training.trainer |   cell 3 | i=    0 | local  | obj=5.3165e-01 | data=3.1807e-01 | phys=2.1358e-01 | |g|=4.42e+00
08:46:26 | INFO    | pibe.training.trainer |   cell 3 | i= 3000 | global | obj=3.0202e-05 | data=1.2099e-05 | phys=3.9224e-06 | |g|=1.84e-02
08:47:41 | INFO    | pibe.training.trainer |   cell 3 | i= 5999 | global | obj=2.0363e-05 | data=2.8953e-06 | phys=1.8674e-06 | |g|=3.27e-03
08:47:41 | INFO    | pibe.training.trainer |   cell 3 done in 125.0s | val local=7.7018e-06 (data=5.3065e-06, phys=2.3953e-06)
08:47:41 | INFO    | pibe.training.trainer | cell 4/4: 3000 local iterations then 3000 fine-tuning iterations
08:47:41 | INFO    | pibe.training.trainer |   cell 4 | i=    0 | local  | obj=3.3183e+00 | data=2.1122e-01 | phys=3.1071e+00 | |g|=1.65e+01
08:48:42 | INFO    | pibe.training.trainer |   cell 4 | i= 3000 | global | obj=1.1456e-01 | data=8.9112e-02 | phys=2.5434e-02 | |g|=7.69e+00
08:50:35 | INFO    | pibe.training.trainer |   cell 4 | i= 6000 | global | obj=7.1982e-05 | data=8.0744e-06 | phys=1.2643e-05 | |g|=1.19e-01
08:52:26 | INFO    | pibe.training.trainer |   cell 4 | i= 9000 | global | obj=8.6330e-05 | data=9.7619e-06 | phys=2.5357e-05 | |g|=1.83e-01
08:54:18 | INFO    | pibe.training.trainer |   cell 4 | i=12000 | global | obj=4.4713e-05 | data=5.6261e-06 | phys=1.1288e-05 | |g|=1.13e-01
08:56:11 | INFO    | pibe.training.trainer |   cell 4 | i=15000 | global | obj=1.3089e-04 | data=5.3552e-06 | phys=5.9937e-05 | |g|=2.03e-01
08:58:03 | INFO    | pibe.training.trainer |   cell 4 | i=18000 | global | obj=4.6596e-05 | data=3.0924e-06 | phys=2.4140e-05 | |g|=1.89e-01
08:59:54 | INFO    | pibe.training.trainer |   cell 4 | i=21000 | global | obj=1.7966e-05 | data=1.5020e-06 | phys=4.4150e-06 | |g|=7.43e-02
09:01:43 | INFO    | pibe.training.trainer |   cell 4 | i=24000 | global | obj=1.6455e-05 | data=1.7982e-06 | phys=2.8341e-06 | |g|=6.54e-02
09:03:31 | INFO    | pibe.training.trainer |   cell 4 | i=27000 | global | obj=1.3463e-05 | data=1.3160e-06 | phys=2.2384e-06 | |g|=5.38e-02
09:05:20 | INFO    | pibe.training.trainer |   cell 4 | i=30000 | global | obj=9.1684e-06 | data=1.3419e-06 | phys=6.0060e-07 | |g|=9.75e-03
09:07:31 | INFO    | pibe.training.trainer |   cell 4 | i=33000 | global | obj=9.4907e-06 | data=1.2390e-06 | phys=7.7048e-07 | |g|=5.56e-03
09:10:56 | INFO    | pibe.training.trainer |   cell 4 | i=35999 | global | obj=1.0313e-05 | data=1.4641e-06 | phys=6.8283e-07 | |g|=1.87e-03
09:10:56 | INFO    | pibe.training.trainer |   cell 4 done in 1394.8s | val local=3.0131e-06 (data=1.3395e-06, phys=1.6736e-06)
09:10:56 | INFO    | train_pibe         | train metrics:
state errors (L2 / sup):
  x_1: 2.1233e-03 / 3.8872e-02
  x_2: 1.5564e-01 / 2.4484e-01
  x_3: 1.2956e-01 / 4.8916e-01
parameter errors (|err| / spread):
  theta_1: 1.6487e-01 / 1.8821e-04
  theta_2: 1.6416e-01 / 2.0765e-03
disturbance: L2=1.2629e-02, sup=2.7838e-02
output fit: L2=2.1233e-03
09:10:56 | INFO    | train_pibe         | val metrics:
state errors (L2 / sup):
  x_1: 2.4880e-03 / 3.7886e-02
  x_2: 1.5551e-01 / 2.5885e-01
  x_3: 1.3055e-01 / 4.2978e-01
parameter errors (|err| / spread):
  theta_1: 1.6483e-01 / 1.8509e-04
  theta_2: 1.6377e-01 / 2.3794e-03
disturbance: L2=1.2736e-02, sup=2.7907e-02
output fit: L2=2.4880e-03
09:10:58 | INFO    | train_pibe         | oracle comparison (train):
 cell |   L_Loc @ truth | L_Loc @ trained | winner
------------------------------------------------------------
    2 |      2.6466e-35 |      8.8547e-06 | truth
    3 |      5.9613e-36 |      2.2452e-06 | truth
    4 |      1.4843e-34 |      1.6860e-06 | truth
------------------------------------------------------------
L_Tot @ truth   : 1.6912e-34
L_Tot @ trained : 8.8052e-06

verdict: optimization failure: the true solution attains a lower objective than training reached, so it is representable and preferred but was not found. Lengthen end-to-end fine-tuning (lower N_par / raise lr_global) and check that no head is pinned to the boundary of its admissible box.
09:10:58 | INFO    | train_pibe         | artifacts written to outputs/n3_noisefree
