19:47:45 | INFO    | train_pibe         | experiment:
system            : automatica_n4(n=4) on cpu (torch.float64)
true theta        : [0.23502650090327654, 0.10390993219989397, -0.020308528436274564]
basis             : FourierBasis(q=4, H=2, omega=1.25664, horizon=[0, 20], periods=4)
  lambda_min(W)   : 1.0000e+01   (Eq. 3, must be > 0)
  eps_(d,q)       : 0.0000e+00
noise             : TruncatedGaussianNoise(sigma=0.01, bound=0.03)
data              : TrajectoryData(P=64, N=201, n=4, horizon=[0, 20])
  train / val     : 51 / 13
  data fill h_d   : 5.0000e-02
  coll fill h_r   : 2.5000e-02
bank              : cells 2..5, 417294 parameters
19:47:45 | INFO    | pibe.training.trainer | cell 2/5: 3500 local iterations then 4500 fine-tuning iterations
19:47:46 | INFO    | pibe.training.trainer |   cell 2 | i=    0 | local  | obj=2.1337e+02 | data=1.3626e+01 | phys=1.9974e+02 | |g|=8.56e+02
19:48:41 | INFO    | pibe.training.trainer |   cell 2 | i= 4000 | global | obj=6.3822e-03 | data=5.6382e-03 | phys=7.4397e-04 | |g|=4.31e+00
19:49:35 | INFO    | pibe.training.trainer |   cell 2 | i= 7999 | global | obj=3.6822e-04 | data=2.2851e-04 | phys=1.3970e-04 | |g|=4.57e-02
19:49:35 | INFO    | pibe.training.trainer |   cell 2 done in 109.8s | val local=7.7362e-04 (data=4.9205e-04, phys=2.8157e-04)
19:49:35 | INFO    | pibe.training.trainer | cell 3/5: 3500 local iterations then 4500 fine-tuning iterations
19:49:35 | INFO    | pibe.training.trainer |   cell 3 | i=    0 | local  | obj=1.5193e+01 | data=7.9770e-01 | phys=1.4396e+01 | |g|=6.01e+01
19:50:55 | INFO    | pibe.training.trainer |   cell 3 | i= 4000 | global | obj=8.2087e-04 | data=2.7756e-04 | phys=1.2657e-04 | |g|=4.78e-01
19:52:45 | INFO    | pibe.training.trainer |   cell 3 | i= 7999 | global | obj=1.7301e-04 | data=2.4902e-05 | phys=6.2332e-06 | |g|=9.59e-03
19:52:45 | INFO    | pibe.training.trainer |   cell 3 done in 190.0s | val local=7.7839e-05 (data=5.8391e-05, phys=1.9448e-05)
19:52:45 | INFO    | pibe.training.trainer | cell 4/5: 3500 local iterations then 4500 fine-tuning iterations
19:52:45 | INFO    | pibe.training.trainer |   cell 4 | i=    0 | local  | obj=8.6872e+00 | data=5.0978e-01 | phys=8.1775e+00 | |g|=2.98e+01
19:54:30 | INFO    | pibe.training.trainer |   cell 4 | i= 4000 | global | obj=3.2506e-04 | data=3.4991e-05 | phys=3.3334e-05 | |g|=2.94e-01
