22:07:35 | INFO    | train_pibe         | experiment:
system            : automatica_n4(n=4) on cpu (torch.float64)
true theta        : [0.23502650090327654, 0.10390993219989397, -0.020308528436274564]
basis             : FourierBasis(q=4, H=2, omega=1.25664, horizon=[0, 20], periods=4)
  lambda_min(W)   : 1.0000e+01   (Eq. 3, must be > 0)
  eps_(d,q)       : 0.0000e+00
noise             : TruncatedGaussianNoise(sigma=0.002, bound=0.006)
data              : TrajectoryData(P=256, N=201, n=4, horizon=[0, 20])
  train / val     : 205 / 51
  data fill h_d   : 5.0000e-02
  coll fill h_r   : 2.5000e-02
bank              : cells 2..5, 414222 parameters
22:07:36 | INFO    | train_pibe         | disturbance observability  (sigma = 0.002, N = 201)
  i |       gain |    settled |  signature |     SNR |  eff SNR |
----------------------------------------------------------------------------
  1 |  9.507e-02 |  7.313e-02 |  1.097e-02 |    5.48 |    77.76 |
  2 |  7.249e-02 |  7.508e-02 |  1.126e-02 |    5.63 |    79.83 |
  3 |  3.235e-02 |  1.526e-02 |  1.832e-03 |    0.92 |    12.98 |  <- below the noise floor
  4 |  1.297e-02 |  1.230e-02 |  1.476e-03 |    0.74 |    10.47 |  <- below the noise floor

basis function 4 leaves a trace 0.74x the noise; it is not
recoverable pointwise. Reduce sigma, lower the basis frequency, lengthen the
horizon, or reduce q -- training cannot help.
22:07:36 | INFO    | pibe.training.trainer | cell 2/5: 3000 local iterations then 3000 fine-tuning iterations
22:07:37 | INFO    | pibe.training.trainer |   cell 2 | i=    0 | local  | obj=7.1075e+01 | data=1.3743e+01 | phys=5.7332e+01 | |g|=3.25e+02
22:09:34 | INFO    | pibe.training.trainer |   cell 2 | i= 3000 | global | obj=5.7762e-03 | data=5.3524e-03 | phys=4.2380e-04 | |g|=4.02e+00
22:11:31 | INFO    | pibe.training.trainer |   cell 2 | i= 5999 | global | obj=3.3358e-04 | data=2.3621e-04 | phys=9.7373e-05 | |g|=2.41e-02
22:11:31 | INFO    | pibe.training.trainer |   cell 2 done in 235.1s | val local=2.3116e-04 (data=1.4417e-04, phys=8.6986e-05)
22:11:31 | INFO    | pibe.training.trainer | cell 3/5: 3000 local iterations then 3000 fine-tuning iterations
22:11:31 | INFO    | pibe.training.trainer |   cell 3 | i=    0 | local  | obj=9.2844e+00 | data=8.2655e-01 | phys=8.4578e+00 | |g|=5.41e+01
22:13:54 | INFO    | pibe.training.trainer |   cell 3 | i= 3000 | global | obj=3.9325e-04 | data=2.0967e-04 | phys=4.7152e-05 | |g|=5.20e-02
22:17:17 | INFO    | pibe.training.trainer |   cell 3 | i= 5999 | global | obj=1.0435e-04 | data=1.7513e-05 | phys=8.2621e-06 | |g|=6.25e-03
22:17:17 | INFO    | pibe.training.trainer |   cell 3 done in 346.3s | val local=3.3266e-05 (data=2.2549e-05, phys=1.0716e-05)
22:17:17 | INFO    | pibe.training.trainer | cell 4/5: 3000 local iterations then 3000 fine-tuning iterations
22:17:17 | INFO    | pibe.training.trainer |   cell 4 | i=    0 | local  | obj=5.1255e+00 | data=7.9629e-01 | phys=4.3292e+00 | |g|=4.00e+01
22:20:42 | INFO    | pibe.training.trainer |   cell 4 | i= 3000 | global | obj=6.6207e-04 | data=4.1648e-04 | phys=1.0023e-04 | |g|=5.69e-02
22:26:15 | INFO    | pibe.training.trainer |   cell 4 | i= 5999 | global | obj=7.5207e-05 | data=6.0160e-06 | phys=5.9438e-06 | |g|=1.04e-02
22:26:15 | INFO    | pibe.training.trainer |   cell 4 done in 537.8s | val local=1.7252e-05 (data=8.2906e-06, phys=8.9610e-06)
22:26:15 | INFO    | pibe.training.trainer | cell 5/5: 3000 local iterations then 3000 fine-tuning iterations
22:26:15 | INFO    | pibe.training.trainer |   cell 5 | i=    0 | local  | obj=1.0566e+01 | data=6.8864e-01 | phys=9.8773e+00 | |g|=6.04e+01
22:29:42 | INFO    | pibe.training.trainer |   cell 5 | i= 3000 | global | obj=7.3033e-02 | data=5.5364e-02 | phys=1.7589e-02 | |g|=1.25e+01
22:36:47 | INFO    | pibe.training.trainer |   cell 5 | i= 6000 | global | obj=2.7773e-03 | data=4.1706e-05 | phys=2.0740e-03 | |g|=3.49e+00
22:43:41 | INFO    | pibe.training.trainer |   cell 5 | i= 9000 | global | obj=1.3519e-03 | data=1.1233e-05 | phys=9.7999e-04 | |g|=2.28e+00
22:50:34 | INFO    | pibe.training.trainer |   cell 5 | i=12000 | global | obj=1.0104e-03 | data=2.5169e-05 | phys=7.2938e-04 | |g|=2.04e+00
22:57:12 | INFO    | pibe.training.trainer |   cell 5 | i=15000 | global | obj=1.1025e-04 | data=5.1417e-06 | phys=1.4786e-05 | |g|=1.79e-01
23:03:48 | INFO    | pibe.training.trainer |   cell 5 | i=18000 | global | obj=1.3558e-04 | data=7.7968e-06 | phys=1.2855e-05 | |g|=8.95e-02
23:10:40 | INFO    | pibe.training.trainer |   cell 5 | i=21000 | global | obj=1.4953e-04 | data=3.6508e-06 | phys=7.9248e-05 | |g|=5.95e-01
23:17:33 | INFO    | pibe.training.trainer |   cell 5 | i=24000 | global | obj=5.3424e-05 | data=2.4582e-06 | phys=1.0866e-05 | |g|=1.80e-01
23:24:08 | INFO    | pibe.training.trainer |   cell 5 | i=27000 | global | obj=4.5567e-05 | data=1.9416e-06 | phys=5.1422e-06 | |g|=6.59e-02
23:28:34 | INFO    | pibe.training.trainer |   cell 5 | i=30000 | global | obj=3.7245e-05 | data=1.3533e-06 | phys=3.0736e-06 | |g|=3.02e-02
23:32:55 | INFO    | pibe.training.trainer |   cell 5 | i=33000 | global | obj=3.1904e-05 | data=1.1675e-06 | phys=2.3645e-06 | |g|=6.44e-03
23:37:20 | INFO    | pibe.training.trainer |   cell 5 | i=35999 | global | obj=3.2204e-05 | data=1.1822e-06 | phys=2.1401e-06 | |g|=4.56e-03
23:37:20 | INFO    | pibe.training.trainer |   cell 5 done in 4264.5s | val local=4.4038e-06 (data=1.5831e-06, phys=2.8207e-06)
23:37:20 | INFO    | train_pibe         | train metrics:
state errors (L2 / sup):
  x_1: 4.7048e-03 / 8.6576e-02
  x_2: 7.4895e-02 / 4.0932e-01
  x_3: 2.9931e-01 / 7.8815e-01
  x_4: 3.3338e-01 / 7.6339e-01
parameter errors (|err| / spread):
  theta_1: 8.4835e-02 / 7.9820e-03
  theta_2: 2.9092e-01 / 1.6276e-03
  theta_3: 3.7314e-01 / 3.3345e-03
disturbance: L2=5.1367e-02, sup=1.3627e-01
output fit: L2=5.2037e-03
23:37:20 | INFO    | train_pibe         | val metrics:
state errors (L2 / sup):
  x_1: 5.2873e-03 / 9.4553e-02
  x_2: 7.5679e-02 / 4.2822e-01
  x_3: 3.0137e-01 / 7.3311e-01
  x_4: 3.3538e-01 / 6.7304e-01
parameter errors (|err| / spread):
  theta_1: 8.4840e-02 / 8.0864e-03
  theta_2: 2.9098e-01 / 1.6789e-03
  theta_3: 3.7301e-01 / 3.2539e-03
disturbance: L2=5.1062e-02, sup=1.2225e-01
output fit: L2=5.7194e-03
23:37:23 | INFO    | train_pibe         | oracle comparison (train):
 cell |   L_Loc @ truth | L_Loc @ trained | winner
------------------------------------------------------------
    2 |      3.8777e-06 |      4.5524e-05 | truth
    3 |      7.3427e-36 |      7.8117e-06 | truth
    4 |      8.7897e-36 |      4.4295e-06 | truth
    5 |      1.8475e-34 |      4.0260e-06 | truth
------------------------------------------------------------
L_Tot @ truth   : 2.1281e-06
L_Tot @ trained : 3.7873e-05
noise floor     : 3.8933e-06 (the cell-2 data term cannot honestly go below this)

verdict: optimization failure: the true solution attains a lower objective than training reached, so it is representable and preferred but was not found. Lengthen end-to-end fine-tuning (lower N_par / raise lr_global) and check that no head is pinned to the boundary of its admissible box.
23:37:23 | INFO    | train_pibe         | artifacts written to outputs/manytraj
