16:02:21 | INFO    | train_pibe         | experiment:
system            : automatica_n3v2(n=3) on cpu (torch.float64)
true theta        : [0.23502650090327654, 0.10390993219989397]
disturbance       : one a shared by all trajectories
basis             : FourierBasis(q=3, H=2, omega=1.25664, horizon=[0, 20], periods=4)
  lambda_min(W)   : 1.0000e+01   (Eq. 3, must be > 0)
  eps_(d,q)       : 0.0000e+00
noise             : TruncatedGaussianNoise(sigma=0.05, bound=0.15000000000000002)
data              : TrajectoryData(P=64, N=201, n=3, horizon=[0, 20])
  train / val     : 51 / 13
  data fill h_d   : 5.0000e-02
  coll fill h_r   : 2.5000e-02
bank              : cells 2..4, 291050 parameters
estimator         : PIBE (Algorithm 1)
16:02:22 | INFO    | train_pibe         | disturbance observability  (sigma = 0.05, N = 201)
  i |       gain |    settled |  signature |     SNR |  eff SNR |
----------------------------------------------------------------------------
  1 |  1.472e-01 |  1.395e-01 |  2.511e-02 |    0.50 |     7.12 |  <- below the noise floor
  2 |  1.369e-01 |  1.401e-01 |  2.522e-02 |    0.50 |     7.15 |  <- below the noise floor
  3 |  4.558e-02 |  3.413e-02 |  4.096e-03 |    0.08 |     1.16 |  <- below the noise floor

basis function 3 leaves a trace 0.08x the noise; it is not
recoverable pointwise. Reduce sigma, lower the basis frequency, lengthen the
horizon, or reduce q -- training cannot help.
16:02:22 | INFO    | pibe.training.trainer | cell 2/4: 3000 local iterations then 3000 fine-tuning iterations
16:02:22 | INFO    | pibe.training.trainer |   cell 2 | i=    0 | local  | obj=1.1406e+01 | data=4.6209e+00 | phys=6.7851e+00 | |g|=5.26e+01
16:02:38 | INFO    | pibe.training.trainer |   cell 2 | i=  500 | local  | obj=7.7947e-03 | data=5.7240e-03 | phys=2.0707e-03 | |g|=2.16e+00
16:02:54 | INFO    | pibe.training.trainer |   cell 2 | i= 1000 | local  | obj=2.9452e-03 | data=2.8350e-03 | phys=1.1017e-04 | |g|=1.05e-01
16:03:31 | INFO    | pibe.training.trainer |   cell 2 | i= 1500 | local  | obj=2.8080e-03 | data=2.7132e-03 | phys=9.4822e-05 | |g|=9.00e-02
16:04:10 | INFO    | pibe.training.trainer |   cell 2 | i= 2000 | local  | obj=2.8552e-03 | data=2.7432e-03 | phys=1.1200e-04 | |g|=3.96e-01
16:04:49 | INFO    | pibe.training.trainer |   cell 2 | i= 2500 | local  | obj=2.6261e-03 | data=2.5801e-03 | phys=4.5937e-05 | |g|=2.22e-01
16:05:30 | INFO    | pibe.training.trainer |   cell 2 | i= 3000 | global | obj=2.4925e-03 | data=2.4514e-03 | phys=4.1155e-05 | |g|=4.15e-02
16:06:06 | INFO    | pibe.training.trainer |   cell 2 | i= 3500 | global | obj=2.6131e-03 | data=2.5663e-03 | phys=4.6863e-05 | |g|=9.69e-02
16:06:44 | INFO    | pibe.training.trainer |   cell 2 | i= 4000 | global | obj=2.4269e-03 | data=2.3979e-03 | phys=2.9006e-05 | |g|=1.83e-01
16:07:25 | INFO    | pibe.training.trainer |   cell 2 | i= 4500 | global | obj=2.4851e-03 | data=2.4635e-03 | phys=2.1554e-05 | |g|=6.09e-02
16:08:04 | INFO    | pibe.training.trainer |   cell 2 | i= 5000 | global | obj=2.4712e-03 | data=2.4443e-03 | phys=2.6895e-05 | |g|=2.44e-02
16:08:42 | INFO    | pibe.training.trainer |   cell 2 | i= 5500 | global | obj=2.4504e-03 | data=2.4318e-03 | phys=1.8693e-05 | |g|=2.92e-02
16:09:20 | INFO    | pibe.training.trainer |   cell 2 | i= 5999 | global | obj=2.3877e-03 | data=2.3716e-03 | phys=1.6093e-05 | |g|=7.02e-03
16:09:20 | INFO    | pibe.training.trainer |   cell 2 done in 418.0s | val local=2.5675e-03 (data=2.4680e-03, phys=9.9456e-05)
16:09:20 | INFO    | pibe.training.trainer | cell 3/4: 3000 local iterations then 3000 fine-tuning iterations
16:09:20 | INFO    | pibe.training.trainer |   cell 3 | i=    0 | local  | obj=2.5069e+00 | data=1.8657e-01 | phys=2.3204e+00 | |g|=2.79e+01
16:10:11 | INFO    | pibe.training.trainer |   cell 3 | i=  500 | local  | obj=2.1506e-03 | data=1.4199e-03 | phys=7.3070e-04 | |g|=1.36e-01
16:11:07 | INFO    | pibe.training.trainer |   cell 3 | i= 1000 | local  | obj=8.5491e-04 | data=5.1516e-04 | phys=3.3975e-04 | |g|=2.17e-01
16:11:58 | INFO    | pibe.training.trainer |   cell 3 | i= 1500 | local  | obj=3.8667e-04 | data=2.8925e-04 | phys=9.7419e-05 | |g|=1.12e-01
16:12:46 | INFO    | pibe.training.trainer |   cell 3 | i= 2000 | local  | obj=2.2315e-04 | data=1.8951e-04 | phys=3.3638e-05 | |g|=3.09e-02
16:13:35 | INFO    | pibe.training.trainer |   cell 3 | i= 2500 | local  | obj=2.6280e-04 | data=1.8018e-04 | phys=8.2617e-05 | |g|=1.05e-01
16:14:31 | INFO    | pibe.training.trainer |   cell 3 | i= 3000 | global | obj=1.9539e-03 | data=1.2593e-04 | phys=4.6099e-05 | |g|=7.50e-02
16:15:54 | INFO    | pibe.training.trainer |   cell 3 | i= 3500 | global | obj=1.7886e-03 | data=2.8103e-05 | phys=1.4439e-05 | |g|=1.42e-01
16:17:10 | INFO    | pibe.training.trainer |   cell 3 | i= 4000 | global | obj=1.8651e-03 | data=1.3823e-05 | phys=1.2598e-05 | |g|=1.08e-01
16:18:29 | INFO    | pibe.training.trainer |   cell 3 | i= 4500 | global | obj=1.7844e-03 | data=1.3776e-05 | phys=1.1457e-05 | |g|=2.95e-02
16:19:51 | INFO    | pibe.training.trainer |   cell 3 | i= 5000 | global | obj=1.8111e-03 | data=6.8097e-06 | phys=5.2372e-06 | |g|=1.28e-02
16:20:48 | INFO    | pibe.training.trainer |   cell 3 | i= 5500 | global | obj=1.7411e-03 | data=7.7198e-06 | phys=4.5657e-06 | |g|=1.03e-02
16:21:23 | INFO    | pibe.training.trainer |   cell 3 | i= 5999 | global | obj=1.7694e-03 | data=7.7928e-06 | phys=4.1032e-06 | |g|=5.81e-03
16:21:23 | INFO    | pibe.training.trainer |   cell 3 done in 723.6s | val local=3.4425e-05 (data=2.1168e-05, phys=1.3258e-05)
16:21:23 | INFO    | pibe.training.trainer | cell 4/4: 3000 local iterations then 3000 fine-tuning iterations
16:21:23 | INFO    | pibe.training.trainer |   cell 4 | i=    0 | local  | obj=2.7401e+00 | data=3.2743e-02 | phys=2.7073e+00 | |g|=2.33e+01
16:21:53 | INFO    | pibe.training.trainer |   cell 4 | i=  500 | local  | obj=2.0758e-01 | data=1.8466e-01 | phys=2.2922e-02 | |g|=4.21e-01
16:22:22 | INFO    | pibe.training.trainer |   cell 4 | i= 1000 | local  | obj=2.0578e-01 | data=1.7602e-01 | phys=2.9763e-02 | |g|=5.92e-01
16:22:49 | INFO    | pibe.training.trainer |   cell 4 | i= 1500 | local  | obj=2.0538e-01 | data=1.8156e-01 | phys=2.3817e-02 | |g|=8.60e-02
16:23:18 | INFO    | pibe.training.trainer |   cell 4 | i= 2000 | local  | obj=2.0578e-01 | data=1.9182e-01 | phys=1.3961e-02 | |g|=1.51e+00
16:23:47 | INFO    | pibe.training.trainer |   cell 4 | i= 2500 | local  | obj=2.0298e-01 | data=1.8066e-01 | phys=2.2322e-02 | |g|=2.29e-01
16:24:16 | INFO    | pibe.training.trainer |   cell 4 | i= 3000 | global | obj=2.0534e-01 | data=1.8267e-01 | phys=2.1198e-02 | |g|=7.21e+00
16:25:07 | INFO    | pibe.training.trainer |   cell 4 | i= 3500 | global | obj=2.9704e-03 | data=1.9350e-04 | phys=7.6182e-04 | |g|=1.37e+00
16:25:58 | INFO    | pibe.training.trainer |   cell 4 | i= 4000 | global | obj=1.6007e-03 | data=2.7186e-05 | phys=1.3919e-05 | |g|=1.22e-01
16:26:48 | INFO    | pibe.training.trainer |   cell 4 | i= 4500 | global | obj=3.5648e-03 | data=3.0197e-04 | phys=3.7703e-04 | |g|=1.12e+00
16:27:38 | INFO    | pibe.training.trainer |   cell 4 | i= 5000 | global | obj=1.5769e-03 | data=2.2432e-05 | phys=1.1685e-05 | |g|=7.47e-02
16:28:31 | INFO    | pibe.training.trainer |   cell 4 | i= 5500 | global | obj=2.6352e-03 | data=6.5097e-05 | phys=6.8677e-04 | |g|=1.06e+00
16:29:25 | INFO    | pibe.training.trainer |   cell 4 | i= 6000 | global | obj=1.6186e-03 | data=1.2567e-05 | phys=2.7664e-05 | |g|=2.25e-01
16:30:20 | INFO    | pibe.training.trainer |   cell 4 | i= 6500 | global | obj=1.5130e-03 | data=1.3744e-05 | phys=1.2475e-05 | |g|=9.22e-02
16:31:11 | INFO    | pibe.training.trainer |   cell 4 | i= 7000 | global | obj=1.5454e-03 | data=8.0657e-06 | phys=7.7101e-05 | |g|=3.45e-01
16:32:01 | INFO    | pibe.training.trainer |   cell 4 | i= 7500 | global | obj=1.6058e-03 | data=2.0328e-05 | phys=7.6733e-05 | |g|=3.61e-01
16:32:53 | INFO    | pibe.training.trainer |   cell 4 | i= 8000 | global | obj=1.5066e-03 | data=5.1428e-06 | phys=9.8796e-06 | |g|=5.69e-02
16:33:46 | INFO    | pibe.training.trainer |   cell 4 | i= 8500 | global | obj=1.5783e-03 | data=6.7825e-06 | phys=1.0571e-04 | |g|=3.43e-01
16:34:36 | INFO    | pibe.training.trainer |   cell 4 | i= 9000 | global | obj=1.4982e-03 | data=9.2037e-06 | phys=2.2355e-05 | |g|=1.77e-01
16:35:26 | INFO    | pibe.training.trainer |   cell 4 | i= 9500 | global | obj=1.5508e-03 | data=3.0479e-06 | phys=8.2933e-06 | |g|=7.71e-02
16:36:16 | INFO    | pibe.training.trainer |   cell 4 | i=10000 | global | obj=1.4937e-03 | data=3.5505e-06 | phys=5.3071e-06 | |g|=4.42e-02
16:37:06 | INFO    | pibe.training.trainer |   cell 4 | i=10500 | global | obj=1.4151e-03 | data=2.0339e-06 | phys=3.2306e-06 | |g|=2.51e-02
16:38:01 | INFO    | pibe.training.trainer |   cell 4 | i=11000 | global | obj=1.4897e-03 | data=2.3373e-06 | phys=1.3115e-05 | |g|=1.39e-01
16:38:53 | INFO    | pibe.training.trainer |   cell 4 | i=11500 | global | obj=1.5445e-03 | data=1.8056e-06 | phys=8.1871e-06 | |g|=7.96e-02
16:39:41 | INFO    | pibe.training.trainer |   cell 4 | i=12000 | global | obj=1.4860e-03 | data=1.9001e-06 | phys=5.0431e-06 | |g|=2.44e-02
16:40:30 | INFO    | pibe.training.trainer |   cell 4 | i=12500 | global | obj=1.4458e-03 | data=1.6549e-06 | phys=3.5912e-06 | |g|=2.20e-02
16:41:18 | INFO    | pibe.training.trainer |   cell 4 | i=13000 | global | obj=1.4331e-03 | data=1.6257e-06 | phys=3.8153e-06 | |g|=2.44e-02
16:42:06 | INFO    | pibe.training.trainer |   cell 4 | i=13500 | global | obj=1.4754e-03 | data=1.3301e-06 | phys=3.2389e-06 | |g|=7.79e-03
16:42:54 | INFO    | pibe.training.trainer |   cell 4 | i=14000 | global | obj=1.4532e-03 | data=1.9090e-06 | phys=3.8320e-06 | |g|=3.05e-02
16:43:42 | INFO    | pibe.training.trainer |   cell 4 | i=14500 | global | obj=1.4365e-03 | data=1.0026e-06 | phys=2.4130e-06 | |g|=7.23e-03
16:44:30 | INFO    | pibe.training.trainer |   cell 4 | i=15000 | global | obj=1.4643e-03 | data=1.2000e-06 | phys=3.2746e-06 | |g|=4.58e-03
16:45:18 | INFO    | pibe.training.trainer |   cell 4 | i=15500 | global | obj=1.4850e-03 | data=1.4459e-06 | phys=3.7955e-06 | |g|=6.70e-03
16:46:05 | INFO    | pibe.training.trainer |   cell 4 | i=15999 | global | obj=1.4882e-03 | data=1.3625e-06 | phys=3.7549e-06 | |g|=4.25e-03
16:46:05 | INFO    | pibe.training.trainer |   cell 4 done in 1481.9s | val local=1.9344e-05 (data=2.9373e-06, phys=1.6406e-05)
16:46:05 | INFO    | train_pibe         | train metrics:
state errors (L2 / sup):
  x_1: 6.7215e-03 / 7.5522e-02
  x_2: 5.2087e-02 / 2.7765e-01
  x_3: 5.8999e-02 / 7.1572e-01
parameter errors (|err| / spread):
  theta_1: 3.4835e-02 / 1.3689e-02
  theta_2: 2.9937e-02 / 1.1232e-02
disturbance: L2=2.1909e-02, sup=6.9667e-02
output fit: L2=4.8867e-02
16:46:05 | INFO    | train_pibe         | val metrics:
state errors (L2 / sup):
  x_1: 9.0099e-03 / 5.4688e-02
  x_2: 4.2107e-02 / 2.4694e-01
  x_3: 4.8567e-02 / 6.7354e-01
parameter errors (|err| / spread):
  theta_1: 2.6856e-02 / 1.3761e-02
  theta_2: 2.3712e-02 / 1.1987e-02
disturbance: L2=2.1088e-02, sup=5.1516e-02
output fit: L2=4.8944e-02
16:46:08 | INFO    | train_pibe         | oracle comparison (train):
 cell |   L_Loc @ truth | L_Loc @ trained | winner
------------------------------------------------------------
    2 |      2.4635e-03 |      2.4066e-03 | trained
    3 |      5.4338e-36 |      4.6344e-06 | truth
    4 |      2.6223e-35 |      4.5054e-06 | truth
------------------------------------------------------------
L_Tot @ truth   : 1.4942e-03
L_Tot @ trained : 1.4678e-03
noise floor     : 2.4333e-03 (the cell-2 data term cannot honestly go below this)

verdict: loss-design failure: the objective scores the trained solution at or below the truth, so optimization cannot recover the parameters. This is the Remark 7 degeneracy; it needs excitation (Assumption 6) or extra information, not more training.
16:46:08 | INFO    | pibe.eval.figures  | wrote outputs/n3v2_hiK_hard_gauss/figures/states.png
16:46:08 | INFO    | pibe.eval.figures  | wrote outputs/n3v2_hiK_hard_gauss/figures/disturbance.png
16:46:09 | INFO    | matplotlib.mathtext | Substituting symbol A from STIXNonUnicode
16:46:09 | INFO    | pibe.eval.figures  | wrote outputs/n3v2_hiK_hard_gauss/figures/parameters.png
16:46:09 | INFO    | pibe.eval.figures  | wrote outputs/n3v2_hiK_hard_gauss/figures/errors.png
16:46:09 | INFO    | train_pibe         | figures: states.png, disturbance.png, parameters.png, errors.png
16:46:09 | INFO    | train_pibe         | artifacts written to outputs/n3v2_hiK_hard_gauss
