23:37:38 | INFO    | train_pibe         | experiment:
system            : automatica_n4(n=4) on cpu (torch.float64)
true theta        : [0.23502650090327654, 0.10390993219989397, -0.020308528436274564]
basis             : FourierBasis(q=4, H=2, omega=1.25664, horizon=[0, 20], periods=4)
  lambda_min(W)   : 1.0000e+01   (Eq. 3, must be > 0)
  eps_(d,q)       : 0.0000e+00
noise             : TruncatedGaussianNoise(sigma=0.002, bound=0.006)
data              : TrajectoryData(P=64, N=201, n=4, horizon=[0, 20])
  train / val     : 51 / 13
  data fill h_d   : 5.0000e-02
  coll fill h_r   : 2.5000e-02
bank              : cells 2..5, 421390 parameters
23:37:39 | INFO    | train_pibe         | disturbance observability  (sigma = 0.002, N = 201)
  i |       gain |    settled |  signature |     SNR |  eff SNR |
----------------------------------------------------------------------------
  1 |  9.507e-02 |  7.313e-02 |  1.097e-02 |    5.48 |    77.76 |
  2 |  7.249e-02 |  7.508e-02 |  1.126e-02 |    5.63 |    79.83 |
  3 |  3.235e-02 |  1.526e-02 |  1.832e-03 |    0.92 |    12.98 |  <- below the noise floor
  4 |  1.297e-02 |  1.230e-02 |  1.476e-03 |    0.74 |    10.47 |  <- below the noise floor

basis function 4 leaves a trace 0.74x the noise; it is not
recoverable pointwise. Reduce sigma, lower the basis frequency, lengthen the
horizon, or reduce q -- training cannot help.
23:37:39 | INFO    | pibe.training.trainer | cell 2/5: 3000 local iterations then 3000 fine-tuning iterations
23:37:39 | INFO    | pibe.training.trainer |   cell 2 | i=    0 | local  | obj=2.2391e+01 | data=1.0958e+01 | phys=1.1433e+01 | |g|=8.68e+01
23:38:26 | INFO    | pibe.training.trainer |   cell 2 | i= 3000 | global | obj=9.9041e-04 | data=8.9674e-04 | phys=9.3675e-05 | |g|=1.61e+00
23:39:10 | INFO    | pibe.training.trainer |   cell 2 | i= 5999 | global | obj=7.3243e-05 | data=5.1552e-05 | phys=2.1691e-05 | |g|=1.34e-02
23:39:10 | INFO    | pibe.training.trainer |   cell 2 done in 91.4s | val local=1.4541e-04 (data=8.9755e-05, phys=5.5659e-05)
23:39:10 | INFO    | pibe.training.trainer | cell 3/5: 3000 local iterations then 3000 fine-tuning iterations
23:39:10 | INFO    | pibe.training.trainer |   cell 3 | i=    0 | local  | obj=1.6125e+00 | data=4.8328e-01 | phys=1.1292e+00 | |g|=9.77e+00
23:40:12 | INFO    | pibe.training.trainer |   cell 3 | i= 3000 | global | obj=1.4736e-04 | data=5.8563e-05 | phys=3.8958e-05 | |g|=6.15e-02
23:41:42 | INFO    | pibe.training.trainer |   cell 3 | i= 5999 | global | obj=2.8689e-05 | data=3.4942e-06 | phys=2.7283e-06 | |g|=1.01e-02
23:41:42 | INFO    | pibe.training.trainer |   cell 3 done in 152.0s | val local=1.7605e-05 (data=1.0451e-05, phys=7.1537e-06)
23:41:42 | INFO    | pibe.training.trainer | cell 4/5: 3000 local iterations then 3000 fine-tuning iterations
23:41:42 | INFO    | pibe.training.trainer |   cell 4 | i=    0 | local  | obj=9.2958e-01 | data=4.6354e-02 | phys=8.8323e-01 | |g|=4.85e+00
23:43:01 | INFO    | pibe.training.trainer |   cell 4 | i= 3000 | global | obj=6.1941e-05 | data=1.8760e-05 | phys=1.3301e-05 | |g|=4.92e-02
