15:48:43 | INFO    | train_pibe         | experiment:
system            : automatica_n4(n=4) on cpu (torch.float64)
true theta        : [0.23502650090327654, 0.10390993219989397, -0.020308528436274564]
basis             : FourierBasis(q=4, H=2, omega=1.25664, horizon=[0, 20], periods=4)
  lambda_min(W)   : 1.0000e+01   (Eq. 3, must be > 0)
  eps_(d,q)       : 0.0000e+00
noise             : TruncatedGaussianNoise(sigma=0.01, bound=0.03)
data              : TrajectoryData(P=64, N=201, n=4, horizon=[0, 20])
  train / val     : 51 / 13
  data fill h_d   : 5.0000e-02
  coll fill h_r   : 2.5000e-02
bank              : cells 2..5, 409102 parameters
15:48:43 | INFO    | pibe.training.trainer | cell 2/5: 6000 local iterations (local-only ablation, no end-to-end fine-tuning)
15:48:43 | INFO    | pibe.training.trainer |   cell 2 | i=    0 | local  | obj=1.2270e+01 | data=1.1876e+01 | phys=3.9366e-01 | |g|=7.56e+02
15:49:05 | INFO    | pibe.training.trainer |   cell 2 | i= 1000 | local  | obj=6.1743e-03 | data=6.0763e-03 | phys=9.7976e-05 | |g|=3.19e+00
15:49:23 | INFO    | pibe.training.trainer |   cell 2 | i= 2000 | local  | obj=2.9535e-03 | data=2.7684e-03 | phys=1.8510e-04 | |g|=2.04e+00
15:49:40 | INFO    | pibe.training.trainer |   cell 2 | i= 3000 | local  | obj=1.2515e-03 | data=1.1395e-03 | phys=1.1195e-04 | |g|=1.15e+00
15:49:58 | INFO    | pibe.training.trainer |   cell 2 | i= 4000 | local  | obj=1.2794e-03 | data=1.1668e-03 | phys=1.1251e-04 | |g|=7.94e-01
15:50:16 | INFO    | pibe.training.trainer |   cell 2 | i= 5000 | local  | obj=3.0916e-04 | data=2.9111e-04 | phys=1.8054e-05 | |g|=3.38e-02
15:50:32 | INFO    | pibe.training.trainer |   cell 2 | i= 5999 | local  | obj=4.1836e-04 | data=3.7780e-04 | phys=4.0562e-05 | |g|=1.84e-01
15:50:32 | INFO    | pibe.training.trainer |   cell 2 done in 109.1s | val local=7.5468e-04 (data=7.0832e-04, phys=4.6363e-05)
15:50:32 | INFO    | pibe.training.trainer | cell 3/5: 6000 local iterations (local-only ablation, no end-to-end fine-tuning)
15:50:32 | INFO    | pibe.training.trainer |   cell 3 | i=    0 | local  | obj=6.8291e-01 | data=1.6748e-01 | phys=5.1543e-01 | |g|=1.59e+01
15:50:54 | INFO    | pibe.training.trainer |   cell 3 | i= 1000 | local  | obj=1.5262e-04 | data=1.1854e-04 | phys=3.4076e-05 | |g|=1.10e-01
15:51:16 | INFO    | pibe.training.trainer |   cell 3 | i= 2000 | local  | obj=3.2147e-05 | data=1.8573e-05 | phys=1.3573e-05 | |g|=3.00e-02
15:51:37 | INFO    | pibe.training.trainer |   cell 3 | i= 3000 | local  | obj=2.7273e-05 | data=1.6286e-05 | phys=1.0988e-05 | |g|=9.72e-03
15:51:59 | INFO    | pibe.training.trainer |   cell 3 | i= 4000 | local  | obj=2.0465e-05 | data=9.2060e-06 | phys=1.1259e-05 | |g|=2.39e-02
15:52:24 | INFO    | pibe.training.trainer |   cell 3 | i= 5000 | local  | obj=2.2870e-04 | data=2.1940e-04 | phys=9.2925e-06 | |g|=2.48e-01
15:52:52 | INFO    | pibe.training.trainer |   cell 3 | i= 5999 | local  | obj=5.9129e-06 | data=3.4525e-06 | phys=2.4604e-06 | |g|=5.73e-03
15:52:52 | INFO    | pibe.training.trainer |   cell 3 done in 140.6s | val local=1.8514e-05 (data=8.5038e-06, phys=1.0011e-05)
15:52:52 | INFO    | pibe.training.trainer | cell 4/5: 6000 local iterations (local-only ablation, no end-to-end fine-tuning)
15:52:52 | INFO    | pibe.training.trainer |   cell 4 | i=    0 | local  | obj=2.1514e+00 | data=1.1736e+00 | phys=9.7786e-01 | |g|=1.52e+01
15:53:29 | INFO    | pibe.training.trainer |   cell 4 | i= 1000 | local  | obj=8.8470e-05 | data=7.8223e-05 | phys=1.0247e-05 | |g|=6.41e-02
15:54:05 | INFO    | pibe.training.trainer |   cell 4 | i= 2000 | local  | obj=2.6428e-05 | data=2.1128e-05 | phys=5.3001e-06 | |g|=9.42e-03
15:54:42 | INFO    | pibe.training.trainer |   cell 4 | i= 3000 | local  | obj=3.1366e-05 | data=2.3983e-05 | phys=7.3825e-06 | |g|=1.88e-02
15:55:21 | INFO    | pibe.training.trainer |   cell 4 | i= 4000 | local  | obj=3.7578e-05 | data=1.1345e-05 | phys=2.6233e-05 | |g|=8.11e-02
15:56:02 | INFO    | pibe.training.trainer |   cell 4 | i= 5000 | local  | obj=5.6851e-06 | data=2.4381e-06 | phys=3.2470e-06 | |g|=4.21e-03
15:56:49 | INFO    | pibe.training.trainer |   cell 4 | i= 5999 | local  | obj=9.4973e-06 | data=5.2720e-06 | phys=4.2253e-06 | |g|=1.50e-02
15:56:49 | INFO    | pibe.training.trainer |   cell 4 done in 236.3s | val local=1.3057e-05 (data=7.5283e-06, phys=5.5286e-06)
15:56:49 | INFO    | pibe.training.trainer | cell 5/5: 6000 local iterations (local-only ablation, no end-to-end fine-tuning)
15:56:49 | INFO    | pibe.training.trainer |   cell 5 | i=    0 | local  | obj=2.8289e+00 | data=1.7358e+00 | phys=1.0930e+00 | |g|=9.01e+01
15:57:42 | INFO    | pibe.training.trainer |   cell 5 | i= 1000 | local  | obj=1.1329e+00 | data=1.0613e+00 | phys=7.1606e-02 | |g|=9.95e-01
15:58:33 | INFO    | pibe.training.trainer |   cell 5 | i= 2000 | local  | obj=1.1204e+00 | data=1.0207e+00 | phys=9.9785e-02 | |g|=1.79e+00
15:59:27 | INFO    | pibe.training.trainer |   cell 5 | i= 3000 | local  | obj=1.1278e+00 | data=1.0542e+00 | phys=7.3591e-02 | |g|=8.70e-01
16:00:15 | INFO    | pibe.training.trainer |   cell 5 | i= 4000 | local  | obj=1.1302e+00 | data=1.0440e+00 | phys=8.6220e-02 | |g|=4.42e-01
16:01:02 | INFO    | pibe.training.trainer |   cell 5 | i= 5000 | local  | obj=1.1337e+00 | data=1.0283e+00 | phys=1.0540e-01 | |g|=2.13e+00
16:01:50 | INFO    | pibe.training.trainer |   cell 5 | i= 5999 | local  | obj=1.1141e+00 | data=1.0373e+00 | phys=7.6802e-02 | |g|=1.26e+00
16:01:50 | INFO    | pibe.training.trainer |   cell 5 done in 301.0s | val local=1.1110e+00 (data=1.0412e+00, phys=6.9792e-02)
16:01:50 | INFO    | train_pibe         | train metrics:
state errors (L2 / sup):
  x_1: 1.7719e-02 / 1.2841e-01
  x_2: 1.4147e-01 / 5.0066e-01
  x_3: 5.0800e-01 / 7.8147e-01
  x_4: 5.4437e-01 / 1.1184e+00
parameter errors (|err| / spread):
  theta_1: 1.6496e-01 / 2.0564e-05
  theta_2: 5.0366e-01 / 8.2642e-05
  theta_3: 3.7967e-01 / 7.2014e-06
disturbance: L2=1.2847e-01, sup=2.3260e-01
output fit: L2=2.0091e-02
16:01:50 | INFO    | train_pibe         | val metrics:
state errors (L2 / sup):
  x_1: 2.1714e-02 / 1.5579e-01
  x_2: 1.4110e-01 / 3.6472e-01
  x_3: 5.0746e-01 / 7.9987e-01
  x_4: 5.4608e-01 / 1.1445e+00
parameter errors (|err| / spread):
  theta_1: 1.6492e-01 / 1.2911e-04
  theta_2: 5.0363e-01 / 1.4092e-04
  theta_3: 3.7967e-01 / 8.8514e-06
disturbance: L2=1.2804e-01, sup=2.3495e-01
output fit: L2=2.4378e-02
16:01:53 | INFO    | train_pibe         | oracle comparison (train):
 cell |   L_Loc @ truth | L_Loc @ trained | winner
------------------------------------------------------------
    2 |      9.7379e-05 |      4.4166e-04 | truth
    3 |      6.8946e-36 |      8.0054e-06 | truth
    4 |      7.6615e-36 |      8.1016e-06 | truth
    5 |      1.8597e-34 |      1.1118e+00 | truth
------------------------------------------------------------
L_Tot @ truth   : 5.3443e-05
L_Tot @ trained : 1.1120e+00
noise floor     : 9.7334e-05 (the cell-2 data term cannot honestly go below this)

verdict: optimization failure: the true solution attains a lower objective than training reached, so it is representable and preferred but was not found. Lengthen end-to-end fine-tuning (lower N_par / raise lr_global) and check that no head is pinned to the boundary of its admissible box.
16:01:53 | INFO    | train_pibe         | artifacts written to outputs/cmp_local
