09:19:22 | INFO    | train_pibe         | experiment:
system            : automatica_n3v2(n=3) on cpu (torch.float64)
true theta        : [0.23502650090327654, 0.10390993219989397]
disturbance       : one a shared by all trajectories
basis             : FourierBasis(q=3, H=2, omega=1.25664, horizon=[0, 20], periods=4)
  lambda_min(W)   : 1.0000e+01   (Eq. 3, must be > 0)
  eps_(d,q)       : 0.0000e+00
noise             : BiasedNoise(TruncatedGaussianNoise(sigma=0.05, bound=0.15000000000000002), bias=+0.5)
data              : TrajectoryData(P=64, N=201, n=3, horizon=[0, 20])
  train / val     : 51 / 13
  data fill h_d   : 5.0000e-02
  coll fill h_r   : 2.5000e-02
bank              : cells 2..4, 284909 parameters
estimator         : EPIBE (Algorithm 2), N_EBM=1000, beta=1
residual supports (Assumption 3):
 cell |      rho_k |     B_E |        L_E |  nodes |    spacing |  |1-int p|
----------------------------------------------------------------------------
    2 |        1.2 |      12 |      14.18 |   1024 |    0.00234 |   0.00e+00
09:19:22 | INFO    | train_pibe         | disturbance observability  (sigma = 0.05, N = 201)
  i |       gain |    settled |  signature |     SNR |  eff SNR |
----------------------------------------------------------------------------
  1 |  1.472e-01 |  1.395e-01 |  2.511e-02 |    0.50 |     7.12 |  <- below the noise floor
  2 |  1.369e-01 |  1.401e-01 |  2.522e-02 |    0.50 |     7.15 |  <- below the noise floor
  3 |  4.558e-02 |  3.413e-02 |  4.096e-03 |    0.08 |     1.16 |  <- below the noise floor

basis function 3 leaves a trace 0.08x the noise; it is not
recoverable pointwise. Reduce sigma, lower the basis frequency, lengthen the
horizon, or reduce q -- training cannot help.
09:19:22 | INFO    | pibe.training.trainer | cell 2/4: 3000 local iterations then 3000 fine-tuning iterations
09:19:23 | INFO    | pibe.training.trainer |   cell 2 | i=    0 | warmup | obj=3.8251e-01 | data=1.2813e-01 | phys=2.5437e-01 | |g|=7.23e+00
09:19:35 | INFO    | pibe.training.trainer |   cell 2 | i=  500 | warmup | obj=3.3189e-03 | data=3.1835e-03 | phys=1.3545e-04 | |g|=1.00e-01
09:19:48 | INFO    | pibe.training.trainer |   cell 2 | i= 1000 | fit    | obj=2.4761e+01 | data=2.4761e+01 | phys=9.3405e-05 | |g|=7.61e+00
09:20:01 | INFO    | pibe.training.trainer |   cell 2 | i= 1500 | fit    | obj=1.7558e+01 | data=1.7558e+01 | phys=9.5414e-05 | |g|=1.97e+00
09:20:16 | INFO    | pibe.training.trainer |   cell 2 | i= 2000 | local  | obj=-1.0643e+00 | data=-1.0662e+00 | phys=1.9231e-03 | |g|=8.70e+01
09:20:31 | INFO    | pibe.training.trainer |   cell 2 | i= 2500 | local  | obj=-1.2909e+00 | data=-1.2937e+00 | phys=2.7791e-03 | |g|=4.54e+01
09:20:47 | INFO    | pibe.training.trainer |   cell 2 | i= 3000 | global | obj=-1.3254e+00 | data=-1.3277e+00 | phys=2.2763e-03 | |g|=6.76e+01
09:21:04 | INFO    | pibe.training.trainer |   cell 2 | i= 3500 | global | obj=-1.4852e+00 | data=-1.4866e+00 | phys=1.3455e-03 | |g|=5.36e+01
09:21:19 | INFO    | pibe.training.trainer |   cell 2 | i= 4000 | global | obj=-1.5567e+00 | data=-1.5584e+00 | phys=1.6823e-03 | |g|=4.38e+01
09:21:34 | INFO    | pibe.training.trainer |   cell 2 | i= 4500 | global | obj=-1.5651e+00 | data=-1.5666e+00 | phys=1.5291e-03 | |g|=3.52e+01
09:21:49 | INFO    | pibe.training.trainer |   cell 2 | i= 5000 | global | obj=-1.5819e+00 | data=-1.5832e+00 | phys=1.2700e-03 | |g|=2.12e+01
09:22:05 | INFO    | pibe.training.trainer |   cell 2 | i= 5500 | global | obj=-1.5923e+00 | data=-1.5935e+00 | phys=1.2081e-03 | |g|=4.70e+00
09:22:20 | INFO    | pibe.training.trainer |   cell 2 | i= 5999 | global | obj=-1.6043e+00 | data=-1.6055e+00 | phys=1.1954e-03 | |g|=2.46e+00
09:22:20 | INFO    | pibe.training.trainer |   cell 2 done in 177.8s | val local=-1.5809e+00 (data=-1.5831e+00, phys=2.2912e-03)
09:22:20 | INFO    | pibe.training.epibe_trainer |   cell 2 EBM | mu=+1.3237e-01 | sd=5.0178e-02 | log Z=+1.6602e+00 | |1-int p|=1.11e-16
09:22:20 | INFO    | pibe.training.epibe_trainer |   mu_omega_hat = +1.323712e-01  (Eq. 54)
09:22:20 | INFO    | pibe.training.trainer | cell 3/4: 3000 local iterations then 3000 fine-tuning iterations
09:22:20 | INFO    | pibe.training.trainer |   cell 3 | i=    0 | warmup | obj=5.6725e-01 | data=5.2895e-01 | phys=3.8297e-02 | |g|=6.60e+00
09:22:39 | INFO    | pibe.training.trainer |   cell 3 | i=  500 | warmup | obj=5.9018e-04 | data=4.2347e-04 | phys=1.6672e-04 | |g|=2.32e-01
09:22:57 | INFO    | pibe.training.trainer |   cell 3 | i= 1000 | fit    | obj=1.9866e-04 | data=1.2804e-04 | phys=7.0618e-05 | |g|=2.35e-02
09:23:16 | INFO    | pibe.training.trainer |   cell 3 | i= 1500 | fit    | obj=2.2234e-04 | data=1.5320e-04 | phys=6.9139e-05 | |g|=8.55e-02
09:23:34 | INFO    | pibe.training.trainer |   cell 3 | i= 2000 | local  | obj=1.7154e-04 | data=1.3960e-04 | phys=3.1944e-05 | |g|=1.93e-02
09:23:52 | INFO    | pibe.training.trainer |   cell 3 | i= 2500 | local  | obj=8.8256e-05 | data=6.0018e-05 | phys=2.8238e-05 | |g|=5.81e-02
09:24:11 | INFO    | pibe.training.trainer |   cell 3 | i= 3000 | global | obj=-1.1362e+00 | data=3.3552e-05 | phys=1.3215e-05 | |g|=1.29e+00
09:24:39 | INFO    | pibe.training.trainer |   cell 3 | i= 3500 | global | obj=-1.1172e+00 | data=7.5342e-04 | phys=1.9899e-04 | |g|=3.79e+01
09:25:08 | INFO    | pibe.training.trainer |   cell 3 | i= 4000 | global | obj=-1.1131e+00 | data=5.8443e-04 | phys=8.1532e-05 | |g|=3.18e+01
09:25:36 | INFO    | pibe.training.trainer |   cell 3 | i= 4500 | global | obj=-1.1361e+00 | data=2.6140e-04 | phys=5.0625e-05 | |g|=1.71e+01
09:26:05 | INFO    | pibe.training.trainer |   cell 3 | i= 5000 | global | obj=-1.1268e+00 | data=1.8954e-04 | phys=6.4200e-05 | |g|=1.15e+01
09:26:35 | INFO    | pibe.training.trainer |   cell 3 | i= 5500 | global | obj=-1.1447e+00 | data=1.2576e-04 | phys=3.6217e-05 | |g|=6.84e+00
09:27:06 | INFO    | pibe.training.trainer |   cell 3 | i= 5999 | global | obj=-1.1433e+00 | data=1.2098e-04 | phys=3.4333e-05 | |g|=1.46e+00
09:27:06 | INFO    | pibe.training.trainer |   cell 3 done in 285.9s | val local=1.7908e-04 (data=1.1376e-04, phys=6.5317e-05)
09:27:06 | INFO    | pibe.training.trainer | cell 4/4: 3000 local iterations then 3000 fine-tuning iterations
09:27:06 | INFO    | pibe.training.trainer |   cell 4 | i=    0 | warmup | obj=4.6906e+00 | data=3.3377e-01 | phys=4.3569e+00 | |g|=4.36e+01
09:27:31 | INFO    | pibe.training.trainer |   cell 4 | i=  500 | warmup | obj=6.5562e-01 | data=5.4480e-01 | phys=1.1082e-01 | |g|=2.23e+00
09:27:56 | INFO    | pibe.training.trainer |   cell 4 | i= 1000 | fit    | obj=6.4557e-01 | data=5.7411e-01 | phys=7.1451e-02 | |g|=3.53e-01
09:28:20 | INFO    | pibe.training.trainer |   cell 4 | i= 1500 | fit    | obj=6.4635e-01 | data=5.7470e-01 | phys=7.1650e-02 | |g|=4.44e-01
09:28:45 | INFO    | pibe.training.trainer |   cell 4 | i= 2000 | local  | obj=6.5048e-01 | data=5.7094e-01 | phys=7.9540e-02 | |g|=2.36e-01
09:29:10 | INFO    | pibe.training.trainer |   cell 4 | i= 2500 | local  | obj=6.5110e-01 | data=5.7513e-01 | phys=7.5965e-02 | |g|=4.54e-02
09:29:35 | INFO    | pibe.training.trainer |   cell 4 | i= 3000 | global | obj=-3.2156e-01 | data=5.7118e-01 | phys=7.7434e-02 | |g|=1.24e+01
09:30:20 | INFO    | pibe.training.trainer |   cell 4 | i= 3500 | global | obj=-9.6804e-01 | data=2.8733e-04 | phys=3.0632e-04 | |g|=1.55e+01
09:31:05 | INFO    | pibe.training.trainer |   cell 4 | i= 4000 | global | obj=-7.5782e-01 | data=1.8784e-04 | phys=1.5827e-03 | |g|=7.61e+01
09:31:50 | INFO    | pibe.training.trainer |   cell 4 | i= 4500 | global | obj=-8.4699e-01 | data=1.8922e-04 | phys=5.3527e-04 | |g|=5.78e+01
09:32:36 | INFO    | pibe.training.trainer |   cell 4 | i= 5000 | global | obj=-9.4939e-01 | data=1.4892e-04 | phys=2.0359e-04 | |g|=3.04e+01
09:33:21 | INFO    | pibe.training.trainer |   cell 4 | i= 5500 | global | obj=-9.4678e-01 | data=1.2096e-04 | phys=2.3760e-04 | |g|=3.22e+01
09:34:03 | INFO    | pibe.training.trainer |   cell 4 | i= 6000 | global | obj=-9.4900e-01 | data=8.4742e-05 | phys=1.7416e-04 | |g|=2.05e+01
09:34:45 | INFO    | pibe.training.trainer |   cell 4 | i= 6500 | global | obj=-9.5676e-01 | data=1.2666e-04 | phys=2.0030e-04 | |g|=2.93e+01
09:35:27 | INFO    | pibe.training.trainer |   cell 4 | i= 7000 | global | obj=-9.6577e-01 | data=7.9329e-05 | phys=2.2678e-04 | |g|=2.51e+01
09:36:08 | INFO    | pibe.training.trainer |   cell 4 | i= 7500 | global | obj=-9.6611e-01 | data=8.6131e-05 | phys=2.4210e-04 | |g|=1.92e+01
09:36:50 | INFO    | pibe.training.trainer |   cell 4 | i= 8000 | global | obj=-9.5153e-01 | data=8.2749e-05 | phys=6.3008e-04 | |g|=2.76e+01
09:37:32 | INFO    | pibe.training.trainer |   cell 4 | i= 8500 | global | obj=-9.7563e-01 | data=4.9195e-05 | phys=1.6228e-04 | |g|=1.49e+01
09:38:15 | INFO    | pibe.training.trainer |   cell 4 | i= 9000 | global | obj=-9.5300e-01 | data=9.4109e-04 | phys=6.2045e-03 | |g|=1.15e+01
09:38:57 | INFO    | pibe.training.trainer |   cell 4 | i= 9500 | global | obj=-9.5491e-01 | data=3.6222e-05 | phys=2.0045e-04 | |g|=1.98e+01
09:39:39 | INFO    | pibe.training.trainer |   cell 4 | i=10000 | global | obj=-9.6984e-01 | data=5.3244e-05 | phys=1.0131e-04 | |g|=1.51e+01
09:40:21 | INFO    | pibe.training.trainer |   cell 4 | i=10500 | global | obj=-9.8262e-01 | data=6.3161e-05 | phys=1.3249e-04 | |g|=1.20e+01
09:41:08 | INFO    | pibe.training.trainer |   cell 4 | i=11000 | global | obj=-9.7220e-01 | data=8.5665e-05 | phys=1.9458e-04 | |g|=1.34e+01
09:41:56 | INFO    | pibe.training.trainer |   cell 4 | i=11500 | global | obj=-9.6073e-01 | data=6.9866e-05 | phys=2.1686e-04 | |g|=1.37e+00
09:42:43 | INFO    | pibe.training.trainer |   cell 4 | i=12000 | global | obj=-9.7467e-01 | data=1.0437e-04 | phys=1.7754e-04 | |g|=2.76e+00
09:43:30 | INFO    | pibe.training.trainer |   cell 4 | i=12500 | global | obj=-9.8665e-01 | data=3.3877e-05 | phys=1.1424e-04 | |g|=7.39e-01
09:44:15 | INFO    | pibe.training.trainer |   cell 4 | i=13000 | global | obj=-9.8762e-01 | data=3.1165e-05 | phys=1.2491e-04 | |g|=7.83e-01
09:45:02 | INFO    | pibe.training.trainer |   cell 4 | i=13500 | global | obj=-9.8111e-01 | data=4.1780e-05 | phys=1.1710e-04 | |g|=3.12e+00
09:45:49 | INFO    | pibe.training.trainer |   cell 4 | i=14000 | global | obj=-9.8575e-01 | data=3.1826e-05 | phys=1.4535e-04 | |g|=1.39e+00
09:46:36 | INFO    | pibe.training.trainer |   cell 4 | i=14500 | global | obj=-9.8668e-01 | data=2.2786e-05 | phys=1.2169e-04 | |g|=1.42e+00
09:47:13 | INFO    | pibe.training.trainer |   cell 4 | i=15000 | global | obj=-9.8428e-01 | data=2.5207e-05 | phys=1.3146e-04 | |g|=1.23e+00
09:47:48 | INFO    | pibe.training.trainer |   cell 4 | i=15500 | global | obj=-9.8231e-01 | data=3.5337e-05 | phys=1.2536e-04 | |g|=1.77e-01
09:48:21 | INFO    | pibe.training.trainer |   cell 4 | i=15999 | global | obj=-9.7979e-01 | data=3.8088e-05 | phys=1.4468e-04 | |g|=1.90e-01
09:48:21 | INFO    | pibe.training.trainer |   cell 4 done in 1274.9s | val local=3.5382e-04 (data=5.3621e-05, phys=3.0020e-04)
09:48:21 | INFO    | train_pibe         | train metrics:
state errors (L2 / sup):
  x_1: 3.6073e-01 / 4.1855e-01
  x_2: 5.7843e-02 / 4.2207e-01
  x_3: 1.3092e-01 / 6.6875e-01
parameter errors (|err| / spread):
  theta_1: 3.4810e-02 / 3.1476e-02
  theta_2: 7.5450e-02 / 2.1164e-02
disturbance: L2=3.0598e-02, sup=1.1819e-01
output fit: L2=1.4736e-01
09:48:21 | INFO    | train_pibe         | val metrics:
state errors (L2 / sup):
  x_1: 3.5991e-01 / 4.5190e-01
  x_2: 7.6829e-02 / 3.7042e-01
  x_3: 1.4634e-01 / 5.7383e-01
parameter errors (|err| / spread):
  theta_1: 1.9319e-02 / 2.0898e-02
  theta_2: 9.0336e-02 / 1.3176e-02
disturbance: L2=3.2740e-02, sup=7.8492e-02
output fit: L2=1.4861e-01
09:48:24 | INFO    | train_pibe         | oracle comparison (train, scored on the quadratic objective):
 cell |   L_Loc @ truth | L_Loc @ trained | winner
------------------------------------------------------------
    2 |      2.5237e-01 |      3.2014e-03 | trained
    3 |      5.4338e-36 |      1.1920e-04 | truth
    4 |      2.6223e-35 |      1.5557e-04 | truth
------------------------------------------------------------
L_Tot @ truth   : 1.5307e-01
L_Tot @ trained : 2.1901e-03

verdict: loss-design failure: the objective scores the trained solution at or below the truth, so optimization cannot recover the parameters. This is the Remark 7 degeneracy; it needs excitation (Assumption 6) or extra information, not more training.
09:48:24 | INFO    | train_pibe         | learned residual densities:
 cell |      rho_k |     B_E |        L_E |  nodes |    spacing |  |1-int p|
----------------------------------------------------------------------------
    2 |        1.2 |      12 |       1552 |   1024 |    0.00234 |   4.44e-16
  mu_omega_hat = +1.393722e-01 (Eq. 54)   true sensor bias = +5.000000e-01
09:48:24 | INFO    | pibe.eval.figures  | wrote outputs/bb_epibe_b0.5_BE12.0/figures/states.png
09:48:25 | INFO    | pibe.eval.figures  | wrote outputs/bb_epibe_b0.5_BE12.0/figures/disturbance.png
09:48:25 | INFO    | matplotlib.mathtext | Substituting symbol A from STIXNonUnicode
09:48:25 | INFO    | pibe.eval.figures  | wrote outputs/bb_epibe_b0.5_BE12.0/figures/parameters.png
09:48:25 | INFO    | pibe.eval.figures  | wrote outputs/bb_epibe_b0.5_BE12.0/figures/errors.png
09:48:25 | INFO    | train_pibe         | figures: states.png, disturbance.png, parameters.png, errors.png
09:48:25 | INFO    | train_pibe         | artifacts written to outputs/bb_epibe_b0.5_BE12.0
