09:49:38 | INFO    | train_pibe         | experiment:
system            : automatica_n3v2(n=3) on cpu (torch.float64)
true theta        : [0.23502650090327654, 0.10390993219989397]
disturbance       : one a shared by all trajectories
basis             : FourierBasis(q=3, H=2, omega=1.25664, horizon=[0, 20], periods=4)
  lambda_min(W)   : 1.0000e+01   (Eq. 3, must be > 0)
  eps_(d,q)       : 0.0000e+00
noise             : BiasedNoise(TruncatedGaussianNoise(sigma=0.05, bound=0.15000000000000002), bias=+0.15)
data              : TrajectoryData(P=64, N=201, n=3, horizon=[0, 20])
  train / val     : 51 / 13
  data fill h_d   : 5.0000e-02
  coll fill h_r   : 2.5000e-02
bank              : cells 2..4, 284909 parameters
estimator         : EPIBE (Algorithm 2), N_EBM=1000, beta=1
residual supports (Assumption 3):
 cell |      rho_k |     B_E |        L_E |  nodes |    spacing |  |1-int p|
----------------------------------------------------------------------------
    2 |        1.2 |      12 |      14.18 |   1024 |    0.00234 |   0.00e+00
09:49:39 | INFO    | train_pibe         | disturbance observability  (sigma = 0.05, N = 201)
  i |       gain |    settled |  signature |     SNR |  eff SNR |
----------------------------------------------------------------------------
  1 |  1.472e-01 |  1.395e-01 |  2.511e-02 |    0.50 |     7.12 |  <- below the noise floor
  2 |  1.369e-01 |  1.401e-01 |  2.522e-02 |    0.50 |     7.15 |  <- below the noise floor
  3 |  4.558e-02 |  3.413e-02 |  4.096e-03 |    0.08 |     1.16 |  <- below the noise floor

basis function 3 leaves a trace 0.08x the noise; it is not
recoverable pointwise. Reduce sigma, lower the basis frequency, lengthen the
horizon, or reduce q -- training cannot help.
09:49:39 | INFO    | pibe.training.trainer | cell 2/4: 3000 local iterations then 3000 fine-tuning iterations
09:49:39 | INFO    | pibe.training.trainer |   cell 2 | i=    0 | warmup | obj=4.5401e-01 | data=1.8448e-01 | phys=2.6954e-01 | |g|=1.02e+01
09:49:56 | INFO    | pibe.training.trainer |   cell 2 | i=  500 | warmup | obj=3.1402e-03 | data=3.0056e-03 | phys=1.3461e-04 | |g|=1.01e-01
09:50:12 | INFO    | pibe.training.trainer |   cell 2 | i= 1000 | fit    | obj=1.9951e+02 | data=1.9951e+02 | phys=1.1183e-04 | |g|=7.61e+00
09:50:28 | INFO    | pibe.training.trainer |   cell 2 | i= 1500 | fit    | obj=1.9225e+02 | data=1.9225e+02 | phys=9.2177e-05 | |g|=5.74e+00
09:50:47 | INFO    | pibe.training.trainer |   cell 2 | i= 2000 | local  | obj=-1.2424e+00 | data=-1.2524e+00 | phys=9.9946e-03 | |g|=6.70e+01
09:51:08 | INFO    | pibe.training.trainer |   cell 2 | i= 2500 | local  | obj=-1.0248e+00 | data=-1.0281e+00 | phys=3.3575e-03 | |g|=1.34e+02
09:51:28 | INFO    | pibe.training.trainer |   cell 2 | i= 3000 | global | obj=-1.3289e+00 | data=-1.3302e+00 | phys=1.3109e-03 | |g|=1.43e+02
09:51:50 | INFO    | pibe.training.trainer |   cell 2 | i= 3500 | global | obj=-1.4665e+00 | data=-1.4677e+00 | phys=1.2684e-03 | |g|=9.36e+01
09:52:10 | INFO    | pibe.training.trainer |   cell 2 | i= 4000 | global | obj=-1.5388e+00 | data=-1.5404e+00 | phys=1.5867e-03 | |g|=8.47e+01
09:52:31 | INFO    | pibe.training.trainer |   cell 2 | i= 4500 | global | obj=-1.5752e+00 | data=-1.5766e+00 | phys=1.4058e-03 | |g|=2.79e+01
09:52:53 | INFO    | pibe.training.trainer |   cell 2 | i= 5000 | global | obj=-1.5685e+00 | data=-1.5702e+00 | phys=1.6560e-03 | |g|=4.54e+01
09:53:13 | INFO    | pibe.training.trainer |   cell 2 | i= 5500 | global | obj=-1.5897e+00 | data=-1.5910e+00 | phys=1.3322e-03 | |g|=7.13e+00
09:53:34 | INFO    | pibe.training.trainer |   cell 2 | i= 5999 | global | obj=-1.6015e+00 | data=-1.6028e+00 | phys=1.3345e-03 | |g|=3.27e+00
09:53:34 | INFO    | pibe.training.trainer |   cell 2 done in 235.2s | val local=-1.5752e+00 (data=-1.5774e+00, phys=2.1468e-03)
09:53:34 | INFO    | pibe.training.epibe_trainer |   cell 2 EBM | mu=+1.6554e-01 | sd=5.0000e-02 | log Z=+3.4680e+00 | |1-int p|=1.11e-16
09:53:34 | INFO    | pibe.training.epibe_trainer |   mu_omega_hat = +1.655396e-01  (Eq. 54)
09:53:34 | INFO    | pibe.training.trainer | cell 3/4: 3000 local iterations then 3000 fine-tuning iterations
09:53:34 | INFO    | pibe.training.trainer |   cell 3 | i=    0 | warmup | obj=1.7484e-01 | data=1.2104e-01 | phys=5.3801e-02 | |g|=2.29e+00
09:54:00 | INFO    | pibe.training.trainer |   cell 3 | i=  500 | warmup | obj=8.2224e-04 | data=6.5752e-04 | phys=1.6472e-04 | |g|=1.59e-01
09:54:27 | INFO    | pibe.training.trainer |   cell 3 | i= 1000 | fit    | obj=5.4225e-04 | data=3.3668e-04 | phys=2.0556e-04 | |g|=1.77e-01
09:54:53 | INFO    | pibe.training.trainer |   cell 3 | i= 1500 | fit    | obj=4.2808e-04 | data=3.1489e-04 | phys=1.1319e-04 | |g|=1.20e-01
09:55:17 | INFO    | pibe.training.trainer |   cell 3 | i= 2000 | local  | obj=1.5877e-04 | data=1.2068e-04 | phys=3.8089e-05 | |g|=9.79e-03
09:55:41 | INFO    | pibe.training.trainer |   cell 3 | i= 2500 | local  | obj=1.7758e-04 | data=1.4207e-04 | phys=3.5513e-05 | |g|=5.99e-02
09:56:05 | INFO    | pibe.training.trainer |   cell 3 | i= 3000 | global | obj=-1.1369e+00 | data=8.5722e-05 | phys=3.4125e-05 | |g|=1.13e+00
09:56:41 | INFO    | pibe.training.trainer |   cell 3 | i= 3500 | global | obj=-1.1074e+00 | data=1.3528e-04 | phys=4.4138e-05 | |g|=5.35e+01
09:57:19 | INFO    | pibe.training.trainer |   cell 3 | i= 4000 | global | obj=-1.1276e+00 | data=1.0662e-04 | phys=2.6587e-05 | |g|=2.00e+01
09:57:56 | INFO    | pibe.training.trainer |   cell 3 | i= 4500 | global | obj=-1.1397e+00 | data=7.1364e-05 | phys=1.6542e-05 | |g|=1.91e+01
09:58:34 | INFO    | pibe.training.trainer |   cell 3 | i= 5000 | global | obj=-1.1327e+00 | data=7.8623e-05 | phys=2.2267e-05 | |g|=1.17e+01
09:59:11 | INFO    | pibe.training.trainer |   cell 3 | i= 5500 | global | obj=-1.1450e+00 | data=3.8888e-05 | phys=1.3028e-05 | |g|=2.26e+00
09:59:48 | INFO    | pibe.training.trainer |   cell 3 | i= 5999 | global | obj=-1.1429e+00 | data=4.0642e-05 | phys=1.3874e-05 | |g|=9.58e-01
09:59:48 | INFO    | pibe.training.trainer |   cell 3 done in 374.3s | val local=1.3021e-04 (data=1.0506e-04, phys=2.5153e-05)
09:59:48 | INFO    | pibe.training.trainer | cell 4/4: 3000 local iterations then 3000 fine-tuning iterations
09:59:48 | INFO    | pibe.training.trainer |   cell 4 | i=    0 | warmup | obj=3.5156e+00 | data=1.0978e+00 | phys=2.4178e+00 | |g|=7.05e+01
10:00:21 | INFO    | pibe.training.trainer |   cell 4 | i=  500 | warmup | obj=1.3395e+00 | data=1.1623e+00 | phys=1.7719e-01 | |g|=5.92e-01
10:00:53 | INFO    | pibe.training.trainer |   cell 4 | i= 1000 | fit    | obj=1.3290e+00 | data=1.2027e+00 | phys=1.2632e-01 | |g|=1.47e+00
10:01:24 | INFO    | pibe.training.trainer |   cell 4 | i= 1500 | fit    | obj=1.3398e+00 | data=1.1994e+00 | phys=1.4034e-01 | |g|=7.59e-01
10:01:56 | INFO    | pibe.training.trainer |   cell 4 | i= 2000 | local  | obj=1.3391e+00 | data=1.2146e+00 | phys=1.2445e-01 | |g|=1.52e+00
10:02:28 | INFO    | pibe.training.trainer |   cell 4 | i= 2500 | local  | obj=1.3313e+00 | data=1.1745e+00 | phys=1.5681e-01 | |g|=2.39e-01
10:03:01 | INFO    | pibe.training.trainer |   cell 4 | i= 3000 | global | obj=3.6954e-01 | data=1.1890e+00 | phys=1.5070e-01 | |g|=1.24e+01
10:03:56 | INFO    | pibe.training.trainer |   cell 4 | i= 3500 | global | obj=-9.3278e-01 | data=3.3073e-04 | phys=4.9710e-04 | |g|=5.92e+01
10:04:51 | INFO    | pibe.training.trainer |   cell 4 | i= 4000 | global | obj=-8.7623e-01 | data=4.1609e-04 | phys=2.7527e-03 | |g|=1.63e+01
10:05:50 | INFO    | pibe.training.trainer |   cell 4 | i= 4500 | global | obj=-4.0112e-01 | data=5.1363e-04 | phys=3.1804e-02 | |g|=1.45e+02
10:06:50 | INFO    | pibe.training.trainer |   cell 4 | i= 5000 | global | obj=-9.1844e-01 | data=7.1968e-05 | phys=5.4092e-04 | |g|=5.24e+01
10:07:51 | INFO    | pibe.training.trainer |   cell 4 | i= 5500 | global | obj=-9.3827e-01 | data=1.2428e-04 | phys=3.0830e-04 | |g|=4.44e+01
10:08:49 | INFO    | pibe.training.trainer |   cell 4 | i= 6000 | global | obj=-9.3661e-01 | data=7.1051e-05 | phys=2.4669e-04 | |g|=4.32e+01
10:09:43 | INFO    | pibe.training.trainer |   cell 4 | i= 6500 | global | obj=-9.6212e-01 | data=1.0617e-04 | phys=2.7254e-04 | |g|=2.99e+01
10:10:36 | INFO    | pibe.training.trainer |   cell 4 | i= 7000 | global | obj=-9.7018e-01 | data=6.8485e-05 | phys=2.2382e-04 | |g|=2.82e+01
10:11:28 | INFO    | pibe.training.trainer |   cell 4 | i= 7500 | global | obj=-9.5338e-01 | data=8.9952e-05 | phys=2.6680e-04 | |g|=4.21e+01
10:12:21 | INFO    | pibe.training.trainer |   cell 4 | i= 8000 | global | obj=-9.6306e-01 | data=1.0783e-04 | phys=2.1149e-04 | |g|=2.36e+01
10:13:13 | INFO    | pibe.training.trainer |   cell 4 | i= 8500 | global | obj=-9.6637e-01 | data=5.8819e-05 | phys=1.6426e-04 | |g|=3.23e+01
10:14:08 | INFO    | pibe.training.trainer |   cell 4 | i= 9000 | global | obj=-9.6954e-01 | data=9.4696e-05 | phys=6.8085e-04 | |g|=2.40e+01
10:15:06 | INFO    | pibe.training.trainer |   cell 4 | i= 9500 | global | obj=-9.5795e-01 | data=5.0985e-05 | phys=1.8266e-04 | |g|=2.02e+01
10:16:09 | INFO    | pibe.training.trainer |   cell 4 | i=10000 | global | obj=-9.6927e-01 | data=5.3219e-05 | phys=1.9548e-04 | |g|=2.41e+01
10:17:11 | INFO    | pibe.training.trainer |   cell 4 | i=10500 | global | obj=-9.8026e-01 | data=1.4096e-04 | phys=1.4408e-03 | |g|=1.20e+01
10:18:08 | INFO    | pibe.training.trainer |   cell 4 | i=11000 | global | obj=-9.6918e-01 | data=1.1707e-04 | phys=3.9576e-04 | |g|=3.70e+00
10:19:08 | INFO    | pibe.training.trainer |   cell 4 | i=11500 | global | obj=-9.6364e-01 | data=3.4060e-05 | phys=1.0448e-04 | |g|=1.05e+01
10:20:09 | INFO    | pibe.training.trainer |   cell 4 | i=12000 | global | obj=-9.7498e-01 | data=3.1809e-04 | phys=1.7020e-04 | |g|=9.44e+00
10:21:06 | INFO    | pibe.training.trainer |   cell 4 | i=12500 | global | obj=-9.8114e-01 | data=3.6986e-05 | phys=2.0806e-04 | |g|=1.50e+01
10:22:03 | INFO    | pibe.training.trainer |   cell 4 | i=13000 | global | obj=-9.8589e-01 | data=2.9640e-05 | phys=9.8174e-05 | |g|=1.73e+00
10:23:03 | INFO    | pibe.training.trainer |   cell 4 | i=13500 | global | obj=-9.8001e-01 | data=3.6277e-05 | phys=1.0516e-04 | |g|=2.54e+00
10:23:58 | INFO    | pibe.training.trainer |   cell 4 | i=14000 | global | obj=-9.8356e-01 | data=3.9442e-05 | phys=1.1502e-04 | |g|=1.11e+00
10:24:56 | INFO    | pibe.training.trainer |   cell 4 | i=14500 | global | obj=-9.8434e-01 | data=2.8472e-05 | phys=9.8185e-05 | |g|=1.33e+00
10:25:47 | INFO    | pibe.training.trainer |   cell 4 | i=15000 | global | obj=-9.8233e-01 | data=3.0858e-05 | phys=1.1511e-04 | |g|=1.24e+00
10:26:23 | INFO    | pibe.training.trainer |   cell 4 | i=15500 | global | obj=-9.8025e-01 | data=4.0799e-05 | phys=1.2751e-04 | |g|=1.29e+00
10:26:59 | INFO    | pibe.training.trainer |   cell 4 | i=15999 | global | obj=-9.7801e-01 | data=3.8542e-05 | phys=1.3223e-04 | |g|=1.03e+00
10:26:59 | INFO    | pibe.training.trainer |   cell 4 done in 1630.3s | val local=3.8914e-04 (data=7.2434e-05, phys=3.1670e-04)
10:26:59 | INFO    | train_pibe         | train metrics:
state errors (L2 / sup):
  x_1: 1.1224e-02 / 6.4958e-02
  x_2: 8.4468e-02 / 5.2348e-01
  x_3: 7.3333e-02 / 4.7710e-01
parameter errors (|err| / spread):
  theta_1: 5.4226e-02 / 7.1920e-03
  theta_2: 4.9117e-02 / 4.8741e-03
disturbance: L2=4.8164e-02, sup=1.4184e-01
output fit: L2=1.5745e-01
10:26:59 | INFO    | train_pibe         | val metrics:
state errors (L2 / sup):
  x_1: 1.5123e-02 / 9.5517e-02
  x_2: 8.9078e-02 / 3.8474e-01
  x_3: 7.3882e-02 / 3.5688e-01
parameter errors (|err| / spread):
  theta_1: 5.5422e-02 / 4.7070e-03
  theta_2: 5.1075e-02 / 2.6701e-03
disturbance: L2=4.4715e-02, sup=1.0778e-01
output fit: L2=1.5460e-01
10:27:01 | INFO    | train_pibe         | oracle comparison (train, scored on the quadratic objective):
 cell |   L_Loc @ truth | L_Loc @ trained | winner
------------------------------------------------------------
    2 |      2.4937e-02 |      3.2940e-03 | trained
    3 |      5.4338e-36 |      1.2169e-04 | truth
    4 |      2.6223e-35 |      1.4075e-04 | truth
------------------------------------------------------------
L_Tot @ truth   : 1.5125e-02
L_Tot @ trained : 2.2334e-03

verdict: loss-design failure: the objective scores the trained solution at or below the truth, so optimization cannot recover the parameters. This is the Remark 7 degeneracy; it needs excitation (Assumption 6) or extra information, not more training.
10:27:01 | INFO    | train_pibe         | learned residual densities:
 cell |      rho_k |     B_E |        L_E |  nodes |    spacing |  |1-int p|
----------------------------------------------------------------------------
    2 |        1.2 |      12 |       1290 |   1024 |    0.00234 |   0.00e+00
  mu_omega_hat = +1.499480e-01 (Eq. 54)   true sensor bias = +1.500000e-01
10:27:02 | INFO    | pibe.eval.figures  | wrote outputs/bb_epibe_b0.15/figures/states.png
10:27:02 | INFO    | pibe.eval.figures  | wrote outputs/bb_epibe_b0.15/figures/disturbance.png
10:27:02 | INFO    | matplotlib.mathtext | Substituting symbol A from STIXNonUnicode
10:27:02 | INFO    | pibe.eval.figures  | wrote outputs/bb_epibe_b0.15/figures/parameters.png
10:27:02 | INFO    | pibe.eval.figures  | wrote outputs/bb_epibe_b0.15/figures/errors.png
10:27:02 | INFO    | train_pibe         | figures: states.png, disturbance.png, parameters.png, errors.png
10:27:02 | INFO    | train_pibe         | artifacts written to outputs/bb_epibe_b0.15
