09:49:40 | INFO    | train_pibe         | experiment:
system            : automatica_n3v2(n=3) on cpu (torch.float64)
true theta        : [0.23502650090327654, 0.10390993219989397]
disturbance       : one a shared by all trajectories
basis             : FourierBasis(q=3, H=2, omega=1.25664, horizon=[0, 20], periods=4)
  lambda_min(W)   : 1.0000e+01   (Eq. 3, must be > 0)
  eps_(d,q)       : 0.0000e+00
noise             : BiasedNoise(TruncatedGaussianNoise(sigma=0.05, bound=0.15000000000000002), bias=+0.3)
data              : TrajectoryData(P=64, N=201, n=3, horizon=[0, 20])
  train / val     : 51 / 13
  data fill h_d   : 5.0000e-02
  coll fill h_r   : 2.5000e-02
bank              : cells 2..4, 271850 parameters
estimator         : PIBE (Algorithm 1)
09:49:41 | INFO    | train_pibe         | disturbance observability  (sigma = 0.05, N = 201)
  i |       gain |    settled |  signature |     SNR |  eff SNR |
----------------------------------------------------------------------------
  1 |  1.472e-01 |  1.395e-01 |  2.511e-02 |    0.50 |     7.12 |  <- below the noise floor
  2 |  1.369e-01 |  1.401e-01 |  2.522e-02 |    0.50 |     7.15 |  <- below the noise floor
  3 |  4.558e-02 |  3.413e-02 |  4.096e-03 |    0.08 |     1.16 |  <- below the noise floor

basis function 3 leaves a trace 0.08x the noise; it is not
recoverable pointwise. Reduce sigma, lower the basis frequency, lengthen the
horizon, or reduce q -- training cannot help.
09:49:41 | INFO    | pibe.training.trainer | cell 2/4: 3000 local iterations then 3000 fine-tuning iterations
09:49:41 | INFO    | pibe.training.trainer |   cell 2 | i=    0 | local  | obj=1.5169e+01 | data=1.4911e+01 | phys=2.5854e-01 | |g|=6.79e+01
09:49:59 | INFO    | pibe.training.trainer |   cell 2 | i=  500 | local  | obj=5.2588e-03 | data=4.6854e-03 | phys=5.7339e-04 | |g|=1.31e+00
09:50:15 | INFO    | pibe.training.trainer |   cell 2 | i= 1000 | local  | obj=3.0652e-03 | data=2.9841e-03 | phys=8.1100e-05 | |g|=3.30e-01
09:50:31 | INFO    | pibe.training.trainer |   cell 2 | i= 1500 | local  | obj=2.7604e-03 | data=2.6711e-03 | phys=8.9276e-05 | |g|=8.37e-02
09:50:49 | INFO    | pibe.training.trainer |   cell 2 | i= 2000 | local  | obj=2.9734e-03 | data=2.9055e-03 | phys=6.7897e-05 | |g|=4.37e-01
09:51:06 | INFO    | pibe.training.trainer |   cell 2 | i= 2500 | local  | obj=2.6902e-03 | data=2.6324e-03 | phys=5.7844e-05 | |g|=3.11e-01
09:51:23 | INFO    | pibe.training.trainer |   cell 2 | i= 3000 | global | obj=2.5319e-03 | data=2.4610e-03 | phys=7.0899e-05 | |g|=1.25e-01
09:51:41 | INFO    | pibe.training.trainer |   cell 2 | i= 3500 | global | obj=2.6481e-03 | data=2.5978e-03 | phys=5.0354e-05 | |g|=1.31e-01
09:51:58 | INFO    | pibe.training.trainer |   cell 2 | i= 4000 | global | obj=2.4319e-03 | data=2.4047e-03 | phys=2.7240e-05 | |g|=1.34e-01
09:52:16 | INFO    | pibe.training.trainer |   cell 2 | i= 4500 | global | obj=2.4927e-03 | data=2.4738e-03 | phys=1.8870e-05 | |g|=3.59e-02
09:52:34 | INFO    | pibe.training.trainer |   cell 2 | i= 5000 | global | obj=2.4881e-03 | data=2.4668e-03 | phys=2.1307e-05 | |g|=3.34e-02
09:52:52 | INFO    | pibe.training.trainer |   cell 2 | i= 5500 | global | obj=2.4466e-03 | data=2.4318e-03 | phys=1.4822e-05 | |g|=3.12e-02
09:53:09 | INFO    | pibe.training.trainer |   cell 2 | i= 5999 | global | obj=2.3983e-03 | data=2.3852e-03 | phys=1.3036e-05 | |g|=1.50e-02
09:53:10 | INFO    | pibe.training.trainer |   cell 2 done in 208.7s | val local=2.5387e-03 (data=2.4726e-03, phys=6.6136e-05)
09:53:10 | INFO    | pibe.training.trainer | cell 3/4: 3000 local iterations then 3000 fine-tuning iterations
09:53:10 | INFO    | pibe.training.trainer |   cell 3 | i=    0 | local  | obj=5.5484e-01 | data=5.0028e-01 | phys=5.4559e-02 | |g|=6.46e+00
09:53:35 | INFO    | pibe.training.trainer |   cell 3 | i=  500 | local  | obj=3.7132e-04 | data=2.1510e-04 | phys=1.5622e-04 | |g|=9.64e-02
09:54:02 | INFO    | pibe.training.trainer |   cell 3 | i= 1000 | local  | obj=1.6956e-04 | data=1.0783e-04 | phys=6.1731e-05 | |g|=7.10e-02
09:54:28 | INFO    | pibe.training.trainer |   cell 3 | i= 1500 | local  | obj=1.5697e-04 | data=9.7813e-05 | phys=5.9154e-05 | |g|=8.02e-02
09:54:55 | INFO    | pibe.training.trainer |   cell 3 | i= 2000 | local  | obj=9.0335e-05 | data=5.6802e-05 | phys=3.3533e-05 | |g|=4.26e-02
09:55:19 | INFO    | pibe.training.trainer |   cell 3 | i= 2500 | local  | obj=9.1940e-05 | data=5.0085e-05 | phys=4.1855e-05 | |g|=7.12e-02
09:55:42 | INFO    | pibe.training.trainer |   cell 3 | i= 3000 | global | obj=1.8386e-03 | data=3.7313e-05 | phys=1.5106e-05 | |g|=1.45e-02
09:56:15 | INFO    | pibe.training.trainer |   cell 3 | i= 3500 | global | obj=1.8029e-03 | data=4.3037e-05 | phys=1.2137e-05 | |g|=1.56e-01
09:56:48 | INFO    | pibe.training.trainer |   cell 3 | i= 4000 | global | obj=1.9196e-03 | data=7.2292e-05 | phys=9.2644e-06 | |g|=1.29e-01
09:57:23 | INFO    | pibe.training.trainer |   cell 3 | i= 4500 | global | obj=1.7978e-03 | data=1.8652e-05 | phys=1.2770e-05 | |g|=7.47e-02
09:57:57 | INFO    | pibe.training.trainer |   cell 3 | i= 5000 | global | obj=1.8106e-03 | data=8.6285e-06 | phys=4.9075e-06 | |g|=1.32e-02
09:58:31 | INFO    | pibe.training.trainer |   cell 3 | i= 5500 | global | obj=1.7479e-03 | data=8.4235e-06 | phys=4.6014e-06 | |g|=6.78e-03
09:59:06 | INFO    | pibe.training.trainer |   cell 3 | i= 5999 | global | obj=1.7682e-03 | data=9.2149e-06 | phys=3.9726e-06 | |g|=6.46e-03
09:59:06 | INFO    | pibe.training.trainer |   cell 3 done in 356.4s | val local=4.9834e-05 (data=3.2509e-05, phys=1.7326e-05)
09:59:06 | INFO    | pibe.training.trainer | cell 4/4: 3000 local iterations then 3000 fine-tuning iterations
09:59:06 | INFO    | pibe.training.trainer |   cell 4 | i=    0 | local  | obj=4.3650e+00 | data=3.5927e-01 | phys=4.0057e+00 | |g|=3.43e+01
09:59:39 | INFO    | pibe.training.trainer |   cell 4 | i=  500 | local  | obj=5.7772e-01 | data=5.3554e-01 | phys=4.2183e-02 | |g|=2.60e+00
10:00:13 | INFO    | pibe.training.trainer |   cell 4 | i= 1000 | local  | obj=5.7395e-01 | data=5.2592e-01 | phys=4.8031e-02 | |g|=1.71e+00
10:00:45 | INFO    | pibe.training.trainer |   cell 4 | i= 1500 | local  | obj=5.7226e-01 | data=5.2101e-01 | phys=5.1244e-02 | |g|=1.34e+00
10:01:17 | INFO    | pibe.training.trainer |   cell 4 | i= 2000 | local  | obj=5.7395e-01 | data=5.1191e-01 | phys=6.2047e-02 | |g|=4.05e-01
10:01:48 | INFO    | pibe.training.trainer |   cell 4 | i= 2500 | local  | obj=5.7357e-01 | data=5.0435e-01 | phys=6.9218e-02 | |g|=1.43e-01
10:02:20 | INFO    | pibe.training.trainer |   cell 4 | i= 3000 | global | obj=5.7416e-01 | data=5.1395e-01 | phys=5.8725e-02 | |g|=1.28e+01
10:03:11 | INFO    | pibe.training.trainer |   cell 4 | i= 3500 | global | obj=4.0214e-03 | data=6.8596e-04 | phys=7.8856e-04 | |g|=8.74e-01
10:04:02 | INFO    | pibe.training.trainer |   cell 4 | i= 4000 | global | obj=2.4342e-03 | data=1.3281e-04 | phys=1.2578e-04 | |g|=6.49e-01
10:04:54 | INFO    | pibe.training.trainer |   cell 4 | i= 4500 | global | obj=1.7705e-03 | data=3.6184e-05 | phys=2.3078e-05 | |g|=4.47e-02
10:05:50 | INFO    | pibe.training.trainer |   cell 4 | i= 5000 | global | obj=1.7449e-03 | data=4.6478e-05 | phys=3.9887e-05 | |g|=1.76e-01
10:06:46 | INFO    | pibe.training.trainer |   cell 4 | i= 5500 | global | obj=2.7163e-03 | data=3.7880e-05 | phys=8.7075e-04 | |g|=1.20e+00
10:07:44 | INFO    | pibe.training.trainer |   cell 4 | i= 6000 | global | obj=1.6372e-03 | data=1.8855e-05 | phys=1.4299e-05 | |g|=4.89e-02
10:08:40 | INFO    | pibe.training.trainer |   cell 4 | i= 6500 | global | obj=1.5931e-03 | data=2.2215e-05 | phys=2.0903e-05 | |g|=1.37e-01
10:09:30 | INFO    | pibe.training.trainer |   cell 4 | i= 7000 | global | obj=1.5287e-03 | data=1.1167e-05 | phys=2.9743e-05 | |g|=1.39e-01
10:10:20 | INFO    | pibe.training.trainer |   cell 4 | i= 7500 | global | obj=1.5877e-03 | data=1.5075e-05 | phys=6.7824e-05 | |g|=2.72e-01
10:11:10 | INFO    | pibe.training.trainer |   cell 4 | i= 8000 | global | obj=1.5701e-03 | data=8.0349e-06 | phys=3.8186e-05 | |g|=2.01e-01
10:11:59 | INFO    | pibe.training.trainer |   cell 4 | i= 8500 | global | obj=1.5178e-03 | data=8.1878e-06 | phys=3.7570e-05 | |g|=1.88e-01
10:12:49 | INFO    | pibe.training.trainer |   cell 4 | i= 9000 | global | obj=1.5153e-03 | data=9.4301e-06 | phys=3.4578e-05 | |g|=1.72e-01
10:13:39 | INFO    | pibe.training.trainer |   cell 4 | i= 9500 | global | obj=1.5474e-03 | data=5.3861e-06 | phys=6.3685e-06 | |g|=4.68e-02
10:14:34 | INFO    | pibe.training.trainer |   cell 4 | i=10000 | global | obj=1.5063e-03 | data=5.2285e-06 | phys=1.4591e-05 | |g|=1.09e-01
10:15:26 | INFO    | pibe.training.trainer |   cell 4 | i=10500 | global | obj=1.4238e-03 | data=3.5316e-06 | phys=5.7460e-06 | |g|=3.85e-02
10:16:27 | INFO    | pibe.training.trainer |   cell 4 | i=11000 | global | obj=1.4841e-03 | data=4.4644e-06 | phys=1.3802e-05 | |g|=9.33e-02
10:17:27 | INFO    | pibe.training.trainer |   cell 4 | i=11500 | global | obj=1.5454e-03 | data=5.0516e-06 | phys=5.8578e-06 | |g|=3.74e-02
10:18:22 | INFO    | pibe.training.trainer |   cell 4 | i=12000 | global | obj=1.4909e-03 | data=3.0839e-06 | phys=5.7592e-06 | |g|=1.16e-02
10:19:15 | INFO    | pibe.training.trainer |   cell 4 | i=12500 | global | obj=1.4515e-03 | data=2.8378e-06 | phys=9.9463e-06 | |g|=7.96e-02
10:20:14 | INFO    | pibe.training.trainer |   cell 4 | i=13000 | global | obj=1.4410e-03 | data=3.1238e-06 | phys=6.4643e-06 | |g|=3.23e-02
10:21:08 | INFO    | pibe.training.trainer |   cell 4 | i=13500 | global | obj=1.4759e-03 | data=2.7600e-06 | phys=4.6961e-06 | |g|=2.35e-02
10:22:01 | INFO    | pibe.training.trainer |   cell 4 | i=14000 | global | obj=1.4596e-03 | data=3.6457e-06 | phys=5.3446e-06 | |g|=1.54e-02
10:22:58 | INFO    | pibe.training.trainer |   cell 4 | i=14500 | global | obj=1.4405e-03 | data=2.1539e-06 | phys=3.6288e-06 | |g|=1.49e-02
10:23:50 | INFO    | pibe.training.trainer |   cell 4 | i=15000 | global | obj=1.4689e-03 | data=2.3740e-06 | phys=4.6559e-06 | |g|=9.42e-03
10:24:43 | INFO    | pibe.training.trainer |   cell 4 | i=15500 | global | obj=1.4883e-03 | data=3.1723e-06 | phys=4.3455e-06 | |g|=6.87e-03
10:25:36 | INFO    | pibe.training.trainer |   cell 4 | i=15999 | global | obj=1.4945e-03 | data=2.6156e-06 | phys=5.0708e-06 | |g|=3.49e-03
10:25:36 | INFO    | pibe.training.trainer |   cell 4 done in 1590.5s | val local=2.8617e-05 (data=5.4761e-06, phys=2.3141e-05)
10:25:37 | INFO    | train_pibe         | train metrics:
state errors (L2 / sup):
  x_1: 3.0001e-01 / 3.6281e-01
  x_2: 6.7886e-02 / 3.2865e-01
  x_3: 1.2847e-01 / 5.4681e-01
parameter errors (|err| / spread):
  theta_1: 9.0320e-03 / 1.0520e-02
  theta_2: 7.9236e-02 / 7.5451e-03
disturbance: L2=2.2016e-02, sup=6.6212e-02
output fit: L2=4.8885e-02
10:25:37 | INFO    | train_pibe         | val metrics:
state errors (L2 / sup):
  x_1: 3.0034e-01 / 4.0051e-01
  x_2: 7.5450e-02 / 3.2660e-01
  x_3: 1.3231e-01 / 4.4022e-01
parameter errors (|err| / spread):
  theta_1: 8.8870e-03 / 9.3781e-03
  theta_2: 8.4052e-02 / 7.3539e-03
disturbance: L2=2.2003e-02, sup=4.6146e-02
output fit: L2=4.9499e-02
10:25:40 | INFO    | train_pibe         | oracle comparison (train):
 cell |   L_Loc @ truth | L_Loc @ trained | winner
------------------------------------------------------------
    2 |      9.2410e-02 |      2.4057e-03 | trained
    3 |      5.4338e-36 |      6.1317e-06 | truth
    4 |      2.6223e-35 |      6.9071e-06 | truth
------------------------------------------------------------
L_Tot @ truth   : 5.6049e-02
L_Tot @ trained : 1.4708e-03

verdict: loss-design failure: the objective scores the trained solution at or below the truth, so optimization cannot recover the parameters. This is the Remark 7 degeneracy; it needs excitation (Assumption 6) or extra information, not more training.
10:25:40 | INFO    | pibe.eval.figures  | wrote outputs/bb_pibe_b0.30/figures/states.png
10:25:40 | INFO    | pibe.eval.figures  | wrote outputs/bb_pibe_b0.30/figures/disturbance.png
10:25:41 | INFO    | matplotlib.mathtext | Substituting symbol A from STIXNonUnicode
10:25:41 | INFO    | pibe.eval.figures  | wrote outputs/bb_pibe_b0.30/figures/parameters.png
10:25:41 | INFO    | pibe.eval.figures  | wrote outputs/bb_pibe_b0.30/figures/errors.png
10:25:41 | INFO    | train_pibe         | figures: states.png, disturbance.png, parameters.png, errors.png
10:25:41 | INFO    | train_pibe         | artifacts written to outputs/bb_pibe_b0.30
