10:27:33 | INFO    | train_pibe         | experiment:
system            : automatica_n3v2(n=3) on cpu (torch.float64)
true theta        : [0.23502650090327654, 0.10390993219989397]
disturbance       : one a shared by all trajectories
basis             : FourierBasis(q=3, H=2, omega=1.25664, horizon=[0, 20], periods=4)
  lambda_min(W)   : 1.0000e+01   (Eq. 3, must be > 0)
  eps_(d,q)       : 0.0000e+00
noise             : BiasedNoise(TruncatedGaussianNoise(sigma=0.05, bound=0.15000000000000002), bias=+0.75)
data              : TrajectoryData(P=64, N=201, n=3, horizon=[0, 20])
  train / val     : 51 / 13
  data fill h_d   : 5.0000e-02
  coll fill h_r   : 2.5000e-02
bank              : cells 2..4, 271850 parameters
estimator         : PIBE (Algorithm 1)
10:27:34 | INFO    | train_pibe         | disturbance observability  (sigma = 0.05, N = 201)
  i |       gain |    settled |  signature |     SNR |  eff SNR |
----------------------------------------------------------------------------
  1 |  1.472e-01 |  1.395e-01 |  2.511e-02 |    0.50 |     7.12 |  <- below the noise floor
  2 |  1.369e-01 |  1.401e-01 |  2.522e-02 |    0.50 |     7.15 |  <- below the noise floor
  3 |  4.558e-02 |  3.413e-02 |  4.096e-03 |    0.08 |     1.16 |  <- below the noise floor

basis function 3 leaves a trace 0.08x the noise; it is not
recoverable pointwise. Reduce sigma, lower the basis frequency, lengthen the
horizon, or reduce q -- training cannot help.
10:27:34 | INFO    | pibe.training.trainer | cell 2/4: 3000 local iterations then 3000 fine-tuning iterations
10:27:35 | INFO    | pibe.training.trainer |   cell 2 | i=    0 | local  | obj=1.9692e+01 | data=1.9438e+01 | phys=2.5368e-01 | |g|=5.57e+01
10:27:51 | INFO    | pibe.training.trainer |   cell 2 | i=  500 | local  | obj=3.5723e-03 | data=3.4303e-03 | phys=1.4203e-04 | |g|=3.60e-01
10:28:08 | INFO    | pibe.training.trainer |   cell 2 | i= 1000 | local  | obj=2.9353e-03 | data=2.8827e-03 | phys=5.2687e-05 | |g|=3.74e-02
10:28:24 | INFO    | pibe.training.trainer |   cell 2 | i= 1500 | local  | obj=2.9713e-03 | data=2.9452e-03 | phys=2.6105e-05 | |g|=1.58e-01
10:28:40 | INFO    | pibe.training.trainer |   cell 2 | i= 2000 | local  | obj=3.0049e-03 | data=2.9738e-03 | phys=3.1098e-05 | |g|=2.49e-01
10:28:57 | INFO    | pibe.training.trainer |   cell 2 | i= 2500 | local  | obj=2.7374e-03 | data=2.6836e-03 | phys=5.3820e-05 | |g|=1.80e-01
10:29:13 | INFO    | pibe.training.trainer |   cell 2 | i= 3000 | global | obj=2.6361e-03 | data=2.5609e-03 | phys=7.5244e-05 | |g|=5.98e-02
10:29:29 | INFO    | pibe.training.trainer |   cell 2 | i= 3500 | global | obj=2.7348e-03 | data=2.6697e-03 | phys=6.5042e-05 | |g|=8.64e-02
10:29:46 | INFO    | pibe.training.trainer |   cell 2 | i= 4000 | global | obj=2.5254e-03 | data=2.4825e-03 | phys=4.2849e-05 | |g|=3.47e-02
10:30:03 | INFO    | pibe.training.trainer |   cell 2 | i= 4500 | global | obj=2.5829e-03 | data=2.5434e-03 | phys=3.9505e-05 | |g|=1.28e-02
10:30:19 | INFO    | pibe.training.trainer |   cell 2 | i= 5000 | global | obj=2.6038e-03 | data=2.5573e-03 | phys=4.6466e-05 | |g|=3.18e-02
10:30:35 | INFO    | pibe.training.trainer |   cell 2 | i= 5500 | global | obj=2.5413e-03 | data=2.5061e-03 | phys=3.5166e-05 | |g|=1.87e-02
10:30:52 | INFO    | pibe.training.trainer |   cell 2 | i= 5999 | global | obj=2.4686e-03 | data=2.4411e-03 | phys=2.7465e-05 | |g|=6.05e-03
10:30:52 | INFO    | pibe.training.trainer |   cell 2 done in 197.8s | val local=2.6403e-03 (data=2.5558e-03, phys=8.4474e-05)
10:30:52 | INFO    | pibe.training.trainer | cell 3/4: 3000 local iterations then 3000 fine-tuning iterations
10:30:52 | INFO    | pibe.training.trainer |   cell 3 | i=    0 | local  | obj=1.5227e-01 | data=1.1791e-01 | phys=3.4361e-02 | |g|=1.97e+00
10:31:17 | INFO    | pibe.training.trainer |   cell 3 | i=  500 | local  | obj=2.7716e-04 | data=1.6026e-04 | phys=1.1691e-04 | |g|=4.96e-02
10:31:42 | INFO    | pibe.training.trainer |   cell 3 | i= 1000 | local  | obj=1.1458e-04 | data=7.5561e-05 | phys=3.9014e-05 | |g|=6.64e-02
10:32:07 | INFO    | pibe.training.trainer |   cell 3 | i= 1500 | local  | obj=6.7891e-05 | data=4.3928e-05 | phys=2.3964e-05 | |g|=3.09e-02
10:32:36 | INFO    | pibe.training.trainer |   cell 3 | i= 2000 | local  | obj=2.0738e-04 | data=1.9481e-04 | phys=1.2570e-05 | |g|=1.44e-01
10:33:11 | INFO    | pibe.training.trainer |   cell 3 | i= 2500 | local  | obj=4.6809e-05 | data=2.5959e-05 | phys=2.0850e-05 | |g|=3.76e-02
10:33:38 | INFO    | pibe.training.trainer |   cell 3 | i= 3000 | global | obj=1.8922e-03 | data=2.0722e-05 | phys=7.5755e-06 | |g|=4.17e-02
10:34:14 | INFO    | pibe.training.trainer |   cell 3 | i= 3500 | global | obj=1.8338e-03 | data=1.0299e-05 | phys=6.9228e-06 | |g|=1.28e-02
10:34:54 | INFO    | pibe.training.trainer |   cell 3 | i= 4000 | global | obj=1.9503e-03 | data=9.0398e-06 | phys=6.7452e-06 | |g|=8.29e-02
10:35:34 | INFO    | pibe.training.trainer |   cell 3 | i= 4500 | global | obj=1.8552e-03 | data=1.0090e-05 | phys=5.8533e-06 | |g|=2.63e-02
10:36:12 | INFO    | pibe.training.trainer |   cell 3 | i= 5000 | global | obj=1.8645e-03 | data=6.3860e-06 | phys=4.6037e-06 | |g|=1.42e-02
10:36:47 | INFO    | pibe.training.trainer |   cell 3 | i= 5500 | global | obj=1.7847e-03 | data=5.8386e-06 | phys=3.6053e-06 | |g|=9.14e-03
10:37:22 | INFO    | pibe.training.trainer |   cell 3 | i= 5999 | global | obj=1.8289e-03 | data=6.4319e-06 | phys=4.1189e-06 | |g|=5.34e-03
10:37:22 | INFO    | pibe.training.trainer |   cell 3 done in 390.4s | val local=2.0688e-05 (data=1.0336e-05, phys=1.0351e-05)
10:37:22 | INFO    | pibe.training.trainer | cell 4/4: 3000 local iterations then 3000 fine-tuning iterations
10:37:22 | INFO    | pibe.training.trainer |   cell 4 | i=    0 | local  | obj=6.6370e+00 | data=7.1890e-01 | phys=5.9181e+00 | |g|=1.14e+02
10:37:55 | INFO    | pibe.training.trainer |   cell 4 | i=  500 | local  | obj=1.6954e+00 | data=1.5675e+00 | phys=1.2784e-01 | |g|=2.46e+00
10:38:27 | INFO    | pibe.training.trainer |   cell 4 | i= 1000 | local  | obj=1.6985e+00 | data=1.4914e+00 | phys=2.0710e-01 | |g|=2.39e-01
10:38:57 | INFO    | pibe.training.trainer |   cell 4 | i= 1500 | local  | obj=1.7127e+00 | data=1.5002e+00 | phys=2.1256e-01 | |g|=3.74e-01
10:39:29 | INFO    | pibe.training.trainer |   cell 4 | i= 2000 | local  | obj=1.7019e+00 | data=1.5053e+00 | phys=1.9661e-01 | |g|=1.40e-01
10:40:02 | INFO    | pibe.training.trainer |   cell 4 | i= 2500 | local  | obj=1.6958e+00 | data=1.5110e+00 | phys=1.8480e-01 | |g|=4.95e-01
10:40:35 | INFO    | pibe.training.trainer |   cell 4 | i= 3000 | global | obj=1.6873e+00 | data=1.4944e+00 | phys=1.9136e-01 | |g|=1.59e+01
10:41:29 | INFO    | pibe.training.trainer |   cell 4 | i= 3500 | global | obj=1.9878e-03 | data=1.7360e-05 | phys=1.9436e-04 | |g|=4.10e-01
10:42:20 | INFO    | pibe.training.trainer |   cell 4 | i= 4000 | global | obj=1.7352e-03 | data=1.2946e-05 | phys=4.9372e-05 | |g|=1.20e-01
10:43:11 | INFO    | pibe.training.trainer |   cell 4 | i= 4500 | global | obj=1.7642e-03 | data=1.1535e-05 | phys=2.0389e-05 | |g|=8.06e-02
10:44:01 | INFO    | pibe.training.trainer |   cell 4 | i= 5000 | global | obj=1.7363e-03 | data=1.2767e-05 | phys=3.7443e-05 | |g|=1.26e-01
10:44:48 | INFO    | pibe.training.trainer |   cell 4 | i= 5500 | global | obj=1.6921e-03 | data=1.1577e-05 | phys=3.0425e-05 | |g|=1.15e-01
10:45:37 | INFO    | pibe.training.trainer |   cell 4 | i= 6000 | global | obj=1.6648e-03 | data=1.0405e-05 | phys=2.1362e-05 | |g|=6.92e-02
10:46:25 | INFO    | pibe.training.trainer |   cell 4 | i= 6500 | global | obj=1.8110e-03 | data=1.8327e-05 | phys=1.8440e-04 | |g|=3.30e-01
10:47:13 | INFO    | pibe.training.trainer |   cell 4 | i= 7000 | global | obj=1.6416e-03 | data=1.2522e-05 | phys=8.6420e-05 | |g|=2.27e-01
10:48:01 | INFO    | pibe.training.trainer |   cell 4 | i= 7500 | global | obj=1.5694e-03 | data=7.3696e-06 | phys=1.5564e-05 | |g|=4.82e-02
10:48:49 | INFO    | pibe.training.trainer |   cell 4 | i= 8000 | global | obj=1.5879e-03 | data=9.1825e-06 | phys=1.6059e-05 | |g|=6.55e-02
10:49:37 | INFO    | pibe.training.trainer |   cell 4 | i= 8500 | global | obj=1.5564e-03 | data=7.8631e-06 | phys=4.4251e-05 | |g|=1.25e-01
10:50:26 | INFO    | pibe.training.trainer |   cell 4 | i= 9000 | global | obj=1.5337e-03 | data=7.9272e-06 | phys=9.4082e-06 | |g|=4.37e-02
10:52:03 | INFO    | pibe.training.trainer |   cell 4 | i= 9500 | global | obj=1.5876e-03 | data=5.2434e-06 | phys=1.3259e-05 | |g|=8.10e-02
10:54:47 | INFO    | pibe.training.trainer |   cell 4 | i=10000 | global | obj=1.5883e-03 | data=5.9628e-06 | phys=5.8376e-05 | |g|=1.72e-01
10:55:35 | INFO    | pibe.training.trainer |   cell 4 | i=10500 | global | obj=1.4478e-03 | data=5.0870e-06 | phys=8.8202e-06 | |g|=4.05e-02
10:56:25 | INFO    | pibe.training.trainer |   cell 4 | i=11000 | global | obj=1.5152e-03 | data=5.5153e-06 | phys=1.7032e-05 | |g|=5.26e-02
10:57:15 | INFO    | pibe.training.trainer |   cell 4 | i=11500 | global | obj=1.5696e-03 | data=5.1758e-06 | phys=6.7674e-06 | |g|=3.24e-02
10:58:05 | INFO    | pibe.training.trainer |   cell 4 | i=12000 | global | obj=1.5113e-03 | data=4.8602e-06 | phys=6.4583e-06 | |g|=1.19e-02
10:58:55 | INFO    | pibe.training.trainer |   cell 4 | i=12500 | global | obj=1.4681e-03 | data=3.6253e-06 | phys=5.0116e-06 | |g|=2.12e-02
10:59:45 | INFO    | pibe.training.trainer |   cell 4 | i=13000 | global | obj=1.4609e-03 | data=3.6318e-06 | phys=5.3569e-06 | |g|=9.65e-03
11:00:35 | INFO    | pibe.training.trainer |   cell 4 | i=13500 | global | obj=1.4965e-03 | data=4.4314e-06 | phys=4.9423e-06 | |g|=1.33e-02
11:01:24 | INFO    | pibe.training.trainer |   cell 4 | i=14000 | global | obj=1.4868e-03 | data=4.8311e-06 | phys=5.4332e-06 | |g|=1.52e-02
11:02:15 | INFO    | pibe.training.trainer |   cell 4 | i=14500 | global | obj=1.4588e-03 | data=3.2612e-06 | phys=3.6684e-06 | |g|=1.40e-02
11:03:04 | INFO    | pibe.training.trainer |   cell 4 | i=15000 | global | obj=1.4879e-03 | data=3.1269e-06 | phys=4.2866e-06 | |g|=8.52e-03
11:03:54 | INFO    | pibe.training.trainer |   cell 4 | i=15500 | global | obj=1.5166e-03 | data=4.7373e-06 | phys=5.0407e-06 | |g|=5.04e-03
11:04:42 | INFO    | pibe.training.trainer |   cell 4 | i=15999 | global | obj=1.5174e-03 | data=4.3946e-06 | phys=5.1200e-06 | |g|=4.11e-03
11:04:42 | INFO    | pibe.training.trainer |   cell 4 done in 1491.7s | val local=2.9338e-05 (data=9.9388e-06, phys=1.9399e-05)
11:04:42 | INFO    | train_pibe         | train metrics:
state errors (L2 / sup):
  x_1: 7.4997e-01 / 8.1876e-01
  x_2: 1.4152e-01 / 5.8413e-01
  x_3: 3.0347e-01 / 8.2412e-01
parameter errors (|err| / spread):
  theta_1: 3.8095e-02 / 4.4440e-02
  theta_2: 1.9781e-01 / 2.6656e-02
disturbance: L2=3.8747e-02, sup=9.8201e-02
output fit: L2=4.9189e-02
11:04:42 | INFO    | train_pibe         | val metrics:
state errors (L2 / sup):
  x_1: 7.4829e-01 / 8.3926e-01
  x_2: 1.5600e-01 / 5.2511e-01
  x_3: 3.1032e-01 / 7.1522e-01
parameter errors (|err| / spread):
  theta_1: 4.2781e-02 / 4.7554e-02
  theta_2: 2.0465e-01 / 2.9447e-02
disturbance: L2=3.7636e-02, sup=6.6927e-02
output fit: L2=4.9257e-02
11:04:45 | INFO    | train_pibe         | oracle comparison (train):
 cell |   L_Loc @ truth | L_Loc @ trained | winner
------------------------------------------------------------
    2 |      5.6483e-01 |      2.4356e-03 | trained
    3 |      5.4338e-36 |      8.3320e-06 | truth
    4 |      2.6223e-35 |      8.0641e-06 | truth
------------------------------------------------------------
L_Tot @ truth   : 3.4259e-01
L_Tot @ trained : 1.4918e-03

verdict: loss-design failure: the objective scores the trained solution at or below the truth, so optimization cannot recover the parameters. This is the Remark 7 degeneracy; it needs excitation (Assumption 6) or extra information, not more training.
11:04:45 | INFO    | pibe.eval.figures  | wrote outputs/bb_pibe_b0.75/figures/states.png
11:04:45 | INFO    | pibe.eval.figures  | wrote outputs/bb_pibe_b0.75/figures/disturbance.png
11:04:45 | INFO    | matplotlib.mathtext | Substituting symbol A from STIXNonUnicode
11:04:46 | INFO    | pibe.eval.figures  | wrote outputs/bb_pibe_b0.75/figures/parameters.png
11:04:46 | INFO    | pibe.eval.figures  | wrote outputs/bb_pibe_b0.75/figures/errors.png
11:04:46 | INFO    | train_pibe         | figures: states.png, disturbance.png, parameters.png, errors.png
11:04:46 | INFO    | train_pibe         | artifacts written to outputs/bb_pibe_b0.75
