6 run(s); 6 finished

               run    omega seed |         x1        x2        x3    |dth1|    |dth2|      d L2
-----------------------------------------------------------------------------------------------
     big_w10_v3_s0   0.6283    0 |  1.511e-02 1.727e-01 1.539e-01 9.001e-02 1.108e-01 9.752e-02
     big_w10_v3_s1   0.6283    1 |  6.066e-03 1.259e-01 1.129e-01 6.790e-02 8.365e-02 2.899e-02
     big_w10_v3_s2   0.6283    2 |  1.484e-02 1.409e-01 1.267e-01 7.274e-02 9.007e-02 9.628e-02
      big_w5_v3_s0   1.2566    0 |  1.267e-02 1.438e-01 1.326e-01 7.655e-02 9.350e-02 1.115e-01
      big_w5_v3_s1   1.2566    1 |  1.530e-02 1.539e-01 1.406e-01 8.066e-02 9.892e-02 1.113e-01
      big_w5_v3_s2   1.2566    2 |  1.228e-02 1.307e-01 1.227e-01 6.817e-02 8.466e-02 1.111e-01

per-coefficient disturbance recovery, corr(a_hat, a_true) across trajectories
(near 1 = inferred from y; near 0 = the head is emitting a constant)
               run    omega |        a1       a2       a3  |     sd(a1)    sd(a2)    sd(a3)
-------------------------------------------------------------------------------------------
     big_w10_v3_s0   0.6283 |     0.567    0.547   -0.044  |     0.0456    0.0425    0.0168
     big_w10_v3_s1   0.6283 |     0.994    0.996    0.980  |     0.0970    0.0928    0.0307
     big_w10_v3_s2   0.6283 |     0.639    0.492   -0.033  |     0.0443    0.0514    0.0114
      big_w5_v3_s0   1.2566 |     0.069    0.082   -0.110  |     0.0174    0.0154    0.0055
      big_w5_v3_s1   1.2566 |    -0.005    0.058   -0.049  |     0.0083    0.0058    0.0033
      big_w5_v3_s2   1.2566 |     0.079    0.116   -0.083  |     0.0160    0.0154    0.0016

averaged over seeds
    omega  seeds |         x1        x2        x3      d L2
-----------------------------------------------------------
   0.6283      3 |  1.201e-02 1.465e-01 1.312e-01 7.426e-02
   1.2566      3 |  1.342e-02 1.428e-01 1.320e-01 1.113e-01

wrote outputs/big_v3_summary.json
