6 run(s); 6 finished
  state.pt still present, so these stopped early and can be resumed by re-submitting: big_w10_v2_s2

               run    omega seed |         x1        x2        x3    |dth1|    |dth2|      d L2
-----------------------------------------------------------------------------------------------
     big_w10_v2_s0   0.6283    0 |  5.822e-03 2.105e-02 3.273e-02 9.275e-03 8.067e-03 4.317e-02
     big_w10_v2_s1   0.6283    1 |  1.630e-03 1.555e-02 2.451e-02 8.762e-03 7.717e-03 7.297e-03
     big_w10_v2_s2   0.6283    2 |  5.536e-03 1.581e-02 2.775e-02 4.422e-03 3.951e-03 4.271e-02
      big_w5_v2_s0   1.2566    0 |  4.528e-03 2.372e-02 3.728e-02 1.265e-02 1.076e-02 6.436e-02
      big_w5_v2_s1   1.2566    1 |  2.741e-03 1.633e-02 2.860e-02 8.197e-03 7.216e-03 4.372e-02
      big_w5_v2_s2   1.2566    2 |  3.040e-03 1.710e-02 2.928e-02 8.577e-03 7.601e-03 4.663e-02

per-coefficient disturbance recovery, corr(a_hat, a_true) across trajectories
(near 1 = inferred from y; near 0 = the head is emitting a constant)
               run    omega |        a1       a2       a3  |     sd(a1)    sd(a2)    sd(a3)
-------------------------------------------------------------------------------------------
     big_w10_v2_s0   0.6283 |     0.999    0.999    0.115  |     0.0997    0.1031    0.0079
     big_w10_v2_s1   0.6283 |     0.999    1.000    0.997  |     0.0997    0.1032    0.0618
     big_w10_v2_s2   0.6283 |     0.998    0.999    0.215  |     0.0989    0.1026    0.0094
      big_w5_v2_s0   1.2566 |     0.977    0.975   -0.006  |     0.0862    0.0483    0.0060
      big_w5_v2_s1   1.2566 |     0.999    0.999    0.008  |     0.0984    0.1027    0.0045
      big_w5_v2_s2   1.2566 |     0.998    0.998   -0.008  |     0.0928    0.0961    0.0083

averaged over seeds
    omega  seeds |         x1        x2        x3      d L2
-----------------------------------------------------------
   0.6283      3 |  4.329e-03 1.747e-02 2.833e-02 3.106e-02
   1.2566      3 |  3.436e-03 1.905e-02 3.172e-02 5.157e-02

wrote outputs/big_v2_summary.json
