model    : outputs/big_w10_v2_s1   trained at sigma = 0.002
noise    : gaussian  (calibrated to the stated sigma; the model was trained on truncated Gaussian)
data     : 64 unseen trajectories, identical across rows; 8 noise draws averaged per level
setting  : theta fixed, disturbance per trajectory

   sigma         x1         x2         x3     |dth1|     |dth2|       d L2   d rel
----------------------------------------------------------------------------------
       0  1.697e-03  1.480e-02  2.604e-02  7.747e-03  6.821e-03  6.933e-03      7%
  0.0005  1.700e-03  1.480e-02  2.604e-02  7.746e-03  6.821e-03  6.940e-03      7%
   0.001  1.707e-03  1.480e-02  2.604e-02  7.745e-03  6.820e-03  6.951e-03      7%
   0.002  1.737e-03  1.480e-02  2.604e-02  7.744e-03  6.819e-03  6.986e-03      7%  <- trained here
   0.005  1.913e-03  1.483e-02  2.606e-02  7.740e-03  6.816e-03  7.187e-03      7%
    0.01  2.395e-03  1.492e-02  2.611e-02  7.734e-03  6.811e-03  7.791e-03      8%
    0.02  3.673e-03  1.524e-02  2.630e-02  7.723e-03  6.800e-03  9.756e-03     10%
    0.05  8.139e-03  1.718e-02  2.745e-02  7.718e-03  6.791e-03  1.800e-02     19%
     0.1  1.591e-02  2.237e-02  3.065e-02  7.839e-03  6.906e-03  3.265e-02     36%

predicted per-coefficient SNR (eval/observability.py):
   sigma       a1       a2       a3
  0.0005   110.38   109.30    33.49
   0.001    55.19    54.65    16.74
   0.002    27.60    27.33     8.37
   0.005    11.04    10.93     3.35
    0.01     5.52     5.47     1.67
    0.02     2.76     2.73     0.84   <- below the noise floor
    0.05     1.10     1.09     0.33   <- below the noise floor
     0.1     0.55     0.55     0.17   <- below the noise floor

wrote outputs/big_w10_v2_s1/noise_sweep.json
