11:54:26 | INFO    | train_pibe         | experiment:
system            : automatica_n3v2(n=3) on cpu (torch.float64)
true theta        : [0.23502650090327654, 0.10390993219989397]
disturbance       : one a shared by all trajectories
basis             : FourierBasis(q=3, H=2, omega=1.25664, horizon=[0, 20], periods=4)
  lambda_min(W)   : 1.0000e+01   (Eq. 3, must be > 0)
  eps_(d,q)       : 0.0000e+00
noise             : ContaminatedGaussianNoise(sigma=0.01, bound=0.1194)
data              : TrajectoryData(P=64, N=201, n=3, horizon=[0, 20])
  train / val     : 51 / 13
  data fill h_d   : 5.0000e-02
  coll fill h_r   : 2.5000e-02
bank              : cells 2..4, 271850 parameters
estimator         : PIBE (Algorithm 1)
11:54:26 | INFO    | train_pibe         | disturbance observability  (sigma = 0.01, N = 201)
  i |       gain |    settled |  signature |     SNR |  eff SNR |
----------------------------------------------------------------------------
  1 |  1.472e-01 |  1.395e-01 |  2.511e-02 |    2.51 |    35.61 |
  2 |  1.369e-01 |  1.401e-01 |  2.522e-02 |    2.52 |    35.76 |
  3 |  4.558e-02 |  3.413e-02 |  4.096e-03 |    0.41 |     5.81 |  <- below the noise floor

basis function 3 leaves a trace 0.41x the noise; it is not
recoverable pointwise. Reduce sigma, lower the basis frequency, lengthen the
horizon, or reduce q -- training cannot help.
11:54:26 | INFO    | pibe.training.trainer | cell 2/4: 3000 local iterations then 3000 fine-tuning iterations
11:54:26 | INFO    | pibe.training.trainer |   cell 2 | i=    0 | local  | obj=1.2106e+01 | data=1.1811e+01 | phys=2.9511e-01 | |g|=7.47e+01
11:54:39 | INFO    | pibe.training.trainer |   cell 2 | i=  500 | local  | obj=3.0792e-03 | data=2.7205e-03 | phys=3.5878e-04 | |g|=1.70e+00
11:54:54 | INFO    | pibe.training.trainer |   cell 2 | i= 1000 | local  | obj=2.1845e-03 | data=1.4339e-03 | phys=7.5057e-04 | |g|=1.31e+00
11:55:09 | INFO    | pibe.training.trainer |   cell 2 | i= 1500 | local  | obj=4.7293e-04 | data=4.1267e-04 | phys=6.0259e-05 | |g|=1.08e-01
11:55:26 | INFO    | pibe.training.trainer |   cell 2 | i= 2000 | local  | obj=6.6598e-04 | data=5.8306e-04 | phys=8.2926e-05 | |g|=6.08e-01
11:55:43 | INFO    | pibe.training.trainer |   cell 2 | i= 2500 | local  | obj=2.1759e-04 | data=1.8140e-04 | phys=3.6198e-05 | |g|=1.57e-01
11:55:58 | INFO    | pibe.training.trainer |   cell 2 | i= 3000 | global | obj=1.8974e-04 | data=1.6675e-04 | phys=2.2985e-05 | |g|=1.52e-01
11:56:11 | INFO    | pibe.training.trainer |   cell 2 | i= 3500 | global | obj=3.5272e-04 | data=3.0074e-04 | phys=5.1986e-05 | |g|=4.27e-01
11:56:26 | INFO    | pibe.training.trainer |   cell 2 | i= 4000 | global | obj=1.8590e-04 | data=1.7267e-04 | phys=1.3225e-05 | |g|=1.38e-01
11:56:42 | INFO    | pibe.training.trainer |   cell 2 | i= 4500 | global | obj=1.5218e-04 | data=1.4197e-04 | phys=1.0217e-05 | |g|=3.96e-02
11:56:59 | INFO    | pibe.training.trainer |   cell 2 | i= 5000 | global | obj=1.5317e-04 | data=1.4005e-04 | phys=1.3126e-05 | |g|=1.40e-02
11:57:13 | INFO    | pibe.training.trainer |   cell 2 | i= 5500 | global | obj=1.6047e-04 | data=1.5044e-04 | phys=1.0035e-05 | |g|=4.36e-02
11:57:26 | INFO    | pibe.training.trainer |   cell 2 | i= 5999 | global | obj=1.3282e-04 | data=1.2488e-04 | phys=7.9316e-06 | |g|=9.16e-03
11:57:26 | INFO    | pibe.training.trainer |   cell 2 done in 179.9s | val local=2.3300e-04 (data=1.9182e-04, phys=4.1184e-05)
11:57:26 | INFO    | pibe.training.trainer | cell 3/4: 3000 local iterations then 3000 fine-tuning iterations
11:57:26 | INFO    | pibe.training.trainer |   cell 3 | i=    0 | local  | obj=6.0139e-01 | data=5.1025e-01 | phys=9.1143e-02 | |g|=6.69e+00
11:57:45 | INFO    | pibe.training.trainer |   cell 3 | i=  500 | local  | obj=4.9982e-04 | data=3.2397e-04 | phys=1.7586e-04 | |g|=1.96e-02
11:58:04 | INFO    | pibe.training.trainer |   cell 3 | i= 1000 | local  | obj=1.6984e-04 | data=7.9237e-05 | phys=9.0604e-05 | |g|=1.06e-01
11:58:23 | INFO    | pibe.training.trainer |   cell 3 | i= 1500 | local  | obj=1.1295e-04 | data=7.7772e-05 | phys=3.5182e-05 | |g|=6.82e-02
11:58:42 | INFO    | pibe.training.trainer |   cell 3 | i= 2000 | local  | obj=9.1619e-05 | data=6.7217e-05 | phys=2.4401e-05 | |g|=9.99e-02
11:59:01 | INFO    | pibe.training.trainer |   cell 3 | i= 2500 | local  | obj=4.9959e-05 | data=3.2950e-05 | phys=1.7008e-05 | |g|=2.93e-02
11:59:19 | INFO    | pibe.training.trainer |   cell 3 | i= 3000 | global | obj=1.4124e-04 | data=3.0267e-05 | phys=1.2083e-05 | |g|=6.68e-02
11:59:46 | INFO    | pibe.training.trainer |   cell 3 | i= 3500 | global | obj=1.2619e-04 | data=1.0080e-05 | phys=6.8961e-06 | |g|=1.54e-02
12:00:12 | INFO    | pibe.training.trainer |   cell 3 | i= 4000 | global | obj=1.6946e-04 | data=9.4277e-06 | phys=8.0032e-06 | |g|=1.90e-01
12:00:41 | INFO    | pibe.training.trainer |   cell 3 | i= 4500 | global | obj=1.3847e-04 | data=6.7453e-06 | phys=4.9439e-06 | |g|=1.15e-01
12:01:07 | INFO    | pibe.training.trainer |   cell 3 | i= 5000 | global | obj=1.1499e-04 | data=3.6663e-06 | phys=3.1162e-06 | |g|=1.15e-02
12:01:33 | INFO    | pibe.training.trainer |   cell 3 | i= 5500 | global | obj=9.4788e-05 | data=3.4374e-06 | phys=3.3231e-06 | |g|=9.83e-03
12:02:00 | INFO    | pibe.training.trainer |   cell 3 | i= 5999 | global | obj=1.0889e-04 | data=3.8804e-06 | phys=2.9974e-06 | |g|=2.59e-03
12:02:00 | INFO    | pibe.training.trainer |   cell 3 done in 274.0s | val local=2.3029e-05 (data=1.1337e-05, phys=1.1692e-05)
12:02:00 | INFO    | pibe.training.trainer | cell 4/4: 3000 local iterations then 3000 fine-tuning iterations
12:02:00 | INFO    | pibe.training.trainer |   cell 4 | i=    0 | local  | obj=3.4818e+00 | data=4.1141e-01 | phys=3.0704e+00 | |g|=1.76e+01
12:02:24 | INFO    | pibe.training.trainer |   cell 4 | i=  500 | local  | obj=3.4525e-01 | data=3.2188e-01 | phys=2.3374e-02 | |g|=2.14e+00
12:02:48 | INFO    | pibe.training.trainer |   cell 4 | i= 1000 | local  | obj=3.4325e-01 | data=3.1550e-01 | phys=2.7758e-02 | |g|=1.45e+00
12:03:14 | INFO    | pibe.training.trainer |   cell 4 | i= 1500 | local  | obj=3.4220e-01 | data=3.0151e-01 | phys=4.0685e-02 | |g|=8.30e-02
12:03:41 | INFO    | pibe.training.trainer |   cell 4 | i= 2000 | local  | obj=3.6922e-01 | data=2.5027e-01 | phys=1.1895e-01 | |g|=5.54e+00
12:04:07 | INFO    | pibe.training.trainer |   cell 4 | i= 2500 | local  | obj=3.4469e-01 | data=3.0424e-01 | phys=4.0449e-02 | |g|=4.32e-03
12:04:33 | INFO    | pibe.training.trainer |   cell 4 | i= 3000 | global | obj=3.4292e-01 | data=2.9249e-01 | phys=5.0342e-02 | |g|=1.01e+01
12:05:15 | INFO    | pibe.training.trainer |   cell 4 | i= 3500 | global | obj=7.8443e-04 | data=5.3331e-05 | phys=2.6644e-04 | |g|=7.67e-01
12:05:57 | INFO    | pibe.training.trainer |   cell 4 | i= 4000 | global | obj=3.2516e-04 | data=2.9496e-05 | phys=2.3258e-05 | |g|=8.42e-02
12:06:38 | INFO    | pibe.training.trainer |   cell 4 | i= 4500 | global | obj=1.3663e-03 | data=3.7030e-05 | phys=7.8774e-04 | |g|=1.24e+00
12:07:20 | INFO    | pibe.training.trainer |   cell 4 | i= 5000 | global | obj=8.6715e-04 | data=4.1212e-05 | phys=4.0722e-04 | |g|=8.87e-01
12:08:00 | INFO    | pibe.training.trainer |   cell 4 | i= 5500 | global | obj=4.4403e-04 | data=3.5930e-05 | phys=1.2114e-04 | |g|=4.50e-01
12:08:45 | INFO    | pibe.training.trainer |   cell 4 | i= 6000 | global | obj=3.3611e-04 | data=2.5749e-05 | phys=9.5490e-05 | |g|=4.35e-01
12:09:27 | INFO    | pibe.training.trainer |   cell 4 | i= 6500 | global | obj=2.3719e-04 | data=2.6391e-05 | phys=2.1019e-05 | |g|=6.45e-02
12:10:10 | INFO    | pibe.training.trainer |   cell 4 | i= 7000 | global | obj=1.7457e-04 | data=1.4373e-05 | phys=9.2619e-06 | |g|=1.27e-02
12:10:53 | INFO    | pibe.training.trainer |   cell 4 | i= 7500 | global | obj=2.3249e-04 | data=2.1089e-05 | phys=4.5724e-05 | |g|=2.74e-01
12:11:33 | INFO    | pibe.training.trainer |   cell 4 | i= 8000 | global | obj=2.3405e-04 | data=2.2702e-05 | phys=2.1593e-05 | |g|=1.25e-01
12:12:15 | INFO    | pibe.training.trainer |   cell 4 | i= 8500 | global | obj=1.5094e-04 | data=1.4496e-05 | phys=1.9039e-05 | |g|=1.40e-01
12:12:58 | INFO    | pibe.training.trainer |   cell 4 | i= 9000 | global | obj=1.8913e-04 | data=9.8553e-06 | phys=4.1326e-05 | |g|=2.39e-01
12:13:42 | INFO    | pibe.training.trainer |   cell 4 | i= 9500 | global | obj=1.7348e-04 | data=6.1150e-06 | phys=4.6283e-05 | |g|=2.89e-01
12:14:24 | INFO    | pibe.training.trainer |   cell 4 | i=10000 | global | obj=1.6730e-04 | data=1.4566e-05 | phys=2.7292e-05 | |g|=1.18e-01
12:15:04 | INFO    | pibe.training.trainer |   cell 4 | i=10500 | global | obj=1.0123e-04 | data=4.0685e-06 | phys=9.2101e-06 | |g|=7.76e-02
12:15:44 | INFO    | pibe.training.trainer |   cell 4 | i=11000 | global | obj=9.5396e-05 | data=4.2071e-06 | phys=7.3194e-06 | |g|=9.62e-02
12:16:24 | INFO    | pibe.training.trainer |   cell 4 | i=11500 | global | obj=1.8546e-04 | data=2.0396e-05 | phys=3.6590e-05 | |g|=2.49e-01
12:17:04 | INFO    | pibe.training.trainer |   cell 4 | i=12000 | global | obj=1.0913e-04 | data=3.1089e-06 | phys=2.0175e-05 | |g|=1.38e-01
12:17:45 | INFO    | pibe.training.trainer |   cell 4 | i=12500 | global | obj=1.3120e-04 | data=7.5207e-06 | phys=3.4326e-05 | |g|=1.36e-01
12:18:28 | INFO    | pibe.training.trainer |   cell 4 | i=13000 | global | obj=1.0114e-04 | data=8.2422e-06 | phys=9.1580e-06 | |g|=1.08e-01
12:19:11 | INFO    | pibe.training.trainer |   cell 4 | i=13500 | global | obj=5.7095e-04 | data=9.5895e-05 | phys=2.5447e-04 | |g|=6.80e-01
12:19:54 | INFO    | pibe.training.trainer |   cell 4 | i=14000 | global | obj=1.9126e-04 | data=3.2220e-06 | phys=8.8309e-05 | |g|=3.29e-01
12:20:35 | INFO    | pibe.training.trainer |   cell 4 | i=14500 | global | obj=7.2227e-05 | data=1.7580e-06 | phys=2.3065e-06 | |g|=3.35e-02
12:21:15 | INFO    | pibe.training.trainer |   cell 4 | i=15000 | global | obj=1.9553e-04 | data=8.9085e-06 | phys=5.1988e-05 | |g|=3.25e-01
12:21:54 | INFO    | pibe.training.trainer |   cell 4 | i=15500 | global | obj=7.7622e-05 | data=2.0406e-06 | phys=5.2495e-06 | |g|=1.74e-02
12:22:38 | INFO    | pibe.training.trainer |   cell 4 | i=16000 | global | obj=1.0432e-04 | data=2.7572e-06 | phys=6.7063e-06 | |g|=6.44e-02
12:23:21 | INFO    | pibe.training.trainer |   cell 4 | i=16500 | global | obj=9.5178e-05 | data=3.2330e-06 | phys=1.1983e-05 | |g|=1.25e-01
12:24:03 | INFO    | pibe.training.trainer |   cell 4 | i=17000 | global | obj=9.1021e-05 | data=2.2206e-06 | phys=9.7200e-06 | |g|=1.02e-01
12:24:43 | INFO    | pibe.training.trainer |   cell 4 | i=17500 | global | obj=7.6145e-05 | data=1.0881e-06 | phys=4.4193e-06 | |g|=7.19e-02
12:25:25 | INFO    | pibe.training.trainer |   cell 4 | i=18000 | global | obj=1.4391e-04 | data=9.3514e-06 | phys=3.8730e-05 | |g|=2.63e-01
12:26:07 | INFO    | pibe.training.trainer |   cell 4 | i=18500 | global | obj=7.7674e-05 | data=9.9729e-07 | phys=8.9703e-06 | |g|=1.11e-01
12:26:51 | INFO    | pibe.training.trainer |   cell 4 | i=19000 | global | obj=6.9040e-05 | data=1.1220e-06 | phys=1.7382e-06 | |g|=2.18e-02
12:27:33 | INFO    | pibe.training.trainer |   cell 4 | i=19500 | global | obj=1.1684e-04 | data=1.7532e-06 | phys=2.1806e-05 | |g|=1.86e-01
12:28:15 | INFO    | pibe.training.trainer |   cell 4 | i=20000 | global | obj=7.4008e-05 | data=1.7066e-06 | phys=4.3005e-06 | |g|=5.61e-02
12:28:56 | INFO    | pibe.training.trainer |   cell 4 | i=20500 | global | obj=8.7644e-05 | data=1.3487e-06 | phys=8.3660e-06 | |g|=6.17e-02
12:29:35 | INFO    | pibe.training.trainer |   cell 4 | i=21000 | global | obj=7.1640e-05 | data=1.2362e-06 | phys=2.3229e-06 | |g|=1.39e-02
12:30:15 | INFO    | pibe.training.trainer |   cell 4 | i=21500 | global | obj=7.5868e-05 | data=1.6535e-06 | phys=2.5761e-06 | |g|=3.75e-02
12:30:59 | INFO    | pibe.training.trainer |   cell 4 | i=22000 | global | obj=8.3271e-05 | data=1.1699e-06 | phys=4.2779e-06 | |g|=6.20e-02
12:31:41 | INFO    | pibe.training.trainer |   cell 4 | i=22500 | global | obj=7.7323e-05 | data=1.0747e-06 | phys=2.0096e-06 | |g|=3.25e-02
12:32:22 | INFO    | pibe.training.trainer |   cell 4 | i=23000 | global | obj=7.4146e-05 | data=9.3029e-07 | phys=1.6265e-06 | |g|=2.49e-02
12:33:00 | INFO    | pibe.training.trainer |   cell 4 | i=23500 | global | obj=7.8697e-05 | data=8.1819e-07 | phys=3.2145e-06 | |g|=4.80e-02
12:33:41 | INFO    | pibe.training.trainer |   cell 4 | i=24000 | global | obj=6.8486e-05 | data=6.3154e-07 | phys=1.0332e-06 | |g|=6.62e-03
12:34:21 | INFO    | pibe.training.trainer |   cell 4 | i=24500 | global | obj=7.2669e-05 | data=7.2623e-07 | phys=7.1815e-06 | |g|=8.86e-02
12:35:01 | INFO    | pibe.training.trainer |   cell 4 | i=25000 | global | obj=7.9907e-05 | data=9.6185e-07 | phys=3.9458e-06 | |g|=6.25e-02
12:35:40 | INFO    | pibe.training.trainer |   cell 4 | i=25500 | global | obj=6.3502e-05 | data=1.2147e-06 | phys=1.3564e-06 | |g|=2.54e-02
12:36:20 | INFO    | pibe.training.trainer |   cell 4 | i=26000 | global | obj=6.8729e-05 | data=5.9679e-07 | phys=1.2689e-06 | |g|=8.66e-03
12:37:01 | INFO    | pibe.training.trainer |   cell 4 | i=26500 | global | obj=7.1353e-05 | data=1.9122e-06 | phys=4.3021e-06 | |g|=7.13e-02
12:37:43 | INFO    | pibe.training.trainer |   cell 4 | i=27000 | global | obj=6.5502e-05 | data=1.0679e-06 | phys=1.8079e-06 | |g|=4.31e-02
12:38:24 | INFO    | pibe.training.trainer |   cell 4 | i=27500 | global | obj=6.5556e-05 | data=4.3887e-07 | phys=7.1672e-07 | |g|=1.01e-02
12:39:07 | INFO    | pibe.training.trainer |   cell 4 | i=28000 | global | obj=7.6987e-05 | data=4.7074e-07 | phys=7.4356e-07 | |g|=9.48e-03
12:39:46 | INFO    | pibe.training.trainer |   cell 4 | i=28500 | global | obj=7.3504e-05 | data=4.4728e-07 | phys=1.6364e-06 | |g|=3.69e-02
12:40:24 | INFO    | pibe.training.trainer |   cell 4 | i=29000 | global | obj=6.6599e-05 | data=7.7997e-07 | phys=8.8370e-07 | |g|=1.20e-02
12:41:03 | INFO    | pibe.training.trainer |   cell 4 | i=29500 | global | obj=6.2377e-05 | data=6.1874e-07 | phys=1.1191e-06 | |g|=2.47e-02
12:41:51 | INFO    | pibe.training.trainer |   cell 4 | i=30000 | global | obj=6.1399e-05 | data=7.1787e-07 | phys=1.1892e-06 | |g|=1.78e-02
12:42:37 | INFO    | pibe.training.trainer |   cell 4 | i=30500 | global | obj=6.7856e-05 | data=5.0279e-07 | phys=1.0087e-06 | |g|=2.06e-02
12:43:20 | INFO    | pibe.training.trainer |   cell 4 | i=31000 | global | obj=7.1508e-05 | data=4.7087e-07 | phys=8.2865e-07 | |g|=1.66e-02
12:44:04 | INFO    | pibe.training.trainer |   cell 4 | i=31500 | global | obj=7.0538e-05 | data=6.5123e-07 | phys=7.2332e-07 | |g|=9.23e-03
12:44:47 | INFO    | pibe.training.trainer |   cell 4 | i=32000 | global | obj=6.6544e-05 | data=7.1487e-07 | phys=8.8579e-07 | |g|=7.64e-03
12:45:29 | INFO    | pibe.training.trainer |   cell 4 | i=32500 | global | obj=7.3143e-05 | data=6.3196e-07 | phys=7.1982e-07 | |g|=5.77e-03
12:46:13 | INFO    | pibe.training.trainer |   cell 4 | i=33000 | global | obj=6.6520e-05 | data=7.1584e-07 | phys=7.6762e-07 | |g|=4.22e-03
12:46:51 | INFO    | pibe.training.trainer |   cell 4 | i=33500 | global | obj=7.3528e-05 | data=4.6141e-07 | phys=5.4675e-07 | |g|=4.67e-03
12:47:29 | INFO    | pibe.training.trainer |   cell 4 | i=34000 | global | obj=6.7302e-05 | data=4.2871e-07 | phys=5.3391e-07 | |g|=3.01e-03
12:48:08 | INFO    | pibe.training.trainer |   cell 4 | i=34500 | global | obj=6.9182e-05 | data=3.9724e-07 | phys=4.8554e-07 | |g|=7.91e-03
12:48:47 | INFO    | pibe.training.trainer |   cell 4 | i=35000 | global | obj=5.8645e-05 | data=3.4596e-07 | phys=5.3429e-07 | |g|=3.15e-03
12:49:24 | INFO    | pibe.training.trainer |   cell 4 | i=35500 | global | obj=6.3389e-05 | data=3.5433e-07 | phys=4.2597e-07 | |g|=1.86e-03
12:50:03 | INFO    | pibe.training.trainer |   cell 4 | i=35999 | global | obj=7.4647e-05 | data=4.2551e-07 | phys=6.2369e-07 | |g|=7.67e-04
12:50:03 | INFO    | pibe.training.trainer |   cell 4 done in 2883.1s | val local=5.1730e-06 (data=1.6745e-06, phys=3.4986e-06)
12:50:03 | INFO    | train_pibe         | train metrics:
state errors (L2 / sup):
  x_1: 2.2738e-03 / 3.0140e-02
  x_2: 1.8152e-02 / 1.7304e-01
  x_3: 2.5738e-02 / 4.3849e-01
parameter errors (|err| / spread):
  theta_1: 1.0909e-02 / 8.3864e-03
  theta_2: 9.3577e-03 / 7.0585e-03
disturbance: L2=9.4969e-03, sup=2.6110e-02
output fit: L2=1.0192e-02
12:50:03 | INFO    | train_pibe         | val metrics:
state errors (L2 / sup):
  x_1: 3.0128e-03 / 2.6169e-02
  x_2: 1.4709e-02 / 1.4593e-01
  x_3: 2.2245e-02 / 3.4795e-01
parameter errors (|err| / spread):
  theta_1: 7.4761e-03 / 7.6223e-03
  theta_2: 6.6309e-03 / 6.6985e-03
disturbance: L2=9.1018e-03, sup=2.0738e-02
output fit: L2=1.0200e-02
12:50:06 | INFO    | train_pibe         | oracle comparison (train):
 cell |   L_Loc @ truth | L_Loc @ trained | winner
------------------------------------------------------------
    2 |      1.0482e-04 |      1.0832e-04 | truth
    3 |      5.4338e-36 |      9.9413e-07 | truth
    4 |      2.6223e-35 |      1.0526e-06 | truth
------------------------------------------------------------
L_Tot @ truth   : 6.3575e-05
L_Tot @ trained : 6.7523e-05

verdict: optimization failure: the true solution attains a lower objective than training reached, so it is representable and preferred but was not found. Lengthen end-to-end fine-tuning (lower N_par / raise lr_global) and check that no head is pinned to the boundary of its admissible box.
12:50:07 | INFO    | pibe.eval.figures  | wrote outputs/n3v2_contam_pibe/figures/states.png
12:50:07 | INFO    | pibe.eval.figures  | wrote outputs/n3v2_contam_pibe/figures/disturbance.png
12:50:07 | INFO    | matplotlib.mathtext | Substituting symbol A from STIXNonUnicode
12:50:07 | INFO    | pibe.eval.figures  | wrote outputs/n3v2_contam_pibe/figures/parameters.png
12:50:07 | INFO    | pibe.eval.figures  | wrote outputs/n3v2_contam_pibe/figures/errors.png
12:50:07 | INFO    | train_pibe         | figures: states.png, disturbance.png, parameters.png, errors.png
12:50:07 | INFO    | train_pibe         | artifacts written to outputs/n3v2_contam_pibe
