23:12:12 | INFO    | train_pibe         | experiment:
system            : automatica_n3v2(n=3) on cpu (torch.float64)
true theta        : [0.23502650090327654, 0.10390993219989397]
disturbance       : one a shared by all trajectories
basis             : FourierBasis(q=3, H=2, omega=1.25664, horizon=[0, 20], periods=4)
  lambda_min(W)   : 1.0000e+01   (Eq. 3, must be > 0)
  eps_(d,q)       : 0.0000e+00
noise             : BiasedNoise(TruncatedGaussianNoise(sigma=0.002, bound=0.006), bias=+0.05)
data              : TrajectoryData(P=64, N=201, n=3, horizon=[0, 20])
  train / val     : 51 / 13
  data fill h_d   : 5.0000e-02
  coll fill h_r   : 2.5000e-02
bank              : cells 2..4, 284909 parameters
estimator         : EPIBE (Algorithm 2), N_EBM=1000, beta=1
residual supports (Assumption 3):
 cell |      rho_k |     B_E |        L_E |  nodes |    spacing |  |1-int p|
----------------------------------------------------------------------------
    2 |       0.15 |      12 |      113.4 |   1024 |   0.000293 |   5.55e-16
23:12:13 | INFO    | train_pibe         | disturbance observability  (sigma = 0.002, N = 201)
  i |       gain |    settled |  signature |     SNR |  eff SNR |
----------------------------------------------------------------------------
  1 |  1.472e-01 |  1.395e-01 |  2.511e-02 |   12.56 |   178.03 |
  2 |  1.369e-01 |  1.401e-01 |  2.522e-02 |   12.61 |   178.81 |
  3 |  4.558e-02 |  3.413e-02 |  4.096e-03 |    2.05 |    29.04 |

every basis function is observable above the noise floor.
23:12:13 | INFO    | pibe.training.trainer | cell 2/4: 3000 local iterations then 3000 fine-tuning iterations
23:12:13 | INFO    | pibe.training.trainer |   cell 2 | i=    0 | warmup | obj=1.2621e+01 | data=1.2336e+01 | phys=2.8472e-01 | |g|=7.41e+01
23:12:21 | INFO    | pibe.training.trainer |   cell 2 | i=  500 | warmup | obj=1.3972e-03 | data=1.2720e-03 | phys=1.2520e-04 | |g|=6.89e-01
23:12:28 | INFO    | pibe.training.trainer |   cell 2 | i= 1000 | fit    | obj=-8.1663e-01 | data=-8.1670e-01 | phys=7.0472e-05 | |g|=5.81e-01
23:12:36 | INFO    | pibe.training.trainer |   cell 2 | i= 1500 | fit    | obj=-2.4555e+00 | data=-2.4556e+00 | phys=6.6074e-05 | |g|=2.89e-01
23:12:44 | INFO    | pibe.training.trainer |   cell 2 | i= 2000 | local  | obj=1.0837e+01 | data=1.0774e+01 | phys=6.2912e-02 | |g|=3.13e+03
23:12:53 | INFO    | pibe.training.trainer |   cell 2 | i= 2500 | local  | obj=-2.1666e+00 | data=-2.1691e+00 | phys=2.4864e-03 | |g|=7.86e+02
23:13:02 | INFO    | pibe.training.trainer |   cell 2 | i= 3000 | global | obj=-2.6706e-01 | data=-2.7046e-01 | phys=3.3987e-03 | |g|=4.30e+02
23:13:12 | INFO    | pibe.training.trainer |   cell 2 | i= 3500 | global | obj=-2.4634e+00 | data=-2.4673e+00 | phys=3.9073e-03 | |g|=4.08e+02
23:13:21 | INFO    | pibe.training.trainer |   cell 2 | i= 4000 | global | obj=-9.4539e-01 | data=-9.4822e-01 | phys=2.8328e-03 | |g|=5.90e+02
23:13:30 | INFO    | pibe.training.trainer |   cell 2 | i= 4500 | global | obj=-2.7248e+00 | data=-2.7270e+00 | phys=2.2462e-03 | |g|=3.15e+02
23:13:39 | INFO    | pibe.training.trainer |   cell 2 | i= 5000 | global | obj=-3.2994e+00 | data=-3.3021e+00 | phys=2.6759e-03 | |g|=1.65e+02
23:13:48 | INFO    | pibe.training.trainer |   cell 2 | i= 5500 | global | obj=-3.9342e+00 | data=-3.9367e+00 | phys=2.4633e-03 | |g|=1.58e+03
23:13:57 | INFO    | pibe.training.trainer |   cell 2 | i= 5999 | global | obj=-4.0941e+00 | data=-4.0967e+00 | phys=2.6025e-03 | |g|=1.89e+02
23:13:57 | INFO    | pibe.training.trainer |   cell 2 done in 103.9s | val local=-3.9959e+00 (data=-3.9989e+00, phys=3.0220e-03)
23:13:57 | INFO    | pibe.training.epibe_trainer |   cell 2 EBM | mu=-1.0206e-02 | sd=6.9919e-03 | log Z=-2.1010e+00 | |1-int p|=2.22e-16
23:13:57 | INFO    | pibe.training.epibe_trainer |   mu_omega_hat = -1.020639e-02  (Eq. 54)
23:13:57 | INFO    | pibe.training.trainer | cell 3/4: 3000 local iterations then 3000 fine-tuning iterations
23:13:57 | INFO    | pibe.training.trainer |   cell 3 | i=    0 | warmup | obj=6.2395e-01 | data=5.4508e-01 | phys=7.8878e-02 | |g|=7.28e+00
23:14:07 | INFO    | pibe.training.trainer |   cell 3 | i=  500 | warmup | obj=2.8894e-04 | data=1.9699e-04 | phys=9.1948e-05 | |g|=5.37e-02
23:14:18 | INFO    | pibe.training.trainer |   cell 3 | i= 1000 | fit    | obj=4.3007e-04 | data=3.6337e-04 | phys=6.6699e-05 | |g|=2.90e-01
23:14:30 | INFO    | pibe.training.trainer |   cell 3 | i= 1500 | fit    | obj=1.3821e-04 | data=9.8396e-05 | phys=3.9810e-05 | |g|=8.27e-02
23:14:41 | INFO    | pibe.training.trainer |   cell 3 | i= 2000 | local  | obj=1.6974e-04 | data=1.2485e-04 | phys=4.4885e-05 | |g|=8.00e-02
23:14:52 | INFO    | pibe.training.trainer |   cell 3 | i= 2500 | local  | obj=7.2351e-05 | data=5.4063e-05 | phys=1.8289e-05 | |g|=7.49e-02
23:15:03 | INFO    | pibe.training.trainer |   cell 3 | i= 3000 | global | obj=-2.9803e+00 | data=2.2198e-05 | phys=6.8117e-06 | |g|=1.44e+02
23:15:20 | INFO    | pibe.training.trainer |   cell 3 | i= 3500 | global | obj=-2.1921e+00 | data=2.3812e-04 | phys=6.6501e-05 | |g|=1.25e+02
23:15:37 | INFO    | pibe.training.trainer |   cell 3 | i= 4000 | global | obj=-6.1531e-02 | data=1.4912e-04 | phys=4.3827e-05 | |g|=9.32e+02
23:15:53 | INFO    | pibe.training.trainer |   cell 3 | i= 4500 | global | obj=-1.9641e+00 | data=9.9830e-05 | phys=2.9352e-05 | |g|=1.32e+03
23:16:10 | INFO    | pibe.training.trainer |   cell 3 | i= 5000 | global | obj=-2.7404e+00 | data=4.8805e-05 | phys=1.5537e-05 | |g|=1.39e+02
23:16:27 | INFO    | pibe.training.trainer |   cell 3 | i= 5500 | global | obj=-2.8366e+00 | data=4.8909e-05 | phys=1.8098e-05 | |g|=1.96e+02
23:16:43 | INFO    | pibe.training.trainer |   cell 3 | i= 5999 | global | obj=-2.9693e+00 | data=4.7147e-05 | phys=1.6219e-05 | |g|=1.51e+01
23:16:43 | INFO    | pibe.training.trainer |   cell 3 done in 166.5s | val local=9.4959e-05 (data=6.9579e-05, phys=2.5380e-05)
23:16:43 | INFO    | pibe.training.trainer | cell 4/4: 3000 local iterations then 3000 fine-tuning iterations
23:16:43 | INFO    | pibe.training.trainer |   cell 4 | i=    0 | warmup | obj=3.5219e+00 | data=3.9805e-01 | phys=3.1239e+00 | |g|=1.89e+01
23:16:57 | INFO    | pibe.training.trainer |   cell 4 | i=  500 | warmup | obj=4.0168e-01 | data=3.4834e-01 | phys=5.3340e-02 | |g|=5.61e-01
23:17:11 | INFO    | pibe.training.trainer |   cell 4 | i= 1000 | fit    | obj=3.9262e-01 | data=3.5059e-01 | phys=4.2031e-02 | |g|=4.60e-01
23:17:26 | INFO    | pibe.training.trainer |   cell 4 | i= 1500 | fit    | obj=3.7913e-01 | data=3.2974e-01 | phys=4.9390e-02 | |g|=4.51e-01
23:17:40 | INFO    | pibe.training.trainer |   cell 4 | i= 2000 | local  | obj=3.9305e-01 | data=3.6095e-01 | phys=3.2100e-02 | |g|=1.42e+00
23:17:54 | INFO    | pibe.training.trainer |   cell 4 | i= 2500 | local  | obj=3.9981e-01 | data=3.6377e-01 | phys=3.6042e-02 | |g|=1.23e+00
23:18:08 | INFO    | pibe.training.trainer |   cell 4 | i= 3000 | global | obj=-2.1633e+00 | data=3.4827e-01 | phys=3.9036e-02 | |g|=4.57e+01
23:18:32 | INFO    | pibe.training.trainer |   cell 4 | i= 3500 | global | obj=4.4394e-02 | data=3.2567e-03 | phys=1.2694e-02 | |g|=6.36e+02
23:18:56 | INFO    | pibe.training.trainer |   cell 4 | i= 4000 | global | obj=-1.4845e+00 | data=2.1521e-03 | phys=1.9303e-03 | |g|=1.16e+03
23:19:20 | INFO    | pibe.training.trainer |   cell 4 | i= 4500 | global | obj=-2.5035e-01 | data=9.7385e-04 | phys=1.9079e-03 | |g|=6.23e+02
23:19:44 | INFO    | pibe.training.trainer |   cell 4 | i= 5000 | global | obj=-1.9642e+00 | data=7.3025e-04 | phys=4.2168e-04 | |g|=6.20e+02
23:20:08 | INFO    | pibe.training.trainer |   cell 4 | i= 5500 | global | obj=-1.1428e+00 | data=2.2384e-03 | phys=2.7110e-03 | |g|=6.91e+02
23:20:32 | INFO    | pibe.training.trainer |   cell 4 | i= 6000 | global | obj=-2.0237e+00 | data=6.4477e-04 | phys=8.1341e-04 | |g|=6.75e+02
23:20:57 | INFO    | pibe.training.trainer |   cell 4 | i= 6500 | global | obj=6.0368e-01 | data=1.1992e-02 | phys=3.3084e-02 | |g|=1.10e+03
23:21:20 | INFO    | pibe.training.trainer |   cell 4 | i= 7000 | global | obj=-2.2735e+00 | data=1.8170e-04 | phys=3.1966e-04 | |g|=9.51e+02
23:21:44 | INFO    | pibe.training.trainer |   cell 4 | i= 7500 | global | obj=-3.6355e-01 | data=3.4532e-04 | phys=8.5648e-04 | |g|=8.05e+02
23:22:08 | INFO    | pibe.training.trainer |   cell 4 | i= 8000 | global | obj=-1.2445e+00 | data=7.3266e-04 | phys=1.0140e-02 | |g|=4.93e+02
23:22:31 | INFO    | pibe.training.trainer |   cell 4 | i= 8500 | global | obj=-2.1071e+00 | data=8.9204e-05 | phys=7.1219e-04 | |g|=8.41e+02
23:22:55 | INFO    | pibe.training.trainer |   cell 4 | i= 9000 | global | obj=-9.3011e-01 | data=8.0152e-05 | phys=1.8689e-03 | |g|=2.00e+02
23:23:20 | INFO    | pibe.training.trainer |   cell 4 | i= 9500 | global | obj=-9.1602e-01 | data=2.9377e-04 | phys=1.1356e-03 | |g|=8.44e+02
23:23:43 | INFO    | pibe.training.trainer |   cell 4 | i=10000 | global | obj=-1.0266e+00 | data=8.7390e-05 | phys=6.9586e-04 | |g|=1.21e+03
23:24:07 | INFO    | pibe.training.trainer |   cell 4 | i=10500 | global | obj=-1.6011e+00 | data=1.0995e-04 | phys=4.3571e-04 | |g|=9.07e+02
23:24:31 | INFO    | pibe.training.trainer |   cell 4 | i=11000 | global | obj=-1.7966e+00 | data=2.7825e-03 | phys=1.3464e-03 | |g|=1.03e+03
23:24:55 | INFO    | pibe.training.trainer |   cell 4 | i=11500 | global | obj=-1.2308e+00 | data=8.6501e-04 | phys=8.8144e-04 | |g|=6.86e+02
23:25:19 | INFO    | pibe.training.trainer |   cell 4 | i=12000 | global | obj=-1.3574e+00 | data=3.3384e-04 | phys=9.1930e-04 | |g|=8.93e+02
23:25:43 | INFO    | pibe.training.trainer |   cell 4 | i=12500 | global | obj=-1.6189e+00 | data=1.2324e-04 | phys=4.8066e-04 | |g|=9.85e+02
23:26:07 | INFO    | pibe.training.trainer |   cell 4 | i=13000 | global | obj=-1.6152e+00 | data=1.2348e-04 | phys=5.4469e-04 | |g|=1.01e+03
23:26:31 | INFO    | pibe.training.trainer |   cell 4 | i=13500 | global | obj=-1.5777e+00 | data=1.6697e-03 | phys=1.8621e-03 | |g|=1.09e+03
23:26:54 | INFO    | pibe.training.trainer |   cell 4 | i=14000 | global | obj=-1.5154e+00 | data=4.3250e-04 | phys=4.3083e-04 | |g|=1.23e+03
23:27:18 | INFO    | pibe.training.trainer |   cell 4 | i=14500 | global | obj=-2.4171e+00 | data=1.4842e-03 | phys=6.7211e-04 | |g|=1.23e+03
23:27:42 | INFO    | pibe.training.trainer |   cell 4 | i=15000 | global | obj=-2.4156e+00 | data=2.0449e-04 | phys=2.8816e-04 | |g|=1.30e+03
23:28:06 | INFO    | pibe.training.trainer |   cell 4 | i=15500 | global | obj=-2.0166e+00 | data=2.1820e-03 | phys=2.7422e-03 | |g|=1.90e+01
23:28:30 | INFO    | pibe.training.trainer |   cell 4 | i=16000 | global | obj=-1.9866e+00 | data=1.6538e-03 | phys=6.0796e-04 | |g|=5.44e+01
23:28:54 | INFO    | pibe.training.trainer |   cell 4 | i=16500 | global | obj=-1.5225e+00 | data=5.6825e-04 | phys=9.7990e-04 | |g|=8.72e+02
23:29:17 | INFO    | pibe.training.trainer |   cell 4 | i=17000 | global | obj=-2.1189e+00 | data=1.3780e-04 | phys=3.0636e-04 | |g|=9.03e+02
23:29:41 | INFO    | pibe.training.trainer |   cell 4 | i=17500 | global | obj=-2.1647e+00 | data=1.0755e-04 | phys=2.0856e-04 | |g|=1.71e+03
23:30:05 | INFO    | pibe.training.trainer |   cell 4 | i=18000 | global | obj=-2.2999e+00 | data=1.3919e-04 | phys=2.1458e-04 | |g|=1.16e+03
23:30:29 | INFO    | pibe.training.trainer |   cell 4 | i=18500 | global | obj=-2.3626e+00 | data=1.1474e-04 | phys=1.7848e-04 | |g|=1.08e+03
23:30:52 | INFO    | pibe.training.trainer |   cell 4 | i=19000 | global | obj=-2.0666e+00 | data=3.5865e-04 | phys=4.3834e-04 | |g|=7.75e+02
23:31:16 | INFO    | pibe.training.trainer |   cell 4 | i=19500 | global | obj=-2.2335e+00 | data=9.8849e-05 | phys=3.6339e-04 | |g|=1.88e+03
23:31:40 | INFO    | pibe.training.trainer |   cell 4 | i=20000 | global | obj=-2.4089e+00 | data=1.0801e-04 | phys=2.1977e-04 | |g|=1.43e+03
23:32:03 | INFO    | pibe.training.trainer |   cell 4 | i=20500 | global | obj=-8.4567e-01 | data=5.2177e-05 | phys=3.9617e-04 | |g|=1.11e+03
23:32:27 | INFO    | pibe.training.trainer |   cell 4 | i=21000 | global | obj=-2.2848e+00 | data=6.4484e-05 | phys=1.7390e-04 | |g|=1.71e+03
23:32:50 | INFO    | pibe.training.trainer |   cell 4 | i=21500 | global | obj=-2.4698e+00 | data=5.0637e-05 | phys=1.1672e-04 | |g|=1.51e+03
23:33:14 | INFO    | pibe.training.trainer |   cell 4 | i=22000 | global | obj=-2.5342e+00 | data=1.2808e-04 | phys=1.1527e-04 | |g|=9.13e+02
23:33:38 | INFO    | pibe.training.trainer |   cell 4 | i=22500 | global | obj=-2.3401e+00 | data=7.6491e-05 | phys=1.1576e-04 | |g|=1.86e+03
23:34:01 | INFO    | pibe.training.trainer |   cell 4 | i=23000 | global | obj=-2.4998e+00 | data=6.9324e-05 | phys=8.1952e-05 | |g|=1.21e+03
23:34:25 | INFO    | pibe.training.trainer |   cell 4 | i=23500 | global | obj=-2.5456e+00 | data=8.0668e-05 | phys=8.9618e-05 | |g|=1.20e+03
23:34:49 | INFO    | pibe.training.trainer |   cell 4 | i=24000 | global | obj=-2.3959e+00 | data=6.9679e-05 | phys=8.2579e-05 | |g|=1.84e+03
23:35:12 | INFO    | pibe.training.trainer |   cell 4 | i=24500 | global | obj=-2.5615e+00 | data=5.1939e-05 | phys=5.6009e-05 | |g|=1.45e+03
23:35:36 | INFO    | pibe.training.trainer |   cell 4 | i=25000 | global | obj=-2.3966e+00 | data=6.6349e-05 | phys=1.0317e-04 | |g|=2.66e+02
23:35:59 | INFO    | pibe.training.trainer |   cell 4 | i=25500 | global | obj=-2.3364e+00 | data=1.4772e-04 | phys=4.2871e-04 | |g|=1.12e+03
23:36:23 | INFO    | pibe.training.trainer |   cell 4 | i=26000 | global | obj=-2.4480e+00 | data=6.2519e-05 | phys=7.4272e-05 | |g|=1.73e+03
23:36:47 | INFO    | pibe.training.trainer |   cell 4 | i=26500 | global | obj=-2.5265e+00 | data=8.5673e-05 | phys=5.8259e-05 | |g|=1.41e+03
23:37:10 | INFO    | pibe.training.trainer |   cell 4 | i=27000 | global | obj=-2.5906e+00 | data=6.3583e-05 | phys=5.9152e-05 | |g|=1.39e+03
23:37:34 | INFO    | pibe.training.trainer |   cell 4 | i=27500 | global | obj=-2.7055e+00 | data=6.3199e-05 | phys=5.9654e-05 | |g|=4.06e+02
23:37:58 | INFO    | pibe.training.trainer |   cell 4 | i=28000 | global | obj=-2.6052e+00 | data=6.3846e-05 | phys=6.0818e-05 | |g|=1.22e+03
23:38:21 | INFO    | pibe.training.trainer |   cell 4 | i=28500 | global | obj=-2.5980e+00 | data=8.1195e-05 | phys=5.0054e-05 | |g|=1.54e+03
23:38:45 | INFO    | pibe.training.trainer |   cell 4 | i=29000 | global | obj=-2.5998e+00 | data=8.7007e-05 | phys=4.8548e-05 | |g|=1.56e+03
23:39:08 | INFO    | pibe.training.trainer |   cell 4 | i=29500 | global | obj=-2.6374e+00 | data=6.6508e-05 | phys=4.6848e-05 | |g|=2.21e+02
23:39:32 | INFO    | pibe.training.trainer |   cell 4 | i=30000 | global | obj=-2.6135e+00 | data=1.0918e-04 | phys=6.7776e-05 | |g|=6.66e+02
23:39:56 | INFO    | pibe.training.trainer |   cell 4 | i=30500 | global | obj=-2.6182e+00 | data=5.6092e-05 | phys=4.4950e-05 | |g|=1.01e+03
23:40:19 | INFO    | pibe.training.trainer |   cell 4 | i=31000 | global | obj=-2.6491e+00 | data=7.9436e-05 | phys=3.4993e-05 | |g|=5.01e+02
23:40:43 | INFO    | pibe.training.trainer |   cell 4 | i=31500 | global | obj=-2.6681e+00 | data=6.4779e-05 | phys=3.7196e-05 | |g|=1.36e+02
23:41:07 | INFO    | pibe.training.trainer |   cell 4 | i=32000 | global | obj=-2.6564e+00 | data=8.4289e-05 | phys=4.8098e-05 | |g|=2.97e+02
23:41:31 | INFO    | pibe.training.trainer |   cell 4 | i=32500 | global | obj=-2.7093e+00 | data=7.1146e-05 | phys=3.0945e-05 | |g|=5.32e+02
23:41:55 | INFO    | pibe.training.trainer |   cell 4 | i=33000 | global | obj=-2.6904e+00 | data=7.6321e-05 | phys=3.6434e-05 | |g|=5.59e+02
23:42:18 | INFO    | pibe.training.trainer |   cell 4 | i=33500 | global | obj=-2.7321e+00 | data=4.9474e-05 | phys=3.0913e-05 | |g|=4.79e+02
23:42:42 | INFO    | pibe.training.trainer |   cell 4 | i=34000 | global | obj=-2.6581e+00 | data=3.6207e-05 | phys=2.1678e-05 | |g|=1.22e+02
23:43:06 | INFO    | pibe.training.trainer |   cell 4 | i=34500 | global | obj=-2.7262e+00 | data=5.2387e-05 | phys=2.6144e-05 | |g|=1.24e+02
23:43:30 | INFO    | pibe.training.trainer |   cell 4 | i=35000 | global | obj=-2.6954e+00 | data=4.7914e-05 | phys=2.7732e-05 | |g|=1.37e+02
23:43:53 | INFO    | pibe.training.trainer |   cell 4 | i=35500 | global | obj=-2.7140e+00 | data=4.7009e-05 | phys=2.8625e-05 | |g|=1.26e+02
23:44:18 | INFO    | pibe.training.trainer |   cell 4 | i=35999 | global | obj=-2.6959e+00 | data=5.5885e-05 | phys=3.0230e-05 | |g|=6.28e+01
23:44:18 | INFO    | pibe.training.trainer |   cell 4 done in 1654.7s | val local=2.0948e-04 (data=1.0472e-04, phys=1.0476e-04)
23:44:18 | INFO    | train_pibe         | train metrics:
state errors (L2 / sup):
  x_1: 5.5834e-02 / 9.3413e-02
  x_2: 5.9258e-02 / 5.3587e-01
  x_3: 6.0594e-02 / 5.5412e-01
parameter errors (|err| / spread):
  theta_1: 3.2937e-02 / 7.0834e-03
  theta_2: 1.2186e-02 / 1.6901e-04
disturbance: L2=1.5206e-01, sup=2.8768e-01
output fit: L2=6.6074e-03
23:44:18 | INFO    | train_pibe         | val metrics:
state errors (L2 / sup):
  x_1: 5.6271e-02 / 1.0392e-01
  x_2: 6.9274e-02 / 6.1950e-01
  x_3: 6.4998e-02 / 4.4244e-01
parameter errors (|err| / spread):
  theta_1: 3.2547e-02 / 1.0636e-02
  theta_2: 1.2037e-02 / 1.5699e-04
disturbance: L2=1.4650e-01, sup=2.7213e-01
output fit: L2=7.3949e-03
23:44:20 | INFO    | train_pibe         | oracle comparison (train, scored on the quadratic objective):
 cell |   L_Loc @ truth | L_Loc @ trained | winner
------------------------------------------------------------
    2 |      2.5036e-03 |      2.1658e-03 | trained
    3 |      5.4338e-36 |      1.1438e-04 | truth
    4 |      2.6223e-35 |      8.4873e-05 | truth
------------------------------------------------------------
L_Tot @ truth   : 1.5185e-03
L_Tot @ trained : 1.4876e-03

verdict: loss-design failure: the objective scores the trained solution at or below the truth, so optimization cannot recover the parameters. This is the Remark 7 degeneracy; it needs excitation (Assumption 6) or extra information, not more training.
23:44:20 | INFO    | train_pibe         | learned residual densities:
 cell |      rho_k |     B_E |        L_E |  nodes |    spacing |  |1-int p|
----------------------------------------------------------------------------
    2 |       0.15 |      12 |       3335 |   1024 |   0.000293 |   1.11e-16
  mu_omega_hat = -5.758697e-03 (Eq. 54)   true sensor bias = +5.000000e-02
23:44:21 | INFO    | pibe.eval.figures  | wrote outputs/n3v2_epibe_cell2/figures/states.png
23:44:21 | INFO    | pibe.eval.figures  | wrote outputs/n3v2_epibe_cell2/figures/disturbance.png
23:44:21 | INFO    | matplotlib.mathtext | Substituting symbol A from STIXNonUnicode
23:44:21 | INFO    | pibe.eval.figures  | wrote outputs/n3v2_epibe_cell2/figures/parameters.png
23:44:21 | INFO    | pibe.eval.figures  | wrote outputs/n3v2_epibe_cell2/figures/errors.png
23:44:21 | INFO    | train_pibe         | figures: states.png, disturbance.png, parameters.png, errors.png
23:44:21 | INFO    | train_pibe         | artifacts written to outputs/n3v2_epibe_cell2
