21:49:38 | INFO    | train_pibe         | experiment:
system            : automatica_n3v2(n=3) on cpu (torch.float64)
true theta        : [0.23502650090327654, 0.10390993219989397]
disturbance       : one a shared by all trajectories
basis             : FourierBasis(q=3, H=2, omega=1.25664, horizon=[0, 20], periods=4)
  lambda_min(W)   : 1.0000e+01   (Eq. 3, must be > 0)
  eps_(d,q)       : 0.0000e+00
noise             : BiasedNoise(TruncatedGaussianNoise(sigma=0.002, bound=0.006), bias=+0.05)
data              : TrajectoryData(P=64, N=201, n=3, horizon=[0, 20])
  train / val     : 51 / 13
  data fill h_d   : 5.0000e-02
  coll fill h_r   : 2.5000e-02
bank              : cells 2..4, 284909 parameters
estimator         : EPIBE (Algorithm 2), N_EBM=1000, beta=1
residual supports (Assumption 3):
 cell |      rho_k |     B_E |        L_E |  nodes |    spacing |  |1-int p|
----------------------------------------------------------------------------
    2 |       0.15 |      12 |      113.4 |   1024 |   0.000293 |   5.55e-16
    3 |       0.15 |      12 |      109.3 |   1024 |   0.000293 |   2.22e-16
    4 |       0.15 |      12 |        114 |   1024 |   0.000293 |   4.44e-16
21:49:39 | INFO    | train_pibe         | disturbance observability  (sigma = 0.002, N = 201)
  i |       gain |    settled |  signature |     SNR |  eff SNR |
----------------------------------------------------------------------------
  1 |  1.472e-01 |  1.395e-01 |  2.511e-02 |   12.56 |   178.03 |
  2 |  1.369e-01 |  1.401e-01 |  2.522e-02 |   12.61 |   178.81 |
  3 |  4.558e-02 |  3.413e-02 |  4.096e-03 |    2.05 |    29.04 |

every basis function is observable above the noise floor.
21:49:39 | INFO    | pibe.training.trainer | cell 2/4: 3000 local iterations then 3000 fine-tuning iterations
21:49:39 | INFO    | pibe.training.trainer |   cell 2 | i=    0 | warmup | obj=1.2621e+01 | data=1.2336e+01 | phys=2.8472e-01 | |g|=7.41e+01
21:49:48 | INFO    | pibe.training.trainer |   cell 2 | i=  500 | warmup | obj=1.3972e-03 | data=1.2720e-03 | phys=1.2520e-04 | |g|=6.89e-01
21:49:57 | INFO    | pibe.training.trainer |   cell 2 | i= 1000 | fit    | obj=-8.1663e-01 | data=-8.1670e-01 | phys=7.0472e-05 | |g|=5.81e-01
21:50:05 | INFO    | pibe.training.trainer |   cell 2 | i= 1500 | fit    | obj=-2.4555e+00 | data=-2.4556e+00 | phys=6.6074e-05 | |g|=2.89e-01
21:50:15 | INFO    | pibe.training.trainer |   cell 2 | i= 2000 | local  | obj=1.0837e+01 | data=1.0774e+01 | phys=6.2912e-02 | |g|=3.13e+03
21:50:26 | INFO    | pibe.training.trainer |   cell 2 | i= 2500 | local  | obj=-2.1666e+00 | data=-2.1691e+00 | phys=2.4864e-03 | |g|=7.86e+02
21:50:37 | INFO    | pibe.training.trainer |   cell 2 | i= 3000 | global | obj=-2.6706e-01 | data=-2.7046e-01 | phys=3.3987e-03 | |g|=4.30e+02
21:50:48 | INFO    | pibe.training.trainer |   cell 2 | i= 3500 | global | obj=-2.4634e+00 | data=-2.4673e+00 | phys=3.9073e-03 | |g|=4.08e+02
21:50:59 | INFO    | pibe.training.trainer |   cell 2 | i= 4000 | global | obj=-9.4539e-01 | data=-9.4822e-01 | phys=2.8328e-03 | |g|=5.90e+02
21:51:10 | INFO    | pibe.training.trainer |   cell 2 | i= 4500 | global | obj=-2.7248e+00 | data=-2.7270e+00 | phys=2.2462e-03 | |g|=3.15e+02
21:51:21 | INFO    | pibe.training.trainer |   cell 2 | i= 5000 | global | obj=-3.2994e+00 | data=-3.3021e+00 | phys=2.6759e-03 | |g|=1.65e+02
21:51:31 | INFO    | pibe.training.trainer |   cell 2 | i= 5500 | global | obj=-3.9342e+00 | data=-3.9367e+00 | phys=2.4633e-03 | |g|=1.58e+03
21:51:42 | INFO    | pibe.training.trainer |   cell 2 | i= 5999 | global | obj=-4.0941e+00 | data=-4.0967e+00 | phys=2.6025e-03 | |g|=1.89e+02
21:51:42 | INFO    | pibe.training.trainer |   cell 2 done in 123.8s | val local=-3.9959e+00 (data=-3.9989e+00, phys=3.0220e-03)
21:51:42 | INFO    | pibe.training.epibe_trainer |   cell 2 EBM | mu=-1.0206e-02 | sd=6.9919e-03 | log Z=-2.1010e+00 | |1-int p|=2.22e-16
21:51:42 | INFO    | pibe.training.epibe_trainer |   mu_omega_hat = -1.020639e-02  (Eq. 54)
21:51:42 | INFO    | pibe.training.trainer | cell 3/4: 3000 local iterations then 3000 fine-tuning iterations
21:51:42 | INFO    | pibe.training.trainer |   cell 3 | i=    0 | warmup | obj=6.2395e-01 | data=5.4508e-01 | phys=7.8878e-02 | |g|=7.28e+00
21:51:55 | INFO    | pibe.training.trainer |   cell 3 | i=  500 | warmup | obj=2.8894e-04 | data=1.9699e-04 | phys=9.1948e-05 | |g|=5.37e-02
21:52:08 | INFO    | pibe.training.trainer |   cell 3 | i= 1000 | fit    | obj=-1.0451e+00 | data=-1.0452e+00 | phys=6.6699e-05 | |g|=2.40e+00
21:52:21 | INFO    | pibe.training.trainer |   cell 3 | i= 1500 | fit    | obj=-3.2934e+00 | data=-3.2935e+00 | phys=9.6599e-05 | |g|=7.31e-02
21:52:34 | INFO    | pibe.training.trainer |   cell 3 | i= 2000 | local  | obj=-2.7777e+00 | data=-2.7809e+00 | phys=3.1892e-03 | |g|=2.00e+02
21:52:48 | INFO    | pibe.training.trainer |   cell 3 | i= 2500 | local  | obj=-3.0746e+00 | data=-3.0784e+00 | phys=3.7490e-03 | |g|=1.89e+02
21:53:03 | INFO    | pibe.training.trainer |   cell 3 | i= 3000 | global | obj=-5.3220e+00 | data=-2.3446e+00 | phys=2.8972e-03 | |g|=4.42e+02
21:53:24 | INFO    | pibe.training.trainer |   cell 3 | i= 3500 | global | obj=-5.7266e+00 | data=-4.0294e+00 | phys=1.3736e-03 | |g|=1.25e+03
21:53:45 | INFO    | pibe.training.trainer |   cell 3 | i= 4000 | global | obj=-4.0953e+00 | data=-3.0150e+00 | phys=1.2205e-03 | |g|=1.83e+03
21:54:06 | INFO    | pibe.training.trainer |   cell 3 | i= 4500 | global | obj=-6.9574e+00 | data=-4.4945e+00 | phys=9.0175e-04 | |g|=1.17e+03
21:54:28 | INFO    | pibe.training.trainer |   cell 3 | i= 5000 | global | obj=-6.6497e+00 | data=-4.3690e+00 | phys=8.9301e-04 | |g|=2.19e+03
21:54:49 | INFO    | pibe.training.trainer |   cell 3 | i= 5500 | global | obj=-7.8829e+00 | data=-4.9676e+00 | phys=9.0423e-04 | |g|=3.46e+02
21:55:10 | INFO    | pibe.training.trainer |   cell 3 | i= 5999 | global | obj=-8.0214e+00 | data=-5.0620e+00 | phys=9.4507e-04 | |g|=3.26e+01
21:55:10 | INFO    | pibe.training.trainer |   cell 3 done in 207.4s | val local=-4.9436e+00 (data=-4.9448e+00, phys=1.2490e-03)
21:55:10 | INFO    | pibe.training.epibe_trainer |   cell 3 EBM | mu=-3.9190e-03 | sd=3.3528e-03 | log Z=-3.7342e+00 | |1-int p|=2.22e-16
21:55:10 | INFO    | pibe.training.trainer | cell 4/4: 3000 local iterations then 3000 fine-tuning iterations
21:55:10 | INFO    | pibe.training.trainer |   cell 4 | i=    0 | warmup | obj=3.1236e+00 | data=3.9981e-01 | phys=2.7238e+00 | |g|=2.03e+01
21:55:26 | INFO    | pibe.training.trainer |   cell 4 | i=  500 | warmup | obj=2.1854e-01 | data=2.0752e-01 | phys=1.1022e-02 | |g|=2.49e+00
21:55:42 | INFO    | pibe.training.trainer |   cell 4 | i= 1000 | fit    | obj=4.2692e+03 | data=4.2692e+03 | phys=3.0534e-02 | |g|=7.39e+00
21:55:59 | INFO    | pibe.training.trainer |   cell 4 | i= 1500 | fit    | obj=4.2972e+03 | data=4.2971e+03 | phys=3.0087e-02 | |g|=1.61e+00
21:56:16 | INFO    | pibe.training.trainer |   cell 4 | i= 2000 | local  | obj=-9.4499e-01 | data=-2.5458e+00 | phys=1.6009e+00 | |g|=7.22e+01
21:56:34 | INFO    | pibe.training.trainer |   cell 4 | i= 2500 | local  | obj=5.9737e-01 | data=-4.1166e-01 | phys=1.0090e+00 | |g|=9.89e+02
21:56:53 | INFO    | pibe.training.trainer |   cell 4 | i= 3000 | global | obj=6.1367e+00 | data=1.1782e+01 | phys=8.5909e-01 | |g|=1.13e+04
21:57:26 | INFO    | pibe.training.trainer |   cell 4 | i= 3500 | global | obj=-5.5494e+00 | data=-2.8806e+00 | phys=1.2617e-01 | |g|=8.00e+02
21:58:00 | INFO    | pibe.training.trainer |   cell 4 | i= 4000 | global | obj=-9.7878e+00 | data=-4.1547e+00 | phys=1.3747e-01 | |g|=3.30e+03
21:58:33 | INFO    | pibe.training.trainer |   cell 4 | i= 4500 | global | obj=-1.1906e+01 | data=-6.1004e+00 | phys=1.8333e-01 | |g|=2.20e+03
21:59:06 | INFO    | pibe.training.trainer |   cell 4 | i= 5000 | global | obj=-8.9771e+00 | data=-3.4825e+00 | phys=2.3064e-01 | |g|=3.28e+03
21:59:40 | INFO    | pibe.training.trainer |   cell 4 | i= 5500 | global | obj=-1.1507e+01 | data=-5.3776e+00 | phys=2.4016e-01 | |g|=2.35e+03
22:00:13 | INFO    | pibe.training.trainer |   cell 4 | i= 6000 | global | obj=-1.3749e+01 | data=-7.2486e+00 | phys=2.8634e-01 | |g|=9.84e+02
22:00:45 | INFO    | pibe.training.trainer |   cell 4 | i= 6500 | global | obj=-1.1876e+01 | data=-6.3696e+00 | phys=2.7997e-01 | |g|=5.76e+02
22:01:17 | INFO    | pibe.training.trainer |   cell 4 | i= 7000 | global | obj=-5.1873e+00 | data=-3.0436e-02 | phys=3.2495e-01 | |g|=6.11e+03
22:01:49 | INFO    | pibe.training.trainer |   cell 4 | i= 7500 | global | obj=-1.3884e+01 | data=-7.1679e+00 | phys=3.1091e-01 | |g|=1.23e+03
22:02:21 | INFO    | pibe.training.trainer |   cell 4 | i= 8000 | global | obj=-1.2818e+01 | data=-6.1677e+00 | phys=3.4978e-01 | |g|=9.79e+03
22:02:53 | INFO    | pibe.training.trainer |   cell 4 | i= 8500 | global | obj=-6.1566e+00 | data=-6.8984e+00 | phys=3.3778e-01 | |g|=1.02e+04
22:03:25 | INFO    | pibe.training.trainer |   cell 4 | i= 9000 | global | obj=-1.1597e+01 | data=-5.1751e+00 | phys=4.0282e-01 | |g|=1.15e+04
22:03:57 | INFO    | pibe.training.trainer |   cell 4 | i= 9500 | global | obj=-1.4677e+01 | data=-8.1692e+00 | phys=3.3663e-01 | |g|=2.40e+02
22:04:30 | INFO    | pibe.training.trainer |   cell 4 | i=10000 | global | obj=-6.4294e+00 | data=-1.3532e+00 | phys=3.5529e-01 | |g|=5.55e+03
22:05:02 | INFO    | pibe.training.trainer |   cell 4 | i=10500 | global | obj=-9.7618e+00 | data=-3.6727e+00 | phys=1.7011e-01 | |g|=6.06e+03
22:05:33 | INFO    | pibe.training.trainer |   cell 4 | i=11000 | global | obj=-1.2215e+01 | data=-4.5571e+00 | phys=1.4294e-01 | |g|=1.57e+03
22:06:05 | INFO    | pibe.training.trainer |   cell 4 | i=11500 | global | obj=-1.1432e+01 | data=-3.9411e+00 | phys=1.3911e-01 | |g|=8.90e+02
22:06:37 | INFO    | pibe.training.trainer |   cell 4 | i=12000 | global | obj=-1.1072e+01 | data=-3.6162e+00 | phys=1.4719e-01 | |g|=1.40e+03
22:07:09 | INFO    | pibe.training.trainer |   cell 4 | i=12500 | global | obj=-1.2783e+01 | data=-5.1551e+00 | phys=1.6443e-01 | |g|=1.52e+03
22:07:41 | INFO    | pibe.training.trainer |   cell 4 | i=13000 | global | obj=-1.1522e+01 | data=-4.5465e+00 | phys=1.8141e-01 | |g|=3.12e+03
22:08:13 | INFO    | pibe.training.trainer |   cell 4 | i=13500 | global | obj=-1.3216e+01 | data=-5.2717e+00 | phys=1.6056e-01 | |g|=2.24e+03
22:08:45 | INFO    | pibe.training.trainer |   cell 4 | i=14000 | global | obj=-1.3207e+01 | data=-5.5029e+00 | phys=1.5087e-01 | |g|=2.80e+03
22:09:17 | INFO    | pibe.training.trainer |   cell 4 | i=14500 | global | obj=-1.3958e+01 | data=-6.0547e+00 | phys=1.5660e-01 | |g|=1.22e+03
22:09:49 | INFO    | pibe.training.trainer |   cell 4 | i=15000 | global | obj=-5.8913e+00 | data=-1.6837e+00 | phys=1.5200e-01 | |g|=2.90e+03
22:10:21 | INFO    | pibe.training.trainer |   cell 4 | i=15500 | global | obj=-1.3707e+01 | data=-6.2231e+00 | phys=1.6063e-01 | |g|=1.10e+03
22:10:53 | INFO    | pibe.training.trainer |   cell 4 | i=16000 | global | obj=-1.0328e+01 | data=-6.2952e+00 | phys=1.5679e-01 | |g|=1.12e+04
22:11:26 | INFO    | pibe.training.trainer |   cell 4 | i=16500 | global | obj=-1.3882e+01 | data=-5.9644e+00 | phys=1.4561e-01 | |g|=2.13e+03
22:11:59 | INFO    | pibe.training.trainer |   cell 4 | i=17000 | global | obj=-1.0560e+01 | data=-4.8659e+00 | phys=1.3254e-01 | |g|=4.86e+03
22:12:33 | INFO    | pibe.training.trainer |   cell 4 | i=17500 | global | obj=-1.2338e+01 | data=-4.4225e+00 | phys=1.3297e-01 | |g|=4.32e+03
22:13:06 | INFO    | pibe.training.trainer |   cell 4 | i=18000 | global | obj=-1.2354e+01 | data=-4.3299e+00 | phys=1.3636e-01 | |g|=5.65e+03
22:13:39 | INFO    | pibe.training.trainer |   cell 4 | i=18500 | global | obj=-1.2766e+01 | data=-6.0415e+00 | phys=1.3978e-01 | |g|=5.67e+03
22:14:12 | INFO    | pibe.training.trainer |   cell 4 | i=19000 | global | obj=-1.2334e+01 | data=-4.0044e+00 | phys=1.2972e-01 | |g|=6.09e+03
22:14:45 | INFO    | pibe.training.trainer |   cell 4 | i=19500 | global | obj=-1.4066e+01 | data=-6.7535e+00 | phys=1.2598e-01 | |g|=6.19e+03
22:15:18 | INFO    | pibe.training.trainer |   cell 4 | i=20000 | global | obj=-1.1380e+01 | data=-5.1617e+00 | phys=1.2795e-01 | |g|=7.31e+03
22:15:52 | INFO    | pibe.training.trainer |   cell 4 | i=20500 | global | obj=-1.4195e+01 | data=-6.7951e+00 | phys=1.1653e-01 | |g|=1.46e+03
22:16:25 | INFO    | pibe.training.trainer |   cell 4 | i=21000 | global | obj=-1.1928e+01 | data=-3.8465e+00 | phys=9.9875e-02 | |g|=7.69e+03
22:16:59 | INFO    | pibe.training.trainer |   cell 4 | i=21500 | global | obj=-1.3173e+01 | data=-5.0024e+00 | phys=9.7977e-02 | |g|=8.48e+03
22:17:33 | INFO    | pibe.training.trainer |   cell 4 | i=22000 | global | obj=-1.4576e+01 | data=-7.1052e+00 | phys=1.0476e-01 | |g|=5.22e+02
22:18:10 | INFO    | pibe.training.trainer |   cell 4 | i=22500 | global | obj=-1.1073e+01 | data=-2.4946e+00 | phys=8.2185e-02 | |g|=7.39e+03
22:18:46 | INFO    | pibe.training.trainer |   cell 4 | i=23000 | global | obj=-1.3613e+01 | data=-7.2021e+00 | phys=7.8637e-02 | |g|=1.49e+04
22:19:18 | INFO    | pibe.training.trainer |   cell 4 | i=23500 | global | obj=-1.5266e+01 | data=-7.2577e+00 | phys=7.1486e-02 | |g|=1.57e+04
22:19:50 | INFO    | pibe.training.trainer |   cell 4 | i=24000 | global | obj=-1.5818e+01 | data=-7.3038e+00 | phys=7.2202e-02 | |g|=9.34e+02
22:20:22 | INFO    | pibe.training.trainer |   cell 4 | i=24500 | global | obj=-1.5992e+01 | data=-7.2009e+00 | phys=6.3089e-02 | |g|=1.68e+03
22:20:54 | INFO    | pibe.training.trainer |   cell 4 | i=25000 | global | obj=-1.5147e+01 | data=-7.2661e+00 | phys=6.1620e-02 | |g|=1.62e+03
22:21:26 | INFO    | pibe.training.trainer |   cell 4 | i=25500 | global | obj=-1.4949e+01 | data=-6.2043e+00 | phys=6.4428e-02 | |g|=1.91e+04
22:21:57 | INFO    | pibe.training.trainer |   cell 4 | i=26000 | global | obj=-1.5514e+01 | data=-7.4424e+00 | phys=5.6015e-02 | |g|=1.45e+03
22:22:29 | INFO    | pibe.training.trainer |   cell 4 | i=26500 | global | obj=-1.6400e+01 | data=-7.5025e+00 | phys=5.7736e-02 | |g|=5.69e+02
22:23:02 | INFO    | pibe.training.trainer |   cell 4 | i=27000 | global | obj=-1.6665e+01 | data=-7.5403e+00 | phys=5.2561e-02 | |g|=8.63e+02
22:23:34 | INFO    | pibe.training.trainer |   cell 4 | i=27500 | global | obj=-1.5649e+01 | data=-7.5629e+00 | phys=5.1643e-02 | |g|=1.54e+04
22:24:06 | INFO    | pibe.training.trainer |   cell 4 | i=28000 | global | obj=-1.6476e+01 | data=-7.5796e+00 | phys=5.3826e-02 | |g|=1.65e+03
22:24:38 | INFO    | pibe.training.trainer |   cell 4 | i=28500 | global | obj=-1.6759e+01 | data=-7.6379e+00 | phys=5.4707e-02 | |g|=1.13e+03
22:25:10 | INFO    | pibe.training.trainer |   cell 4 | i=29000 | global | obj=-1.4193e+01 | data=-5.2379e+00 | phys=4.9982e-02 | |g|=1.68e+04
22:25:41 | INFO    | pibe.training.trainer |   cell 4 | i=29500 | global | obj=-1.7010e+01 | data=-7.6751e+00 | phys=4.8432e-02 | |g|=5.08e+02
22:26:13 | INFO    | pibe.training.trainer |   cell 4 | i=30000 | global | obj=-1.7031e+01 | data=-7.7024e+00 | phys=4.8509e-02 | |g|=8.46e+02
22:26:44 | INFO    | pibe.training.trainer |   cell 4 | i=30500 | global | obj=-1.7076e+01 | data=-7.7181e+00 | phys=4.6869e-02 | |g|=4.91e+02
22:27:10 | INFO    | pibe.training.trainer |   cell 4 | i=31000 | global | obj=-1.6422e+01 | data=-7.0092e+00 | phys=4.8282e-02 | |g|=1.77e+04
22:27:37 | INFO    | pibe.training.trainer |   cell 4 | i=31500 | global | obj=-1.6870e+01 | data=-7.4083e+00 | phys=4.9947e-02 | |g|=1.74e+04
22:28:03 | INFO    | pibe.training.trainer |   cell 4 | i=32000 | global | obj=-1.7208e+01 | data=-7.7489e+00 | phys=4.8821e-02 | |g|=1.69e+04
22:28:29 | INFO    | pibe.training.trainer |   cell 4 | i=32500 | global | obj=-1.6908e+01 | data=-7.3735e+00 | phys=4.6318e-02 | |g|=1.80e+04
22:28:55 | INFO    | pibe.training.trainer |   cell 4 | i=33000 | global | obj=-1.7030e+01 | data=-7.5187e+00 | phys=4.6507e-02 | |g|=1.80e+04
22:29:21 | INFO    | pibe.training.trainer |   cell 4 | i=33500 | global | obj=-1.7360e+01 | data=-7.7992e+00 | phys=4.4758e-02 | |g|=3.41e+02
22:29:48 | INFO    | pibe.training.trainer |   cell 4 | i=34000 | global | obj=-1.7309e+01 | data=-7.8063e+00 | phys=4.1097e-02 | |g|=7.92e+01
22:30:14 | INFO    | pibe.training.trainer |   cell 4 | i=34500 | global | obj=-1.7374e+01 | data=-7.8107e+00 | phys=4.4515e-02 | |g|=1.57e+02
22:30:40 | INFO    | pibe.training.trainer |   cell 4 | i=35000 | global | obj=-1.7360e+01 | data=-7.8164e+00 | phys=3.9149e-02 | |g|=1.33e+02
22:31:06 | INFO    | pibe.training.trainer |   cell 4 | i=35500 | global | obj=-1.7391e+01 | data=-7.8181e+00 | phys=4.0712e-02 | |g|=1.05e+02
22:31:32 | INFO    | pibe.training.trainer |   cell 4 | i=35999 | global | obj=-1.7364e+01 | data=-7.8184e+00 | phys=4.3799e-02 | |g|=3.30e+01
22:31:32 | INFO    | pibe.training.trainer |   cell 4 done in 2182.4s | val local=-7.7598e+00 (data=-7.8184e+00, phys=5.8623e-02)
22:31:32 | INFO    | pibe.training.epibe_trainer |   cell 4 EBM | mu=-1.4461e-01 | sd=2.2657e-02 | log Z=+9.5830e-01 | |1-int p|=4.44e-16
22:31:32 | INFO    | train_pibe         | train metrics:
state errors (L2 / sup):
  x_1: 2.8685e-02 / 6.3188e-02
  x_2: 8.2172e-01 / 1.2867e+00
  x_3: 5.5472e-01 / 8.0558e-01
parameter errors (|err| / spread):
  theta_1: 1.6497e-01 / 1.7626e-07
  theta_2: 5.0391e-01 / 3.9287e-10
disturbance: L2=1.0541e-01, sup=2.2980e-01
output fit: L2=7.8629e-02
22:31:32 | INFO    | train_pibe         | val metrics:
state errors (L2 / sup):
  x_1: 2.8707e-02 / 5.4978e-02
  x_2: 8.2844e-01 / 1.2819e+00
  x_3: 5.5089e-01 / 6.9614e-01
parameter errors (|err| / spread):
  theta_1: 1.6497e-01 / 5.9689e-07
  theta_2: 5.0391e-01 / 1.6549e-10
disturbance: L2=9.2767e-02, sup=1.8020e-01
output fit: L2=7.8479e-02
22:31:35 | INFO    | train_pibe         | oracle comparison (train, scored on the quadratic objective):
 cell |   L_Loc @ truth | L_Loc @ trained | winner
------------------------------------------------------------
    2 |      2.5036e-03 |      3.3119e-01 | truth
    3 |      5.4338e-36 |      2.2987e-02 | truth
    4 |      2.6223e-35 |      6.4556e-02 | truth
------------------------------------------------------------
L_Tot @ truth   : 1.5185e-03
L_Tot @ trained : 2.8334e-01

verdict: optimization failure: the true solution attains a lower objective than training reached, so it is representable and preferred but was not found. Lengthen end-to-end fine-tuning (lower N_par / raise lr_global) and check that no head is pinned to the boundary of its admissible box.
22:31:35 | INFO    | train_pibe         | learned residual densities:
 cell |      rho_k |     B_E |        L_E |  nodes |    spacing |  |1-int p|
----------------------------------------------------------------------------
    2 |       0.15 |      12 |       2350 |   1024 |   0.000293 |   2.22e-16
    3 |       0.15 |      12 |  1.143e+05 |   1024 |   0.000293 |   1.11e-16
    4 |       0.15 |      12 |  4.066e+04 |   1024 |   0.000293 |   4.44e-16
  mu_omega_hat = +7.753794e-02 (Eq. 54)   true sensor bias = +5.000000e-02
22:31:35 | INFO    | pibe.eval.figures  | wrote outputs/n3v2_epibe/figures/states.png
22:31:35 | INFO    | pibe.eval.figures  | wrote outputs/n3v2_epibe/figures/disturbance.png
22:31:35 | INFO    | matplotlib.mathtext | Substituting symbol A from STIXNonUnicode
22:31:35 | INFO    | pibe.eval.figures  | wrote outputs/n3v2_epibe/figures/parameters.png
22:31:35 | INFO    | pibe.eval.figures  | wrote outputs/n3v2_epibe/figures/errors.png
22:31:35 | INFO    | train_pibe         | figures: states.png, disturbance.png, parameters.png, errors.png
22:31:35 | INFO    | train_pibe         | artifacts written to outputs/n3v2_epibe
