14:16:31 | INFO    | train_pibe         | experiment:
system            : automatica_n3v2(n=3) on cpu (torch.float64)
true theta        : [0.23502650090327654, 0.10390993219989397]
disturbance       : one a shared by all trajectories
basis             : FourierBasis(q=3, H=2, omega=1.25664, horizon=[0, 20], periods=4)
  lambda_min(W)   : 1.0000e+01   (Eq. 3, must be > 0)
  eps_(d,q)       : 0.0000e+00
noise             : TruncatedGaussianNoise(sigma=0.05, bound=0.15000000000000002)
data              : TrajectoryData(P=64, N=201, n=3, horizon=[0, 20])
  train / val     : 51 / 13
  data fill h_d   : 5.0000e-02
  coll fill h_r   : 2.5000e-02
bank              : cells 2..4, 271850 parameters
estimator         : PIBE (Algorithm 1)
14:16:32 | INFO    | train_pibe         | disturbance observability  (sigma = 0.05, N = 201)
  i |       gain |    settled |  signature |     SNR |  eff SNR |
----------------------------------------------------------------------------
  1 |  1.472e-01 |  1.395e-01 |  2.511e-02 |    0.50 |     7.12 |  <- below the noise floor
  2 |  1.369e-01 |  1.401e-01 |  2.522e-02 |    0.50 |     7.15 |  <- below the noise floor
  3 |  4.558e-02 |  3.413e-02 |  4.096e-03 |    0.08 |     1.16 |  <- below the noise floor

basis function 3 leaves a trace 0.08x the noise; it is not
recoverable pointwise. Reduce sigma, lower the basis frequency, lengthen the
horizon, or reduce q -- training cannot help.
14:16:32 | INFO    | pibe.training.trainer | cell 2/4: 3000 local iterations then 3000 fine-tuning iterations
14:16:32 | INFO    | pibe.training.trainer |   cell 2 | i=    0 | local  | obj=1.2115e+01 | data=1.1821e+01 | phys=2.9430e-01 | |g|=7.44e+01
14:16:47 | INFO    | pibe.training.trainer |   cell 2 | i=  500 | local  | obj=3.3356e-03 | data=3.1966e-03 | phys=1.3905e-04 | |g|=2.56e-01
14:17:01 | INFO    | pibe.training.trainer |   cell 2 | i= 1000 | local  | obj=8.8644e-03 | data=5.7106e-03 | phys=3.1538e-03 | |g|=2.02e+00
14:17:15 | INFO    | pibe.training.trainer |   cell 2 | i= 1500 | local  | obj=2.7339e-03 | data=2.6690e-03 | phys=6.4867e-05 | |g|=3.44e-02
14:17:30 | INFO    | pibe.training.trainer |   cell 2 | i= 2000 | local  | obj=2.8347e-03 | data=2.7692e-03 | phys=6.5525e-05 | |g|=4.36e-01
14:17:44 | INFO    | pibe.training.trainer |   cell 2 | i= 2500 | local  | obj=2.5461e-03 | data=2.5150e-03 | phys=3.1096e-05 | |g|=1.02e-01
14:17:59 | INFO    | pibe.training.trainer |   cell 2 | i= 3000 | global | obj=2.5142e-03 | data=2.4839e-03 | phys=3.0297e-05 | |g|=1.80e-01
14:18:13 | INFO    | pibe.training.trainer |   cell 2 | i= 3500 | global | obj=2.6118e-03 | data=2.5800e-03 | phys=3.1820e-05 | |g|=1.07e-01
14:18:28 | INFO    | pibe.training.trainer |   cell 2 | i= 4000 | global | obj=2.4014e-03 | data=2.3843e-03 | phys=1.7081e-05 | |g|=1.11e-01
14:18:42 | INFO    | pibe.training.trainer |   cell 2 | i= 4500 | global | obj=2.4777e-03 | data=2.4605e-03 | phys=1.7238e-05 | |g|=4.16e-02
14:18:57 | INFO    | pibe.training.trainer |   cell 2 | i= 5000 | global | obj=2.4597e-03 | data=2.4428e-03 | phys=1.6959e-05 | |g|=1.57e-02
14:19:11 | INFO    | pibe.training.trainer |   cell 2 | i= 5500 | global | obj=2.4261e-03 | data=2.4111e-03 | phys=1.5013e-05 | |g|=3.07e-02
14:19:26 | INFO    | pibe.training.trainer |   cell 2 | i= 5999 | global | obj=2.3717e-03 | data=2.3580e-03 | phys=1.3694e-05 | |g|=1.77e-02
14:19:26 | INFO    | pibe.training.trainer |   cell 2 done in 174.2s | val local=2.5286e-03 (data=2.4869e-03, phys=4.1732e-05)
14:19:26 | INFO    | pibe.training.trainer | cell 3/4: 3000 local iterations then 3000 fine-tuning iterations
14:19:26 | INFO    | pibe.training.trainer |   cell 3 | i=    0 | local  | obj=6.0922e-01 | data=5.1547e-01 | phys=9.3752e-02 | |g|=6.78e+00
14:19:47 | INFO    | pibe.training.trainer |   cell 3 | i=  500 | local  | obj=4.8717e-04 | data=3.1592e-04 | phys=1.7125e-04 | |g|=4.71e-02
14:20:09 | INFO    | pibe.training.trainer |   cell 3 | i= 1000 | local  | obj=2.5220e-04 | data=1.8508e-04 | phys=6.7113e-05 | |g|=1.64e-01
14:20:30 | INFO    | pibe.training.trainer |   cell 3 | i= 1500 | local  | obj=1.0446e-04 | data=6.0894e-05 | phys=4.3564e-05 | |g|=4.24e-02
14:20:52 | INFO    | pibe.training.trainer |   cell 3 | i= 2000 | local  | obj=6.5430e-05 | data=4.2035e-05 | phys=2.3395e-05 | |g|=2.49e-02
14:21:14 | INFO    | pibe.training.trainer |   cell 3 | i= 2500 | local  | obj=6.5615e-05 | data=4.2230e-05 | phys=2.3385e-05 | |g|=6.55e-02
14:21:36 | INFO    | pibe.training.trainer |   cell 3 | i= 3000 | global | obj=1.8303e-03 | data=3.1739e-05 | phys=2.4648e-05 | |g|=5.45e-02
14:22:06 | INFO    | pibe.training.trainer |   cell 3 | i= 3500 | global | obj=1.8550e-03 | data=2.1994e-05 | phys=7.1011e-06 | |g|=2.98e-01
14:22:37 | INFO    | pibe.training.trainer |   cell 3 | i= 4000 | global | obj=1.9348e-03 | data=1.4132e-05 | phys=7.9048e-06 | |g|=2.64e-01
14:23:08 | INFO    | pibe.training.trainer |   cell 3 | i= 4500 | global | obj=1.7641e-03 | data=1.2960e-05 | phys=6.8720e-06 | |g|=3.25e-02
14:23:39 | INFO    | pibe.training.trainer |   cell 3 | i= 5000 | global | obj=1.7973e-03 | data=6.9423e-06 | phys=5.7219e-06 | |g|=2.78e-02
14:24:10 | INFO    | pibe.training.trainer |   cell 3 | i= 5500 | global | obj=1.7298e-03 | data=5.7710e-06 | phys=4.6536e-06 | |g|=1.47e-02
14:24:43 | INFO    | pibe.training.trainer |   cell 3 | i= 5999 | global | obj=1.7518e-03 | data=7.4149e-06 | phys=3.7128e-06 | |g|=4.53e-03
14:24:43 | INFO    | pibe.training.trainer |   cell 3 done in 316.7s | val local=2.7279e-05 (data=1.5736e-05, phys=1.1542e-05)
14:24:43 | INFO    | pibe.training.trainer | cell 4/4: 3000 local iterations then 3000 fine-tuning iterations
14:24:43 | INFO    | pibe.training.trainer |   cell 4 | i=    0 | local  | obj=3.5032e+00 | data=4.0935e-01 | phys=3.0939e+00 | |g|=1.77e+01
14:25:15 | INFO    | pibe.training.trainer |   cell 4 | i=  500 | local  | obj=3.5384e-01 | data=2.6481e-01 | phys=8.9028e-02 | |g|=3.92e+00
14:25:44 | INFO    | pibe.training.trainer |   cell 4 | i= 1000 | local  | obj=3.4230e-01 | data=3.0359e-01 | phys=3.8713e-02 | |g|=2.04e-01
14:26:14 | INFO    | pibe.training.trainer |   cell 4 | i= 1500 | local  | obj=3.4394e-01 | data=2.8909e-01 | phys=5.4848e-02 | |g|=1.32e+00
14:26:48 | INFO    | pibe.training.trainer |   cell 4 | i= 2000 | local  | obj=3.4556e-01 | data=3.1019e-01 | phys=3.5363e-02 | |g|=5.20e-01
14:27:23 | INFO    | pibe.training.trainer |   cell 4 | i= 2500 | local  | obj=3.4848e-01 | data=2.8929e-01 | phys=5.9196e-02 | |g|=1.59e+00
14:27:58 | INFO    | pibe.training.trainer |   cell 4 | i= 3000 | global | obj=3.4423e-01 | data=2.9763e-01 | phys=4.5130e-02 | |g|=8.55e+00
14:28:46 | INFO    | pibe.training.trainer |   cell 4 | i= 3500 | global | obj=1.9306e-03 | data=5.8678e-05 | phys=1.9901e-04 | |g|=6.18e-01
14:29:33 | INFO    | pibe.training.trainer |   cell 4 | i= 4000 | global | obj=1.6705e-03 | data=3.1525e-05 | phys=4.3002e-05 | |g|=2.02e-01
14:30:23 | INFO    | pibe.training.trainer |   cell 4 | i= 4500 | global | obj=3.0801e-03 | data=1.2334e-04 | phys=1.0922e-03 | |g|=1.50e+00
14:31:12 | INFO    | pibe.training.trainer |   cell 4 | i= 5000 | global | obj=1.9176e-03 | data=5.0257e-05 | phys=2.0835e-04 | |g|=6.30e-01
14:32:01 | INFO    | pibe.training.trainer |   cell 4 | i= 5500 | global | obj=3.3366e-03 | data=4.7406e-04 | phys=7.5911e-05 | |g|=8.68e-01
14:32:49 | INFO    | pibe.training.trainer |   cell 4 | i= 6000 | global | obj=1.7196e-03 | data=3.4852e-05 | phys=5.0637e-05 | |g|=2.38e-01
14:33:37 | INFO    | pibe.training.trainer |   cell 4 | i= 6500 | global | obj=1.8534e-03 | data=2.8011e-05 | phys=1.3068e-04 | |g|=5.06e-01
14:34:24 | INFO    | pibe.training.trainer |   cell 4 | i= 7000 | global | obj=1.4945e-03 | data=1.1462e-05 | phys=2.6260e-05 | |g|=1.30e-01
14:35:12 | INFO    | pibe.training.trainer |   cell 4 | i= 7500 | global | obj=3.0177e-03 | data=1.6082e-04 | phys=1.7211e-04 | |g|=7.48e-01
14:35:59 | INFO    | pibe.training.trainer |   cell 4 | i= 8000 | global | obj=1.5347e-03 | data=8.9998e-06 | phys=2.8934e-05 | |g|=1.73e-01
14:36:48 | INFO    | pibe.training.trainer |   cell 4 | i= 8500 | global | obj=1.8630e-03 | data=4.6145e-05 | phys=2.6559e-04 | |g|=4.73e-01
14:37:41 | INFO    | pibe.training.trainer |   cell 4 | i= 9000 | global | obj=1.9004e-03 | data=4.1875e-05 | phys=5.8705e-05 | |g|=2.28e-01
14:38:37 | INFO    | pibe.training.trainer |   cell 4 | i= 9500 | global | obj=1.5432e-03 | data=4.2719e-06 | phys=6.8299e-06 | |g|=2.09e-02
14:39:33 | INFO    | pibe.training.trainer |   cell 4 | i=10000 | global | obj=1.5432e-03 | data=1.0052e-05 | phys=4.0660e-05 | |g|=7.84e-02
14:40:25 | INFO    | pibe.training.trainer |   cell 4 | i=10500 | global | obj=1.5323e-03 | data=1.7886e-05 | phys=8.1760e-05 | |g|=3.62e-01
14:41:16 | INFO    | pibe.training.trainer |   cell 4 | i=11000 | global | obj=1.5938e-03 | data=7.2972e-06 | phys=8.5909e-05 | |g|=3.27e-01
14:42:05 | INFO    | pibe.training.trainer |   cell 4 | i=11500 | global | obj=1.7531e-03 | data=2.5788e-05 | phys=1.5778e-04 | |g|=4.94e-01
14:42:53 | INFO    | pibe.training.trainer |   cell 4 | i=12000 | global | obj=1.4960e-03 | data=4.2236e-06 | phys=5.1713e-06 | |g|=3.56e-02
14:43:42 | INFO    | pibe.training.trainer |   cell 4 | i=12500 | global | obj=1.4818e-03 | data=3.3370e-06 | phys=2.6753e-05 | |g|=6.92e-02
14:44:29 | INFO    | pibe.training.trainer |   cell 4 | i=13000 | global | obj=1.4468e-03 | data=6.1417e-06 | phys=8.4878e-06 | |g|=9.67e-02
14:45:17 | INFO    | pibe.training.trainer |   cell 4 | i=13500 | global | obj=1.5630e-03 | data=2.4401e-05 | phys=6.3565e-06 | |g|=1.69e-01
14:46:07 | INFO    | pibe.training.trainer |   cell 4 | i=14000 | global | obj=1.4658e-03 | data=6.5185e-06 | phys=9.4129e-06 | |g|=5.89e-02
14:47:07 | INFO    | pibe.training.trainer |   cell 4 | i=14500 | global | obj=1.5673e-03 | data=9.9189e-06 | phys=7.8514e-05 | |g|=3.43e-01
14:47:56 | INFO    | pibe.training.trainer |   cell 4 | i=15000 | global | obj=1.4852e-03 | data=5.2054e-06 | phys=1.7421e-05 | |g|=1.63e-01
14:48:43 | INFO    | pibe.training.trainer |   cell 4 | i=15500 | global | obj=1.4837e-03 | data=3.0173e-06 | phys=5.7543e-06 | |g|=3.60e-02
14:49:29 | INFO    | pibe.training.trainer |   cell 4 | i=16000 | global | obj=1.4698e-03 | data=2.7387e-06 | phys=8.4327e-06 | |g|=8.31e-02
14:50:23 | INFO    | pibe.training.trainer |   cell 4 | i=16500 | global | obj=1.5560e-03 | data=1.4929e-05 | phys=4.9895e-06 | |g|=1.43e-01
14:51:10 | INFO    | pibe.training.trainer |   cell 4 | i=17000 | global | obj=1.4767e-03 | data=4.2004e-06 | phys=2.1376e-05 | |g|=1.87e-01
14:52:11 | INFO    | pibe.training.trainer |   cell 4 | i=17500 | global | obj=1.4783e-03 | data=1.5259e-06 | phys=3.6150e-06 | |g|=1.82e-02
14:53:04 | INFO    | pibe.training.trainer |   cell 4 | i=18000 | global | obj=1.4862e-03 | data=6.1296e-06 | phys=1.6699e-05 | |g|=1.23e-01
14:53:51 | INFO    | pibe.training.trainer |   cell 4 | i=18500 | global | obj=1.4292e-03 | data=1.4037e-06 | phys=3.3568e-06 | |g|=1.18e-02
14:54:38 | INFO    | pibe.training.trainer |   cell 4 | i=19000 | global | obj=1.4035e-03 | data=1.1230e-06 | phys=3.4111e-06 | |g|=1.54e-02
14:55:26 | INFO    | pibe.training.trainer |   cell 4 | i=19500 | global | obj=1.4867e-03 | data=1.7402e-06 | phys=7.7041e-06 | |g|=7.90e-02
14:56:15 | INFO    | pibe.training.trainer |   cell 4 | i=20000 | global | obj=1.4567e-03 | data=1.5224e-06 | phys=9.1727e-06 | |g|=7.34e-02
14:57:06 | INFO    | pibe.training.trainer |   cell 4 | i=20500 | global | obj=1.5145e-03 | data=1.3896e-06 | phys=4.8819e-05 | |g|=2.55e-01
14:57:55 | INFO    | pibe.training.trainer |   cell 4 | i=21000 | global | obj=1.4443e-03 | data=1.2646e-06 | phys=3.2127e-06 | |g|=2.59e-02
14:58:34 | INFO    | pibe.training.trainer |   cell 4 | i=21500 | global | obj=1.4356e-03 | data=1.6490e-06 | phys=1.8513e-05 | |g|=1.51e-01
14:59:12 | INFO    | pibe.training.trainer |   cell 4 | i=22000 | global | obj=1.4943e-03 | data=4.4400e-06 | phys=5.6073e-06 | |g|=8.61e-02
14:59:51 | INFO    | pibe.training.trainer |   cell 4 | i=22500 | global | obj=1.5123e-03 | data=1.1608e-05 | phys=2.8880e-05 | |g|=1.77e-01
15:00:29 | INFO    | pibe.training.trainer |   cell 4 | i=23000 | global | obj=1.4397e-03 | data=9.9165e-07 | phys=3.2296e-06 | |g|=2.45e-02
15:01:08 | INFO    | pibe.training.trainer |   cell 4 | i=23500 | global | obj=1.4599e-03 | data=1.3530e-06 | phys=8.4681e-06 | |g|=8.64e-02
15:01:46 | INFO    | pibe.training.trainer |   cell 4 | i=24000 | global | obj=1.4408e-03 | data=8.3090e-07 | phys=3.0747e-06 | |g|=1.36e-02
15:02:25 | INFO    | pibe.training.trainer |   cell 4 | i=24500 | global | obj=1.4720e-03 | data=1.2922e-06 | phys=2.6624e-06 | |g|=3.39e-02
15:03:07 | INFO    | pibe.training.trainer |   cell 4 | i=25000 | global | obj=1.4618e-03 | data=2.6819e-06 | phys=2.5244e-06 | |g|=6.56e-02
15:03:49 | INFO    | pibe.training.trainer |   cell 4 | i=25500 | global | obj=1.4377e-03 | data=1.3888e-06 | phys=3.7834e-06 | |g|=1.98e-02
15:04:39 | INFO    | pibe.training.trainer |   cell 4 | i=26000 | global | obj=1.4312e-03 | data=9.3853e-07 | phys=2.4743e-06 | |g|=1.43e-02
15:05:29 | INFO    | pibe.training.trainer |   cell 4 | i=26500 | global | obj=1.4371e-03 | data=1.0305e-06 | phys=4.0801e-06 | |g|=1.57e-02
15:06:20 | INFO    | pibe.training.trainer |   cell 4 | i=27000 | global | obj=1.4398e-03 | data=1.2339e-06 | phys=2.9776e-06 | |g|=4.34e-02
15:07:10 | INFO    | pibe.training.trainer |   cell 4 | i=27500 | global | obj=1.4504e-03 | data=6.7545e-07 | phys=2.3299e-06 | |g|=9.34e-03
15:07:57 | INFO    | pibe.training.trainer |   cell 4 | i=28000 | global | obj=1.4533e-03 | data=6.8938e-07 | phys=2.1077e-06 | |g|=1.48e-02
15:08:38 | INFO    | pibe.training.trainer |   cell 4 | i=28500 | global | obj=1.4815e-03 | data=7.7355e-07 | phys=2.3225e-06 | |g|=2.06e-02
15:09:18 | INFO    | pibe.training.trainer |   cell 4 | i=29000 | global | obj=1.4793e-03 | data=8.5344e-07 | phys=2.4636e-06 | |g|=1.93e-02
15:09:59 | INFO    | pibe.training.trainer |   cell 4 | i=29500 | global | obj=1.3866e-03 | data=7.3303e-07 | phys=2.3204e-06 | |g|=2.44e-02
15:10:40 | INFO    | pibe.training.trainer |   cell 4 | i=30000 | global | obj=1.4042e-03 | data=8.5542e-07 | phys=2.5967e-06 | |g|=2.46e-02
15:11:19 | INFO    | pibe.training.trainer |   cell 4 | i=30500 | global | obj=1.4302e-03 | data=6.8666e-07 | phys=2.1516e-06 | |g|=5.91e-03
15:12:01 | INFO    | pibe.training.trainer |   cell 4 | i=31000 | global | obj=1.4190e-03 | data=6.8744e-07 | phys=2.0020e-06 | |g|=6.79e-03
15:12:42 | INFO    | pibe.training.trainer |   cell 4 | i=31500 | global | obj=1.3993e-03 | data=7.3729e-07 | phys=2.1549e-06 | |g|=3.52e-03
15:13:25 | INFO    | pibe.training.trainer |   cell 4 | i=32000 | global | obj=1.5017e-03 | data=9.7105e-07 | phys=2.2966e-06 | |g|=1.61e-02
15:14:06 | INFO    | pibe.training.trainer |   cell 4 | i=32500 | global | obj=1.4514e-03 | data=6.3914e-07 | phys=1.7670e-06 | |g|=9.37e-03
15:14:49 | INFO    | pibe.training.trainer |   cell 4 | i=33000 | global | obj=1.4274e-03 | data=7.7313e-07 | phys=2.1126e-06 | |g|=9.49e-03
15:15:39 | INFO    | pibe.training.trainer |   cell 4 | i=33500 | global | obj=1.4574e-03 | data=7.1386e-07 | phys=2.0068e-06 | |g|=4.48e-03
15:16:28 | INFO    | pibe.training.trainer |   cell 4 | i=34000 | global | obj=1.4345e-03 | data=6.0628e-07 | phys=1.9213e-06 | |g|=6.10e-03
15:17:23 | INFO    | pibe.training.trainer |   cell 4 | i=34500 | global | obj=1.4186e-03 | data=6.8382e-07 | phys=2.1297e-06 | |g|=1.78e-03
15:18:22 | INFO    | pibe.training.trainer |   cell 4 | i=35000 | global | obj=1.4242e-03 | data=5.8862e-07 | phys=1.7839e-06 | |g|=2.84e-03
15:19:09 | INFO    | pibe.training.trainer |   cell 4 | i=35500 | global | obj=1.4038e-03 | data=5.9589e-07 | phys=1.7893e-06 | |g|=1.47e-03
15:19:55 | INFO    | pibe.training.trainer |   cell 4 | i=35999 | global | obj=1.4164e-03 | data=7.1958e-07 | phys=2.0731e-06 | |g|=1.97e-03
15:19:55 | INFO    | pibe.training.trainer |   cell 4 done in 3312.5s | val local=2.5701e-05 (data=3.1350e-06, phys=2.2566e-05)
15:19:55 | INFO    | train_pibe         | train metrics:
state errors (L2 / sup):
  x_1: 7.9251e-03 / 6.7296e-02
  x_2: 1.5329e-02 / 1.8030e-01
  x_3: 2.4170e-02 / 4.2186e-01
parameter errors (|err| / spread):
  theta_1: 7.8026e-03 / 9.3334e-03
  theta_2: 6.6991e-03 / 7.9923e-03
disturbance: L2=1.4955e-02, sup=4.0561e-02
output fit: L2=4.8333e-02
15:19:55 | INFO    | train_pibe         | val metrics:
state errors (L2 / sup):
  x_1: 9.7059e-03 / 5.4743e-02
  x_2: 1.6070e-02 / 2.0377e-01
  x_3: 2.2617e-02 / 3.3444e-01
parameter errors (|err| / spread):
  theta_1: 8.4386e-03 / 8.8383e-03
  theta_2: 7.2843e-03 / 7.5522e-03
disturbance: L2=1.4450e-02, sup=3.5558e-02
output fit: L2=4.9094e-02
15:19:58 | INFO    | train_pibe         | oracle comparison (train):
 cell |   L_Loc @ truth | L_Loc @ trained | winner
------------------------------------------------------------
    2 |      2.4635e-03 |      2.3634e-03 | trained
    3 |      5.4338e-36 |      2.5088e-06 | truth
    4 |      2.6223e-35 |      2.6245e-06 | truth
------------------------------------------------------------
L_Tot @ truth   : 1.4942e-03
L_Tot @ trained : 1.4381e-03
noise floor     : 2.4333e-03 (the cell-2 data term cannot honestly go below this)

verdict: loss-design failure: the objective scores the trained solution at or below the truth, so optimization cannot recover the parameters. This is the Remark 7 degeneracy; it needs excitation (Assumption 6) or extra information, not more training.
15:19:59 | INFO    | pibe.eval.figures  | wrote outputs/n3v2_hard_gauss/figures/states.png
15:19:59 | INFO    | pibe.eval.figures  | wrote outputs/n3v2_hard_gauss/figures/disturbance.png
15:19:59 | INFO    | matplotlib.mathtext | Substituting symbol A from STIXNonUnicode
15:19:59 | INFO    | pibe.eval.figures  | wrote outputs/n3v2_hard_gauss/figures/parameters.png
15:19:59 | INFO    | pibe.eval.figures  | wrote outputs/n3v2_hard_gauss/figures/errors.png
15:19:59 | INFO    | train_pibe         | figures: states.png, disturbance.png, parameters.png, errors.png
15:19:59 | INFO    | train_pibe         | artifacts written to outputs/n3v2_hard_gauss
