14:16:28 | INFO    | train_pibe         | experiment:
system            : automatica_n3v2(n=3) on cpu (torch.float64)
true theta        : [0.23502650090327654, 0.10390993219989397]
disturbance       : one a shared by all trajectories
basis             : FourierBasis(q=3, H=2, omega=1.25664, horizon=[0, 20], periods=4)
  lambda_min(W)   : 1.0000e+01   (Eq. 3, must be > 0)
  eps_(d,q)       : 0.0000e+00
noise             : ContaminatedGaussianNoise(sigma=0.05, bound=0.5971)
data              : TrajectoryData(P=64, N=201, n=3, horizon=[0, 20])
  train / val     : 51 / 13
  data fill h_d   : 5.0000e-02
  coll fill h_r   : 2.5000e-02
bank              : cells 2..4, 271850 parameters
estimator         : PIBE (Algorithm 1)
14:16:28 | INFO    | train_pibe         | disturbance observability  (sigma = 0.05, N = 201)
  i |       gain |    settled |  signature |     SNR |  eff SNR |
----------------------------------------------------------------------------
  1 |  1.472e-01 |  1.395e-01 |  2.511e-02 |    0.50 |     7.12 |  <- below the noise floor
  2 |  1.369e-01 |  1.401e-01 |  2.522e-02 |    0.50 |     7.15 |  <- below the noise floor
  3 |  4.558e-02 |  3.413e-02 |  4.096e-03 |    0.08 |     1.16 |  <- below the noise floor

basis function 3 leaves a trace 0.08x the noise; it is not
recoverable pointwise. Reduce sigma, lower the basis frequency, lengthen the
horizon, or reduce q -- training cannot help.
14:16:28 | INFO    | pibe.training.trainer | cell 2/4: 3000 local iterations then 3000 fine-tuning iterations
14:16:29 | INFO    | pibe.training.trainer |   cell 2 | i=    0 | local  | obj=1.2097e+01 | data=1.1801e+01 | phys=2.9599e-01 | |g|=7.47e+01
14:16:42 | INFO    | pibe.training.trainer |   cell 2 | i=  500 | local  | obj=7.1980e-03 | data=6.5001e-03 | phys=6.9794e-04 | |g|=2.36e+00
14:16:56 | INFO    | pibe.training.trainer |   cell 2 | i= 1000 | local  | obj=4.9222e-03 | data=4.3420e-03 | phys=5.8025e-04 | |g|=1.30e+00
14:17:11 | INFO    | pibe.training.trainer |   cell 2 | i= 1500 | local  | obj=2.6378e-03 | data=2.5658e-03 | phys=7.2078e-05 | |g|=6.28e-02
14:17:25 | INFO    | pibe.training.trainer |   cell 2 | i= 2000 | local  | obj=2.7270e-03 | data=2.6434e-03 | phys=8.3581e-05 | |g|=3.46e-01
14:17:40 | INFO    | pibe.training.trainer |   cell 2 | i= 2500 | local  | obj=2.7793e-03 | data=2.7537e-03 | phys=2.5589e-05 | |g|=3.68e-02
14:17:54 | INFO    | pibe.training.trainer |   cell 2 | i= 3000 | global | obj=2.6357e-03 | data=2.5888e-03 | phys=4.6904e-05 | |g|=3.15e-01
14:18:09 | INFO    | pibe.training.trainer |   cell 2 | i= 3500 | global | obj=3.1199e-03 | data=3.0745e-03 | phys=4.5419e-05 | |g|=2.88e-01
14:18:23 | INFO    | pibe.training.trainer |   cell 2 | i= 4000 | global | obj=2.8591e-03 | data=2.8357e-03 | phys=2.3413e-05 | |g|=2.50e-02
14:18:38 | INFO    | pibe.training.trainer |   cell 2 | i= 4500 | global | obj=2.6867e-03 | data=2.6694e-03 | phys=1.7345e-05 | |g|=4.06e-02
14:18:52 | INFO    | pibe.training.trainer |   cell 2 | i= 5000 | global | obj=2.6017e-03 | data=2.5812e-03 | phys=2.0501e-05 | |g|=1.48e-02
14:19:07 | INFO    | pibe.training.trainer |   cell 2 | i= 5500 | global | obj=2.9062e-03 | data=2.8877e-03 | phys=1.8468e-05 | |g|=1.31e-02
14:19:21 | INFO    | pibe.training.trainer |   cell 2 | i= 5999 | global | obj=2.4463e-03 | data=2.4331e-03 | phys=1.3172e-05 | |g|=2.15e-02
14:19:21 | INFO    | pibe.training.trainer |   cell 2 done in 172.9s | val local=2.7113e-03 (data=2.6531e-03, phys=5.8206e-05)
14:19:21 | INFO    | pibe.training.trainer | cell 3/4: 3000 local iterations then 3000 fine-tuning iterations
14:19:21 | INFO    | pibe.training.trainer |   cell 3 | i=    0 | local  | obj=6.0122e-01 | data=5.0888e-01 | phys=9.2337e-02 | |g|=6.73e+00
14:19:42 | INFO    | pibe.training.trainer |   cell 3 | i=  500 | local  | obj=5.2878e-04 | data=3.2351e-04 | phys=2.0527e-04 | |g|=4.34e-02
14:20:04 | INFO    | pibe.training.trainer |   cell 3 | i= 1000 | local  | obj=2.0980e-04 | data=9.8630e-05 | phys=1.1117e-04 | |g|=6.27e-02
14:20:25 | INFO    | pibe.training.trainer |   cell 3 | i= 1500 | local  | obj=1.7684e-04 | data=8.5544e-05 | phys=9.1297e-05 | |g|=9.61e-02
14:20:47 | INFO    | pibe.training.trainer |   cell 3 | i= 2000 | local  | obj=1.0030e-04 | data=5.5585e-05 | phys=4.4710e-05 | |g|=6.17e-02
14:21:09 | INFO    | pibe.training.trainer |   cell 3 | i= 2500 | local  | obj=7.1046e-05 | data=5.1611e-05 | phys=1.9435e-05 | |g|=4.46e-02
14:21:31 | INFO    | pibe.training.trainer |   cell 3 | i= 3000 | global | obj=1.7628e-03 | data=3.2821e-05 | phys=1.8506e-05 | |g|=2.81e-02
14:22:02 | INFO    | pibe.training.trainer |   cell 3 | i= 3500 | global | obj=2.1044e-03 | data=1.5438e-05 | phys=7.0320e-06 | |g|=2.03e-01
14:22:32 | INFO    | pibe.training.trainer |   cell 3 | i= 4000 | global | obj=1.8306e-03 | data=1.7377e-05 | phys=9.3315e-06 | |g|=1.08e-01
14:23:03 | INFO    | pibe.training.trainer |   cell 3 | i= 4500 | global | obj=1.9531e-03 | data=1.3208e-05 | phys=5.9726e-06 | |g|=6.27e-02
14:23:34 | INFO    | pibe.training.trainer |   cell 3 | i= 5000 | global | obj=2.0200e-03 | data=7.0343e-06 | phys=3.9162e-06 | |g|=1.19e-02
14:24:05 | INFO    | pibe.training.trainer |   cell 3 | i= 5500 | global | obj=1.7637e-03 | data=5.5764e-06 | phys=4.8224e-06 | |g|=1.98e-02
14:24:36 | INFO    | pibe.training.trainer |   cell 3 | i= 5999 | global | obj=1.8804e-03 | data=6.2805e-06 | phys=3.6919e-06 | |g|=6.56e-03
14:24:36 | INFO    | pibe.training.trainer |   cell 3 done in 314.7s | val local=3.4668e-05 (data=1.9687e-05, phys=1.4981e-05)
14:24:36 | INFO    | pibe.training.trainer | cell 4/4: 3000 local iterations then 3000 fine-tuning iterations
14:24:36 | INFO    | pibe.training.trainer |   cell 4 | i=    0 | local  | obj=3.4799e+00 | data=4.1699e-01 | phys=3.0629e+00 | |g|=1.77e+01
14:25:10 | INFO    | pibe.training.trainer |   cell 4 | i=  500 | local  | obj=3.4883e-01 | data=2.8070e-01 | phys=6.8123e-02 | |g|=2.55e+00
14:25:39 | INFO    | pibe.training.trainer |   cell 4 | i= 1000 | local  | obj=3.4690e-01 | data=2.9192e-01 | phys=5.4980e-02 | |g|=1.25e+00
14:26:09 | INFO    | pibe.training.trainer |   cell 4 | i= 1500 | local  | obj=3.4705e-01 | data=2.9466e-01 | phys=5.2393e-02 | |g|=1.06e+00
14:26:42 | INFO    | pibe.training.trainer |   cell 4 | i= 2000 | local  | obj=3.4826e-01 | data=3.0387e-01 | phys=4.4387e-02 | |g|=3.65e-01
14:27:17 | INFO    | pibe.training.trainer |   cell 4 | i= 2500 | local  | obj=3.4780e-01 | data=3.0609e-01 | phys=4.1713e-02 | |g|=9.67e-02
14:27:52 | INFO    | pibe.training.trainer |   cell 4 | i= 3000 | global | obj=3.4695e-01 | data=3.0401e-01 | phys=4.1314e-02 | |g|=9.53e+00
14:28:42 | INFO    | pibe.training.trainer |   cell 4 | i= 3500 | global | obj=3.7021e-03 | data=5.8539e-05 | phys=1.5454e-03 | |g|=1.79e+00
14:29:29 | INFO    | pibe.training.trainer |   cell 4 | i= 4000 | global | obj=1.7958e-03 | data=3.5742e-05 | phys=4.5404e-05 | |g|=1.17e-01
14:30:19 | INFO    | pibe.training.trainer |   cell 4 | i= 4500 | global | obj=1.9686e-03 | data=3.4296e-05 | phys=4.4132e-05 | |g|=1.58e-01
14:31:07 | INFO    | pibe.training.trainer |   cell 4 | i= 5000 | global | obj=2.0447e-03 | data=8.2502e-05 | phys=1.4838e-04 | |g|=5.07e-01
14:31:56 | INFO    | pibe.training.trainer |   cell 4 | i= 5500 | global | obj=1.9424e-03 | data=3.2846e-05 | phys=9.5973e-05 | |g|=3.90e-01
14:32:44 | INFO    | pibe.training.trainer |   cell 4 | i= 6000 | global | obj=1.8298e-03 | data=2.1747e-05 | phys=1.9032e-05 | |g|=1.44e-01
14:33:33 | INFO    | pibe.training.trainer |   cell 4 | i= 6500 | global | obj=1.7606e-03 | data=2.3449e-05 | phys=7.3371e-05 | |g|=3.73e-01
14:34:19 | INFO    | pibe.training.trainer |   cell 4 | i= 7000 | global | obj=1.5194e-03 | data=1.2552e-05 | phys=1.9753e-05 | |g|=1.57e-01
14:35:08 | INFO    | pibe.training.trainer |   cell 4 | i= 7500 | global | obj=1.7011e-03 | data=3.1624e-05 | phys=1.1440e-04 | |g|=4.41e-01
14:35:55 | INFO    | pibe.training.trainer |   cell 4 | i= 8000 | global | obj=1.7882e-03 | data=1.3527e-05 | phys=8.1590e-05 | |g|=3.61e-01
14:36:44 | INFO    | pibe.training.trainer |   cell 4 | i= 8500 | global | obj=1.6869e-03 | data=9.0475e-06 | phys=2.4040e-04 | |g|=5.98e-01
14:37:36 | INFO    | pibe.training.trainer |   cell 4 | i= 9000 | global | obj=1.6272e-03 | data=1.8221e-05 | phys=1.0666e-04 | |g|=4.39e-01
14:38:31 | INFO    | pibe.training.trainer |   cell 4 | i= 9500 | global | obj=1.6772e-03 | data=5.5838e-06 | phys=1.7449e-05 | |g|=1.36e-01
14:39:29 | INFO    | pibe.training.trainer |   cell 4 | i=10000 | global | obj=1.7448e-03 | data=1.6449e-05 | phys=8.3208e-05 | |g|=3.30e-01
14:40:20 | INFO    | pibe.training.trainer |   cell 4 | i=10500 | global | obj=1.7959e-03 | data=1.2827e-05 | phys=1.3584e-04 | |g|=4.59e-01
14:41:10 | INFO    | pibe.training.trainer |   cell 4 | i=11000 | global | obj=1.5833e-03 | data=5.0537e-06 | phys=3.2191e-05 | |g|=1.69e-01
14:42:00 | INFO    | pibe.training.trainer |   cell 4 | i=11500 | global | obj=1.5367e-03 | data=4.3026e-06 | phys=1.2537e-05 | |g|=6.29e-02
14:42:49 | INFO    | pibe.training.trainer |   cell 4 | i=12000 | global | obj=1.5465e-03 | data=3.4101e-06 | phys=1.4724e-05 | |g|=1.08e-01
14:43:38 | INFO    | pibe.training.trainer |   cell 4 | i=12500 | global | obj=1.5250e-03 | data=1.4347e-05 | phys=3.5302e-05 | |g|=1.49e-01
14:44:25 | INFO    | pibe.training.trainer |   cell 4 | i=13000 | global | obj=1.3893e-03 | data=3.0552e-06 | phys=7.4581e-06 | |g|=5.46e-02
14:45:13 | INFO    | pibe.training.trainer |   cell 4 | i=13500 | global | obj=1.6565e-03 | data=3.4655e-06 | phys=3.2677e-05 | |g|=1.92e-01
14:46:02 | INFO    | pibe.training.trainer |   cell 4 | i=14000 | global | obj=1.4539e-03 | data=4.0787e-06 | phys=9.1372e-06 | |g|=7.75e-02
14:47:03 | INFO    | pibe.training.trainer |   cell 4 | i=14500 | global | obj=1.5235e-03 | data=1.6978e-05 | phys=5.4765e-05 | |g|=2.96e-01
14:47:52 | INFO    | pibe.training.trainer |   cell 4 | i=15000 | global | obj=1.9571e-03 | data=6.1346e-06 | phys=5.1231e-05 | |g|=3.03e-01
14:48:39 | INFO    | pibe.training.trainer |   cell 4 | i=15500 | global | obj=1.4341e-03 | data=3.7412e-06 | phys=6.6540e-06 | |g|=6.03e-02
14:49:25 | INFO    | pibe.training.trainer |   cell 4 | i=16000 | global | obj=1.9838e-03 | data=1.6948e-05 | phys=1.3014e-04 | |g|=4.91e-01
14:50:19 | INFO    | pibe.training.trainer |   cell 4 | i=16500 | global | obj=1.5059e-03 | data=1.6942e-06 | phys=6.8024e-06 | |g|=6.11e-02
14:51:06 | INFO    | pibe.training.trainer |   cell 4 | i=17000 | global | obj=1.6418e-03 | data=2.9222e-06 | phys=2.6779e-05 | |g|=2.02e-01
14:52:07 | INFO    | pibe.training.trainer |   cell 4 | i=17500 | global | obj=1.5377e-03 | data=2.3821e-06 | phys=1.8463e-05 | |g|=1.47e-01
14:52:59 | INFO    | pibe.training.trainer |   cell 4 | i=18000 | global | obj=1.7072e-03 | data=9.0356e-06 | phys=6.6138e-06 | |g|=1.05e-01
14:53:47 | INFO    | pibe.training.trainer |   cell 4 | i=18500 | global | obj=1.3921e-03 | data=1.3320e-06 | phys=5.0824e-06 | |g|=2.49e-02
14:54:34 | INFO    | pibe.training.trainer |   cell 4 | i=19000 | global | obj=1.4175e-03 | data=1.4761e-06 | phys=6.3589e-06 | |g|=5.48e-02
14:55:23 | INFO    | pibe.training.trainer |   cell 4 | i=19500 | global | obj=1.6546e-03 | data=2.0287e-06 | phys=5.4714e-06 | |g|=4.48e-02
14:56:11 | INFO    | pibe.training.trainer |   cell 4 | i=20000 | global | obj=1.5011e-03 | data=2.4876e-06 | phys=9.6343e-06 | |g|=8.60e-02
14:57:01 | INFO    | pibe.training.trainer |   cell 4 | i=20500 | global | obj=1.7661e-03 | data=2.1346e-06 | phys=3.7390e-05 | |g|=1.78e-01
14:57:51 | INFO    | pibe.training.trainer |   cell 4 | i=21000 | global | obj=1.5081e-03 | data=1.8746e-06 | phys=8.2059e-06 | |g|=7.43e-02
14:58:31 | INFO    | pibe.training.trainer |   cell 4 | i=21500 | global | obj=1.6281e-03 | data=2.3961e-06 | phys=3.8754e-05 | |g|=2.24e-01
14:59:09 | INFO    | pibe.training.trainer |   cell 4 | i=22000 | global | obj=1.7000e-03 | data=1.5406e-06 | phys=4.5227e-06 | |g|=1.76e-02
14:59:47 | INFO    | pibe.training.trainer |   cell 4 | i=22500 | global | obj=1.6118e-03 | data=1.7168e-06 | phys=6.5278e-06 | |g|=6.47e-02
15:00:26 | INFO    | pibe.training.trainer |   cell 4 | i=23000 | global | obj=1.5809e-03 | data=1.4552e-06 | phys=7.0871e-06 | |g|=8.68e-02
15:01:04 | INFO    | pibe.training.trainer |   cell 4 | i=23500 | global | obj=1.6934e-03 | data=2.3820e-06 | phys=2.0007e-05 | |g|=1.48e-01
15:01:43 | INFO    | pibe.training.trainer |   cell 4 | i=24000 | global | obj=1.5155e-03 | data=1.4937e-06 | phys=4.6531e-06 | |g|=4.69e-02
15:02:22 | INFO    | pibe.training.trainer |   cell 4 | i=24500 | global | obj=1.4206e-03 | data=1.7117e-06 | phys=4.4469e-06 | |g|=7.54e-02
15:03:04 | INFO    | pibe.training.trainer |   cell 4 | i=25000 | global | obj=1.7132e-03 | data=3.3579e-06 | phys=1.4625e-05 | |g|=1.34e-01
15:03:45 | INFO    | pibe.training.trainer |   cell 4 | i=25500 | global | obj=1.3774e-03 | data=1.3097e-06 | phys=4.1475e-06 | |g|=4.35e-02
15:04:35 | INFO    | pibe.training.trainer |   cell 4 | i=26000 | global | obj=1.4807e-03 | data=1.0060e-06 | phys=3.5019e-06 | |g|=3.49e-02
15:05:25 | INFO    | pibe.training.trainer |   cell 4 | i=26500 | global | obj=1.4490e-03 | data=1.9088e-06 | phys=4.6086e-06 | |g|=4.93e-02
15:06:16 | INFO    | pibe.training.trainer |   cell 4 | i=27000 | global | obj=1.4031e-03 | data=9.7067e-07 | phys=3.2035e-06 | |g|=1.47e-02
15:07:06 | INFO    | pibe.training.trainer |   cell 4 | i=27500 | global | obj=1.4877e-03 | data=1.1713e-06 | phys=3.9481e-06 | |g|=4.65e-02
15:07:54 | INFO    | pibe.training.trainer |   cell 4 | i=28000 | global | obj=1.7529e-03 | data=9.2588e-07 | phys=7.4695e-06 | |g|=8.76e-02
15:08:35 | INFO    | pibe.training.trainer |   cell 4 | i=28500 | global | obj=1.6428e-03 | data=8.9072e-07 | phys=3.0947e-06 | |g|=1.70e-02
15:09:15 | INFO    | pibe.training.trainer |   cell 4 | i=29000 | global | obj=1.4809e-03 | data=1.1575e-06 | phys=2.8110e-06 | |g|=1.36e-02
15:09:55 | INFO    | pibe.training.trainer |   cell 4 | i=29500 | global | obj=1.3693e-03 | data=9.9363e-07 | phys=2.7578e-06 | |g|=8.15e-03
15:10:36 | INFO    | pibe.training.trainer |   cell 4 | i=30000 | global | obj=1.3407e-03 | data=1.2523e-06 | phys=2.8834e-06 | |g|=1.10e-02
15:11:16 | INFO    | pibe.training.trainer |   cell 4 | i=30500 | global | obj=1.4960e-03 | data=9.6726e-07 | phys=3.2721e-06 | |g|=1.29e-02
15:11:58 | INFO    | pibe.training.trainer |   cell 4 | i=31000 | global | obj=1.6173e-03 | data=8.4802e-07 | phys=2.8676e-06 | |g|=9.12e-03
15:12:39 | INFO    | pibe.training.trainer |   cell 4 | i=31500 | global | obj=1.5714e-03 | data=1.1999e-06 | phys=2.7155e-06 | |g|=6.85e-03
15:13:21 | INFO    | pibe.training.trainer |   cell 4 | i=32000 | global | obj=1.4530e-03 | data=1.1993e-06 | phys=2.5220e-06 | |g|=1.91e-02
15:14:03 | INFO    | pibe.training.trainer |   cell 4 | i=32500 | global | obj=1.6653e-03 | data=1.0105e-06 | phys=2.7031e-06 | |g|=4.82e-03
15:14:45 | INFO    | pibe.training.trainer |   cell 4 | i=33000 | global | obj=1.4784e-03 | data=1.2036e-06 | phys=2.4745e-06 | |g|=3.12e-03
15:15:35 | INFO    | pibe.training.trainer |   cell 4 | i=33500 | global | obj=1.6839e-03 | data=1.0144e-06 | phys=2.4985e-06 | |g|=2.65e-03
15:16:24 | INFO    | pibe.training.trainer |   cell 4 | i=34000 | global | obj=1.5130e-03 | data=1.0250e-06 | phys=2.4175e-06 | |g|=5.15e-03
15:17:19 | INFO    | pibe.training.trainer |   cell 4 | i=34500 | global | obj=1.5781e-03 | data=8.5007e-07 | phys=2.4759e-06 | |g|=5.02e-03
15:18:17 | INFO    | pibe.training.trainer |   cell 4 | i=35000 | global | obj=1.3203e-03 | data=7.1170e-07 | phys=1.9841e-06 | |g|=3.01e-03
15:19:06 | INFO    | pibe.training.trainer |   cell 4 | i=35500 | global | obj=1.4393e-03 | data=8.7559e-07 | phys=2.5761e-06 | |g|=3.16e-03
15:19:52 | INFO    | pibe.training.trainer |   cell 4 | i=35999 | global | obj=1.6830e-03 | data=1.0059e-06 | phys=2.7555e-06 | |g|=1.49e-03
15:19:52 | INFO    | pibe.training.trainer |   cell 4 done in 3316.1s | val local=3.2999e-05 (data=6.3961e-06, phys=2.6603e-05)
15:19:52 | INFO    | train_pibe         | train metrics:
state errors (L2 / sup):
  x_1: 8.3742e-03 / 1.1138e-01
  x_2: 1.7627e-02 / 1.6832e-01
  x_3: 2.4787e-02 / 3.9692e-01
parameter errors (|err| / spread):
  theta_1: 9.1192e-03 / 1.0602e-02
  theta_2: 7.7577e-03 / 8.9336e-03
disturbance: L2=6.5202e-03, sup=2.1591e-02
output fit: L2=4.9044e-02
15:19:52 | INFO    | train_pibe         | val metrics:
state errors (L2 / sup):
  x_1: 1.0761e-02 / 6.0284e-02
  x_2: 1.4731e-02 / 1.4138e-01
  x_3: 2.3235e-02 / 3.7063e-01
parameter errors (|err| / spread):
  theta_1: 7.7798e-03 / 8.6330e-03
  theta_2: 6.7938e-03 / 7.5756e-03
disturbance: L2=5.8125e-03, sup=1.6385e-02
output fit: L2=4.9307e-02
15:19:56 | INFO    | train_pibe         | oracle comparison (train):
 cell |   L_Loc @ truth | L_Loc @ trained | winner
------------------------------------------------------------
    2 |      2.6204e-03 |      2.5027e-03 | trained
    3 |      5.4338e-36 |      2.9981e-06 | truth
    4 |      2.6223e-35 |      3.4084e-06 | truth
------------------------------------------------------------
L_Tot @ truth   : 1.5894e-03
L_Tot @ trained : 1.5237e-03

verdict: loss-design failure: the objective scores the trained solution at or below the truth, so optimization cannot recover the parameters. This is the Remark 7 degeneracy; it needs excitation (Assumption 6) or extra information, not more training.
15:19:57 | INFO    | pibe.eval.figures  | wrote outputs/n3v2_hard_pibe/figures/states.png
15:19:57 | INFO    | pibe.eval.figures  | wrote outputs/n3v2_hard_pibe/figures/disturbance.png
15:19:57 | INFO    | matplotlib.mathtext | Substituting symbol A from STIXNonUnicode
15:19:57 | INFO    | pibe.eval.figures  | wrote outputs/n3v2_hard_pibe/figures/parameters.png
15:19:57 | INFO    | pibe.eval.figures  | wrote outputs/n3v2_hard_pibe/figures/errors.png
15:19:57 | INFO    | train_pibe         | figures: states.png, disturbance.png, parameters.png, errors.png
15:19:57 | INFO    | train_pibe         | artifacts written to outputs/n3v2_hard_pibe
