00:09:28 | INFO    | train_pibe         | experiment:
system            : automatica_n3v2(n=3) on cpu (torch.float64)
true theta        : [0.23502650090327654, 0.10390993219989397]
disturbance       : one a shared by all trajectories
basis             : FourierBasis(q=3, H=2, omega=1.25664, horizon=[0, 20], periods=4)
  lambda_min(W)   : 1.0000e+01   (Eq. 3, must be > 0)
  eps_(d,q)       : 0.0000e+00
noise             : BiasedNoise(TruncatedGaussianNoise(sigma=0.002, bound=0.006), bias=+0.05)
data              : TrajectoryData(P=64, N=201, n=3, horizon=[0, 20])
  train / val     : 51 / 13
  data fill h_d   : 5.0000e-02
  coll fill h_r   : 2.5000e-02
bank              : cells 2..4, 284909 parameters
estimator         : EPIBE (Algorithm 2), N_EBM=1000, beta=1
residual supports (Assumption 3):
 cell |      rho_k |     B_E |        L_E |  nodes |    spacing |  |1-int p|
----------------------------------------------------------------------------
    2 |       0.15 |      12 |      113.4 |   1024 |   0.000293 |   5.55e-16
00:09:28 | INFO    | train_pibe         | disturbance observability  (sigma = 0.002, N = 201)
  i |       gain |    settled |  signature |     SNR |  eff SNR |
----------------------------------------------------------------------------
  1 |  1.472e-01 |  1.395e-01 |  2.511e-02 |   12.56 |   178.03 |
  2 |  1.369e-01 |  1.401e-01 |  2.522e-02 |   12.61 |   178.81 |
  3 |  4.558e-02 |  3.413e-02 |  4.096e-03 |    2.05 |    29.04 |

every basis function is observable above the noise floor.
00:09:28 | INFO    | pibe.training.trainer | joint mode: training cells 2..4 together against L^4_Tot
00:09:28 | INFO    | pibe.training.trainer | cell 4/4: 3000 local iterations then 3000 fine-tuning iterations
00:09:29 | INFO    | pibe.training.trainer |   cell 4 | i=    0 | warmup | obj=7.3323e+00 | data=1.0033e+00 | phys=6.3290e+00 | |g|=9.12e+01
00:09:47 | INFO    | pibe.training.trainer |   cell 4 | i=  500 | warmup | obj=8.8203e-02 | data=8.0119e-02 | phys=8.0843e-03 | |g|=2.11e+00
00:10:05 | INFO    | pibe.training.trainer |   cell 4 | i= 1000 | fit    | obj=8.5908e-02 | data=7.8358e-02 | phys=7.5504e-03 | |g|=1.69e+00
00:10:23 | INFO    | pibe.training.trainer |   cell 4 | i= 1500 | fit    | obj=8.2436e-02 | data=7.3993e-02 | phys=8.4431e-03 | |g|=4.22e-02
00:10:41 | INFO    | pibe.training.trainer |   cell 4 | i= 2000 | local  | obj=8.2646e-02 | data=7.4443e-02 | phys=8.2037e-03 | |g|=5.55e-01
00:10:59 | INFO    | pibe.training.trainer |   cell 4 | i= 2500 | local  | obj=8.2407e-02 | data=7.4173e-02 | phys=8.2341e-03 | |g|=4.22e-01
00:11:17 | INFO    | pibe.training.trainer |   cell 4 | i= 3000 | global | obj=3.6532e+05 | data=7.2476e-02 | phys=1.0448e-02 | |g|=2.34e+06
00:11:59 | INFO    | pibe.training.trainer |   cell 4 | i= 3500 | global | obj=-9.6316e-01 | data=3.0707e-03 | phys=1.2365e-02 | |g|=1.04e+02
00:12:35 | INFO    | pibe.training.trainer |   cell 4 | i= 4000 | global | obj=-1.4152e+00 | data=6.8952e-04 | phys=4.0422e-03 | |g|=8.19e+01
00:13:20 | INFO    | pibe.training.trainer |   cell 4 | i= 4500 | global | obj=-1.4581e+00 | data=5.8456e-04 | phys=1.0260e-03 | |g|=3.70e+02
00:14:04 | INFO    | pibe.training.trainer |   cell 4 | i= 5000 | global | obj=-1.5437e+00 | data=6.1050e-04 | phys=1.2153e-03 | |g|=3.84e+02
00:14:48 | INFO    | pibe.training.trainer |   cell 4 | i= 5500 | global | obj=-1.6323e+00 | data=4.4668e-04 | phys=8.2672e-04 | |g|=3.62e+02
00:15:32 | INFO    | pibe.training.trainer |   cell 4 | i= 6000 | global | obj=-1.5296e+00 | data=3.6229e-04 | phys=2.9353e-04 | |g|=4.06e+02
00:16:16 | INFO    | pibe.training.trainer |   cell 4 | i= 6500 | global | obj=-1.7542e+00 | data=4.5204e-04 | phys=5.8617e-04 | |g|=3.80e+02
00:17:00 | INFO    | pibe.training.trainer |   cell 4 | i= 7000 | global | obj=-1.7082e+00 | data=2.3641e-04 | phys=1.2160e-03 | |g|=3.77e+02
00:17:45 | INFO    | pibe.training.trainer |   cell 4 | i= 7500 | global | obj=-1.4986e+00 | data=2.3876e-04 | phys=4.5027e-04 | |g|=5.21e+02
00:18:29 | INFO    | pibe.training.trainer |   cell 4 | i= 8000 | global | obj=-1.4680e+00 | data=6.2827e-05 | phys=6.3700e-03 | |g|=3.57e+02
00:19:14 | INFO    | pibe.training.trainer |   cell 4 | i= 8500 | global | obj=-1.6580e+00 | data=5.3254e-04 | phys=2.2928e-03 | |g|=3.15e+02
00:19:58 | INFO    | pibe.training.trainer |   cell 4 | i= 9000 | global | obj=-1.3788e+00 | data=5.3214e-04 | phys=1.1238e-03 | |g|=6.10e+02
00:20:43 | INFO    | pibe.training.trainer |   cell 4 | i= 9500 | global | obj=-1.6199e+00 | data=3.4128e-04 | phys=8.1444e-04 | |g|=4.02e+02
00:21:27 | INFO    | pibe.training.trainer |   cell 4 | i=10000 | global | obj=-1.7115e+00 | data=2.2267e-04 | phys=7.9324e-04 | |g|=3.35e+02
00:22:11 | INFO    | pibe.training.trainer |   cell 4 | i=10500 | global | obj=-1.3054e+00 | data=1.4345e-04 | phys=1.4877e-03 | |g|=7.32e+02
00:22:56 | INFO    | pibe.training.trainer |   cell 4 | i=11000 | global | obj=-1.8501e+00 | data=1.7019e-04 | phys=5.9360e-04 | |g|=3.16e+02
00:23:43 | INFO    | pibe.training.trainer |   cell 4 | i=11500 | global | obj=-1.8372e+00 | data=1.6056e-04 | phys=6.3592e-04 | |g|=3.47e+02
00:24:29 | INFO    | pibe.training.trainer |   cell 4 | i=12000 | global | obj=-1.5503e+00 | data=1.6423e-04 | phys=6.7177e-04 | |g|=7.68e+02
00:25:15 | INFO    | pibe.training.trainer |   cell 4 | i=12500 | global | obj=-1.8097e+00 | data=1.4956e-04 | phys=4.2587e-04 | |g|=4.74e+02
00:26:01 | INFO    | pibe.training.trainer |   cell 4 | i=13000 | global | obj=-1.8667e+00 | data=1.8055e-04 | phys=2.8545e-04 | |g|=3.33e+02
00:26:47 | INFO    | pibe.training.trainer |   cell 4 | i=13500 | global | obj=-1.6281e+00 | data=1.1390e-04 | phys=7.1311e-04 | |g|=8.83e+02
00:27:30 | INFO    | pibe.training.trainer |   cell 4 | i=14000 | global | obj=-1.7844e+00 | data=1.7019e-04 | phys=4.5112e-04 | |g|=4.81e+02
00:28:13 | INFO    | pibe.training.trainer |   cell 4 | i=14500 | global | obj=-2.0348e+00 | data=3.0287e-04 | phys=4.0285e-04 | |g|=2.64e+02
00:28:57 | INFO    | pibe.training.trainer |   cell 4 | i=15000 | global | obj=-1.7558e+00 | data=1.2344e-04 | phys=5.0543e-04 | |g|=8.94e+02
00:29:40 | INFO    | pibe.training.trainer |   cell 4 | i=15500 | global | obj=-1.9738e+00 | data=1.0847e-04 | phys=1.5495e-04 | |g|=5.60e+02
00:30:23 | INFO    | pibe.training.trainer |   cell 4 | i=16000 | global | obj=-2.0011e+00 | data=1.2763e-04 | phys=1.6070e-04 | |g|=3.45e+02
00:31:06 | INFO    | pibe.training.trainer |   cell 4 | i=16500 | global | obj=-1.7418e+00 | data=1.5882e-04 | phys=3.9535e-04 | |g|=1.05e+03
00:31:49 | INFO    | pibe.training.trainer |   cell 4 | i=17000 | global | obj=-2.0091e+00 | data=1.4238e-04 | phys=1.9102e-04 | |g|=6.71e+02
00:32:32 | INFO    | pibe.training.trainer |   cell 4 | i=17500 | global | obj=-2.0990e+00 | data=1.1499e-04 | phys=4.6413e-04 | |g|=5.82e+02
00:33:15 | INFO    | pibe.training.trainer |   cell 4 | i=18000 | global | obj=-1.8359e+00 | data=8.6151e-05 | phys=3.8173e-04 | |g|=1.19e+03
00:33:58 | INFO    | pibe.training.trainer |   cell 4 | i=18500 | global | obj=-2.0001e+00 | data=1.4032e-04 | phys=2.2695e-04 | |g|=9.32e+02
00:34:41 | INFO    | pibe.training.trainer |   cell 4 | i=19000 | global | obj=-2.2031e+00 | data=1.3985e-04 | phys=2.9343e-04 | |g|=4.30e+02
00:35:23 | INFO    | pibe.training.trainer |   cell 4 | i=19500 | global | obj=-1.8377e+00 | data=1.7269e-04 | phys=1.9951e-04 | |g|=1.37e+03
00:36:06 | INFO    | pibe.training.trainer |   cell 4 | i=20000 | global | obj=-2.1415e+00 | data=1.3091e-04 | phys=1.4407e-04 | |g|=8.49e+02
00:36:49 | INFO    | pibe.training.trainer |   cell 4 | i=20500 | global | obj=-2.2348e+00 | data=2.8298e-04 | phys=2.9246e-04 | |g|=7.20e+02
00:37:32 | INFO    | pibe.training.trainer |   cell 4 | i=21000 | global | obj=-2.0617e+00 | data=1.3273e-04 | phys=2.3747e-04 | |g|=1.38e+03
00:38:14 | INFO    | pibe.training.trainer |   cell 4 | i=21500 | global | obj=-2.2252e+00 | data=1.0996e-04 | phys=1.0862e-04 | |g|=1.00e+03
00:38:59 | INFO    | pibe.training.trainer |   cell 4 | i=22000 | global | obj=-2.3790e+00 | data=1.2238e-04 | phys=1.5307e-04 | |g|=7.65e+02
00:39:43 | INFO    | pibe.training.trainer |   cell 4 | i=22500 | global | obj=-2.1979e+00 | data=1.3447e-04 | phys=2.1854e-04 | |g|=1.45e+03
00:40:28 | INFO    | pibe.training.trainer |   cell 4 | i=23000 | global | obj=-2.2874e+00 | data=1.1659e-04 | phys=1.2064e-04 | |g|=1.20e+03
00:41:12 | INFO    | pibe.training.trainer |   cell 4 | i=23500 | global | obj=-2.3730e+00 | data=1.2647e-04 | phys=7.9262e-05 | |g|=1.07e+03
00:41:55 | INFO    | pibe.training.trainer |   cell 4 | i=24000 | global | obj=-2.2425e+00 | data=1.0692e-04 | phys=1.1771e-04 | |g|=1.55e+03
00:42:37 | INFO    | pibe.training.trainer |   cell 4 | i=24500 | global | obj=-2.3871e+00 | data=8.9836e-05 | phys=8.5609e-05 | |g|=1.35e+03
00:43:20 | INFO    | pibe.training.trainer |   cell 4 | i=25000 | global | obj=-2.4445e+00 | data=1.0649e-04 | phys=7.1154e-05 | |g|=1.27e+03
00:44:03 | INFO    | pibe.training.trainer |   cell 4 | i=25500 | global | obj=-2.3447e+00 | data=1.0012e-04 | phys=1.1154e-04 | |g|=1.70e+03
00:44:46 | INFO    | pibe.training.trainer |   cell 4 | i=26000 | global | obj=-2.5251e+00 | data=1.1565e-04 | phys=6.7822e-05 | |g|=1.18e+03
00:45:28 | INFO    | pibe.training.trainer |   cell 4 | i=26500 | global | obj=-2.5896e+00 | data=9.1523e-05 | phys=7.3725e-05 | |g|=9.76e+02
00:46:11 | INFO    | pibe.training.trainer |   cell 4 | i=27000 | global | obj=-2.4559e+00 | data=6.3607e-05 | phys=7.2659e-05 | |g|=1.59e+03
00:46:54 | INFO    | pibe.training.trainer |   cell 4 | i=27500 | global | obj=-2.5183e+00 | data=1.1127e-04 | phys=5.9599e-05 | |g|=1.31e+03
00:47:37 | INFO    | pibe.training.trainer |   cell 4 | i=28000 | global | obj=-2.6101e+00 | data=1.0625e-04 | phys=7.3210e-05 | |g|=1.19e+03
00:48:19 | INFO    | pibe.training.trainer |   cell 4 | i=28500 | global | obj=-2.5108e+00 | data=1.1266e-04 | phys=1.2124e-04 | |g|=1.38e+03
00:49:02 | INFO    | pibe.training.trainer |   cell 4 | i=29000 | global | obj=-2.6420e+00 | data=8.5525e-05 | phys=4.7147e-05 | |g|=1.12e+03
00:49:45 | INFO    | pibe.training.trainer |   cell 4 | i=29500 | global | obj=-2.4333e+00 | data=9.9181e-05 | phys=6.1877e-05 | |g|=1.10e+03
00:50:28 | INFO    | pibe.training.trainer |   cell 4 | i=30000 | global | obj=-2.6970e+00 | data=1.0406e-04 | phys=5.9806e-05 | |g|=6.82e+02
00:51:22 | INFO    | pibe.training.trainer |   cell 4 | i=30500 | global | obj=-2.6878e+00 | data=1.0630e-04 | phys=4.9281e-05 | |g|=9.01e+02
00:52:13 | INFO    | pibe.training.trainer |   cell 4 | i=31000 | global | obj=-2.7183e+00 | data=8.0383e-05 | phys=5.1218e-05 | |g|=4.64e+02
00:53:00 | INFO    | pibe.training.trainer |   cell 4 | i=31500 | global | obj=-2.7535e+00 | data=1.0911e-04 | phys=5.5390e-05 | |g|=6.24e+01
00:53:42 | INFO    | pibe.training.trainer |   cell 4 | i=32000 | global | obj=-2.7603e+00 | data=1.0517e-04 | phys=5.0697e-05 | |g|=4.64e+02
00:54:26 | INFO    | pibe.training.trainer |   cell 4 | i=32500 | global | obj=-2.7749e+00 | data=1.0012e-04 | phys=3.4321e-05 | |g|=1.22e+02
00:55:08 | INFO    | pibe.training.trainer |   cell 4 | i=33000 | global | obj=-2.7599e+00 | data=9.5330e-05 | phys=5.2659e-05 | |g|=5.01e+02
00:55:50 | INFO    | pibe.training.trainer |   cell 4 | i=33500 | global | obj=-2.7899e+00 | data=8.1702e-05 | phys=3.0830e-05 | |g|=3.65e+02
00:56:31 | INFO    | pibe.training.trainer |   cell 4 | i=34000 | global | obj=-2.7622e+00 | data=1.2120e-04 | phys=5.3304e-05 | |g|=1.97e+02
00:57:12 | INFO    | pibe.training.trainer |   cell 4 | i=34500 | global | obj=-2.7928e+00 | data=8.7583e-05 | phys=4.2346e-05 | |g|=4.57e+01
00:57:54 | INFO    | pibe.training.trainer |   cell 4 | i=35000 | global | obj=-2.7668e+00 | data=8.4814e-05 | phys=3.5815e-05 | |g|=6.41e+01
00:58:35 | INFO    | pibe.training.trainer |   cell 4 | i=35500 | global | obj=-2.8008e+00 | data=9.2106e-05 | phys=5.0853e-05 | |g|=8.90e+01
00:59:16 | INFO    | pibe.training.trainer |   cell 4 | i=35999 | global | obj=-2.7803e+00 | data=9.8391e-05 | phys=4.1655e-05 | |g|=3.93e+01
00:59:16 | INFO    | pibe.training.trainer |   cell 4 done in 2987.9s | val local=2.2816e-04 (data=1.3517e-04, phys=9.2985e-05)
00:59:16 | INFO    | train_pibe         | train metrics:
state errors (L2 / sup):
  x_1: 8.6877e-02 / 1.2344e-01
  x_2: 2.1445e-01 / 5.8772e-01
  x_3: 1.5309e-01 / 5.0381e-01
parameter errors (|err| / spread):
  theta_1: 1.6497e-01 / 1.1653e-06
  theta_2: 1.1685e-01 / 5.9420e-03
disturbance: L2=3.9687e-02, sup=8.6676e-02
output fit: L2=3.6968e-02
00:59:16 | INFO    | train_pibe         | val metrics:
state errors (L2 / sup):
  x_1: 8.6326e-02 / 1.3483e-01
  x_2: 2.2526e-01 / 6.2824e-01
  x_3: 1.6138e-01 / 4.0999e-01
parameter errors (|err| / spread):
  theta_1: 1.6497e-01 / 3.8498e-07
  theta_2: 1.2119e-01 / 5.0280e-03
disturbance: L2=3.5855e-02, sup=7.5188e-02
output fit: L2=3.6467e-02
00:59:19 | INFO    | train_pibe         | oracle comparison (train, scored on the quadratic objective):
 cell |   L_Loc @ truth | L_Loc @ trained | winner
------------------------------------------------------------
    2 |      2.5036e-03 |      2.4528e-03 | trained
    3 |      5.4338e-36 |      2.0907e-04 | truth
    4 |      2.6223e-35 |      1.2979e-04 | truth
------------------------------------------------------------
L_Tot @ truth   : 1.5185e-03
L_Tot @ trained : 1.7803e-03

verdict: optimization failure: the true solution attains a lower objective than training reached, so it is representable and preferred but was not found. Lengthen end-to-end fine-tuning (lower N_par / raise lr_global) and check that no head is pinned to the boundary of its admissible box.
00:59:19 | INFO    | train_pibe         | learned residual densities:
 cell |      rho_k |     B_E |        L_E |  nodes |    spacing |  |1-int p|
----------------------------------------------------------------------------
    2 |       0.15 |      12 |       3311 |   1024 |   0.000293 |   0.00e+00
  mu_omega_hat = -3.664872e-02 (Eq. 54)   true sensor bias = +5.000000e-02
00:59:20 | INFO    | pibe.eval.figures  | wrote outputs/n3v2_epibe_joint/figures/states.png
00:59:20 | INFO    | pibe.eval.figures  | wrote outputs/n3v2_epibe_joint/figures/disturbance.png
00:59:20 | INFO    | matplotlib.mathtext | Substituting symbol A from STIXNonUnicode
00:59:20 | INFO    | pibe.eval.figures  | wrote outputs/n3v2_epibe_joint/figures/parameters.png
00:59:20 | INFO    | pibe.eval.figures  | wrote outputs/n3v2_epibe_joint/figures/errors.png
00:59:20 | INFO    | train_pibe         | figures: states.png, disturbance.png, parameters.png, errors.png
00:59:20 | INFO    | train_pibe         | artifacts written to outputs/n3v2_epibe_joint
