16:47:15 | INFO    | train_pibe         | experiment:
system            : automatica_n3v2(n=3) on cpu (torch.float64)
true theta        : [0.23502650090327654, 0.10390993219989397]
disturbance       : one a shared by all trajectories
basis             : FourierBasis(q=3, H=2, omega=1.25664, horizon=[0, 20], periods=4)
  lambda_min(W)   : 1.0000e+01   (Eq. 3, must be > 0)
  eps_(d,q)       : 0.0000e+00
noise             : ContaminatedGaussianNoise(sigma=0.05, bound=0.5971)
data              : TrajectoryData(P=64, N=201, n=3, horizon=[0, 20])
  train / val     : 51 / 13
  data fill h_d   : 5.0000e-02
  coll fill h_r   : 2.5000e-02
bank              : cells 2..4, 319469 parameters
estimator         : EPIBE (Algorithm 2), N_EBM=1000, beta=1
residual supports (Assumption 3):
 cell |      rho_k |     B_E |        L_E |  nodes |    spacing |  |1-int p|
----------------------------------------------------------------------------
    2 |        0.9 |      12 |      22.25 |   1024 |    0.00176 |   8.88e-16
16:47:15 | INFO    | train_pibe         | disturbance observability  (sigma = 0.05, N = 201)
  i |       gain |    settled |  signature |     SNR |  eff SNR |
----------------------------------------------------------------------------
  1 |  1.472e-01 |  1.395e-01 |  2.511e-02 |    0.50 |     7.12 |  <- below the noise floor
  2 |  1.369e-01 |  1.401e-01 |  2.522e-02 |    0.50 |     7.15 |  <- below the noise floor
  3 |  4.558e-02 |  3.413e-02 |  4.096e-03 |    0.08 |     1.16 |  <- below the noise floor

basis function 3 leaves a trace 0.08x the noise; it is not
recoverable pointwise. Reduce sigma, lower the basis frequency, lengthen the
horizon, or reduce q -- training cannot help.
16:47:15 | INFO    | pibe.training.trainer | cell 2/4: 3000 local iterations then 3000 fine-tuning iterations
16:47:16 | INFO    | pibe.training.trainer |   cell 2 | i=    0 | warmup | obj=1.5176e+01 | data=1.2170e+01 | phys=3.0066e+00 | |g|=6.47e+01
16:47:46 | INFO    | pibe.training.trainer |   cell 2 | i=  500 | warmup | obj=3.4836e-03 | data=3.2931e-03 | phys=1.9047e-04 | |g|=3.58e-01
16:48:18 | INFO    | pibe.training.trainer |   cell 2 | i= 1000 | fit    | obj=5.8789e-01 | data=5.8779e-01 | phys=1.0770e-04 | |g|=5.36e-01
16:48:50 | INFO    | pibe.training.trainer |   cell 2 | i= 1500 | fit    | obj=-1.8007e+00 | data=-1.8008e+00 | phys=8.0190e-05 | |g|=9.73e-03
16:49:24 | INFO    | pibe.training.trainer |   cell 2 | i= 2000 | local  | obj=-2.4093e-01 | data=-2.5272e-01 | phys=1.1788e-02 | |g|=2.56e+02
16:50:01 | INFO    | pibe.training.trainer |   cell 2 | i= 2500 | local  | obj=-1.0763e+00 | data=-1.0788e+00 | phys=2.5108e-03 | |g|=2.28e+02
