16:50:18 | INFO    | train_pibe         | experiment:
system            : automatica_n3v2(n=3) on cpu (torch.float64)
true theta        : [0.23502650090327654, 0.10390993219989397]
disturbance       : one a shared by all trajectories
basis             : FourierBasis(q=3, H=2, omega=1.25664, horizon=[0, 20], periods=4)
  lambda_min(W)   : 1.0000e+01   (Eq. 3, must be > 0)
  eps_(d,q)       : 0.0000e+00
noise             : ContaminatedGaussianNoise(sigma=0.05, bound=0.5971)
data              : TrajectoryData(P=64, N=201, n=3, horizon=[0, 20])
  train / val     : 51 / 13
  data fill h_d   : 5.0000e-02
  coll fill h_r   : 2.5000e-02
bank              : cells 2..4, 306410 parameters
estimator         : PIBE (Algorithm 1)
16:50:18 | INFO    | train_pibe         | disturbance observability  (sigma = 0.05, N = 201)
  i |       gain |    settled |  signature |     SNR |  eff SNR |
----------------------------------------------------------------------------
  1 |  1.472e-01 |  1.395e-01 |  2.511e-02 |    0.50 |     7.12 |  <- below the noise floor
  2 |  1.369e-01 |  1.401e-01 |  2.522e-02 |    0.50 |     7.15 |  <- below the noise floor
  3 |  4.558e-02 |  3.413e-02 |  4.096e-03 |    0.08 |     1.16 |  <- below the noise floor

basis function 3 leaves a trace 0.08x the noise; it is not
recoverable pointwise. Reduce sigma, lower the basis frequency, lengthen the
horizon, or reduce q -- training cannot help.
16:50:18 | INFO    | pibe.training.trainer | cell 2/4: 3000 local iterations then 3000 fine-tuning iterations
16:50:19 | INFO    | pibe.training.trainer |   cell 2 | i=    0 | local  | obj=1.5176e+01 | data=1.2170e+01 | phys=3.0066e+00 | |g|=6.47e+01
16:50:49 | INFO    | pibe.training.trainer |   cell 2 | i=  500 | local  | obj=3.4836e-03 | data=3.2931e-03 | phys=1.9047e-04 | |g|=3.58e-01
16:51:20 | INFO    | pibe.training.trainer |   cell 2 | i= 1000 | local  | obj=3.4755e-03 | data=3.3678e-03 | phys=1.0770e-04 | |g|=2.62e-01
16:51:51 | INFO    | pibe.training.trainer |   cell 2 | i= 1500 | local  | obj=2.8401e-03 | data=2.7676e-03 | phys=7.2527e-05 | |g|=2.68e-01
16:52:23 | INFO    | pibe.training.trainer |   cell 2 | i= 2000 | local  | obj=2.7440e-03 | data=2.6495e-03 | phys=9.4435e-05 | |g|=4.93e-02
16:52:54 | INFO    | pibe.training.trainer |   cell 2 | i= 2500 | local  | obj=2.8369e-03 | data=2.7785e-03 | phys=5.8367e-05 | |g|=6.03e-02
16:53:25 | INFO    | pibe.training.trainer |   cell 2 | i= 3000 | global | obj=2.6102e-03 | data=2.5483e-03 | phys=6.1914e-05 | |g|=9.14e-02
16:53:56 | INFO    | pibe.training.trainer |   cell 2 | i= 3500 | global | obj=3.1425e-03 | data=3.0686e-03 | phys=7.3911e-05 | |g|=2.26e-01
16:54:27 | INFO    | pibe.training.trainer |   cell 2 | i= 4000 | global | obj=2.9003e-03 | data=2.8707e-03 | phys=2.9602e-05 | |g|=7.56e-02
16:54:59 | INFO    | pibe.training.trainer |   cell 2 | i= 4500 | global | obj=2.7049e-03 | data=2.6758e-03 | phys=2.9004e-05 | |g|=1.03e-01
16:55:30 | INFO    | pibe.training.trainer |   cell 2 | i= 5000 | global | obj=2.6287e-03 | data=2.6026e-03 | phys=2.6014e-05 | |g|=6.28e-02
16:56:01 | INFO    | pibe.training.trainer |   cell 2 | i= 5500 | global | obj=2.9382e-03 | data=2.9132e-03 | phys=2.4962e-05 | |g|=8.88e-03
16:56:32 | INFO    | pibe.training.trainer |   cell 2 | i= 5999 | global | obj=2.4588e-03 | data=2.4426e-03 | phys=1.6251e-05 | |g|=2.50e-02
16:56:32 | INFO    | pibe.training.trainer |   cell 2 done in 373.5s | val local=2.6944e-03 (data=2.5788e-03, phys=1.1555e-04)
16:56:32 | INFO    | pibe.training.trainer | cell 3/4: 3000 local iterations then 3000 fine-tuning iterations
16:56:32 | INFO    | pibe.training.trainer |   cell 3 | i=    0 | local  | obj=1.4540e+00 | data=9.1031e-01 | phys=5.4374e-01 | |g|=1.08e+01
16:57:14 | INFO    | pibe.training.trainer |   cell 3 | i=  500 | local  | obj=1.4567e-03 | data=1.1770e-03 | phys=2.7968e-04 | |g|=1.06e-01
16:57:56 | INFO    | pibe.training.trainer |   cell 3 | i= 1000 | local  | obj=4.0059e-04 | data=2.8879e-04 | phys=1.1179e-04 | |g|=2.29e-02
16:58:38 | INFO    | pibe.training.trainer |   cell 3 | i= 1500 | local  | obj=2.8208e-04 | data=1.9860e-04 | phys=8.3485e-05 | |g|=7.70e-02
16:59:20 | INFO    | pibe.training.trainer |   cell 3 | i= 2000 | local  | obj=1.9646e-04 | data=1.2579e-04 | phys=7.0667e-05 | |g|=6.37e-02
17:00:03 | INFO    | pibe.training.trainer |   cell 3 | i= 2500 | local  | obj=1.8005e-04 | data=1.2136e-04 | phys=5.8680e-05 | |g|=8.97e-02
17:00:45 | INFO    | pibe.training.trainer |   cell 3 | i= 3000 | global | obj=1.8392e-03 | data=9.7211e-05 | phys=2.5309e-05 | |g|=3.24e-02
17:01:47 | INFO    | pibe.training.trainer |   cell 3 | i= 3500 | global | obj=2.1057e-03 | data=3.8825e-05 | phys=1.1391e-05 | |g|=1.25e-01
17:02:50 | INFO    | pibe.training.trainer |   cell 3 | i= 4000 | global | obj=1.8344e-03 | data=1.6775e-05 | phys=1.0131e-05 | |g|=6.87e-02
17:03:53 | INFO    | pibe.training.trainer |   cell 3 | i= 4500 | global | obj=1.9800e-03 | data=1.7635e-05 | phys=7.0384e-06 | |g|=7.69e-02
17:04:56 | INFO    | pibe.training.trainer |   cell 3 | i= 5000 | global | obj=2.0390e-03 | data=9.8131e-06 | phys=4.7881e-06 | |g|=1.32e-02
17:05:58 | INFO    | pibe.training.trainer |   cell 3 | i= 5500 | global | obj=1.7813e-03 | data=8.4280e-06 | phys=4.4757e-06 | |g|=1.24e-02
17:07:00 | INFO    | pibe.training.trainer |   cell 3 | i= 5999 | global | obj=1.8987e-03 | data=9.0667e-06 | phys=4.5698e-06 | |g|=1.87e-02
17:07:01 | INFO    | pibe.training.trainer |   cell 3 done in 628.9s | val local=3.5062e-05 (data=1.9101e-05, phys=1.5962e-05)
17:07:01 | INFO    | pibe.training.trainer | cell 4/4: 3000 local iterations then 3000 fine-tuning iterations
17:07:01 | INFO    | pibe.training.trainer |   cell 4 | i=    0 | local  | obj=3.2269e+00 | data=7.9328e-01 | phys=2.4337e+00 | |g|=1.91e+01
17:07:54 | INFO    | pibe.training.trainer |   cell 4 | i=  500 | local  | obj=3.3319e-01 | data=2.9403e-01 | phys=3.9160e-02 | |g|=5.25e-01
17:08:47 | INFO    | pibe.training.trainer |   cell 4 | i= 1000 | local  | obj=3.3133e-01 | data=2.7654e-01 | phys=5.4791e-02 | |g|=1.52e+00
17:09:39 | INFO    | pibe.training.trainer |   cell 4 | i= 1500 | local  | obj=3.2878e-01 | data=2.9003e-01 | phys=3.8748e-02 | |g|=3.62e-02
17:10:32 | INFO    | pibe.training.trainer |   cell 4 | i= 2000 | local  | obj=3.3258e-01 | data=2.9015e-01 | phys=4.2431e-02 | |g|=4.13e-01
17:11:26 | INFO    | pibe.training.trainer |   cell 4 | i= 2500 | local  | obj=3.3236e-01 | data=2.9005e-01 | phys=4.2313e-02 | |g|=4.13e-01
17:12:19 | INFO    | pibe.training.trainer |   cell 4 | i= 3000 | global | obj=3.3190e-01 | data=2.9065e-01 | phys=3.9622e-02 | |g|=9.07e+00
17:13:52 | INFO    | pibe.training.trainer |   cell 4 | i= 3500 | global | obj=4.4305e-03 | data=1.6292e-04 | phys=2.3130e-03 | |g|=2.40e+00
17:15:26 | INFO    | pibe.training.trainer |   cell 4 | i= 4000 | global | obj=1.7709e-03 | data=2.6414e-05 | phys=3.7401e-05 | |g|=1.54e-01
17:17:02 | INFO    | pibe.training.trainer |   cell 4 | i= 4500 | global | obj=2.1046e-03 | data=2.4869e-05 | phys=1.7016e-04 | |g|=5.63e-01
17:18:38 | INFO    | pibe.training.trainer |   cell 4 | i= 5000 | global | obj=2.1371e-03 | data=3.3670e-05 | phys=3.8788e-04 | |g|=8.52e-01
17:20:14 | INFO    | pibe.training.trainer |   cell 4 | i= 5500 | global | obj=1.8833e-03 | data=2.7950e-05 | phys=1.2374e-05 | |g|=7.60e-02
17:21:48 | INFO    | pibe.training.trainer |   cell 4 | i= 6000 | global | obj=1.7974e-03 | data=1.5541e-05 | phys=1.8634e-05 | |g|=5.93e-02
17:23:22 | INFO    | pibe.training.trainer |   cell 4 | i= 6500 | global | obj=1.6301e-03 | data=2.3249e-05 | phys=2.5345e-05 | |g|=1.33e-01
17:24:56 | INFO    | pibe.training.trainer |   cell 4 | i= 7000 | global | obj=1.5182e-03 | data=1.0076e-05 | phys=1.2424e-05 | |g|=6.39e-02
17:26:30 | INFO    | pibe.training.trainer |   cell 4 | i= 7500 | global | obj=1.5826e-03 | data=1.3719e-05 | phys=2.2289e-05 | |g|=8.91e-02
17:28:04 | INFO    | pibe.training.trainer |   cell 4 | i= 8000 | global | obj=1.7839e-03 | data=1.8124e-05 | phys=5.9830e-05 | |g|=3.08e-01
17:29:37 | INFO    | pibe.training.trainer |   cell 4 | i= 8500 | global | obj=1.7044e-03 | data=2.9821e-05 | phys=2.3819e-04 | |g|=7.09e-01
17:31:12 | INFO    | pibe.training.trainer |   cell 4 | i= 9000 | global | obj=1.5642e-03 | data=7.6040e-06 | phys=3.6567e-05 | |g|=1.29e-01
17:32:46 | INFO    | pibe.training.trainer |   cell 4 | i= 9500 | global | obj=1.6905e-03 | data=9.1137e-06 | phys=8.4190e-06 | |g|=8.30e-02
17:34:20 | INFO    | pibe.training.trainer |   cell 4 | i=10000 | global | obj=1.6994e-03 | data=9.4694e-06 | phys=1.7203e-05 | |g|=1.14e-01
17:35:54 | INFO    | pibe.training.trainer |   cell 4 | i=10500 | global | obj=1.6330e-03 | data=1.0704e-05 | phys=5.2957e-06 | |g|=4.62e-02
17:37:28 | INFO    | pibe.training.trainer |   cell 4 | i=11000 | global | obj=1.6350e-03 | data=1.3613e-05 | phys=2.0186e-05 | |g|=1.33e-01
17:39:02 | INFO    | pibe.training.trainer |   cell 4 | i=11500 | global | obj=1.5742e-03 | data=8.4914e-06 | phys=6.1496e-06 | |g|=1.86e-02
17:40:37 | INFO    | pibe.training.trainer |   cell 4 | i=12000 | global | obj=1.5936e-03 | data=8.8734e-06 | phys=1.1987e-05 | |g|=1.15e-01
17:42:10 | INFO    | pibe.training.trainer |   cell 4 | i=12500 | global | obj=1.4474e-03 | data=8.4432e-06 | phys=5.6600e-06 | |g|=4.43e-02
17:43:45 | INFO    | pibe.training.trainer |   cell 4 | i=13000 | global | obj=1.4127e-03 | data=6.8565e-06 | phys=3.5098e-06 | |g|=6.49e-03
17:45:19 | INFO    | pibe.training.trainer |   cell 4 | i=13500 | global | obj=1.6710e-03 | data=7.7513e-06 | phys=5.8125e-06 | |g|=2.03e-02
17:46:53 | INFO    | pibe.training.trainer |   cell 4 | i=14000 | global | obj=1.4794e-03 | data=6.6965e-06 | phys=4.2765e-06 | |g|=1.42e-02
17:48:27 | INFO    | pibe.training.trainer |   cell 4 | i=14500 | global | obj=1.4559e-03 | data=8.1123e-06 | phys=3.6242e-06 | |g|=8.09e-03
17:50:02 | INFO    | pibe.training.trainer |   cell 4 | i=15000 | global | obj=1.8619e-03 | data=3.9307e-06 | phys=4.7434e-06 | |g|=9.13e-03
17:51:35 | INFO    | pibe.training.trainer |   cell 4 | i=15500 | global | obj=1.4776e-03 | data=8.9517e-06 | phys=4.7732e-06 | |g|=3.97e-03
17:53:10 | INFO    | pibe.training.trainer |   cell 4 | i=15999 | global | obj=1.6171e-03 | data=8.1723e-06 | phys=5.9573e-06 | |g|=8.06e-03
17:53:10 | INFO    | pibe.training.trainer |   cell 4 done in 2769.0s | val local=3.6674e-05 (data=1.3660e-05, phys=2.3014e-05)
17:53:10 | INFO    | train_pibe         | train metrics:
state errors (L2 / sup):
  x_1: 7.3359e-03 / 8.1706e-02
  x_2: 2.4197e-01 / 4.2641e-01
  x_3: 1.9520e-01 / 6.5930e-01
parameter errors (|err| / spread):
  theta_1: 1.6497e-01 / 1.3994e-07
  theta_2: 1.4568e-01 / 3.0361e-03
disturbance: L2=2.5284e-02, sup=4.8023e-02
output fit: L2=4.9850e-02
17:53:10 | INFO    | train_pibe         | val metrics:
state errors (L2 / sup):
  x_1: 1.0058e-02 / 5.3127e-02
  x_2: 2.4528e-01 / 4.1435e-01
  x_3: 1.9835e-01 / 6.6407e-01
parameter errors (|err| / spread):
  theta_1: 1.6497e-01 / 1.5833e-07
  theta_2: 1.4828e-01 / 2.0516e-03
disturbance: L2=2.5448e-02, sup=4.8485e-02
output fit: L2=4.9425e-02
17:53:12 | INFO    | train_pibe         | oracle comparison (train):
 cell |   L_Loc @ truth | L_Loc @ trained | winner
------------------------------------------------------------
    2 |      2.6204e-03 |      2.5980e-03 | trained
    3 |      5.4338e-36 |      1.8707e-05 | truth
    4 |      2.6223e-35 |      1.1658e-05 | truth
------------------------------------------------------------
L_Tot @ truth   : 1.5894e-03
L_Tot @ trained : 1.6020e-03

verdict: optimization failure: the true solution attains a lower objective than training reached, so it is representable and preferred but was not found. Lengthen end-to-end fine-tuning (lower N_par / raise lr_global) and check that no head is pinned to the boundary of its admissible box.
17:53:13 | INFO    | pibe.eval.figures  | wrote outputs/n3v2_K100_pibe/figures/states.png
17:53:13 | INFO    | pibe.eval.figures  | wrote outputs/n3v2_K100_pibe/figures/disturbance.png
17:53:13 | INFO    | matplotlib.mathtext | Substituting symbol A from STIXNonUnicode
17:53:13 | INFO    | pibe.eval.figures  | wrote outputs/n3v2_K100_pibe/figures/parameters.png
17:53:13 | INFO    | pibe.eval.figures  | wrote outputs/n3v2_K100_pibe/figures/errors.png
17:53:13 | INFO    | train_pibe         | figures: states.png, disturbance.png, parameters.png, errors.png
17:53:13 | INFO    | train_pibe         | artifacts written to outputs/n3v2_K100_pibe
