23:33:59 | INFO    | train_pibe         | experiment:
system            : automatica_n3v2(n=3) on cpu (torch.float64)
true theta        : [0.23502650090327654, 0.10390993219989397]
disturbance       : independent a per trajectory
basis             : FourierBasis(q=3, H=2, omega=0.628319, horizon=[0, 20], periods=2)
  lambda_min(W)   : 1.0000e+01   (Eq. 3, must be > 0)
  eps_(d,q)       : 0.0000e+00
noise             : TruncatedGaussianNoise(sigma=0.002, bound=0.006)
data              : TrajectoryData(P=128, N=201, n=3, horizon=[0, 20])
  train / val     : 102 / 26
  data fill h_d   : 5.0000e-02
  coll fill h_r   : 2.5000e-02
bank              : cells 2..4, 2216458 parameters
estimator         : PIBE (Algorithm 1)
23:33:59 | INFO    | train_pibe         | disturbance observability  (sigma = 0.002, N = 201)
  i |       gain |    settled |  signature |     SNR |  eff SNR |
----------------------------------------------------------------------------
  1 |  3.040e-01 |  3.066e-01 |  5.519e-02 |   27.60 |   391.23 |
  2 |  2.835e-01 |  3.036e-01 |  5.465e-02 |   27.33 |   387.40 |
  3 |  1.472e-01 |  1.395e-01 |  1.674e-02 |    8.37 |   118.69 |

every basis function is observable above the noise floor.
23:33:59 | INFO    | pibe.training.trainer | cell 2/4: 1000 local iterations then 1500 fine-tuning iterations
23:34:00 | INFO    | pibe.training.trainer |   cell 2 | i=    0 | local  | obj=1.3001e+01 | data=1.2647e+01 | phys=3.5391e-01 | |g|=8.96e+01
23:34:14 | INFO    | pibe.training.trainer |   cell 2 | i=  250 | local  | obj=1.4753e+00 | data=1.4753e+00 | phys=5.4535e-07 | |g|=8.13e-03
23:34:29 | INFO    | pibe.training.trainer |   cell 2 | i=  500 | local  | obj=1.2287e-02 | data=8.4215e-03 | phys=3.8657e-03 | |g|=2.61e+00
23:34:44 | INFO    | pibe.training.trainer |   cell 2 | i=  750 | local  | obj=2.8173e-02 | data=2.3708e-02 | phys=4.4656e-03 | |g|=8.55e+00
23:34:59 | INFO    | pibe.training.trainer |   cell 2 | i= 1000 | global | obj=5.9287e-03 | data=5.5458e-03 | phys=3.8288e-04 | |g|=2.51e+00
23:35:14 | INFO    | pibe.training.trainer |   cell 2 | i= 1250 | global | obj=2.7133e-03 | data=2.4742e-03 | phys=2.3916e-04 | |g|=1.11e+00
23:35:29 | INFO    | pibe.training.trainer |   cell 2 | i= 1500 | global | obj=6.8361e-04 | data=4.6274e-04 | phys=2.2086e-04 | |g|=5.06e-01
23:35:44 | INFO    | pibe.training.trainer |   cell 2 | i= 1750 | global | obj=2.1824e-04 | data=1.7568e-04 | phys=4.2558e-05 | |g|=3.88e-02
23:35:59 | INFO    | pibe.training.trainer |   cell 2 | i= 2000 | global | obj=1.6244e-04 | data=1.3754e-04 | phys=2.4902e-05 | |g|=5.93e-02
23:36:14 | INFO    | pibe.training.trainer |   cell 2 | i= 2250 | global | obj=1.0671e-04 | data=9.0426e-05 | phys=1.6284e-05 | |g|=2.82e-02
23:36:28 | INFO    | pibe.training.trainer |   cell 2 | i= 2499 | global | obj=1.7601e-04 | data=1.6035e-04 | phys=1.5663e-05 | |g|=1.05e-02
23:36:28 | INFO    | pibe.training.trainer |   cell 2 done in 149.4s | val local=1.4552e-04 (data=1.2754e-04, phys=1.7980e-05)
23:36:28 | INFO    | pibe.training.trainer | cell 3/4: 1000 local iterations then 1500 fine-tuning iterations
23:36:28 | INFO    | pibe.training.trainer |   cell 3 | i=    0 | local  | obj=1.7864e-01 | data=7.0795e-02 | phys=1.0785e-01 | |g|=1.18e+01
23:36:49 | INFO    | pibe.training.trainer |   cell 3 | i=  250 | local  | obj=3.3883e-01 | data=3.3707e-01 | phys=1.7676e-03 | |g|=7.53e-07
23:37:09 | INFO    | pibe.training.trainer |   cell 3 | i=  500 | local  | obj=3.4555e-01 | data=3.4388e-01 | phys=1.6672e-03 | |g|=1.27e-06
23:37:29 | INFO    | pibe.training.trainer |   cell 3 | i=  750 | local  | obj=3.3911e-01 | data=3.3756e-01 | phys=1.5484e-03 | |g|=6.09e-06
23:37:49 | INFO    | pibe.training.trainer |   cell 3 | i= 1000 | global | obj=1.0882e+00 | data=1.0392e+00 | phys=4.8948e-02 | |g|=2.35e+01
23:38:18 | INFO    | pibe.training.trainer |   cell 3 | i= 1250 | global | obj=4.2627e-01 | data=1.4339e-01 | phys=4.8570e-02 | |g|=2.47e-01
23:38:48 | INFO    | pibe.training.trainer |   cell 3 | i= 1500 | global | obj=4.2744e-01 | data=1.4127e-01 | phys=4.8329e-02 | |g|=3.06e-01
23:39:17 | INFO    | pibe.training.trainer |   cell 3 | i= 1750 | global | obj=4.2738e-01 | data=1.4257e-01 | phys=4.8495e-02 | |g|=1.95e-01
23:39:47 | INFO    | pibe.training.trainer |   cell 3 | i= 2000 | global | obj=4.2637e-01 | data=1.4215e-01 | phys=4.8524e-02 | |g|=4.83e-02
23:40:16 | INFO    | pibe.training.trainer |   cell 3 | i= 2250 | global | obj=4.2894e-01 | data=1.4277e-01 | phys=4.8878e-02 | |g|=1.41e-02
23:40:46 | INFO    | pibe.training.trainer |   cell 3 | i= 2499 | global | obj=4.2797e-01 | data=1.4266e-01 | phys=4.8897e-02 | |g|=6.15e-03
23:40:46 | INFO    | pibe.training.trainer |   cell 3 done in 257.3s | val local=1.9052e-01 (data=1.4186e-01, phys=4.8664e-02)
23:40:46 | INFO    | pibe.training.trainer | cell 4/4: 1000 local iterations then 1500 fine-tuning iterations
23:40:46 | INFO    | pibe.training.trainer |   cell 4 | i=    0 | local  | obj=1.4795e+01 | data=2.2285e-03 | phys=1.4793e+01 | |g|=7.98e+01
23:41:11 | INFO    | pibe.training.trainer |   cell 4 | i=  250 | local  | obj=1.5587e+01 | data=7.7287e-25 | phys=1.5587e+01 | |g|=1.60e-03
23:41:36 | INFO    | pibe.training.trainer |   cell 4 | i=  500 | local  | obj=1.5743e+01 | data=8.0635e-25 | phys=1.5743e+01 | |g|=1.02e-03
23:42:01 | INFO    | pibe.training.trainer |   cell 4 | i=  750 | local  | obj=1.5621e+01 | data=8.8253e-25 | phys=1.5621e+01 | |g|=1.43e-02
