01:02:47 | INFO    | location_scan      | B_E overridden to 1.700
01:02:47 | INFO    | location_scan      | scanning offsets [-0.05, 0.0, 0.05, 0.1] against a true sensor bias of +0.0500
01:02:47 | INFO    | location_scan      | offset c = -0.0500
01:03:02 | INFO    | location_scan      |     density seeded at mu = -0.08711 (residuals were -0.00000)
01:03:02 | INFO    | location_scan      |     holding the density for 1500 iterations
/Users/mboukaf/Thesis/Codes/Automatica/scripts/epibe_location_scan.py:161: UserWarning: Converting a tensor with requires_grad=True to a scalar may lead to unexpected behavior.
Consider using tensor.detach() first. (Triggered internally at /Users/runner/work/pytorch/pytorch/torch/csrc/autograd/generated/python_variable_methods.cpp:823.)
  logger.info("    step %5d | L_Tot,E = %+.6e", step, float(objective))
01:03:02 | INFO    | location_scan      |     step     0 | L_Tot,E = +3.302928e-02
01:03:32 | INFO    | location_scan      |     step   375 | L_Tot,E = -8.381350e-01
01:04:02 | INFO    | location_scan      |     step   750 | L_Tot,E = -1.306071e+00
01:04:32 | INFO    | location_scan      |     step  1125 | L_Tot,E = -1.311719e+00
01:05:02 | INFO    | location_scan      |     after the hold: residual mean -0.10968
01:05:02 | INFO    | location_scan      |     step     0 | L_Tot,E = -1.311713e+00
01:06:07 | INFO    | location_scan      |     step  1000 | L_Tot,E = -1.559491e+00
01:07:08 | INFO    | location_scan      |     step  2000 | L_Tot,E = -1.985567e+00
01:08:09 | INFO    | location_scan      |     step  3000 | L_Tot,E = -2.134969e+00
01:09:09 | INFO    | location_scan      |     L_Tot,E = -2.200095e+00 | mu_hat = +0.00395 | x1-truth = +0.04254
01:09:09 | INFO    | location_scan      | offset c = +0.0000
01:09:20 | INFO    | location_scan      |     density seeded at mu = +0.00000 (residuals were -0.00000)
01:09:20 | INFO    | location_scan      |     holding the density for 1500 iterations
01:09:20 | INFO    | location_scan      |     step     0 | L_Tot,E = -1.627519e+00
01:09:43 | INFO    | location_scan      |     step   375 | L_Tot,E = -9.461562e-01
01:10:06 | INFO    | location_scan      |     step   750 | L_Tot,E = -1.278648e+00
01:10:29 | INFO    | location_scan      |     step  1125 | L_Tot,E = -1.434560e+00
01:10:51 | INFO    | location_scan      |     after the hold: residual mean +0.00037
01:10:51 | INFO    | location_scan      |     step     0 | L_Tot,E = -1.614939e+00
01:11:52 | INFO    | location_scan      |     step  1000 | L_Tot,E = -1.417077e+00
01:12:53 | INFO    | location_scan      |     step  2000 | L_Tot,E = -1.512307e+00
01:13:53 | INFO    | location_scan      |     step  3000 | L_Tot,E = -1.815782e+00
01:14:54 | INFO    | location_scan      |     L_Tot,E = -2.204145e+00 | mu_hat = -0.00410 | x1-truth = +0.05767
01:14:54 | INFO    | location_scan      | offset c = +0.0500
01:15:05 | INFO    | location_scan      |     density seeded at mu = +0.02330 (residuals were -0.00000)
01:15:05 | INFO    | location_scan      |     holding the density for 1500 iterations
01:15:05 | INFO    | location_scan      |     step     0 | L_Tot,E = -1.052738e+00
01:15:28 | INFO    | location_scan      |     step   375 | L_Tot,E = -8.482474e-01
01:15:51 | INFO    | location_scan      |     step   750 | L_Tot,E = -7.607802e-01
01:16:13 | INFO    | location_scan      |     step  1125 | L_Tot,E = -1.754056e+00
01:16:36 | INFO    | location_scan      |     after the hold: residual mean +0.04947
01:16:36 | INFO    | location_scan      |     step     0 | L_Tot,E = -2.212935e+00
01:17:35 | INFO    | location_scan      |     step  1000 | L_Tot,E = -1.361882e+00
01:18:28 | INFO    | location_scan      |     step  2000 | L_Tot,E = -1.949340e+00
01:19:20 | INFO    | location_scan      |     step  3000 | L_Tot,E = -1.930278e+00
01:20:13 | INFO    | location_scan      |     L_Tot,E = -2.190721e+00 | mu_hat = -0.00445 | x1-truth = +0.05827
01:20:13 | INFO    | location_scan      | offset c = +0.1000
01:20:24 | INFO    | location_scan      |     density seeded at mu = +0.10168 (residuals were -0.00000)
01:20:24 | INFO    | location_scan      |     holding the density for 1500 iterations
01:20:24 | INFO    | location_scan      |     step     0 | L_Tot,E = -3.329676e-01
01:20:43 | INFO    | location_scan      |     step   375 | L_Tot,E = +6.298955e-03
01:21:03 | INFO    | location_scan      |     step   750 | L_Tot,E = -1.611150e+00
01:21:23 | INFO    | location_scan      |     step  1125 | L_Tot,E = -1.653310e+00
01:21:42 | INFO    | location_scan      |     after the hold: residual mean +0.12258
01:21:43 | INFO    | location_scan      |     step     0 | L_Tot,E = -1.653613e+00
01:22:43 | INFO    | location_scan      |     step  1000 | L_Tot,E = -6.362492e-01
01:23:47 | INFO    | location_scan      |     step  2000 | L_Tot,E = -1.563485e+00
01:24:49 | INFO    | location_scan      |     step  3000 | L_Tot,E = -2.007082e+00
01:25:51 | INFO    | location_scan      |     L_Tot,E = -2.212361e+00 | mu_hat = +0.00370 | x1-truth = +0.04223

true sensor bias +0.0500

  offset |       L_Tot,E |    mu_hat |  x1-truth |      x1 L2    |dth1|    |dth2|      d L2
-------------------------------------------------------------------------------------------
 -0.0500 | -2.200095e+00 |  +0.00395 |  +0.04254 |  4.281e-02 9.221e-02 9.277e-02 1.256e-01
  0.0000 | -2.204145e+00 |  -0.00410 |  +0.05767 |  5.790e-02 5.326e-02 5.575e-02 1.092e-01
  0.0500 | -2.190721e+00 |  -0.00445 |  +0.05827 |  5.841e-02 1.936e-01 2.073e-01 1.402e-01
  0.1000 | -2.212361e+00 |  +0.00370 |  +0.04223 |  4.263e-02 3.428e-02 3.758e-02 1.171e-01  <-- best

objective selects c = +0.1000; truth is +0.0500
artifacts in outputs/epibe_scan_be17
