10:46:10 | INFO    | train_pibe         | experiment:
system            : automatica_n3v2(n=3) on cpu (torch.float64)
true theta        : [0.23502650090327654, 0.10390993219989397]
disturbance       : one a shared by all trajectories
basis             : FourierBasis(q=3, H=2, omega=1.25664, horizon=[0, 20], periods=4)
  lambda_min(W)   : 1.0000e+01   (Eq. 3, must be > 0)
  eps_(d,q)       : 0.0000e+00
noise             : TruncatedGaussianNoise(sigma=0.002, bound=0.006)
data              : TrajectoryData(P=64, N=201, n=3, horizon=[0, 20])
  train / val     : 51 / 13
  data fill h_d   : 5.0000e-02
  coll fill h_r   : 2.5000e-02
bank              : cells 2..4, 271850 parameters
estimator         : PIBE (Algorithm 1)
10:46:10 | INFO    | train_pibe         | disturbance observability  (sigma = 0.002, N = 201)
  i |       gain |    settled |  signature |     SNR |  eff SNR |
----------------------------------------------------------------------------
  1 |  1.472e-01 |  1.395e-01 |  2.511e-02 |   12.56 |   178.03 |
  2 |  1.369e-01 |  1.401e-01 |  2.522e-02 |   12.61 |   178.81 |
  3 |  4.558e-02 |  3.413e-02 |  4.096e-03 |    2.05 |    29.04 |

every basis function is observable above the noise floor.
10:46:10 | INFO    | pibe.training.trainer | cell 2/4: 3000 local iterations then 3000 fine-tuning iterations
10:46:11 | INFO    | pibe.training.trainer |   cell 2 | i=    0 | local  | obj=1.2108e+01 | data=1.1813e+01 | phys=2.9501e-01 | |g|=7.47e+01
10:46:20 | INFO    | pibe.training.trainer |   cell 2 | i=  500 | local  | obj=5.5616e-03 | data=4.5787e-03 | phys=9.8289e-04 | |g|=2.54e+00
10:46:30 | INFO    | pibe.training.trainer |   cell 2 | i= 1000 | local  | obj=2.0327e-03 | data=1.8696e-03 | phys=1.6309e-04 | |g|=1.35e+00
10:46:40 | INFO    | pibe.training.trainer |   cell 2 | i= 1500 | local  | obj=3.9211e-04 | data=3.3825e-04 | phys=5.3858e-05 | |g|=1.19e-01
10:46:50 | INFO    | pibe.training.trainer |   cell 2 | i= 2000 | local  | obj=3.5084e-04 | data=2.9563e-04 | phys=5.5216e-05 | |g|=3.77e-01
10:47:00 | INFO    | pibe.training.trainer |   cell 2 | i= 2500 | local  | obj=1.4116e-04 | data=9.7131e-05 | phys=4.4030e-05 | |g|=2.21e-01
10:47:10 | INFO    | pibe.training.trainer |   cell 2 | i= 3000 | global | obj=1.0226e-04 | data=7.7512e-05 | phys=2.4751e-05 | |g|=1.87e-01
10:47:20 | INFO    | pibe.training.trainer |   cell 2 | i= 3500 | global | obj=1.8894e-04 | data=1.5814e-04 | phys=3.0801e-05 | |g|=2.84e-01
10:47:30 | INFO    | pibe.training.trainer |   cell 2 | i= 4000 | global | obj=8.1281e-05 | data=4.8373e-05 | phys=3.2908e-05 | |g|=1.68e-01
10:47:40 | INFO    | pibe.training.trainer |   cell 2 | i= 4500 | global | obj=5.4142e-05 | data=4.0817e-05 | phys=1.3324e-05 | |g|=4.09e-02
10:47:50 | INFO    | pibe.training.trainer |   cell 2 | i= 5000 | global | obj=5.2665e-05 | data=3.9758e-05 | phys=1.2906e-05 | |g|=1.61e-02
10:48:00 | INFO    | pibe.training.trainer |   cell 2 | i= 5500 | global | obj=4.5098e-05 | data=3.5575e-05 | phys=9.5236e-06 | |g|=2.82e-02
10:48:10 | INFO    | pibe.training.trainer |   cell 2 | i= 5999 | global | obj=3.8716e-05 | data=3.1099e-05 | phys=7.6168e-06 | |g|=6.86e-03
10:48:10 | INFO    | pibe.training.trainer |   cell 2 done in 119.5s | val local=1.2477e-04 (data=8.7303e-05, phys=3.7470e-05)
10:48:10 | INFO    | pibe.training.trainer | cell 3/4: 3000 local iterations then 3000 fine-tuning iterations
10:48:10 | INFO    | pibe.training.trainer |   cell 3 | i=    0 | local  | obj=5.9886e-01 | data=5.0838e-01 | phys=9.0486e-02 | |g|=6.61e+00
10:48:24 | INFO    | pibe.training.trainer |   cell 3 | i=  500 | local  | obj=5.0617e-04 | data=3.4536e-04 | phys=1.6081e-04 | |g|=6.43e-02
10:48:38 | INFO    | pibe.training.trainer |   cell 3 | i= 1000 | local  | obj=3.7859e-04 | data=2.7807e-04 | phys=1.0052e-04 | |g|=2.06e-01
10:48:52 | INFO    | pibe.training.trainer |   cell 3 | i= 1500 | local  | obj=1.3464e-04 | data=9.0669e-05 | phys=4.3967e-05 | |g|=1.05e-01
10:49:07 | INFO    | pibe.training.trainer |   cell 3 | i= 2000 | local  | obj=8.3627e-05 | data=6.5800e-05 | phys=1.7827e-05 | |g|=7.96e-02
10:49:21 | INFO    | pibe.training.trainer |   cell 3 | i= 2500 | local  | obj=8.7604e-05 | data=7.3321e-05 | phys=1.4284e-05 | |g|=9.71e-02
10:49:35 | INFO    | pibe.training.trainer |   cell 3 | i= 3000 | global | obj=7.9212e-05 | data=2.4023e-05 | phys=2.1192e-05 | |g|=4.46e-02
10:49:55 | INFO    | pibe.training.trainer |   cell 3 | i= 3500 | global | obj=1.1704e-04 | data=2.4445e-05 | phys=8.4253e-06 | |g|=1.78e-01
10:50:15 | INFO    | pibe.training.trainer |   cell 3 | i= 4000 | global | obj=1.0150e-04 | data=1.8414e-05 | phys=5.6424e-06 | |g|=1.90e-01
10:50:36 | INFO    | pibe.training.trainer |   cell 3 | i= 4500 | global | obj=5.1225e-05 | data=6.6318e-06 | phys=4.7991e-06 | |g|=6.37e-02
10:50:56 | INFO    | pibe.training.trainer |   cell 3 | i= 5000 | global | obj=3.6589e-05 | data=3.6135e-06 | phys=2.5337e-06 | |g|=1.97e-02
10:51:16 | INFO    | pibe.training.trainer |   cell 3 | i= 5500 | global | obj=2.7375e-05 | data=4.1327e-06 | phys=2.1999e-06 | |g|=9.65e-03
10:51:36 | INFO    | pibe.training.trainer |   cell 3 | i= 5999 | global | obj=3.8068e-05 | data=4.1968e-06 | phys=2.6003e-06 | |g|=2.99e-03
10:51:36 | INFO    | pibe.training.trainer |   cell 3 done in 206.3s | val local=1.9271e-05 (data=9.7356e-06, phys=9.5359e-06)
10:51:36 | INFO    | pibe.training.trainer | cell 4/4: 3000 local iterations then 3000 fine-tuning iterations
10:51:36 | INFO    | pibe.training.trainer |   cell 4 | i=    0 | local  | obj=3.4762e+00 | data=4.0747e-01 | phys=3.0687e+00 | |g|=1.76e+01
10:51:55 | INFO    | pibe.training.trainer |   cell 4 | i=  500 | local  | obj=3.4559e-01 | data=2.8174e-01 | phys=6.3855e-02 | |g|=2.15e+00
10:52:13 | INFO    | pibe.training.trainer |   cell 4 | i= 1000 | local  | obj=3.4468e-01 | data=2.9244e-01 | phys=5.2239e-02 | |g|=1.05e+00
10:52:31 | INFO    | pibe.training.trainer |   cell 4 | i= 1500 | local  | obj=3.4364e-01 | data=3.1705e-01 | phys=2.6596e-02 | |g|=1.56e+00
10:52:49 | INFO    | pibe.training.trainer |   cell 4 | i= 2000 | local  | obj=3.4471e-01 | data=3.0809e-01 | phys=3.6623e-02 | |g|=4.24e-01
10:53:07 | INFO    | pibe.training.trainer |   cell 4 | i= 2500 | local  | obj=3.4439e-01 | data=3.0637e-01 | phys=3.8020e-02 | |g|=2.32e-01
10:53:25 | INFO    | pibe.training.trainer |   cell 4 | i= 3000 | global | obj=3.4224e-01 | data=3.0134e-01 | phys=4.0871e-02 | |g|=9.74e+00
10:53:56 | INFO    | pibe.training.trainer |   cell 4 | i= 3500 | global | obj=5.1389e-04 | data=7.7427e-05 | phys=1.0277e-04 | |g|=3.88e-01
10:54:26 | INFO    | pibe.training.trainer |   cell 4 | i= 4000 | global | obj=3.9547e-03 | data=4.3407e-04 | phys=2.1950e-03 | |g|=2.27e+00
10:54:56 | INFO    | pibe.training.trainer |   cell 4 | i= 4500 | global | obj=2.3056e-04 | data=3.2613e-05 | phys=1.3898e-05 | |g|=4.36e-02
10:55:27 | INFO    | pibe.training.trainer |   cell 4 | i= 5000 | global | obj=9.5177e-03 | data=2.3409e-04 | phys=7.3711e-03 | |g|=3.93e+00
10:55:58 | INFO    | pibe.training.trainer |   cell 4 | i= 5500 | global | obj=1.8041e-04 | data=2.9922e-05 | phys=2.2441e-05 | |g|=1.50e-01
10:56:28 | INFO    | pibe.training.trainer |   cell 4 | i= 6000 | global | obj=9.3172e-04 | data=2.0519e-05 | phys=4.8016e-04 | |g|=1.02e+00
10:56:59 | INFO    | pibe.training.trainer |   cell 4 | i= 6500 | global | obj=1.9021e-04 | data=2.2948e-05 | phys=5.3733e-05 | |g|=2.73e-01
10:57:29 | INFO    | pibe.training.trainer |   cell 4 | i= 7000 | global | obj=1.6516e-04 | data=2.7821e-05 | phys=3.5132e-05 | |g|=1.64e-01
10:58:00 | INFO    | pibe.training.trainer |   cell 4 | i= 7500 | global | obj=1.5717e-04 | data=1.1161e-05 | phys=8.1651e-05 | |g|=3.58e-01
10:58:30 | INFO    | pibe.training.trainer |   cell 4 | i= 8000 | global | obj=7.1790e-05 | data=1.2255e-05 | phys=1.0317e-05 | |g|=5.36e-02
10:59:01 | INFO    | pibe.training.trainer |   cell 4 | i= 8500 | global | obj=1.9823e-03 | data=4.3439e-04 | phys=8.6854e-04 | |g|=1.03e+00
10:59:32 | INFO    | pibe.training.trainer |   cell 4 | i= 9000 | global | obj=1.1097e-04 | data=1.4806e-05 | phys=4.0916e-05 | |g|=2.43e-01
11:00:03 | INFO    | pibe.training.trainer |   cell 4 | i= 9500 | global | obj=1.8590e-04 | data=2.1587e-05 | phys=1.0417e-04 | |g|=4.30e-01
11:00:33 | INFO    | pibe.training.trainer |   cell 4 | i=10000 | global | obj=1.2847e-04 | data=3.0325e-05 | phys=2.3876e-05 | |g|=1.58e-01
11:01:04 | INFO    | pibe.training.trainer |   cell 4 | i=10500 | global | obj=1.0170e-04 | data=7.6959e-06 | phys=8.3164e-06 | |g|=3.74e-02
11:01:34 | INFO    | pibe.training.trainer |   cell 4 | i=11000 | global | obj=3.1873e-05 | data=4.2794e-06 | phys=5.3017e-06 | |g|=5.76e-02
11:02:05 | INFO    | pibe.training.trainer |   cell 4 | i=11500 | global | obj=3.3339e-05 | data=3.5611e-06 | phys=5.3982e-06 | |g|=3.72e-02
11:02:36 | INFO    | pibe.training.trainer |   cell 4 | i=12000 | global | obj=3.2647e-05 | data=4.0478e-06 | phys=6.0825e-06 | |g|=5.88e-02
11:03:08 | INFO    | pibe.training.trainer |   cell 4 | i=12500 | global | obj=2.2594e-05 | data=2.9454e-06 | phys=2.6675e-06 | |g|=1.82e-02
11:03:38 | INFO    | pibe.training.trainer |   cell 4 | i=13000 | global | obj=4.1288e-05 | data=3.9488e-06 | phys=1.4673e-05 | |g|=1.50e-01
11:04:09 | INFO    | pibe.training.trainer |   cell 4 | i=13500 | global | obj=3.4030e-04 | data=1.0890e-05 | phys=1.5131e-04 | |g|=4.92e-01
11:04:40 | INFO    | pibe.training.trainer |   cell 4 | i=14000 | global | obj=2.8683e-05 | data=3.8263e-06 | phys=3.0547e-06 | |g|=4.04e-02
11:05:11 | INFO    | pibe.training.trainer |   cell 4 | i=14500 | global | obj=4.4545e-05 | data=5.1866e-06 | phys=1.7806e-05 | |g|=1.76e-01
11:05:41 | INFO    | pibe.training.trainer |   cell 4 | i=15000 | global | obj=4.6454e-05 | data=2.1389e-06 | phys=1.8455e-05 | |g|=1.66e-01
11:06:12 | INFO    | pibe.training.trainer |   cell 4 | i=15500 | global | obj=3.2244e-04 | data=3.5555e-05 | phys=6.6118e-05 | |g|=3.66e-01
11:06:43 | INFO    | pibe.training.trainer |   cell 4 | i=16000 | global | obj=3.0913e-05 | data=3.1861e-06 | phys=7.2185e-06 | |g|=9.13e-02
11:07:14 | INFO    | pibe.training.trainer |   cell 4 | i=16500 | global | obj=9.5102e-05 | data=5.9961e-06 | phys=5.2503e-05 | |g|=2.99e-01
11:07:45 | INFO    | pibe.training.trainer |   cell 4 | i=17000 | global | obj=3.1661e-05 | data=2.7536e-06 | phys=3.3560e-06 | |g|=6.39e-02
11:08:15 | INFO    | pibe.training.trainer |   cell 4 | i=17500 | global | obj=1.5659e-05 | data=9.4719e-07 | phys=3.5315e-06 | |g|=5.18e-02
11:08:45 | INFO    | pibe.training.trainer |   cell 4 | i=18000 | global | obj=9.9962e-05 | data=5.7832e-06 | phys=6.6130e-05 | |g|=3.23e-01
11:09:15 | INFO    | pibe.training.trainer |   cell 4 | i=18500 | global | obj=3.1247e-05 | data=2.6482e-06 | phys=1.0292e-05 | |g|=1.15e-01
11:09:44 | INFO    | pibe.training.trainer |   cell 4 | i=19000 | global | obj=1.8651e-05 | data=1.4021e-06 | phys=2.9096e-06 | |g|=6.26e-02
11:10:14 | INFO    | pibe.training.trainer |   cell 4 | i=19500 | global | obj=5.6987e-05 | data=7.4311e-06 | phys=2.1521e-05 | |g|=1.13e-01
11:10:44 | INFO    | pibe.training.trainer |   cell 4 | i=20000 | global | obj=1.6367e-05 | data=1.5706e-06 | phys=4.4264e-06 | |g|=7.51e-02
11:11:13 | INFO    | pibe.training.trainer |   cell 4 | i=20500 | global | obj=1.0270e-05 | data=8.0494e-07 | phys=1.2023e-06 | |g|=2.11e-02
11:11:42 | INFO    | pibe.training.trainer |   cell 4 | i=21000 | global | obj=2.8908e-05 | data=3.1096e-06 | phys=1.0786e-05 | |g|=1.32e-01
11:12:12 | INFO    | pibe.training.trainer |   cell 4 | i=21500 | global | obj=1.0998e-04 | data=3.6293e-06 | phys=4.8762e-05 | |g|=2.81e-01
11:12:42 | INFO    | pibe.training.trainer |   cell 4 | i=22000 | global | obj=1.2031e-05 | data=1.2198e-06 | phys=1.3949e-06 | |g|=1.43e-02
11:13:11 | INFO    | pibe.training.trainer |   cell 4 | i=22500 | global | obj=1.2124e-04 | data=2.1586e-06 | phys=7.9287e-05 | |g|=3.49e-01
11:13:41 | INFO    | pibe.training.trainer |   cell 4 | i=23000 | global | obj=1.2261e-05 | data=1.0003e-06 | phys=1.2385e-06 | |g|=1.94e-02
11:14:11 | INFO    | pibe.training.trainer |   cell 4 | i=23500 | global | obj=1.1399e-05 | data=9.5811e-07 | phys=1.7579e-06 | |g|=3.39e-02
11:14:40 | INFO    | pibe.training.trainer |   cell 4 | i=24000 | global | obj=1.1331e-05 | data=1.1510e-06 | phys=1.9534e-06 | |g|=2.98e-02
11:15:10 | INFO    | pibe.training.trainer |   cell 4 | i=24500 | global | obj=9.5454e-06 | data=6.6508e-07 | phys=1.0225e-06 | |g|=2.12e-02
11:15:39 | INFO    | pibe.training.trainer |   cell 4 | i=25000 | global | obj=1.0561e-05 | data=7.3583e-07 | phys=2.7268e-06 | |g|=5.07e-02
11:16:09 | INFO    | pibe.training.trainer |   cell 4 | i=25500 | global | obj=1.0104e-05 | data=9.5076e-07 | phys=1.7771e-06 | |g|=3.54e-02
11:16:38 | INFO    | pibe.training.trainer |   cell 4 | i=26000 | global | obj=1.1140e-05 | data=6.3356e-07 | phys=1.2552e-06 | |g|=1.09e-02
11:17:08 | INFO    | pibe.training.trainer |   cell 4 | i=26500 | global | obj=2.5711e-05 | data=1.3065e-06 | phys=1.2019e-05 | |g|=1.38e-01
11:17:38 | INFO    | pibe.training.trainer |   cell 4 | i=27000 | global | obj=1.0016e-05 | data=8.1004e-07 | phys=1.4134e-06 | |g|=2.08e-02
11:18:07 | INFO    | pibe.training.trainer |   cell 4 | i=27500 | global | obj=6.7275e-06 | data=3.5219e-07 | phys=1.0372e-06 | |g|=8.81e-03
11:18:37 | INFO    | pibe.training.trainer |   cell 4 | i=28000 | global | obj=7.5575e-06 | data=3.7085e-07 | phys=9.2392e-07 | |g|=1.07e-02
11:19:07 | INFO    | pibe.training.trainer |   cell 4 | i=28500 | global | obj=7.6560e-06 | data=4.1521e-07 | phys=7.0930e-07 | |g|=9.70e-03
11:19:36 | INFO    | pibe.training.trainer |   cell 4 | i=29000 | global | obj=8.3332e-06 | data=6.9283e-07 | phys=9.0386e-07 | |g|=1.24e-02
11:20:06 | INFO    | pibe.training.trainer |   cell 4 | i=29500 | global | obj=8.5666e-06 | data=5.0854e-07 | phys=1.0335e-06 | |g|=2.03e-02
11:20:36 | INFO    | pibe.training.trainer |   cell 4 | i=30000 | global | obj=8.0703e-06 | data=5.6024e-07 | phys=7.7236e-07 | |g|=8.03e-03
11:21:05 | INFO    | pibe.training.trainer |   cell 4 | i=30500 | global | obj=8.0644e-06 | data=3.4290e-07 | phys=7.5458e-07 | |g|=1.59e-02
11:21:35 | INFO    | pibe.training.trainer |   cell 4 | i=31000 | global | obj=7.6059e-06 | data=4.6853e-07 | phys=6.0151e-07 | |g|=8.31e-03
11:22:04 | INFO    | pibe.training.trainer |   cell 4 | i=31500 | global | obj=8.4836e-06 | data=6.0974e-07 | phys=7.3066e-07 | |g|=1.17e-02
11:22:34 | INFO    | pibe.training.trainer |   cell 4 | i=32000 | global | obj=9.5555e-06 | data=7.4197e-07 | phys=7.8829e-07 | |g|=9.46e-03
11:23:03 | INFO    | pibe.training.trainer |   cell 4 | i=32500 | global | obj=7.2762e-06 | data=5.5157e-07 | phys=6.8580e-07 | |g|=1.02e-02
11:23:33 | INFO    | pibe.training.trainer |   cell 4 | i=33000 | global | obj=8.2361e-06 | data=6.0790e-07 | phys=6.7446e-07 | |g|=2.07e-03
11:24:03 | INFO    | pibe.training.trainer |   cell 4 | i=33500 | global | obj=6.6013e-06 | data=3.5445e-07 | phys=4.3876e-07 | |g|=1.40e-03
11:24:32 | INFO    | pibe.training.trainer |   cell 4 | i=34000 | global | obj=7.7986e-06 | data=3.4670e-07 | phys=5.2440e-07 | |g|=1.80e-03
11:25:02 | INFO    | pibe.training.trainer |   cell 4 | i=34500 | global | obj=6.3637e-06 | data=3.5033e-07 | phys=4.5382e-07 | |g|=3.06e-03
11:25:33 | INFO    | pibe.training.trainer |   cell 4 | i=35000 | global | obj=6.9935e-06 | data=2.5965e-07 | phys=4.3232e-07 | |g|=2.01e-03
11:26:03 | INFO    | pibe.training.trainer |   cell 4 | i=35500 | global | obj=6.8938e-06 | data=3.0910e-07 | phys=3.8311e-07 | |g|=1.89e-03
11:26:31 | INFO    | pibe.training.trainer |   cell 4 | i=35999 | global | obj=7.6885e-06 | data=3.6443e-07 | phys=5.1533e-07 | |g|=9.37e-04
11:26:31 | INFO    | pibe.training.trainer |   cell 4 done in 2094.9s | val local=6.4075e-06 (data=1.1959e-06, phys=5.2116e-06)
11:26:31 | INFO    | train_pibe         | train metrics:
state errors (L2 / sup):
  x_1: 1.8864e-03 / 2.9880e-02
  x_2: 1.5376e-02 / 1.8077e-01
  x_3: 2.4073e-02 / 4.3725e-01
parameter errors (|err| / spread):
  theta_1: 8.6601e-03 / 6.9120e-03
  theta_2: 7.4569e-03 / 5.8665e-03
disturbance: L2=1.0184e-02, sup=2.9562e-02
output fit: L2=2.7957e-03
11:26:31 | INFO    | train_pibe         | val metrics:
state errors (L2 / sup):
  x_1: 2.2206e-03 / 3.2846e-02
  x_2: 1.2791e-02 / 1.4684e-01
  x_3: 2.0634e-02 / 3.4120e-01
parameter errors (|err| / spread):
  theta_1: 6.2267e-03 / 6.5768e-03
  theta_2: 5.4862e-03 / 5.6882e-03
disturbance: L2=9.5912e-03, sup=2.2010e-02
output fit: L2=3.0453e-03
11:26:33 | INFO    | train_pibe         | oracle comparison (train):
 cell |   L_Loc @ truth | L_Loc @ trained | winner
------------------------------------------------------------
    2 |      3.9417e-06 |      9.4386e-06 | truth
    3 |      5.4338e-36 |      8.6164e-07 | truth
    4 |      2.6223e-35 |      9.3407e-07 | truth
------------------------------------------------------------
L_Tot @ truth   : 2.3907e-06
L_Tot @ trained : 7.3299e-06
noise floor     : 3.8933e-06 (the cell-2 data term cannot honestly go below this)

verdict: optimization failure: the true solution attains a lower objective than training reached, so it is representable and preferred but was not found. Lengthen end-to-end fine-tuning (lower N_par / raise lr_global) and check that no head is pinned to the boundary of its admissible box.
11:26:34 | INFO    | pibe.eval.figures  | wrote outputs/n3v2_unbiased_pibe/figures/states.png
11:26:34 | INFO    | pibe.eval.figures  | wrote outputs/n3v2_unbiased_pibe/figures/disturbance.png
11:26:34 | INFO    | matplotlib.mathtext | Substituting symbol A from STIXNonUnicode
11:26:34 | INFO    | pibe.eval.figures  | wrote outputs/n3v2_unbiased_pibe/figures/parameters.png
11:26:34 | INFO    | pibe.eval.figures  | wrote outputs/n3v2_unbiased_pibe/figures/errors.png
11:26:34 | INFO    | train_pibe         | figures: states.png, disturbance.png, parameters.png, errors.png
11:26:34 | INFO    | train_pibe         | artifacts written to outputs/n3v2_unbiased_pibe
