23:44:49 | INFO    | train_pibe         | experiment:
system            : automatica_n4(n=4) on cpu (torch.float64)
true theta        : [0.23502650090327654, 0.10390993219989397, -0.020308528436274564]
basis             : FourierBasis(q=4, H=2, omega=1.25664, horizon=[0, 20], periods=4)
  lambda_min(W)   : 1.0000e+01   (Eq. 3, must be > 0)
  eps_(d,q)       : 0.0000e+00
noise             : NoiseFree()
data              : TrajectoryData(P=64, N=201, n=4, horizon=[0, 20])
  train / val     : 51 / 13
  data fill h_d   : 5.0000e-02
  coll fill h_r   : 2.5000e-02
bank              : cells 2..5, 417294 parameters
23:44:49 | INFO    | pibe.training.trainer | cell 2/5: 3000 local iterations then 3000 fine-tuning iterations
23:44:50 | INFO    | pibe.training.trainer |   cell 2 | i=    0 | local  | obj=2.4779e+01 | data=1.8579e+01 | phys=6.1999e+00 | |g|=5.74e+01
23:45:52 | INFO    | pibe.training.trainer |   cell 2 | i= 3000 | global | obj=1.9685e-04 | data=1.5116e-04 | phys=4.5693e-05 | |g|=3.81e-01
23:46:50 | INFO    | pibe.training.trainer |   cell 2 | i= 5999 | global | obj=4.6508e-05 | data=3.2054e-05 | phys=1.4454e-05 | |g|=1.61e-02
23:46:50 | INFO    | pibe.training.trainer |   cell 2 done in 120.9s | val local=1.6449e-04 (data=1.3579e-04, phys=2.8699e-05)
23:46:50 | INFO    | pibe.training.trainer | cell 3/5: 3000 local iterations then 3000 fine-tuning iterations
23:46:50 | INFO    | pibe.training.trainer |   cell 3 | i=    0 | local  | obj=1.8452e+00 | data=1.6702e-01 | phys=1.6782e+00 | |g|=1.68e+01
23:48:09 | INFO    | pibe.training.trainer |   cell 3 | i= 3000 | global | obj=9.3204e-05 | data=4.8200e-05 | phys=1.1918e-05 | |g|=1.55e-02
23:50:05 | INFO    | pibe.training.trainer |   cell 3 | i= 5999 | global | obj=3.7871e-05 | data=6.8086e-06 | phys=3.8772e-06 | |g|=1.16e-02
23:50:05 | INFO    | pibe.training.trainer |   cell 3 done in 195.0s | val local=2.2281e-05 (data=1.6399e-05, phys=5.8819e-06)
23:50:05 | INFO    | pibe.training.trainer | cell 4/5: 3000 local iterations then 3000 fine-tuning iterations
23:50:05 | INFO    | pibe.training.trainer |   cell 4 | i=    0 | local  | obj=1.2431e+00 | data=3.7805e-01 | phys=8.6501e-01 | |g|=2.21e+01
23:51:44 | INFO    | pibe.training.trainer |   cell 4 | i= 3000 | global | obj=8.7961e-05 | data=1.8860e-05 | phys=3.6407e-05 | |g|=1.03e-01
23:54:45 | INFO    | pibe.training.trainer |   cell 4 | i= 5999 | global | obj=2.4061e-05 | data=1.1282e-06 | phys=2.1208e-06 | |g|=6.51e-03
23:54:45 | INFO    | pibe.training.trainer |   cell 4 done in 280.4s | val local=1.1854e-05 (data=3.3660e-06, phys=8.4876e-06)
23:54:45 | INFO    | pibe.training.trainer | cell 5/5: 3000 local iterations then 3000 fine-tuning iterations
23:54:45 | INFO    | pibe.training.trainer |   cell 5 | i=    0 | local  | obj=1.7003e+01 | data=3.4716e-01 | phys=1.6655e+01 | |g|=5.66e+02
23:56:49 | INFO    | pibe.training.trainer |   cell 5 | i= 3000 | global | obj=8.6127e-01 | data=6.4455e-01 | phys=2.1669e-01 | |g|=3.18e+01
00:00:49 | INFO    | pibe.training.trainer |   cell 5 | i= 6000 | global | obj=2.5392e-03 | data=3.7848e-05 | phys=2.0157e-03 | |g|=3.14e+00
00:15:01 | INFO    | pibe.training.trainer |   cell 5 | i= 9000 | global | obj=1.1275e-03 | data=1.1512e-05 | phys=7.8520e-04 | |g|=1.87e+00
00:25:48 | INFO    | pibe.training.trainer |   cell 5 | i=12000 | global | obj=1.1134e-03 | data=8.1690e-05 | phys=8.0955e-04 | |g|=1.99e+00
00:29:46 | INFO    | pibe.training.trainer |   cell 5 | i=15000 | global | obj=1.3339e-03 | data=1.6370e-05 | phys=1.0884e-03 | |g|=2.18e+00
00:34:15 | INFO    | pibe.training.trainer |   cell 5 | i=18000 | global | obj=5.6008e-05 | data=4.1502e-06 | phys=4.2701e-06 | |g|=9.82e-02
00:38:13 | INFO    | pibe.training.trainer |   cell 5 | i=21000 | global | obj=5.6454e-05 | data=3.6660e-06 | phys=8.0792e-06 | |g|=1.51e-01
00:42:17 | INFO    | pibe.training.trainer |   cell 5 | i=24000 | global | obj=3.5656e-05 | data=1.9255e-06 | phys=3.7582e-06 | |g|=4.84e-02
00:46:21 | INFO    | pibe.training.trainer |   cell 5 | i=27000 | global | obj=4.1131e-05 | data=1.8645e-06 | phys=2.7732e-06 | |g|=6.36e-02
00:50:36 | INFO    | pibe.training.trainer |   cell 5 | i=30000 | global | obj=2.9161e-05 | data=1.1472e-06 | phys=1.1049e-06 | |g|=1.47e-02
00:54:45 | INFO    | pibe.training.trainer |   cell 5 | i=33000 | global | obj=2.6856e-05 | data=9.4360e-07 | phys=1.1062e-06 | |g|=2.07e-02
00:58:50 | INFO    | pibe.training.trainer |   cell 5 | i=35999 | global | obj=2.9847e-05 | data=1.4158e-06 | phys=9.8939e-07 | |g|=3.29e-03
00:58:50 | INFO    | pibe.training.trainer |   cell 5 done in 2887.6s | val local=8.9677e-06 (data=3.6408e-06, phys=5.3269e-06)
00:58:50 | INFO    | train_pibe         | train metrics:
state errors (L2 / sup):
  x_1: 4.3087e-03 / 6.9939e-02
  x_2: 3.7973e-02 / 2.9002e-01
  x_3: 2.8811e-01 / 6.6805e-01
  x_4: 3.8865e-01 / 8.0143e-01
parameter errors (|err| / spread):
  theta_1: 3.8545e-02 / 4.6169e-02
  theta_2: 2.6103e-01 / 2.5261e-02
  theta_3: 4.2031e-01 / 3.0934e-07
disturbance: L2=7.0280e-02, sup=1.7943e-01
output fit: L2=4.3087e-03
00:58:50 | INFO    | train_pibe         | val metrics:
state errors (L2 / sup):
  x_1: 6.6578e-03 / 1.0800e-01
  x_2: 4.8615e-02 / 3.3331e-01
  x_3: 2.9517e-01 / 7.2053e-01
  x_4: 3.8596e-01 / 7.5999e-01
parameter errors (|err| / spread):
  theta_1: 5.1220e-02 / 6.4695e-02
  theta_2: 2.7111e-01 / 3.5235e-02
  theta_3: 4.2031e-01 / 4.5066e-07
disturbance: L2=7.2446e-02, sup=1.6584e-01
output fit: L2=6.6578e-03
00:58:53 | INFO    | train_pibe         | oracle comparison (train):
 cell |   L_Loc @ truth | L_Loc @ trained | winner
------------------------------------------------------------
    2 |      2.5380e-35 |      3.1107e-05 | truth
    3 |      7.2478e-36 |      7.5044e-06 | truth
    4 |      7.2563e-36 |      3.7214e-06 | truth
    5 |      1.8256e-34 |      2.0643e-06 | truth
------------------------------------------------------------
L_Tot @ truth   : 2.0729e-34
L_Tot @ trained : 2.7213e-05

verdict: optimization failure: the true solution attains a lower objective than training reached, so it is representable and preferred but was not found. Lengthen end-to-end fine-tuning (lower N_par / raise lr_global) and check that no head is pinned to the boundary of its admissible box.
00:58:53 | INFO    | train_pibe         | artifacts written to outputs/noisefree_k16
