02:54:25 | INFO    | train_pibe         | experiment:
system            : automatica_n4(n=4) on cpu (torch.float64)
true theta        : [0.23502650090327654, 0.10390993219989397, -0.020308528436274564]
basis             : FourierBasis(q=4, H=2, omega=1.25664, horizon=[0, 20], periods=4)
  lambda_min(W)   : 1.0000e+01   (Eq. 3, must be > 0)
  eps_(d,q)       : 0.0000e+00
noise             : TruncatedGaussianNoise(sigma=0.002, bound=0.006)
data              : TrajectoryData(P=64, N=201, n=4, horizon=[0, 20])
  train / val     : 51 / 13
  data fill h_d   : 5.0000e-02
  coll fill h_r   : 2.5000e-02
bank              : cells 2..5, 414222 parameters
02:54:26 | INFO    | train_pibe         | disturbance observability  (sigma = 0.002, N = 201)
  i |       gain |    settled |  signature |     SNR |  eff SNR |
----------------------------------------------------------------------------
  1 |  9.507e-02 |  7.313e-02 |  1.097e-02 |    5.48 |    77.76 |
  2 |  7.249e-02 |  7.508e-02 |  1.126e-02 |    5.63 |    79.83 |
  3 |  3.235e-02 |  1.526e-02 |  1.832e-03 |    0.92 |    12.98 |  <- below the noise floor
  4 |  1.297e-02 |  1.230e-02 |  1.476e-03 |    0.74 |    10.47 |  <- below the noise floor

basis function 4 leaves a trace 0.74x the noise; it is not
recoverable pointwise. Reduce sigma, lower the basis frequency, lengthen the
horizon, or reduce q -- training cannot help.
02:54:26 | INFO    | pibe.training.trainer | cell 2/5: 3000 local iterations then 3000 fine-tuning iterations
02:54:27 | INFO    | pibe.training.trainer |   cell 2 | i=    0 | local  | obj=1.0727e+01 | data=7.1087e+00 | phys=3.6179e+00 | |g|=1.05e+02
02:56:32 | INFO    | pibe.training.trainer |   cell 2 | i= 5999 | global | obj=1.0070e-04 | data=6.8636e-05 | phys=3.2061e-05 | |g|=1.33e-02
02:56:32 | INFO    | pibe.training.trainer |   cell 2 done in 125.8s | val local=2.1782e-04 (data=1.4060e-04, phys=7.7223e-05)
02:56:32 | INFO    | pibe.training.trainer | cell 3/5: 3000 local iterations then 3000 fine-tuning iterations
02:56:32 | INFO    | pibe.training.trainer |   cell 3 | i=    0 | local  | obj=1.9315e+00 | data=1.2506e+00 | phys=6.8089e-01 | |g|=2.72e+01
03:00:51 | INFO    | pibe.training.trainer |   cell 3 | i= 5999 | global | obj=4.6191e-05 | data=5.5949e-06 | phys=3.7242e-06 | |g|=4.15e-03
03:00:51 | INFO    | pibe.training.trainer |   cell 3 done in 259.1s | val local=2.7631e-05 (data=1.8574e-05, phys=9.0567e-06)
03:00:51 | INFO    | pibe.training.trainer | cell 4/5: 3000 local iterations then 3000 fine-tuning iterations
03:00:51 | INFO    | pibe.training.trainer |   cell 4 | i=    0 | local  | obj=1.0509e+00 | data=9.4941e-02 | phys=9.5596e-01 | |g|=3.70e+01
03:06:48 | INFO    | pibe.training.trainer |   cell 4 | i= 5999 | global | obj=4.6638e-05 | data=1.9113e-06 | phys=2.4980e-06 | |g|=4.30e-03
03:06:48 | INFO    | pibe.training.trainer |   cell 4 done in 357.5s | val local=1.0937e-05 (data=4.4882e-06, phys=6.4490e-06)
03:06:48 | INFO    | pibe.training.trainer | cell 5/5: 3000 local iterations then 3000 fine-tuning iterations
03:06:49 | INFO    | pibe.training.trainer |   cell 5 | i=    0 | local  | obj=3.1909e+01 | data=5.8768e-01 | phys=3.1321e+01 | |g|=8.35e+02
03:30:33 | INFO    | pibe.training.trainer |   cell 5 | i= 6000 | global | obj=4.9450e-03 | data=2.0246e-05 | phys=3.4376e-03 | |g|=4.41e+00
03:36:17 | INFO    | pibe.training.trainer |   cell 5 | i=12000 | global | obj=1.3054e-03 | data=3.9545e-04 | phys=3.6359e-04 | |g|=5.62e-01
03:43:57 | INFO    | pibe.training.trainer |   cell 5 | i=18000 | global | obj=1.9491e-03 | data=2.4422e-05 | phys=1.3794e-03 | |g|=2.71e+00
03:53:01 | INFO    | pibe.training.trainer |   cell 5 | i=24000 | global | obj=7.8754e-05 | data=4.9393e-06 | phys=4.3567e-06 | |g|=8.58e-02
04:03:02 | INFO    | pibe.training.trainer |   cell 5 | i=30000 | global | obj=3.7621e-05 | data=1.7821e-06 | phys=2.0268e-06 | |g|=2.37e-02
04:12:47 | INFO    | pibe.training.trainer |   cell 5 | i=35999 | global | obj=4.2281e-05 | data=1.6379e-06 | phys=1.6238e-06 | |g|=2.46e-03
04:12:47 | INFO    | pibe.training.trainer |   cell 5 done in 2993.9s | val local=2.2232e-05 (data=5.3025e-06, phys=1.6930e-05)
04:12:47 | INFO    | train_pibe         | train metrics:
state errors (L2 / sup):
  x_1: 4.6285e-03 / 8.6816e-02
  x_2: 6.4446e-02 / 4.1503e-01
  x_3: 2.6566e-01 / 7.4997e-01
  x_4: 3.9734e-01 / 8.6025e-01
parameter errors (|err| / spread):
  theta_1: 7.1009e-02 / 1.9800e-02
  theta_2: 2.2610e-01 / 1.0150e-02
  theta_3: 4.2031e-01 / 2.9406e-08
disturbance: L2=7.3130e-02, sup=1.7886e-01
output fit: L2=5.1145e-03
04:12:47 | INFO    | train_pibe         | val metrics:
state errors (L2 / sup):
  x_1: 5.3524e-03 / 6.5443e-02
  x_2: 6.6338e-02 / 3.3480e-01
  x_3: 2.6766e-01 / 8.1554e-01
  x_4: 3.9901e-01 / 8.1945e-01
parameter errors (|err| / spread):
  theta_1: 7.1570e-02 / 2.6882e-02
  theta_2: 2.2615e-01 / 1.2231e-02
  theta_3: 4.2031e-01 / 1.1934e-07
disturbance: L2=7.2292e-02, sup=1.6489e-01
output fit: L2=5.7598e-03
04:12:51 | INFO    | train_pibe         | oracle comparison (train):
 cell |   L_Loc @ truth | L_Loc @ trained | winner
------------------------------------------------------------
    2 |      3.8952e-06 |      4.1057e-05 | truth
    3 |      6.8946e-36 |      1.1323e-05 | truth
    4 |      7.6615e-36 |      6.4677e-06 | truth
    5 |      1.8597e-34 |      2.9040e-06 | truth
------------------------------------------------------------
L_Tot @ truth   : 2.1377e-06
L_Tot @ trained : 3.8322e-05
noise floor     : 3.8933e-06 (the cell-2 data term cannot honestly go below this)

verdict: optimization failure: the true solution attains a lower objective than training reached, so it is representable and preferred but was not found. Lengthen end-to-end fine-tuning (lower N_par / raise lr_global) and check that no head is pinned to the boundary of its admissible box.
04:12:51 | INFO    | train_pibe         | artifacts written to outputs/seed1
